D/RouteManager( 2552): audio-parameter-manager:         Applying configuration "VadMixerInputsAndHfRef.Media.Aec.TxSpeechLine.Bind" from domain "Routing.Sst.Configure.AlwaysListening.VTSV"
D/RouteManager( 2552): audio-parameter-manager:     } Applying configurations
D/RouteManager( 2552): audio-parameter-manager: } Configuration application request
D/RouteManager( 2552): 		-executeEnableRoutingStage-
D/RouteManager( 2552): audio-parameter-manager: Selection criterion changed event: Criterion name: RoutageState, current state: Path|Configure
D/RouteManager( 2552): audio-parameter-manager: Configuration application request {
D/RouteManager( 2552): audio-parameter-manager:     Applying configurations {
D/RouteManager( 2552): audio-parameter-manager:         Applying configuration "UnLocked" from domain "Routing.Sst.Enable.VoiceProcessingLock.Uplink"
D/RouteManager( 2552): audio-parameter-manager:         Applying configuration "UnLocked" from domain "Routing.Sst.Enable.VoiceProcessingLock.Downlink"
D/RouteManager( 2552): audio-parameter-manager:         Applying configuration "Enable" from domain "Routing.Enable.HWCodec.Playback.EarpieceIHF"
D/RouteManager( 2552): audio-parameter-manager:     } Applying configurations
D/RouteManager( 2552): audio-parameter-manager: } Configuration application request
D/TinyAlsaAudioDevice( 2552): open: card (cherrytrailaud, 0) 
D/TinyAlsaAudioDevice( 2552): 	 config (rate=48000 format=0 channels= 2).
D/TinyAlsaAudioDevice( 2552): 	 RingBuffer config: periodSize=1152 nbPeriod=4startTh=1151 stop Th=4608 silence Th=0
D/AudioConversion( 2552): configure: no convertion required
D/RouteManager( 2552): 		-executeUnmuteRoutingStage-
D/RouteManager( 2552): audio-parameter-manager: Selection criterion changed event: Criterion name: RoutageState, current state: Flow|Path|Configure
D/RouteManager( 2552): audio-parameter-manager: Configuration application request {
D/RouteManager( 2552): audio-parameter-manager:     Applying configurations {
D/RouteManager( 2552): audio-parameter-manager:         Applying configuration "Unmute" from domain "Routing.Mute.HWCodec.HWCodec.Playback.DAC1_VOL"
D/RouteManager( 2552): audio-parameter-manager:         Applying configuration "Unmute" from domain "Routing.Sst.Mute.HwCodec.Playback.Internal"
D/RouteManager( 2552): audio-parameter-manager:         Applying configuration "Unmute" from domain "Routing.Sst.Mute.Media.Playback.Regular"
D/RouteManager( 2552): audio-parameter-manager:     } Applying configurations
D/RouteManager( 2552): audio-parameter-manager: } Configuration application request
D/RouteManager( 2552): doReconsiderRouting: DONE
D/EVENT_THREAD( 2552): void CEventThread::run() Do poll with timeout: -1
E/TinyAlsaStream( 2552): getFramesAvailable: Unable to get available frames
E/TinyAlsaStream( 2552): getFramesAvailable: Unable to get available frames
E/TinyAlsaStream( 2552): getFramesAvailable: Unable to get available frames
W/System.err( 4166): java.io.FileNotFoundException: /mnt/sdcard/Android/data/com.wistron.generic.pqaa/files/data.txt: open failed: ENOENT (No such file or directory)
W/System.err( 4166): 	at libcore.io.IoBridge.open(IoBridge.java:456)
W/System.err( 4166): 	at java.io.FileInputStream.<init>(FileInputStream.java:76)
W/System.err( 4166): 	at java.io.FileInputStream.<init>(FileInputStream.java:103)
W/System.err( 4166): 	at java.io.FileReader.<init>(FileReader.java:66)
W/System.err( 4166): 	at com.wistron.pqaa_common.jar.global.WisToolKit.getSingleParameters(WisToolKit.java:257)
W/System.err( 4166): 	at com.wistron.generic.pqaa.TestItemsList.getLogInfoConfig(TestItemsList.java:172)
W/System.err( 4166): 	at com.wistron.generic.pqaa.TestItemsList.onClick(TestItemsList.java:975)
W/System.err( 4166): 	at android.view.View.performClick(View.java:4780)
W/System.err( 4166): 	at android.view.View$PerformClick.run(View.java:19866)
W/System.err( 4166): 	at android.os.Handler.handleCallback(Handler.java:739)
W/System.err( 4166): 	at android.os.Handler.dispatchMessage(Handler.java:95)
W/System.err( 4166): 	at android.os.Looper.loop(Looper.java:135)
W/System.err( 4166): 	at android.app.ActivityThread.main(ActivityThread.java:5261)
W/System.err( 4166): 	at java.lang.reflect.Method.invoke(Native Method)
W/System.err( 4166): 	at java.lang.reflect.Method.invoke(Method.java:372)
W/System.err( 4166): 	at com.android.internal.os.ZygoteInit$MethodAndArgsCaller.run(ZygoteInit.java:903)
W/System.err( 4166): 	at com.android.internal.os.ZygoteInit.main(ZygoteInit.java:698)
W/System.err( 4166): Caused by: android.system.ErrnoException: open failed: ENOENT (No such file or directory)
W/System.err( 4166): 	at libcore.io.Posix.open(Native Method)
W/System.err( 4166): 	at libcore.io.BlockGuardOs.open(BlockGuardOs.java:186)
W/System.err( 4166): 	at libcore.io.IoBridge.open(IoBridge.java:442)
W/System.err( 4166): 	... 16 more
I/ActivityManager( 2842): START u0 {cmp=com.wistron.generic.pqaa/com.wistron.generic.monipower.MoniPower (has extras)} from uid 10049 on display 0
V/WindowManager( 2842): addAppToken: AppWindowToken{ce60271 token=Token{91d5818 ActivityRecord{1e416ffb u0 com.wistron.generic.pqaa/com.wistron.generic.monipower.MoniPower t25}}} to stack=1 task=25 at 1
I/WAKELOCK_ACQUIRE( 2842): TIMESTAMP=756326568840, TAG=ActivityManager-Launch, TYPE=PARTIAL_WAKE_LOCK             , COUNT=0, PID=2842, UID=1000, FLAGS=
D/AndroidRuntime( 4166): Shutting down VM
E/AndroidRuntime( 4166): FATAL EXCEPTION: main
E/AndroidRuntime( 4166): Process: com.wistron.generic.pqaa, PID: 4166
E/AndroidRuntime( 4166): java.lang.RuntimeException: Unable to start activity ComponentInfo{com.wistron.generic.pqaa/com.wistron.generic.monipower.MoniPower}: java.lang.NumberFormatException: Invalid int: "3.5"
E/AndroidRuntime( 4166): 	at android.app.ActivityThread.performLaunchActivity(ActivityThread.java:2326)
E/AndroidRuntime( 4166): 	at android.app.ActivityThread.handleLaunchActivity(ActivityThread.java:2388)
E/AndroidRuntime( 4166): 	at android.app.ActivityThread.access$800(ActivityThread.java:152)
E/AndroidRuntime( 4166): 	at android.app.ActivityThread$H.handleMessage(ActivityThread.java:1304)
E/AndroidRuntime( 4166): 	at android.os.Handler.dispatchMessage(Handler.java:102)
E/AndroidRuntime( 4166): 	at android.os.Looper.loop(Looper.java:135)
E/AndroidRuntime( 4166): 	at android.app.ActivityThread.main(ActivityThread.java:5261)
E/AndroidRuntime( 4166): 	at java.lang.reflect.Method.invoke(Native Method)
E/AndroidRuntime( 4166): 	at java.lang.reflect.Method.invoke(Method.java:372)
E/AndroidRuntime( 4166): 	at com.android.internal.os.ZygoteInit$MethodAndArgsCaller.run(ZygoteInit.java:903)
E/AndroidRuntime( 4166): 	at com.android.internal.os.ZygoteInit.main(ZygoteInit.java:698)
E/AndroidRuntime( 4166): Caused by: java.lang.NumberFormatException: Invalid int: "3.5"
E/AndroidRuntime( 4166): 	at java.lang.Integer.invalidInt(Integer.java:138)
E/AndroidRuntime( 4166): 	at java.lang.Integer.parse(Integer.java:410)
E/AndroidRuntime( 4166): 	at java.lang.Integer.parseInt(Integer.java:367)
E/AndroidRuntime( 4166): 	at java.lang.Integer.parseInt(Integer.java:334)
E/AndroidRuntime( 4166): 	at com.wistron.generic.monipower.MoniPower.getTestArguments(MoniPower.java:139)
E/AndroidRuntime( 4166): 	at com.wistron.generic.monipower.MoniPower.onCreate(MoniPower.java:67)
E/AndroidRuntime( 4166): 	at android.app.Activity.performCreate(Activity.java:5990)
E/AndroidRuntime( 4166): 	at android.app.Instrumentation.callActivityOnCreate(Instrumentation.java:1106)
E/AndroidRuntime( 4166): 	at android.app.ActivityThread.performLaunchActivity(ActivityThread.java:2279)
E/AndroidRuntime( 4166): 	... 10 more
W/ActivityManager( 2842):   Force finishing activity 1 com.wistron.generic.pqaa/com.wistron.generic.monipower.MoniPower
I/WAKELOCK_ACQUIRE( 2842): TIMESTAMP=756362723946, TAG=ActivityManager-Launch, TYPE=PARTIAL_WAKE_LOCK             , COUNT=0, PID=2842, UID=1000, FLAGS=
W/ActivityManager( 2842):   Force finishing activity 2 com.wistron.generic.pqaa/.TestItemsList
V/WindowManager( 2842): rotationForOrientationLw(orient=-1, last=3); user=0 USER_ROTATION_LOCKED
I/WAKELOCK_ACQUIRE( 2842): TIMESTAMP=756377987294, TAG=SCREEN_FROZEN, TYPE=PARTIAL_WAKE_LOCK             , COUNT=0, PID=2842, UID=1000, FLAGS=
D/CRASHLOG( 2568): receive_inotify_events: Can't handle the event "drop158.tmp", no valid entry found, drop it...
D/CRASHLOG( 2568): receive_inotify_events: Can't handle the event "drop158.tmp", no valid entry found, drop it...
D/CRASHLOG( 2568): sdcard_allowed : Current crashlog mode is NOMINAL MODE - SDCard storage disabled.
D/SurfaceFlinger( 2310): ORT: DPS allow this projection change
D/SurfaceFlinger( 2310): handleDisplayScaling
I/ActivityManager( 2842): Config changes=480 {1.0 ?mcc?mnc en_US ?layoutDir sw800dp w1280dp h727dp 160dpi xlrg land finger -keyb/v/h -nav/h s.8}
I/InputReader( 2842): Reconfiguring input devices.  changes=0x00000004
I/InputReader( 2842): Device reconfigured: id=4, name='focal-touchscreen', size 1280x800, orientation 0, mode 1, display id 0
I/InputReader( 2842): Reconfiguring input devices.  changes=0x00000004
W/CRASHLOG( 2568): notify_crashreport: Crashreport notification (CRASH_NOTIFY) skipped!
E/CRASHLOG( 2568): CRASH   7a45f3f8f42e39c188a2  2017-03-20/07:42:08  JAVACRASH /data/logs/crashlog22
I/CRASHLOG( 2568): start_dumpstate_srv: Can't launch dumpstate for /data/logs/crashlog22, already running.
V/ActivityManager( 2842): Display changed displayId=0
I/OpenGLRenderer( 2842): Initialized EGL, version 1.4
D/ufoEGL  ( 2842): droid_create_context : config id = 9 conf->NativeVisualID=1
I/ufoEGL  ( 2842): Requested context : GLES 2.0
D/ufoEGL  ( 2842): Pixel Format : GGL_PIXEL_FORMAT_RGBA_8888
D/ufoEGL  ( 2842): Pixel Format : GGL_PIXEL_FORMAT_RGBA_8888
D/ufoEGL  ( 2842): Pixel Format : GGL_PIXEL_FORMAT_RGBA_8888
I/Tethering( 2842): Found payment device
D/ufoEGL  ( 2961): Surface destroy: ANDROID_NATIVE_WINDOW_MAGIC
D/ufoEGL  ( 2961): Pixel Format : GGL_PIXEL_FORMAT_RGBA_8888
D/ufoEGL  ( 2961): Surface destroy: ANDROID_NATIVE_WINDOW_MAGIC
D/ufoEGL  ( 2961): Pixel Format : GGL_PIXEL_FORMAT_RGBA_8888
I/WindowManager( 2842): Screen frozen for +141ms due to Window{2eb69e1 u0 Application Error: com.wistron.generic.pqaa}
I/WAKELOCK_RELEASE( 2842): TIMESTAMP=756523851221, TAG=SCREEN_FROZEN, TYPE=PARTIAL_WAKE_LOCK             , COUNT=0, PID=2842, UID=1000, FLAGS=
W/ActivityManager( 2842): Activity pause timeout for ActivityRecord{1e416ffb u0 com.wistron.generic.pqaa/com.wistron.generic.monipower.MoniPower t25 f}
D/ufoEGL  ( 3200): Pixel Format : GGL_PIXEL_FORMAT_RGBA_8888
V/WindowManager( 2842): rotationForOrientationLw(orient=-1, last=0); user=0 USER_ROTATION_LOCKED
I/WAKELOCK_RELEASE( 2842): TIMESTAMP=756966992232, TAG=ActivityManager-Launch, TYPE=PARTIAL_WAKE_LOCK             , COUNT=0, PID=2842, UID=1000, FLAGS=
D/ufoEGL  ( 2961): droid_create_context : config id = 4 conf->NativeVisualID=2
I/ufoEGL  ( 2961): Requested context : GLES 2.0
D/ufoEGL  ( 2961): Pixel Format : GGL_PIXEL_FORMAT_RGBX_8888
D/ufoEGL  ( 2961): Pixel Format : GGL_PIXEL_FORMAT_RGBX_8888
D/ufoEGL  ( 2961): Pixel Format : GGL_PIXEL_FORMAT_RGBX_8888
D/ufoEGL  ( 2961): Surface destroy: ANDROID_NATIVE_WINDOW_MAGIC
D/ufoEGL  ( 2961): droid_create_context : config id = 4 conf->NativeVisualID=2
I/ufoEGL  ( 2961): Requested context : GLES 2.0
D/ufoEGL  ( 2961): Pixel Format : GGL_PIXEL_FORMAT_RGBX_8888
D/ufoEGL  ( 2961): Pixel Format : GGL_PIXEL_FORMAT_RGBX_8888
D/ufoEGL  ( 2961): Pixel Format : GGL_PIXEL_FORMAT_RGBX_8888
D/ufoEGL  ( 2961): Surface destroy: ANDROID_NATIVE_WINDOW_MAGIC
W/ResourceType( 2961): No package identifier when getting value for resource number 0x00000000
W/PackageManager( 2961): Failure retrieving resources for com.wistron.generic.pqaa: Resource ID #0x0
I/art     ( 2842): Explicit concurrent mark sweep GC freed 12466(673KB) AllocSpace objects, 1(16KB) LOS objects, 33% free, 10MB/15MB, paused 558us total 30.326ms
I/Process ( 4166): Sending signal. PID: 4166 SIG: 9
D/ufoEGL  ( 2842): Surface destroy: ANDROID_NATIVE_WINDOW_MAGIC
I/WindowState( 2842): WIN DEATH: Window{145e21ef u0 com.wistron.generic.pqaa/com.wistron.generic.pqaa.TestItemsList}
I/WAKELOCK_RELEASE( 2842): TIMESTAMP=758754129042, TAG=WindowManager, TYPE=SCREEN_BRIGHT_WAKE_LOCK       , COUNT=0, PID=2842, UID=1000, FLAGS= ON_AFTER_RELEASE
I/ActivityManager( 2842): Process com.wistron.generic.pqaa (pid 4166) has died
W/InputMethodManagerService( 2842): Got RemoteException sending setActive(false) notification to pid 4166 uid 10049
W/OpenGLRenderer( 3200): Incorrectly called buildLayer on View: ShortcutAndWidgetContainer, destroying layer...
W/OpenGLRenderer( 3200): Incorrectly called buildLayer on View: ShortcutAndWidgetContainer, destroying layer...
W/OpenGLRenderer( 3200): Incorrectly called buildLayer on View: ShortcutAndWidgetContainer, destroying layer...
D/AudioIntelHal( 2552): stopStream: output stream.
D/AudioIntelHal/AudioPlatformState( 2552): route-parameter-manager: Selection criterion changed event: Criterion name: OutputFlags, current state: <none>
D/AudioIntelHal/AudioPlatformState( 2552): route-parameter-manager: Configuration application request {
D/AudioIntelHal/AudioPlatformState( 2552): route-parameter-manager:     Applying configurations {
D/AudioIntelHal/AudioPlatformState( 2552): route-parameter-manager:         Applying configuration "NotApplicable" from domain "StreamRoute.Media.Playback"
D/AudioIntelHal/AudioPlatformState( 2552): route-parameter-manager:         Applying configuration "No" from domain "Route.HwCodec0IA.Playback.Applicable"
D/AudioIntelHal/AudioPlatformState( 2552): route-parameter-manager:     } Applying configurations
D/AudioIntelHal/AudioPlatformState( 2552): route-parameter-manager: } Configuration application request
D/EVENT_THREAD( 2552): void CEventThread::trig(void*, uint32_t): in
D/EVENT_THREAD( 2552): void CEventThread::trig(void*, uint32_t): out
D/RouteManager( 2552): doReconsiderRouting: Route state:
D/RouteManager( 2552): 	-Previously Enabled Route in Input = <none>
D/RouteManager( 2552): 	-Previously Enabled Route in Output = Media|HwCodec0IA
D/RouteManager( 2552): 	-Selected Route in Input = <none>
D/RouteManager( 2552): 	-Selected Route in Output = <none>
D/RouteManager( 2552): 		-executeMuteRoutingStage-
D/RouteManager( 2552): audio-parameter-manager: Selection criterion changed event: Criterion name: RoutageState, current state: Flow
D/RouteManager( 2552): audio-parameter-manager: Selection criterion changed event: Criterion name: ClosingPlaybackRoutes, current state: Media|HwCodec0IA
D/RouteManager( 2552): audio-parameter-manager: Selection criterion changed event: Criterion name: OpenedPlaybackRoutes, current state: <none>
D/RouteManager( 2552): audio-parameter-manager: Configuration application request {
D/RouteManager( 2552): audio-parameter-manager:     Applying configurations {
D/RouteManager( 2552): audio-parameter-manager:         Applying configuration "Mute" from domain "Routing.Mute.HWCodec.HWCodec.Playback.DAC1_VOL"
D/RouteManager( 2552): audio-parameter-manager:         Applying configuration "Mute" from domain "Routing.Sst.Mute.HwCodec.Playback.Internal"
D/RouteManager( 2552): audio-parameter-manager:         Applying configuration "Mute" from domain "Routing.Sst.Mute.Media.Playback.Regular"
D/RouteManager( 2552): audio-parameter-manager:     } Applying configurations
D/RouteManager( 2552): audio-parameter-manager: } Configuration application request
D/RouteManager( 2552): 		-executeDisableRoutingStage-
D/RouteManager( 2552): audio-parameter-manager: Selection criterion changed event: Criterion name: RoutageState, current state: Path
D/TinyAlsaAudioDevice( 2552): close
D/RouteManager( 2552): audio-parameter-manager: Configuration application request {
D/RouteManager( 2552): audio-parameter-manager:     Applying configurations {
D/RouteManager( 2552): audio-parameter-manager:         Applying configuration "Locked" from domain "Routing.Sst.Enable.VoiceProcessingLock.Uplink"
D/RouteManager( 2552): audio-parameter-manager:         Applying configuration "Locked" from domain "Routing.Sst.Enable.VoiceProcessingLock.Downlink"
D/RouteManager( 2552): audio-parameter-manager:         Applying configuration "Disable" from domain "Routing.Enable.HWCodec.Playback.EarpieceIHF"
D/RouteManager( 2552): audio-parameter-manager:     } Applying configurations
D/RouteManager( 2552): audio-parameter-manager: } Configuration application request
D/RouteManager( 2552): 		-executeConfigureRoutingStage-
D/RouteManager( 2552): audio-parameter-manager: Selection criterion changed event: Criterion name: RoutageState, current state: Configure
D/RouteManager( 2552): audio-parameter-manager: Selection criterion changed event: Criterion name: ClosingPlaybackRoutes, current state: <none>
D/RouteManager( 2552): audio-parameter-manager: Configuration application request {
D/RouteManager( 2552): audio-parameter-manager:     Applying configurations {
D/RouteManager( 2552): audio-parameter-manager:         Applying configuration "Disable" from domain "Routing.Configure.HWCodec.Playback.Ihf"
D/RouteManager( 2552): audio-parameter-manager:         Applying configuration "Disable" from domain "Routing.Configure.HWCodec.Playback.DAC1"
D/RouteManager( 2552): audio-parameter-manager:         Applying configuration "Unbind" from domain "Routing.Sst.Configure.Playback.SpeakerEqToSprot"
D/RouteManager( 2552): audio-parameter-manager:         Applying configuration "Unbind" from domain "Routing.Sst.Configure.Playback.Media.ToSpeakerEq"
D/RouteManager( 2552): audio-parameter-manager:         Applying configuration "Unbind" from domain "Routing.Sst.Configure.Playback.HwCodec.SprotToSpeaker"
D/RouteManager( 2552): audio-parameter-manager:         Applying configuration "Dmic.Bind" from domain "Routing.Sst.Configure.AlwaysListening.VTSV"
D/RouteManager( 2552): audio-parameter-manager:     } Applying configurations
D/RouteManager( 2552): audio-parameter-manager: } Configuration application request
D/RouteManager( 2552): 		-executeEnableRoutingStage-
D/RouteManager( 2552): audio-parameter-manager: Selection criterion changed event: Criterion name: RoutageState, current state: Path|Configure
D/RouteManager( 2552): audio-parameter-manager: Configuration application request {
D/RouteManager( 2552): audio-parameter-manager:     Applying configurations {
D/RouteManager( 2552): audio-parameter-manager:         Applying configuration "UnLocked" from domain "Routing.Sst.Enable.VoiceProcessingLock.Uplink"
D/RouteManager( 2552): audio-parameter-manager:         Applying configuration "UnLocked" from domain "Routing.Sst.Enable.VoiceProcessingLock.Downlink"
D/RouteManager( 2552): audio-parameter-manager:     } Applying configurations
D/RouteManager( 2552): audio-parameter-manager: } Configuration application request
D/RouteManager( 2552): 		-executeUnmuteRoutingStage-
D/RouteManager( 2552): audio-parameter-manager: Selection criterion changed event: Criterion name: RoutageState, current state: Flow|Path|Configure
D/RouteManager( 2552): audio-parameter-manager: Configuration application request {
D/RouteManager( 2552): audio-parameter-manager:     Applying configurations {
D/RouteManager( 2552): audio-parameter-manager:     } Applying configurations
D/RouteManager( 2552): audio-parameter-manager: } Configuration application request
D/RouteManager( 2552): doReconsiderRouting: DONE
D/EVENT_THREAD( 2552): void CEventThread::run() Do poll with timeout: -1
I/WAKELOCK_RELEASE( 2842): TIMESTAMP=761834037201, TAG=AudioMix, TYPE=PARTIAL_WAKE_LOCK             , COUNT=0, PID=0, UID=1013, FLAGS=
E/WifiStateMachine( 2842): WifiStateMachine CMD_START_SCAN source -2 txSuccessRate=0.00 rxSuccessRate=3.80 targetRoamBSSID=f0:9c:e9:1a:75:95 RSSI=-37
I/EntropyMixer( 2842): Writing entropy...
I/ValidateNoPeople( 2842): skipping global notification
I/ValidateNoPeople( 2842): skipping global notification
D/MtpService( 3922): updating state; isCurrentUser=true, mMtpLocked=false
D/MtpService( 3922): addStorageLocked 65537 /storage/emulated/0
D/MtpService( 3922): updating state; isCurrentUser=true, mMtpLocked=false
D/MtpService( 3922): starting MTP server in MTP mode
D/MtpService( 3922): addStorageLocked 65537 /storage/emulated/0
D/CRASHLOG( 2568): receive_inotify_events: Received a dropbox event(dropbox-2017-03-20-07-41-48.txt)...
W/CRASHLOG( 2568): finalize_dropbox_pending_event: Crashreport notification (CRASH_LOGS_COPY_FINISHED) skipped!
D/CRASHLOG( 2568): receive_inotify_events: Can't handle the event "empty event", no valid entry found, drop it...
E/WifiStateMachine( 2842): WifiStateMachine CMD_START_SCAN source -2 txSuccessRate=0.00 rxSuccessRate=7.63 targetRoamBSSID=f0:9c:e9:1a:75:95 RSSI=-33
E/WifiStateMachine( 2842): WifiStateMachine starting scan for "OTA"WPA_PSK with 2412,2437
E/WifiStateMachine( 2842): WifiStateMachine CMD_START_SCAN source -2 txSuccessRate=0.00 rxSuccessRate=7.28 targetRoamBSSID=f0:9c:e9:1a:75:95 RSSI=-33
E/WifiStateMachine( 2842): WifiStateMachine starting scan for "OTA"WPA_PSK with 2412,2437
I/WAKELOCK_ACQUIRE( 2842): TIMESTAMP=808001982689, TAG=*alarm*, TYPE=PARTIAL_WAKE_LOCK             , COUNT=0, PID=2842, UID=1000, FLAGS=
I/WAKELOCK_RELEASE( 2842): TIMESTAMP=808055454548, TAG=*alarm*, TYPE=PARTIAL_WAKE_LOCK             , COUNT=0, PID=2842, UID=1000, FLAGS=
I/ActivityManager( 2842): START u0 {act=android.intent.action.MAIN cat=[android.intent.category.LAUNCHER] flg=0x10200000 cmp=com.wistron.generic.pqaa/.TestItemsList (has extras)} from uid 10006 on display 0
V/WindowManager( 2842): addAppToken: AppWindowToken{b10c09a token=Token{162b0145 ActivityRecord{6767dbc u0 com.wistron.generic.pqaa/.TestItemsList t26}}} to stack=1 task=26 at 0
I/WAKELOCK_ACQUIRE( 2842): TIMESTAMP=817736123853, TAG=ActivityManager-Launch, TYPE=PARTIAL_WAKE_LOCK             , COUNT=0, PID=2842, UID=1000, FLAGS=
D/PROPERTY( 2552): get media.dump_output.befconv: 0
D/PROPERTY( 2552): get media.dump_output.aftconv: 0
D/AudioIntelHal( 2552): startStream: output stream.
I/WAKELOCK_ACQUIRE( 2842): TIMESTAMP=817738242922, TAG=AudioMix, TYPE=PARTIAL_WAKE_LOCK             , COUNT=0, PID=0, UID=1013, FLAGS=
D/AudioIntelHal/AudioPlatformState( 2552): route-parameter-manager: Selection criterion changed event: Criterion name: OutputFlags, current state: Primary
D/AudioIntelHal/AudioPlatformState( 2552): route-parameter-manager: Configuration application request {
D/AudioIntelHal/AudioPlatformState( 2552): route-parameter-manager:     Applying configurations {
D/AudioIntelHal/AudioPlatformState( 2552): route-parameter-manager:         Applying configuration "Applicable" from domain "StreamRoute.Media.Playback"
D/AudioIntelHal/AudioPlatformState( 2552): route-parameter-manager:         Applying configuration "Yes" from domain "Route.HwCodec0IA.Playback.Applicable"
D/AudioIntelHal/AudioPlatformState( 2552): route-parameter-manager:     } Applying configurations
D/AudioIntelHal/AudioPlatformState( 2552): route-parameter-manager: } Configuration application request
D/EVENT_THREAD( 2552): void CEventThread::trig(void*, uint32_t): in
D/EVENT_THREAD( 2552): void CEventThread::trig(void*, uint32_t): out
V/WindowManager( 2842): Adding window Window{5adcba7 u0 Starting com.wistron.generic.pqaa} at 3 of 8 (after Window{10995f51 u0 com.android.launcher/com.android.launcher2.Launcher})
D/RouteManager( 2552): doReconsiderRouting: Route state:
D/RouteManager( 2552): 	-Previously Enabled Route in Input = <none>
D/RouteManager( 2552): 	-Previously Enabled Route in Output = <none>
D/RouteManager( 2552): 	-Selected Route in Input = <none>
D/RouteManager( 2552): 	-Selected Route in Output = Media|HwCodec0IA
D/RouteManager( 2552): 		-executeMuteRoutingStage-
D/RouteManager( 2552): audio-parameter-manager: Selection criterion changed event: Criterion name: RoutageState, current state: Flow
D/RouteManager( 2552): audio-parameter-manager: Configuration application request {
D/RouteManager( 2552): audio-parameter-manager:     Applying configurations {
D/RouteManager( 2552): audio-parameter-manager:     } Applying configurations
D/RouteManager( 2552): audio-parameter-manager: } Configuration application request
D/RouteManager( 2552): 		-executeDisableRoutingStage-
D/RouteManager( 2552): audio-parameter-manager: Selection criterion changed event: Criterion name: RoutageState, current state: Path
D/RouteManager( 2552): audio-parameter-manager: Configuration application request {
D/RouteManager( 2552): audio-parameter-manager:     Applying configurations {
D/RouteManager( 2552): audio-parameter-manager:         Applying configuration "Locked" from domain "Routing.Sst.Enable.VoiceProcessingLock.Uplink"
D/RouteManager( 2552): audio-parameter-manager:         Applying configuration "Locked" from domain "Routing.Sst.Enable.VoiceProcessingLock.Downlink"
D/RouteManager( 2552): audio-parameter-manager:     } Applying configurations
D/RouteManager( 2552): audio-parameter-manager: } Configuration application request
D/RouteManager( 2552): 		-executeConfigureRoutingStage-
D/RouteManager( 2552): audio-parameter-manager: Selection criterion changed event: Criterion name: RoutageState, current state: Configure
D/RouteManager( 2552): audio-parameter-manager: Selection criterion changed event: Criterion name: OpenedPlaybackRoutes, current state: Media|HwCodec0IA
D/RouteManager( 2552): audio-parameter-manager: Configuration application request {
D/RouteManager( 2552): audio-parameter-manager:     Applying configurations {
D/RouteManager( 2552): audio-parameter-manager:         Applying configuration "Enable" from domain "Routing.Configure.HWCodec.Playback.Ihf"
D/RouteManager( 2552): audio-parameter-manager:         Applying configuration "Playback" from domain "Routing.Configure.HWCodec.Playback.DAC1"
D/RouteManager( 2552): audio-parameter-manager:         Applying configuration "Bind" from domain "Routing.Sst.Configure.Playback.SpeakerEqToSprot"
D/RouteManager( 2552): audio-parameter-manager:         Applying configuration "Bind" from domain "Routing.Sst.Configure.Playback.Media.ToSpeakerEq"
D/RouteManager( 2552): audio-parameter-manager:         Applying configuration "Bind" from domain "Routing.Sst.Configure.Playback.HwCodec.SprotToSpeaker"
D/RouteManager( 2552): audio-parameter-manager:         Applying configuration "VadMixerInputsAndHfRef.Media.Aec.TxSpeechLine.Bind" from domain "Routing.Sst.Configure.AlwaysListening.VTSV"
D/RouteManager( 2552): audio-parameter-manager:     } Applying configurations
D/RouteManager( 2552): audio-parameter-manager: } Configuration application request
D/RouteManager( 2552): 		-executeEnableRoutingStage-
D/RouteManager( 2552): audio-parameter-manager: Selection criterion changed event: Criterion name: RoutageState, current state: Path|Configure
D/RouteManager( 2552): audio-parameter-manager: Configuration application request {
D/RouteManager( 2552): audio-parameter-manager:     Applying configurations {
D/RouteManager( 2552): audio-parameter-manager:         Applying configuration "UnLocked" from domain "Routing.Sst.Enable.VoiceProcessingLock.Uplink"
D/RouteManager( 2552): audio-parameter-manager:         Applying configuration "UnLocked" from domain "Routing.Sst.Enable.VoiceProcessingLock.Downlink"
D/RouteManager( 2552): audio-parameter-manager:         Applying configuration "Enable" from domain "Routing.Enable.HWCodec.Playback.EarpieceIHF"
D/RouteManager( 2552): audio-parameter-manager:     } Applying configurations
D/RouteManager( 2552): audio-parameter-manager: } Configuration application request
D/TinyAlsaAudioDevice( 2552): open: card (cherrytrailaud, 0) 
D/TinyAlsaAudioDevice( 2552): 	 config (rate=48000 format=0 channels= 2).
D/TinyAlsaAudioDevice( 2552): 	 RingBuffer config: periodSize=1152 nbPeriod=4startTh=1151 stop Th=4608 silence Th=0
W/art     ( 2565): PreZygoteFork called when we already have a zygote space.
I/ActivityManager( 2842): Start proc 4214:com.wistron.generic.pqaa/u0a49 for activity com.wistron.generic.pqaa/.TestItemsList
E/art     ( 4214): setrlimit(RLIMIT_CORE) failed for pid 4214: Operation not permitted
V/WindowManager( 2842): rotationForOrientationLw(orient=1, last=0); user=0 USER_ROTATION_LOCKED
I/WAKELOCK_ACQUIRE( 2842): TIMESTAMP=817811150604, TAG=SCREEN_FROZEN, TYPE=PARTIAL_WAKE_LOCK             , COUNT=0, PID=2842, UID=1000, FLAGS=
V/ActivityManager( 2842): Display changed displayId=0
D/SurfaceFlinger( 2310): ORT: DPS allow this projection change
D/SurfaceFlinger( 2310): handleDisplayScaling
I/ActivityManager( 2842): Config changes=480 {1.0 ?mcc?mnc en_US ?layoutDir sw800dp w800dp h1207dp 160dpi xlrg port finger -keyb/v/h -nav/h s.9}
I/InputReader( 2842): Reconfiguring input devices.  changes=0x00000004
I/InputReader( 2842): Device reconfigured: id=4, name='focal-touchscreen', size 1280x800, orientation 3, mode 1, display id 0
D/AudioConversion( 2552): configure: no convertion required
D/RouteManager( 2552): 		-executeUnmuteRoutingStage-
D/RouteManager( 2552): audio-parameter-manager: Selection criterion changed event: Criterion name: RoutageState, current state: Flow|Path|Configure
D/RouteManager( 2552): audio-parameter-manager: Configuration application request {
D/RouteManager( 2552): audio-parameter-manager:     Applying configurations {
D/RouteManager( 2552): audio-parameter-manager:         Applying configuration "Unmute" from domain "Routing.Mute.HWCodec.HWCodec.Playback.DAC1_VOL"
D/RouteManager( 2552): audio-parameter-manager:         Applying configuration "Unmute" from domain "Routing.Sst.Mute.HwCodec.Playback.Internal"
D/RouteManager( 2552): audio-parameter-manager:         Applying configuration "Unmute" from domain "Routing.Sst.Mute.Media.Playback.Regular"
D/RouteManager( 2552): audio-parameter-manager:     } Applying configurations
D/RouteManager( 2552): audio-parameter-manager: } Configuration application request
D/RouteManager( 2552): doReconsiderRouting: DONE
D/EVENT_THREAD( 2552): void CEventThread::run() Do poll with timeout: -1
E/TinyAlsaStream( 2552): getFramesAvailable: Unable to get available frames
E/TinyAlsaStream( 2552): getFramesAvailable: Unable to get available frames
E/TinyAlsaStream( 2552): getFramesAvailable: Unable to get available frames
I/Tethering( 2842): Found payment device
D/ufoEGL  ( 3200): Surface destroy: ANDROID_NATIVE_WINDOW_MAGIC
D/ufoEGL  ( 2961): droid_create_context : config id = 4 conf->NativeVisualID=2
I/ufoEGL  ( 2961): Requested context : GLES 2.0
D/ufoEGL  ( 2961): Pixel Format : GGL_PIXEL_FORMAT_RGBX_8888
D/ufoEGL  ( 2961): Pixel Format : GGL_PIXEL_FORMAT_RGBX_8888
D/ufoEGL  ( 2961): Pixel Format : GGL_PIXEL_FORMAT_RGBX_8888
D/ufoEGL  ( 2961): Surface destroy: ANDROID_NATIVE_WINDOW_MAGIC
D/ufoEGL  ( 2961): Surface destroy: ANDROID_NATIVE_WINDOW_MAGIC
D/ufoEGL  ( 2961): Pixel Format : GGL_PIXEL_FORMAT_RGBA_8888
D/ufoEGL  ( 2961): Surface destroy: ANDROID_NATIVE_WINDOW_MAGIC
W/System.err( 4214): java.io.FileNotFoundException: /mnt/sdcard/Android/data/com.wistron.generic.pqaa/files/pqaa_config/start.cfg: open failed: ENOENT (No such file or directory)
W/System.err( 4214): 	at libcore.io.IoBridge.open(IoBridge.java:456)
W/System.err( 4214): 	at java.io.FileInputStream.<init>(FileInputStream.java:76)
W/System.err( 4214): 	at java.io.FileInputStream.<init>(FileInputStream.java:103)
W/System.err( 4214): 	at java.io.FileReader.<init>(FileReader.java:66)
W/System.err( 4214): 	at com.wistron.pqaa_common.jar.global.WisToolKit.getSingleParameters(WisToolKit.java:257)
W/System.err( 4214): 	at com.wistron.generic.pqaa.TestItemsList.getSettingParameter(TestItemsList.java:313)
W/System.err( 4214): 	at com.wistron.generic.pqaa.TestItemsList.onCreate(TestItemsList.java:161)
W/System.err( 4214): 	at android.app.Activity.performCreate(Activity.java:5990)
W/System.err( 4214): 	at android.app.Instrumentation.callActivityOnCreate(Instrumentation.java:1106)
W/System.err( 4214): 	at android.app.ActivityThread.performLaunchActivity(ActivityThread.java:2279)
W/System.err( 4214): 	at android.app.ActivityThread.handleLaunchActivity(ActivityThread.java:2388)
W/System.err( 4214): 	at android.app.ActivityThread.access$800(ActivityThread.java:152)
W/System.err( 4214): 	at android.app.ActivityThread$H.handleMessage(ActivityThread.java:1304)
W/System.err( 4214): 	at android.os.Handler.dispatchMessage(Handler.java:102)
W/System.err( 4214): 	at android.os.Looper.loop(Looper.java:135)
W/System.err( 4214): 	at android.app.ActivityThread.main(ActivityThread.java:5261)
W/System.err( 4214): 	at java.lang.reflect.Method.invoke(Native Method)
W/System.err( 4214): 	at java.lang.reflect.Method.invoke(Method.java:372)
W/System.err( 4214): 	at com.android.internal.os.ZygoteInit$MethodAndArgsCaller.run(ZygoteInit.java:903)
D/ufoEGL  ( 2961): Pixel Format : GGL_PIXEL_FORMAT_RGBA_8888
W/System.err( 4214): 	at com.android.internal.os.ZygoteInit.main(ZygoteInit.java:698)
W/System.err( 4214): Caused by: android.system.ErrnoException: open failed: ENOENT (No such file or directory)
W/System.err( 4214): 	at libcore.io.Posix.open(Native Method)
W/System.err( 4214): 	at libcore.io.BlockGuardOs.open(BlockGuardOs.java:186)
W/System.err( 4214): 	at libcore.io.IoBridge.open(IoBridge.java:442)
W/System.err( 4214): 	... 19 more
D/OpenGLRenderer( 4214): Use EGL_SWAP_BEHAVIOR_PRESERVED: true
I/ufoGralloc( 4214): Hello, this is UFO GRALLOC/Intel Corporation
D/Atlas   ( 4214): Validating map...
V/WindowManager( 2842): Adding window Window{1aac823e u0 com.wistron.generic.pqaa/com.wistron.generic.pqaa.TestItemsList} at 3 of 9 (before Window{5adcba7 u0 Starting com.wistron.generic.pqaa})
V/WindowManager( 2842): Adding window Window{1232cdec u0 com.wistron.generic.pqaa/com.wistron.generic.pqaa.TestItemsList} at 3 of 10 (before Window{1aac823e u0 com.wistron.generic.pqaa/com.wistron.generic.pqaa.TestItemsList})
I/System.out( 4214): **************--->***26
D/ufoEGL  ( 4214): ENV OGL (32bit) enabled for all processes, use "setptop persist.intel.ogl.procname" to limit it to a single process
I/OpenGLRenderer( 4214): Initialized EGL, version 1.4
W/OpenGLRenderer( 4214): Failed to choose config with EGL_SWAP_BEHAVIOR_PRESERVED, retrying without...
D/ufoEGL  ( 4214): droid_create_context : config id = 9 conf->NativeVisualID=1
I/ufoEGL  ( 4214): Requested context : GLES 2.0
D/ufoEGL  ( 4214): Pixel Format : GGL_PIXEL_FORMAT_RGBA_8888
D/ufoEGL  ( 4214): Pixel Format : GGL_PIXEL_FORMAT_RGBA_8888
D/OpenGLRenderer( 4214): Enabling debug mode 0
D/skuwa   ( 4214): Detected device 22B0:54 family 17:11
D/ufoEGL  ( 4214): Pixel Format : GGL_PIXEL_FORMAT_RGBA_8888
I/WAKELOCK_ACQUIRE( 2842): TIMESTAMP=818072544129, TAG=WindowManager, TYPE=SCREEN_BRIGHT_WAKE_LOCK       , COUNT=0, PID=2842, UID=1000, FLAGS= ON_AFTER_RELEASE
D/ufoEGL  ( 4214): Pixel Format : GGL_PIXEL_FORMAT_RGBA_8888
D/ufoEGL  ( 2961): droid_create_context : config id = 4 conf->NativeVisualID=2
I/ufoEGL  ( 2961): Requested context : GLES 2.0
D/ufoEGL  ( 2961): Pixel Format : GGL_PIXEL_FORMAT_RGBX_8888
D/ufoEGL  ( 4214): Surface destroy: ANDROID_NATIVE_WINDOW_MAGIC
D/ufoEGL  ( 2961): Pixel Format : GGL_PIXEL_FORMAT_RGBX_8888
D/ufoEGL  ( 2961): Pixel Format : GGL_PIXEL_FORMAT_RGBX_8888
D/ufoEGL  ( 2961): Surface destroy: ANDROID_NATIVE_WINDOW_MAGIC
V/WindowManager( 2842): Layouts looping: On entry to LockedInner, mPendingLayoutChanges = 0x1
V/WindowManager( 2842): Layouts looping: loop number 4, mPendingLayoutChanges = 0x0
V/WindowManager( 2842): Layouts looping: after finishPostLayoutPolicyLw, mPendingLayoutChanges = 0x0
V/WindowManager( 2842): Layouts looping: mLayoutNeeded, mPendingLayoutChanges = 0x1
V/WindowManager( 2842): Layouts looping: On entry to LockedInner, mPendingLayoutChanges = 0x1
V/WindowManager( 2842): Layouts looping: loop number 5, mPendingLayoutChanges = 0x0
V/WindowManager( 2842): Layouts looping: after finishPostLayoutPolicyLw, mPendingLayoutChanges = 0x0
V/WindowManager( 2842): Layouts looping: mLayoutNeeded, mPendingLayoutChanges = 0x1
E/WindowManager( 2842): Performed 6 layouts in a row. Skipping
W/IInputConnectionWrapper( 3200): showStatusIcon on inactive InputConnection
I/ActivityManager( 2842): Displayed com.wistron.generic.pqaa/.TestItemsList: +499ms (total +1m1s932ms)
I/WAKELOCK_RELEASE( 2842): TIMESTAMP=818283798254, TAG=ActivityManager-Launch, TYPE=PARTIAL_WAKE_LOCK             , COUNT=0, PID=2842, UID=1000, FLAGS=
I/WindowManager( 2842): Screen frozen for +492ms due to Window{5adcba7 u0 Starting com.wistron.generic.pqaa}
I/WAKELOCK_RELEASE( 2842): TIMESTAMP=818311670139, TAG=SCREEN_FROZEN, TYPE=PARTIAL_WAKE_LOCK             , COUNT=0, PID=2842, UID=1000, FLAGS=
V/WindowManager( 2842): rotationForOrientationLw(orient=1, last=3); user=0 USER_ROTATION_LOCKED
V/WindowManager( 2842): Adding window Window{184aec97 u0 PopupWindow:839a40d} at 4 of 9 (after Window{1232cdec u0 com.wistron.generic.pqaa/com.wistron.generic.pqaa.TestItemsList})
D/ufoEGL  ( 4214): Pixel Format : GGL_PIXEL_FORMAT_RGBA_8888
D/TaskPersister( 2842): removeObsoleteFile: deleting file=25_task.xml
I/art     ( 2842): Explicit concurrent mark sweep GC freed 21792(1093KB) AllocSpace objects, 3(179KB) LOS objects, 33% free, 10MB/15MB, paused 544us total 45.841ms
E/WifiStateMachine( 2842): WifiStateMachine CMD_START_SCAN source -2 txSuccessRate=0.00 rxSuccessRate=11.33 targetRoamBSSID=f0:9c:e9:1a:75:95 RSSI=-33
E/WifiStateMachine( 2842): WifiStateMachine starting scan for "OTA"WPA_PSK with 2412,2437
D/AudioIntelHal( 2552): stopStream: output stream.
D/AudioIntelHal/AudioPlatformState( 2552): route-parameter-manager: Selection criterion changed event: Criterion name: OutputFlags, current state: <none>
D/AudioIntelHal/AudioPlatformState( 2552): route-parameter-manager: Configuration application request {
D/AudioIntelHal/AudioPlatformState( 2552): route-parameter-manager:     Applying configurations {
D/AudioIntelHal/AudioPlatformState( 2552): route-parameter-manager:         Applying configuration "NotApplicable" from domain "StreamRoute.Media.Playback"
D/AudioIntelHal/AudioPlatformState( 2552): route-parameter-manager:         Applying configuration "No" from domain "Route.HwCodec0IA.Playback.Applicable"
D/AudioIntelHal/AudioPlatformState( 2552): route-parameter-manager:     } Applying configurations
D/AudioIntelHal/AudioPlatformState( 2552): route-parameter-manager: } Configuration application request
D/EVENT_THREAD( 2552): void CEventThread::trig(void*, uint32_t): in
D/EVENT_THREAD( 2552): void CEventThread::trig(void*, uint32_t): out
D/RouteManager( 2552): doReconsiderRouting: Route state:
D/RouteManager( 2552): 	-Previously Enabled Route in Input = <none>
D/RouteManager( 2552): 	-Previously Enabled Route in Output = Media|HwCodec0IA
D/RouteManager( 2552): 	-Selected Route in Input = <none>
D/RouteManager( 2552): 	-Selected Route in Output = <none>
D/RouteManager( 2552): 		-executeMuteRoutingStage-
D/RouteManager( 2552): audio-parameter-manager: Selection criterion changed event: Criterion name: RoutageState, current state: Flow
D/RouteManager( 2552): audio-parameter-manager: Selection criterion changed event: Criterion name: ClosingPlaybackRoutes, current state: Media|HwCodec0IA
D/RouteManager( 2552): audio-parameter-manager: Selection criterion changed event: Criterion name: OpenedPlaybackRoutes, current state: <none>
D/RouteManager( 2552): audio-parameter-manager: Configuration application request {
D/RouteManager( 2552): audio-parameter-manager:     Applying configurations {
D/RouteManager( 2552): audio-parameter-manager:         Applying configuration "Mute" from domain "Routing.Mute.HWCodec.HWCodec.Playback.DAC1_VOL"
D/RouteManager( 2552): audio-parameter-manager:         Applying configuration "Mute" from domain "Routing.Sst.Mute.HwCodec.Playback.Internal"
D/RouteManager( 2552): audio-parameter-manager:         Applying configuration "Mute" from domain "Routing.Sst.Mute.Media.Playback.Regular"
D/RouteManager( 2552): audio-parameter-manager:     } Applying configurations
D/RouteManager( 2552): audio-parameter-manager: } Configuration application request
D/RouteManager( 2552): 		-executeDisableRoutingStage-
D/RouteManager( 2552): audio-parameter-manager: Selection criterion changed event: Criterion name: RoutageState, current state: Path
D/TinyAlsaAudioDevice( 2552): close
D/RouteManager( 2552): audio-parameter-manager: Configuration application request {
D/RouteManager( 2552): audio-parameter-manager:     Applying configurations {
D/RouteManager( 2552): audio-parameter-manager:         Applying configuration "Locked" from domain "Routing.Sst.Enable.VoiceProcessingLock.Uplink"
D/RouteManager( 2552): audio-parameter-manager:         Applying configuration "Locked" from domain "Routing.Sst.Enable.VoiceProcessingLock.Downlink"
D/RouteManager( 2552): audio-parameter-manager:         Applying configuration "Disable" from domain "Routing.Enable.HWCodec.Playback.EarpieceIHF"
D/RouteManager( 2552): audio-parameter-manager:     } Applying configurations
D/RouteManager( 2552): audio-parameter-manager: } Configuration application request
D/RouteManager( 2552): 		-executeConfigureRoutingStage-
D/RouteManager( 2552): audio-parameter-manager: Selection criterion changed event: Criterion name: RoutageState, current state: Configure
D/RouteManager( 2552): audio-parameter-manager: Selection criterion changed event: Criterion name: ClosingPlaybackRoutes, current state: <none>
D/RouteManager( 2552): audio-parameter-manager: Configuration application request {
D/RouteManager( 2552): audio-parameter-manager:     Applying configurations {
D/RouteManager( 2552): audio-parameter-manager:         Applying configuration "Disable" from domain "Routing.Configure.HWCodec.Playback.Ihf"
D/RouteManager( 2552): audio-parameter-manager:         Applying configuration "Disable" from domain "Routing.Configure.HWCodec.Playback.DAC1"
D/RouteManager( 2552): audio-parameter-manager:         Applying configuration "Unbind" from domain "Routing.Sst.Configure.Playback.SpeakerEqToSprot"
D/RouteManager( 2552): audio-parameter-manager:         Applying configuration "Unbind" from domain "Routing.Sst.Configure.Playback.Media.ToSpeakerEq"
D/RouteManager( 2552): audio-parameter-manager:         Applying configuration "Unbind" from domain "Routing.Sst.Configure.Playback.HwCodec.SprotToSpeaker"
D/RouteManager( 2552): audio-parameter-manager:         Applying configuration "Dmic.Bind" from domain "Routing.Sst.Configure.AlwaysListening.VTSV"
D/RouteManager( 2552): audio-parameter-manager:     } Applying configurations
D/RouteManager( 2552): audio-parameter-manager: } Configuration application request
D/RouteManager( 2552): 		-executeEnableRoutingStage-
D/RouteManager( 2552): audio-parameter-manager: Selection criterion changed event: Criterion name: RoutageState, current state: Path|Configure
D/RouteManager( 2552): audio-parameter-manager: Configuration application request {
D/RouteManager( 2552): audio-parameter-manager:     Applying configurations {
D/RouteManager( 2552): audio-parameter-manager:         Applying configuration "UnLocked" from domain "Routing.Sst.Enable.VoiceProcessingLock.Uplink"
D/RouteManager( 2552): audio-parameter-manager:         Applying configuration "UnLocked" from domain "Routing.Sst.Enable.VoiceProcessingLock.Downlink"
D/RouteManager( 2552): audio-parameter-manager:     } Applying configurations
D/RouteManager( 2552): audio-parameter-manager: } Configuration application request
D/RouteManager( 2552): 		-executeUnmuteRoutingStage-
D/RouteManager( 2552): audio-parameter-manager: Selection criterion changed event: Criterion name: RoutageState, current state: Flow|Path|Configure
D/RouteManager( 2552): audio-parameter-manager: Configuration application request {
D/RouteManager( 2552): audio-parameter-manager:     Applying configurations {
D/RouteManager( 2552): audio-parameter-manager:     } Applying configurations
D/RouteManager( 2552): audio-parameter-manager: } Configuration application request
D/RouteManager( 2552): doReconsiderRouting: DONE
D/EVENT_THREAD( 2552): void CEventThread::run() Do poll with timeout: -1
I/WAKELOCK_RELEASE( 2842): TIMESTAMP=823328891813, TAG=AudioMix, TYPE=PARTIAL_WAKE_LOCK             , COUNT=0, PID=0, UID=1013, FLAGS=
E/WifiStateMachine( 2842): WifiStateMachine CMD_START_SCAN source -2 txSuccessRate=0.00 rxSuccessRate=7.03 targetRoamBSSID=f0:9c:e9:1a:75:95 RSSI=-39
E/WifiStateMachine( 2842): WifiStateMachine starting scan for "OTA"WPA_PSK with 2412,2437
D/PROPERTY( 2552): get media.dump_output.befconv: 0
D/PROPERTY( 2552): get media.dump_output.aftconv: 0
D/AudioIntelHal( 2552): startStream: output stream.
D/AudioIntelHal/AudioPlatformState( 2552): route-parameter-manager: Selection criterion changed event: Criterion name: OutputFlags, current state: Primary
D/AudioIntelHal/AudioPlatformState( 2552): route-parameter-manager: Configuration application request {
D/AudioIntelHal/AudioPlatformState( 2552): route-parameter-manager:     Applying configurations {
D/AudioIntelHal/AudioPlatformState( 2552): route-parameter-manager:         Applying configuration "Applicable" from domain "StreamRoute.Media.Playback"
D/AudioIntelHal/AudioPlatformState( 2552): route-parameter-manager:         Applying configuration "Yes" from domain "Route.HwCodec0IA.Playback.Applicable"
D/AudioIntelHal/AudioPlatformState( 2552): route-parameter-manager:     } Applying configurations
D/AudioIntelHal/AudioPlatformState( 2552): route-parameter-manager: } Configuration application request
D/EVENT_THREAD( 2552): void CEventThread::trig(void*, uint32_t): in
D/EVENT_THREAD( 2552): void CEventThread::trig(void*, uint32_t): out
D/RouteManager( 2552): doReconsiderRouting: Route state:
D/RouteManager( 2552): 	-Previously Enabled Route in Input = <none>
D/RouteManager( 2552): 	-Previously Enabled Route in Output = <none>
D/RouteManager( 2552): 	-Selected Route in Input = <none>
D/RouteManager( 2552): 	-Selected Route in Output = Media|HwCodec0IA
D/RouteManager( 2552): 		-executeMuteRoutingStage-
D/RouteManager( 2552): audio-parameter-manager: Selection criterion changed event: Criterion name: RoutageState, current state: Flow
D/RouteManager( 2552): audio-parameter-manager: Configuration application request {
D/RouteManager( 2552): audio-parameter-manager:     Applying configurations {
D/RouteManager( 2552): audio-parameter-manager:     } Applying configurations
D/RouteManager( 2552): audio-parameter-manager: } Configuration application request
D/RouteManager( 2552): 		-executeDisableRoutingStage-
D/RouteManager( 2552): audio-parameter-manager: Selection criterion changed event: Criterion name: RoutageState, current state: Path
D/RouteManager( 2552): audio-parameter-manager: Configuration application request {
D/RouteManager( 2552): audio-parameter-manager:     Applying configurations {
D/RouteManager( 2552): audio-parameter-manager:         Applying configuration "Locked" from domain "Routing.Sst.Enable.VoiceProcessingLock.Uplink"
D/RouteManager( 2552): audio-parameter-manager:         Applying configuration "Locked" from domain "Routing.Sst.Enable.VoiceProcessingLock.Downlink"
D/RouteManager( 2552): audio-parameter-manager:     } Applying configurations
D/RouteManager( 2552): audio-parameter-manager: } Configuration application request
D/RouteManager( 2552): 		-executeConfigureRoutingStage-
D/RouteManager( 2552): audio-parameter-manager: Selection criterion changed event: Criterion name: RoutageState, current state: Configure
D/RouteManager( 2552): audio-parameter-manager: Selection criterion changed event: Criterion name: OpenedPlaybackRoutes, current state: Media|HwCodec0IA
D/RouteManager( 2552): audio-parameter-manager: Configuration application request {
D/RouteManager( 2552): audio-parameter-manager:     Applying configurations {
D/RouteManager( 2552): audio-parameter-manager:         Applying configuration "Enable" from domain "Routing.Configure.HWCodec.Playback.Ihf"
D/RouteManager( 2552): audio-parameter-manager:         Applying configuration "Playback" from domain "Routing.Configure.HWCodec.Playback.DAC1"
D/RouteManager( 2552): audio-parameter-manager:         Applying configuration "Bind" from domain "Routing.Sst.Configure.Playback.SpeakerEqToSprot"
D/RouteManager( 2552): audio-parameter-manager:         Applying configuration "Bind" from domain "Routing.Sst.Configure.Playback.Media.ToSpeakerEq"
D/RouteManager( 2552): audio-parameter-manager:         Applying configuration "Bind" from domain "Routing.Sst.Configure.Playback.HwCodec.SprotToSpeaker"
D/RouteManager( 2552): audio-parameter-manager:         Applying configuration "VadMixerInputsAndHfRef.Media.Aec.TxSpeechLine.Bind" from domain "Routing.Sst.Configure.AlwaysListening.VTSV"
I/WAKELOCK_ACQUIRE( 2842): TIMESTAMP=861344947529, TAG=AudioMix, TYPE=PARTIAL_WAKE_LOCK             , COUNT=0, PID=0, UID=1013, FLAGS=
D/ufoEGL  ( 4214): Surface destroy: ANDROID_NATIVE_WINDOW_MAGIC
D/RouteManager( 2552): audio-parameter-manager:     } Applying configurations
D/RouteManager( 2552): audio-parameter-manager: } Configuration application request
D/RouteManager( 2552): 		-executeEnableRoutingStage-
D/RouteManager( 2552): audio-parameter-manager: Selection criterion changed event: Criterion name: RoutageState, current state: Path|Configure
D/RouteManager( 2552): audio-parameter-manager: Configuration application request {
D/RouteManager( 2552): audio-parameter-manager:     Applying configurations {
D/RouteManager( 2552): audio-parameter-manager:         Applying configuration "UnLocked" from domain "Routing.Sst.Enable.VoiceProcessingLock.Uplink"
D/RouteManager( 2552): audio-parameter-manager:         Applying configuration "UnLocked" from domain "Routing.Sst.Enable.VoiceProcessingLock.Downlink"
D/RouteManager( 2552): audio-parameter-manager:         Applying configuration "Enable" from domain "Routing.Enable.HWCodec.Playback.EarpieceIHF"
D/RouteManager( 2552): audio-parameter-manager:     } Applying configurations
D/RouteManager( 2552): audio-parameter-manager: } Configuration application request
