D/RouteManager( 2549): audio-parameter-manager:         Applying configuration "UnLocked" from domain "Routing.Sst.Enable.VoiceProcessingLock.Uplink"
D/RouteManager( 2549): audio-parameter-manager:         Applying configuration "UnLocked" from domain "Routing.Sst.Enable.VoiceProcessingLock.Downlink"
D/RouteManager( 2549): audio-parameter-manager:     } Applying configurations
D/RouteManager( 2549): audio-parameter-manager: } Configuration application request
D/RouteManager( 2549): 		-executeUnmuteRoutingStage-
D/RouteManager( 2549): audio-parameter-manager: Selection criterion changed event: Criterion name: RoutageState, current state: Flow|Path|Configure
D/RouteManager( 2549): audio-parameter-manager: Configuration application request {
D/RouteManager( 2549): audio-parameter-manager:     Applying configurations {
D/RouteManager( 2549): audio-parameter-manager:     } Applying configurations
D/RouteManager( 2549): audio-parameter-manager: } Configuration application request
D/RouteManager( 2549): doReconsiderRouting: DONE
I/WAKELOCK_RELEASE( 2839): TIMESTAMP=3987600110606, TAG=AudioMix, TYPE=PARTIAL_WAKE_LOCK             , COUNT=0, PID=0, UID=1013, FLAGS=
D/EVENT_THREAD( 2549): void CEventThread::run() Do poll with timeout: -1
D/ufoEGL  ( 2957): Surface destroy: ANDROID_NATIVE_WINDOW_MAGIC
D/ufoEGL  ( 4123): Surface destroy: ANDROID_NATIVE_WINDOW_MAGIC
I/WAKELOCK_ACQUIRE( 2839): TIMESTAMP=3999354562770, TAG=ActivityManager-Launch, TYPE=PARTIAL_WAKE_LOCK             , COUNT=0, PID=2839, UID=1000, FLAGS=
W/InputMethodManagerService( 2839): Window already focused, ignoring focus gain of: com.android.internal.view.IInputMethodClient$Stub$Proxy@6b42ccf attribute=null, token = android.os.BinderProxy@108496a6
V/WindowManager( 2839): rotationForOrientationLw(orient=-1, last=3); user=0 USER_ROTATION_LOCKED
I/WAKELOCK_ACQUIRE( 2839): TIMESTAMP=3999365564167, TAG=SCREEN_FROZEN, TYPE=PARTIAL_WAKE_LOCK             , COUNT=0, PID=2839, UID=1000, FLAGS=
D/SurfaceFlinger( 2309): ORT: DPS allow this projection change
D/SurfaceFlinger( 2309): handleDisplayScaling
I/ActivityManager( 2839): Config changes=480 {1.0 ?mcc?mnc en_US ?layoutDir sw800dp w1280dp h727dp 160dpi xlrg land finger -keyb/v/h -nav/h s.18}
V/ActivityManager( 2839): Display changed displayId=0
I/InputReader( 2839): Reconfiguring input devices.  changes=0x00000004
I/InputReader( 2839): Device reconfigured: id=4, name='focal-touchscreen', size 1280x800, orientation 0, mode 1, display id 0
I/Tethering( 2839): Found payment device
V/WindowManager( 2839): rotationForOrientationLw(orient=1, last=0); user=0 USER_ROTATION_LOCKED
V/ActivityManager( 2839): Display changed displayId=0
D/SurfaceFlinger( 2309): ORT: DPS allow this projection change
D/SurfaceFlinger( 2309): handleDisplayScaling
I/InputReader( 2839): Reconfiguring input devices.  changes=0x00000004
I/InputReader( 2839): Device reconfigured: id=4, name='focal-touchscreen', size 1280x800, orientation 3, mode 1, display id 0
I/ActivityManager( 2839): Config changes=480 {1.0 ?mcc?mnc en_US ?layoutDir sw800dp w800dp h1207dp 160dpi xlrg port finger -keyb/v/h -nav/h s.19}
I/Tethering( 2839): Found payment device
D/ufoEGL  ( 4123): Pixel Format : GGL_PIXEL_FORMAT_RGBA_8888
W/System.err( 4123): java.io.FileNotFoundException: /mnt/sdcard/Android/data/com.wistron.generic.pqaa/files/pqaa_config/start.cfg: open failed: ENOENT (No such file or directory)
W/System.err( 4123): 	at libcore.io.IoBridge.open(IoBridge.java:456)
W/System.err( 4123): 	at java.io.FileInputStream.<init>(FileInputStream.java:76)
W/System.err( 4123): 	at java.io.FileInputStream.<init>(FileInputStream.java:103)
W/System.err( 4123): 	at java.io.FileReader.<init>(FileReader.java:66)
W/System.err( 4123): 	at com.wistron.pqaa_common.jar.global.WisToolKit.getSingleParameters(WisToolKit.java:257)
W/System.err( 4123): 	at com.wistron.generic.pqaa.TestItemsList.getSettingParameter(TestItemsList.java:313)
W/System.err( 4123): 	at com.wistron.generic.pqaa.TestItemsList.onCreate(TestItemsList.java:161)
W/System.err( 4123): 	at android.app.Activity.performCreate(Activity.java:5990)
W/System.err( 4123): 	at android.app.Instrumentation.callActivityOnCreate(Instrumentation.java:1106)
W/System.err( 4123): 	at android.app.ActivityThread.performLaunchActivity(ActivityThread.java:2279)
W/System.err( 4123): 	at android.app.ActivityThread.handleLaunchActivity(ActivityThread.java:2388)
W/System.err( 4123): 	at android.app.ActivityThread.handleRelaunchActivity(ActivityThread.java:3948)
W/System.err( 4123): 	at android.app.ActivityThread.access$900(ActivityThread.java:152)
W/System.err( 4123): 	at android.app.ActivityThread$H.handleMessage(ActivityThread.java:1310)
W/System.err( 4123): 	at android.os.Handler.dispatchMessage(Handler.java:102)
W/System.err( 4123): 	at android.os.Looper.loop(Looper.java:135)
W/System.err( 4123): 	at android.app.ActivityThread.main(ActivityThread.java:5261)
W/System.err( 4123): 	at java.lang.reflect.Method.invoke(Native Method)
W/System.err( 4123): 	at java.lang.reflect.Method.invoke(Method.java:372)
W/System.err( 4123): 	at com.android.internal.os.ZygoteInit$MethodAndArgsCaller.run(ZygoteInit.java:903)
W/System.err( 4123): 	at com.android.internal.os.ZygoteInit.main(ZygoteInit.java:698)
W/System.err( 4123): Caused by: android.system.ErrnoException: open failed: ENOENT (No such file or directory)
W/System.err( 4123): 	at libcore.io.Posix.open(Native Method)
W/System.err( 4123): 	at libcore.io.BlockGuardOs.open(BlockGuardOs.java:186)
W/System.err( 4123): 	at libcore.io.IoBridge.open(IoBridge.java:442)
W/System.err( 4123): 	... 20 more
V/WindowManager( 2839): Adding window Window{d12e6c7 u0 com.wistron.generic.pqaa/com.wistron.generic.pqaa.TestItemsList} at 2 of 11 (before Window{18bee8e7 u0 com.wistron.generic.pqaa/com.wistron.generic.headset.loopback.AudioLoopback})
I/Tag     ( 4123): onActivityResult---
D/AndroidRuntime( 4123): Shutting down VM
E/AndroidRuntime( 4123): FATAL EXCEPTION: main
E/AndroidRuntime( 4123): Process: com.wistron.generic.pqaa, PID: 4123
E/AndroidRuntime( 4123): java.lang.RuntimeException: Unable to resume activity {com.wistron.generic.pqaa/com.wistron.generic.pqaa.TestItemsList}: java.lang.RuntimeException: Failure delivering result ResultInfo{who=null, request=0, result=-1, data=Intent { (has extras) }} to activity {com.wistron.generic.pqaa/com.wistron.generic.pqaa.TestItemsList}: java.lang.IndexOutOfBoundsException: Invalid index 0, size is 0
E/AndroidRuntime( 4123): 	at android.app.ActivityThread.performResumeActivity(ActivityThread.java:2987)
E/AndroidRuntime( 4123): 	at android.app.ActivityThread.handleResumeActivity(ActivityThread.java:3018)
E/AndroidRuntime( 4123): 	at android.app.ActivityThread.handleLaunchActivity(ActivityThread.java:2393)
E/AndroidRuntime( 4123): 	at android.app.ActivityThread.handleRelaunchActivity(ActivityThread.java:3948)
E/AndroidRuntime( 4123): 	at android.app.ActivityThread.access$900(ActivityThread.java:152)
E/AndroidRuntime( 4123): 	at android.app.ActivityThread$H.handleMessage(ActivityThread.java:1310)
E/AndroidRuntime( 4123): 	at android.os.Handler.dispatchMessage(Handler.java:102)
E/AndroidRuntime( 4123): 	at android.os.Looper.loop(Looper.java:135)
E/AndroidRuntime( 4123): 	at android.app.ActivityThread.main(ActivityThread.java:5261)
E/AndroidRuntime( 4123): 	at java.lang.reflect.Method.invoke(Native Method)
E/AndroidRuntime( 4123): 	at java.lang.reflect.Method.invoke(Method.java:372)
E/AndroidRuntime( 4123): 	at com.android.internal.os.ZygoteInit$MethodAndArgsCaller.run(ZygoteInit.java:903)
E/AndroidRuntime( 4123): 	at com.android.internal.os.ZygoteInit.main(ZygoteInit.java:698)
E/AndroidRuntime( 4123): Caused by: java.lang.RuntimeException: Failure delivering result ResultInfo{who=null, request=0, result=-1, data=Intent { (has extras) }} to activity {com.wistron.generic.pqaa/com.wistron.generic.pqaa.TestItemsList}: java.lang.IndexOutOfBoundsException: Invalid index 0, size is 0
E/AndroidRuntime( 4123): 	at android.app.ActivityThread.deliverResults(ActivityThread.java:3575)
E/AndroidRuntime( 4123): 	at android.app.ActivityThread.performResumeActivity(ActivityThread.java:2973)
E/AndroidRuntime( 4123): 	... 12 more
E/AndroidRuntime( 4123): Caused by: java.lang.IndexOutOfBoundsException: Invalid index 0, size is 0
E/AndroidRuntime( 4123): 	at java.util.ArrayList.throwIndexOutOfBoundsException(ArrayList.java:255)
E/AndroidRuntime( 4123): 	at java.util.ArrayList.get(ArrayList.java:308)
E/AndroidRuntime( 4123): 	at com.wistron.generic.pqaa.TestItemsList.onActivityResult(TestItemsList.java:1377)
E/AndroidRuntime( 4123): 	at android.app.Activity.dispatchActivityResult(Activity.java:6192)
E/AndroidRuntime( 4123): 	at android.app.ActivityThread.deliverResults(ActivityThread.java:3571)
E/AndroidRuntime( 4123): 	... 13 more
I/System.out( 4123): **************--->***26
W/ActivityManager( 2839):   Force finishing activity 1 com.wistron.generic.pqaa/.TestItemsList
I/WAKELOCK_ACQUIRE( 2839): TIMESTAMP=3999533222006, TAG=ActivityManager-Launch, TYPE=PARTIAL_WAKE_LOCK             , COUNT=0, PID=2839, UID=1000, FLAGS=
D/CRASHLOG( 2565): receive_inotify_events: Can't handle the event "drop164.tmp", no valid entry found, drop it...
D/CRASHLOG( 2565): receive_inotify_events: Can't handle the event "drop164.tmp", no valid entry found, drop it...
D/CRASHLOG( 2565): sdcard_allowed : Current crashlog mode is NOMINAL MODE - SDCard storage disabled.
V/WindowManager( 2839): rotationForOrientationLw(orient=-1, last=3); user=0 USER_ROTATION_LOCKED
D/SurfaceFlinger( 2309): ORT: DPS allow this projection change
D/SurfaceFlinger( 2309): handleDisplayScaling
I/ActivityManager( 2839): Config changes=480 {1.0 ?mcc?mnc en_US ?layoutDir sw800dp w1280dp h727dp 160dpi xlrg land finger -keyb/v/h -nav/h s.20}
I/InputReader( 2839): Reconfiguring input devices.  changes=0x00000004
I/InputReader( 2839): Device reconfigured: id=4, name='focal-touchscreen', size 1280x800, orientation 0, mode 1, display id 0
V/ActivityManager( 2839): Display changed displayId=0
W/CRASHLOG( 2565): notify_crashreport: Crashreport notification (CRASH_NOTIFY) skipped!
E/CRASHLOG( 2565): CRASH   3ac8a02227626835536c  2017-03-21/01:54:39  JAVACRASH /data/logs/crashlog30
I/OpenGLRenderer( 2839): Initialized EGL, version 1.4
D/ufoEGL  ( 2839): droid_create_context : config id = 9 conf->NativeVisualID=1
I/ufoEGL  ( 2839): Requested context : GLES 2.0
D/ufoEGL  ( 2839): Pixel Format : GGL_PIXEL_FORMAT_RGBA_8888
D/ufoEGL  ( 2839): Pixel Format : GGL_PIXEL_FORMAT_RGBA_8888
D/ufoEGL  ( 2839): Pixel Format : GGL_PIXEL_FORMAT_RGBA_8888
I/Tethering( 2839): Found payment device
D/ufoEGL  ( 2957): Surface destroy: ANDROID_NATIVE_WINDOW_MAGIC
D/ufoEGL  ( 2957): Pixel Format : GGL_PIXEL_FORMAT_RGBA_8888
D/ufoEGL  ( 2957): Surface destroy: ANDROID_NATIVE_WINDOW_MAGIC
D/ufoEGL  ( 2957): Pixel Format : GGL_PIXEL_FORMAT_RGBA_8888
W/ActivityManager( 2839): Activity pause timeout for ActivityRecord{1edcd521 u0 com.wistron.generic.pqaa/.TestItemsList t35 f}
E/WifiStateMachine( 2839): WifiStateMachine CMD_START_SCAN source -2 txSuccessRate=0.00 rxSuccessRate=13.96 targetRoamBSSID=any RSSI=-32
E/WifiStateMachine( 2839): WifiStateMachine starting scan for "OTA"WPA_PSK with 2412,2437
I/OpenGLRenderer( 3189): Initialized EGL, version 1.4
D/ufoEGL  ( 3189): droid_create_context : config id = 9 conf->NativeVisualID=1
I/ufoEGL  ( 3189): Requested context : GLES 2.0
D/ufoEGL  ( 3189): Pixel Format : GGL_PIXEL_FORMAT_RGBA_8888
D/ufoEGL  ( 3189): Pixel Format : GGL_PIXEL_FORMAT_RGBA_8888
D/ufoEGL  ( 3189): Pixel Format : GGL_PIXEL_FORMAT_RGBA_8888
I/WAKELOCK_RELEASE( 2839): TIMESTAMP=4000290862815, TAG=ActivityManager-Launch, TYPE=PARTIAL_WAKE_LOCK             , COUNT=0, PID=2839, UID=1000, FLAGS=
D/ufoEGL  ( 2957): droid_create_context : config id = 4 conf->NativeVisualID=2
I/ufoEGL  ( 2957): Requested context : GLES 2.0
D/ufoEGL  ( 2957): Pixel Format : GGL_PIXEL_FORMAT_RGBX_8888
D/ufoEGL  ( 2957): Pixel Format : GGL_PIXEL_FORMAT_RGBX_8888
D/ufoEGL  ( 2957): Pixel Format : GGL_PIXEL_FORMAT_RGBX_8888
D/ufoEGL  ( 2957): Surface destroy: ANDROID_NATIVE_WINDOW_MAGIC
D/ufoEGL  ( 2957): droid_create_context : config id = 4 conf->NativeVisualID=2
I/ufoEGL  ( 2957): Requested context : GLES 2.0
D/ufoEGL  ( 2957): Pixel Format : GGL_PIXEL_FORMAT_RGBX_8888
D/ufoEGL  ( 2957): Pixel Format : GGL_PIXEL_FORMAT_RGBX_8888
D/ufoEGL  ( 2957): Pixel Format : GGL_PIXEL_FORMAT_RGBX_8888
D/ufoEGL  ( 2957): Surface destroy: ANDROID_NATIVE_WINDOW_MAGIC
W/ResourceType( 2957): No package identifier when getting value for resource number 0x00000000
W/PackageManager( 2957): Failure retrieving resources for com.wistron.generic.pqaa: Resource ID #0x0
W/WindowManager( 2839): Window freeze timeout expired.
W/WindowManager( 2839): Force clearing orientation change: Window{fb4fd65 u0 Toast}
I/WindowManager( 2839): Screen frozen for +2s196ms due to Window{fb4fd65 u0 Toast}
I/WAKELOCK_RELEASE( 2839): TIMESTAMP=4001565849646, TAG=SCREEN_FROZEN, TYPE=PARTIAL_WAKE_LOCK             , COUNT=0, PID=2839, UID=1000, FLAGS=
V/WindowManager( 2839): rotationForOrientationLw(orient=-1, last=0); user=0 USER_ROTATION_LOCKED
I/art     ( 2839): Explicit concurrent mark sweep GC freed 24252(1254KB) AllocSpace objects, 2(32KB) LOS objects, 33% free, 10MB/15MB, paused 652us total 54.344ms
D/CRASHLOG( 2565): receive_inotify_events: Can't handle the event "tmp", no valid entry found, drop it...
I/dumpstate( 4176): begin
I/art     ( 2839): Thread[5,tid=2847,WaitingInMainSignalCatcherLoop,Thread*=0xf8a01b28,peer=0x12c020a0,"Signal Catcher"]: reacting to signal 3
E/Sensors ( 2839): sensorhal: sensorPoll: line: 189 poll error: 4 Interrupted system call
I/Process ( 4123): Sending signal. PID: 4123 SIG: 9
I/art     ( 2924): Thread[5,tid=2932,WaitingInMainSignalCatcherLoop,Thread*=0xf8a020a8,peer=0x12c070a0,"Signal Catcher"]: reacting to signal 3
I/art     ( 2839): Wrote stack traces to '/data/anr/traces.txt'
D/ufoEGL  ( 2839): Surface destroy: ANDROID_NATIVE_WINDOW_MAGIC
W/AudioPort( 2549): release: Port UNUSED 2
W/AudioPort( 2549): release: Port UNUSED 44
D/AudioIntelHal/AudioPlatformState( 2549): setParameters: key value pair android_mode=0;output_devices=8
W/InputDispatcher( 2839): channel 'fb4fd65 Toast (server)' ~ Consumer closed input channel or an error occurred.  events=0x9
E/InputDispatcher( 2839): channel 'fb4fd65 Toast (server)' ~ Channel is unrecoverably broken and will be disposed!
W/InputDispatcher( 2839): channel '18bee8e7 com.wistron.generic.pqaa/com.wistron.generic.headset.loopback.AudioLoopback (server)' ~ Consumer closed input channel or an error occurred.  events=0x9
E/InputDispatcher( 2839): channel '18bee8e7 com.wistron.generic.pqaa/com.wistron.generic.headset.loopback.AudioLoopback (server)' ~ Channel is unrecoverably broken and will be disposed!
W/InputDispatcher( 2839): channel 'd12e6c7 com.wistron.generic.pqaa/com.wistron.generic.pqaa.TestItemsList (server)' ~ Consumer closed input channel or an error occurred.  events=0x9
E/InputDispatcher( 2839): channel 'd12e6c7 com.wistron.generic.pqaa/com.wistron.generic.pqaa.TestItemsList (server)' ~ Channel is unrecoverably broken and will be disposed!
I/WAKELOCK_ACQUIRE( 2839): TIMESTAMP=4007287770625, TAG=AudioMix, TYPE=PARTIAL_WAKE_LOCK             , COUNT=0, PID=0, UID=1013, FLAGS=
E/JavaBinder( 2839): !!! FAILED BINDER TRANSACTION !!!
D/PROPERTY( 2549): get media.dump_output.befconv: 0
D/PROPERTY( 2549): get media.dump_output.aftconv: 0
D/AudioIntelHal( 2549): startStream: output stream.
D/AudioIntelHal/AudioPlatformState( 2549): route-parameter-manager: Selection criterion changed event: Criterion name: OutputFlags, current state: Primary
D/AudioIntelHal/AudioPlatformState( 2549): route-parameter-manager: Configuration application request {
D/AudioIntelHal/AudioPlatformState( 2549): route-parameter-manager:     Applying configurations {
D/AudioIntelHal/AudioPlatformState( 2549): route-parameter-manager:         Applying configuration "Applicable" from domain "StreamRoute.Media.Playback"
W/InputMethodManagerService( 2839): Got RemoteException sending setActive(false) notification to pid 4123 uid 10049
D/AudioIntelHal/AudioPlatformState( 2549): route-parameter-manager:         Applying configuration "Yes" from domain "Route.HwCodec1IA.Playback.Applicable"
D/AudioIntelHal/AudioPlatformState( 2549): route-parameter-manager:     } Applying configurations
D/AudioIntelHal/AudioPlatformState( 2549): route-parameter-manager: } Configuration application request
D/EVENT_THREAD( 2549): void CEventThread::trig(void*, uint32_t): in
D/EVENT_THREAD( 2549): void CEventThread::trig(void*, uint32_t): out
D/RouteManager( 2549): doReconsiderRouting: Route state:
D/RouteManager( 2549): 	-Previously Enabled Route in Input = <none>
D/RouteManager( 2549): 	-Previously Enabled Route in Output = <none>
D/RouteManager( 2549): 	-Selected Route in Input = <none>
D/RouteManager( 2549): 	-Selected Route in Output = Media|HwCodec1IA
D/RouteManager( 2549): 		-executeMuteRoutingStage-
D/RouteManager( 2549): audio-parameter-manager: Selection criterion changed event: Criterion name: RoutageState, current state: Flow
D/RouteManager( 2549): audio-parameter-manager: Configuration application request {
D/RouteManager( 2549): audio-parameter-manager:     Applying configurations {
D/RouteManager( 2549): audio-parameter-manager:     } Applying configurations
D/RouteManager( 2549): audio-parameter-manager: } Configuration application request
D/RouteManager( 2549): 		-executeDisableRoutingStage-
D/RouteManager( 2549): audio-parameter-manager: Selection criterion changed event: Criterion name: RoutageState, current state: Path
D/RouteManager( 2549): audio-parameter-manager: Configuration application request {
D/RouteManager( 2549): audio-parameter-manager:     Applying configurations {
D/RouteManager( 2549): audio-parameter-manager:         Applying configuration "Locked" from domain "Routing.Sst.Enable.VoiceProcessingLock.Uplink"
D/RouteManager( 2549): audio-parameter-manager:         Applying configuration "Locked" from domain "Routing.Sst.Enable.VoiceProcessingLock.Downlink"
D/RouteManager( 2549): audio-parameter-manager:     } Applying configurations
D/RouteManager( 2549): audio-parameter-manager: } Configuration application request
D/RouteManager( 2549): 		-executeConfigureRoutingStage-
D/RouteManager( 2549): audio-parameter-manager: Selection criterion changed event: Criterion name: RoutageState, current state: Configure
D/RouteManager( 2549): audio-parameter-manager: Selection criterion changed event: Criterion name: OpenedPlaybackRoutes, current state: Media|HwCodec1IA
D/RouteManager( 2549): audio-parameter-manager: Configuration application request {
D/RouteManager( 2549): audio-parameter-manager:     Applying configurations {
D/RouteManager( 2549): audio-parameter-manager:         Applying configuration "Enable" from domain "Routing.Configure.HWCodec.Playback.Headphones"
D/RouteManager( 2549): audio-parameter-manager:         Applying configuration "Playback" from domain "Routing.Configure.HWCodec.Playback.DAC1"
D/RouteManager( 2549): audio-parameter-manager:         Applying configuration "Bind" from domain "Routing.Sst.Configure.Playback.Media.ToEarpieceOrHeadset"
I/ActivityManager( 2839): Process com.wistron.generic.pqaa (pid 4123) has died
I/WindowState( 2839): WIN DEATH: Window{fb4fd65 u0 Toast}
W/InputDispatcher( 2839): Attempted to unregister already unregistered input channel 'fb4fd65 Toast (server)'
D/RouteManager( 2549): audio-parameter-manager:     } Applying configurations
D/RouteManager( 2549): audio-parameter-manager: } Configuration application request
D/RouteManager( 2549): 		-executeEnableRoutingStage-
D/RouteManager( 2549): audio-parameter-manager: Selection criterion changed event: Criterion name: RoutageState, current state: Path|Configure
D/RouteManager( 2549): audio-parameter-manager: Configuration application request {
D/RouteManager( 2549): audio-parameter-manager:     Applying configurations {
D/RouteManager( 2549): audio-parameter-manager:         Applying configuration "UnLocked" from domain "Routing.Sst.Enable.VoiceProcessingLock.Uplink"
D/RouteManager( 2549): audio-parameter-manager:         Applying configuration "UnLocked" from domain "Routing.Sst.Enable.VoiceProcessingLock.Downlink"
D/RouteManager( 2549): audio-parameter-manager:         Applying configuration "Enable" from domain "Routing.Enable.HWCodec.Playback.Headphones"
D/RouteManager( 2549): audio-parameter-manager:     } Applying configurations
D/RouteManager( 2549): audio-parameter-manager: } Configuration application request
D/TinyAlsaAudioDevice( 2549): open: card (cherrytrailaud, 0) 
D/TinyAlsaAudioDevice( 2549): 	 config (rate=48000 format=0 channels= 2).
D/TinyAlsaAudioDevice( 2549): 	 RingBuffer config: periodSize=1152 nbPeriod=4startTh=1151 stop Th=4608 silence Th=0
I/WindowState( 2839): WIN DEATH: Window{d12e6c7 u0 com.wistron.generic.pqaa/com.wistron.generic.pqaa.TestItemsList}
W/InputDispatcher( 2839): Attempted to unregister already unregistered input channel 'd12e6c7 com.wistron.generic.pqaa/com.wistron.generic.pqaa.TestItemsList (server)'
I/WindowState( 2839): WIN DEATH: Window{18bee8e7 u0 com.wistron.generic.pqaa/com.wistron.generic.headset.loopback.AudioLoopback}
W/InputDispatcher( 2839): Attempted to unregister already unregistered input channel '18bee8e7 com.wistron.generic.pqaa/com.wistron.generic.headset.loopback.AudioLoopback (server)'
I/WAKELOCK_RELEASE( 2839): TIMESTAMP=4007327621214, TAG=WindowManager, TYPE=SCREEN_BRIGHT_WAKE_LOCK       , COUNT=0, PID=2839, UID=1000, FLAGS= ON_AFTER_RELEASE
I/art     ( 2924): Wrote stack traces to '/data/anr/traces.txt'
I/art     ( 2957): Thread[5,tid=2966,WaitingInMainSignalCatcherLoop,Thread*=0xf8a020a8,peer=0x12c000a0,"Signal Catcher"]: reacting to signal 3
D/AudioConversion( 2549): configure: no convertion required
D/RouteManager( 2549): 		-executeUnmuteRoutingStage-
D/RouteManager( 2549): audio-parameter-manager: Selection criterion changed event: Criterion name: RoutageState, current state: Flow|Path|Configure
D/RouteManager( 2549): audio-parameter-manager: Configuration application request {
D/RouteManager( 2549): audio-parameter-manager:     Applying configurations {
D/RouteManager( 2549): audio-parameter-manager:         Applying configuration "Unmute" from domain "Routing.Mute.HWCodec.HWCodec.Playback.DAC1_VOL"
D/RouteManager( 2549): audio-parameter-manager:         Applying configuration "Unmute" from domain "Routing.Mute.HWCodec.HWCodec.Playback.Headphones"
D/RouteManager( 2549): audio-parameter-manager:         Applying configuration "Unmute" from domain "Routing.Sst.Mute.HwCodec.Playback.Internal"
D/RouteManager( 2549): audio-parameter-manager:         Applying configuration "Unmute" from domain "Routing.Sst.Mute.Media.Playback.Regular"
D/RouteManager( 2549): audio-parameter-manager:     } Applying configurations
D/RouteManager( 2549): audio-parameter-manager: } Configuration application request
D/RouteManager( 2549): doReconsiderRouting: DONE
D/EVENT_THREAD( 2549): void CEventThread::run() Do poll with timeout: -1
E/TinyAlsaStream( 2549): getFramesAvailable: Unable to get available frames
E/TinyAlsaStream( 2549): getFramesAvailable: Unable to get available frames
E/TinyAlsaStream( 2549): getFramesAvailable: Unable to get available frames
I/art     ( 3113): Thread[5,tid=3131,WaitingInMainSignalCatcherLoop,Thread*=0xf8a02508,peer=0x1da070a0,"Signal Catcher"]: reacting to signal 3
I/art     ( 2957): Wrote stack traces to '/data/anr/traces.txt'
I/art     ( 3152): Thread[5,tid=3160,WaitingInMainSignalCatcherLoop,Thread*=0xf8a02508,peer=0x12c000a0,"Signal Catcher"]: reacting to signal 3
I/art     ( 3113): Wrote stack traces to '/data/anr/traces.txt'
I/art     ( 3152): Wrote stack traces to '/data/anr/traces.txt'
I/art     ( 3170): Thread[5,tid=3178,WaitingInMainSignalCatcherLoop,Thread*=0xf8a02508,peer=0x12c000a0,"Signal Catcher"]: reacting to signal 3
W/OpenGLRenderer( 3189): Incorrectly called buildLayer on View: ShortcutAndWidgetContainer, destroying layer...
W/OpenGLRenderer( 3189): Incorrectly called buildLayer on View: ShortcutAndWidgetContainer, destroying layer...
I/art     ( 3170): Wrote stack traces to '/data/anr/traces.txt'
I/art     ( 3189): Thread[5,tid=3198,WaitingInMainSignalCatcherLoop,Thread*=0xf8a02508,peer=0x12c070a0,"Signal Catcher"]: reacting to signal 3
I/art     ( 3189): Wrote stack traces to '/data/anr/traces.txt'
I/art     ( 3449): Thread[5,tid=3458,WaitingInMainSignalCatcherLoop,Thread*=0xf8b79278,peer=0x12c000a0,"Signal Catcher"]: reacting to signal 3
I/art     ( 3449): Wrote stack traces to '/data/anr/traces.txt'
I/art     ( 3485): Thread[5,tid=3496,WaitingInMainSignalCatcherLoop,Thread*=0xf8b79278,peer=0x1da070a0,"Signal Catcher"]: reacting to signal 3
I/art     ( 3485): Wrote stack traces to '/data/anr/traces.txt'
I/art     ( 3681): Thread[5,tid=3689,WaitingInMainSignalCatcherLoop,Thread*=0xf8b79278,peer=0x1da070a0,"Signal Catcher"]: reacting to signal 3
I/art     ( 3681): Wrote stack traces to '/data/anr/traces.txt'
I/art     ( 3738): Thread[5,tid=3746,WaitingInMainSignalCatcherLoop,Thread*=0xf8b796d8,peer=0x1da070a0,"Signal Catcher"]: reacting to signal 3
I/art     ( 3738): Wrote stack traces to '/data/anr/traces.txt'
I/art     ( 3784): Thread[5,tid=3792,WaitingInMainSignalCatcherLoop,Thread*=0xf8b796d8,peer=0x12c070a0,"Signal Catcher"]: reacting to signal 3
I/art     ( 3784): Wrote stack traces to '/data/anr/traces.txt'
I/art     ( 3871): Thread[5,tid=3879,WaitingInMainSignalCatcherLoop,Thread*=0xf8b79278,peer=0x1da070a0,"Signal Catcher"]: reacting to signal 3
I/art     ( 3871): Wrote stack traces to '/data/anr/traces.txt'
D/AudioIntelHal( 2549): stopStream: output stream.
D/AudioIntelHal/AudioPlatformState( 2549): route-parameter-manager: Selection criterion changed event: Criterion name: OutputFlags, current state: <none>
D/AudioIntelHal/AudioPlatformState( 2549): route-parameter-manager: Configuration application request {
D/AudioIntelHal/AudioPlatformState( 2549): route-parameter-manager:     Applying configurations {
D/AudioIntelHal/AudioPlatformState( 2549): route-parameter-manager:         Applying configuration "NotApplicable" from domain "StreamRoute.Media.Playback"
D/AudioIntelHal/AudioPlatformState( 2549): route-parameter-manager:         Applying configuration "No" from domain "Route.HwCodec1IA.Playback.Applicable"
D/AudioIntelHal/AudioPlatformState( 2549): route-parameter-manager:     } Applying configurations
D/AudioIntelHal/AudioPlatformState( 2549): route-parameter-manager: } Configuration application request
D/EVENT_THREAD( 2549): void CEventThread::trig(void*, uint32_t): in
D/EVENT_THREAD( 2549): void CEventThread::trig(void*, uint32_t): out
D/RouteManager( 2549): doReconsiderRouting: Route state:
D/RouteManager( 2549): 	-Previously Enabled Route in Input = <none>
D/RouteManager( 2549): 	-Previously Enabled Route in Output = Media|HwCodec1IA
D/RouteManager( 2549): 	-Selected Route in Input = <none>
D/RouteManager( 2549): 	-Selected Route in Output = <none>
D/RouteManager( 2549): 		-executeMuteRoutingStage-
D/RouteManager( 2549): audio-parameter-manager: Selection criterion changed event: Criterion name: RoutageState, current state: Flow
D/RouteManager( 2549): audio-parameter-manager: Selection criterion changed event: Criterion name: ClosingPlaybackRoutes, current state: Media|HwCodec1IA
D/RouteManager( 2549): audio-parameter-manager: Selection criterion changed event: Criterion name: OpenedPlaybackRoutes, current state: <none>
D/RouteManager( 2549): audio-parameter-manager: Configuration application request {
D/RouteManager( 2549): audio-parameter-manager:     Applying configurations {
D/RouteManager( 2549): audio-parameter-manager:         Applying configuration "Mute" from domain "Routing.Mute.HWCodec.HWCodec.Playback.DAC1_VOL"
D/RouteManager( 2549): audio-parameter-manager:         Applying configuration "Mute" from domain "Routing.Mute.HWCodec.HWCodec.Playback.Headphones"
D/RouteManager( 2549): audio-parameter-manager:         Applying configuration "Mute" from domain "Routing.Sst.Mute.HwCodec.Playback.Internal"
D/RouteManager( 2549): audio-parameter-manager:         Applying configuration "Mute" from domain "Routing.Sst.Mute.Media.Playback.Regular"
D/RouteManager( 2549): audio-parameter-manager:     } Applying configurations
D/RouteManager( 2549): audio-parameter-manager: } Configuration application request
D/RouteManager( 2549): 		-executeDisableRoutingStage-
D/RouteManager( 2549): audio-parameter-manager: Selection criterion changed event: Criterion name: RoutageState, current state: Path
D/TinyAlsaAudioDevice( 2549): close
D/RouteManager( 2549): audio-parameter-manager: Configuration application request {
D/RouteManager( 2549): audio-parameter-manager:     Applying configurations {
D/RouteManager( 2549): audio-parameter-manager:         Applying configuration "Locked" from domain "Routing.Sst.Enable.VoiceProcessingLock.Uplink"
D/RouteManager( 2549): audio-parameter-manager:         Applying configuration "Locked" from domain "Routing.Sst.Enable.VoiceProcessingLock.Downlink"
D/RouteManager( 2549): audio-parameter-manager:         Applying configuration "Disable" from domain "Routing.Enable.HWCodec.Playback.Headphones"
D/RouteManager( 2549): audio-parameter-manager:     } Applying configurations
D/RouteManager( 2549): audio-parameter-manager: } Configuration application request
D/RouteManager( 2549): 		-executeConfigureRoutingStage-
D/RouteManager( 2549): audio-parameter-manager: Selection criterion changed event: Criterion name: RoutageState, current state: Configure
D/RouteManager( 2549): audio-parameter-manager: Selection criterion changed event: Criterion name: ClosingPlaybackRoutes, current state: <none>
D/RouteManager( 2549): audio-parameter-manager: Configuration application request {
D/RouteManager( 2549): audio-parameter-manager:     Applying configurations {
D/RouteManager( 2549): audio-parameter-manager:         Applying configuration "Disable" from domain "Routing.Configure.HWCodec.Playback.Headphones"
D/RouteManager( 2549): audio-parameter-manager:         Applying configuration "Disable" from domain "Routing.Configure.HWCodec.Playback.DAC1"
D/RouteManager( 2549): audio-parameter-manager:         Applying configuration "Unbind" from domain "Routing.Sst.Configure.Playback.Media.ToEarpieceOrHeadset"
D/RouteManager( 2549): audio-parameter-manager:     } Applying configurations
D/RouteManager( 2549): audio-parameter-manager: } Configuration application request
D/RouteManager( 2549): 		-executeEnableRoutingStage-
D/RouteManager( 2549): audio-parameter-manager: Selection criterion changed event: Criterion name: RoutageState, current state: Path|Configure
D/RouteManager( 2549): audio-parameter-manager: Configuration application request {
D/RouteManager( 2549): audio-parameter-manager:     Applying configurations {
D/RouteManager( 2549): audio-parameter-manager:         Applying configuration "UnLocked" from domain "Routing.Sst.Enable.VoiceProcessingLock.Uplink"
D/RouteManager( 2549): audio-parameter-manager:         Applying configuration "UnLocked" from domain "Routing.Sst.Enable.VoiceProcessingLock.Downlink"
D/RouteManager( 2549): audio-parameter-manager:     } Applying configurations
D/RouteManager( 2549): audio-parameter-manager: } Configuration application request
D/RouteManager( 2549): 		-executeUnmuteRoutingStage-
D/RouteManager( 2549): audio-parameter-manager: Selection criterion changed event: Criterion name: RoutageState, current state: Flow|Path|Configure
D/RouteManager( 2549): audio-parameter-manager: Configuration application request {
D/RouteManager( 2549): audio-parameter-manager:     Applying configurations {
D/RouteManager( 2549): audio-parameter-manager:     } Applying configurations
D/RouteManager( 2549): audio-parameter-manager: } Configuration application request
D/RouteManager( 2549): doReconsiderRouting: DONE
D/EVENT_THREAD( 2549): void CEventThread::run() Do poll with timeout: -1
I/WAKELOCK_RELEASE( 2839): TIMESTAMP=4010642762956, TAG=AudioMix, TYPE=PARTIAL_WAKE_LOCK             , COUNT=0, PID=0, UID=1013, FLAGS=
E/WifiStateMachine( 2839): WifiStateMachine CMD_START_SCAN source -2 txSuccessRate=0.00 rxSuccessRate=15.48 targetRoamBSSID=any RSSI=-32
E/WifiStateMachine( 2839): WifiStateMachine starting scan for "OTA"WPA_PSK with 2412,2437
I/WAKELOCK_ACQUIRE( 2839): TIMESTAMP=4020137072550, TAG=*alarm*, TYPE=PARTIAL_WAKE_LOCK             , COUNT=0, PID=2839, UID=1000, FLAGS=
I/WAKELOCK_RELEASE( 2839): TIMESTAMP=4020179162924, TAG=*alarm*, TYPE=PARTIAL_WAKE_LOCK             , COUNT=0, PID=2839, UID=1000, FLAGS=
E/WifiStateMachine( 2839): WifiStateMachine CMD_START_SCAN source -2 txSuccessRate=0.00 rxSuccessRate=17.12 targetRoamBSSID=any RSSI=-32
E/WifiStateMachine( 2839): WifiStateMachine starting scan for "OTA"WPA_PSK with 2412,2437
D/CRASHLOG( 2565): receive_inotify_events: Received a dropbox event(dropbox-2017-03-21-01-54-44.txt)...
W/CRASHLOG( 2565): finalize_dropbox_pending_event: Crashreport notification (CRASH_LOGS_COPY_FINISHED) skipped!
D/CRASHLOG( 2565): receive_inotify_events: Can't handle the event "empty event", no valid entry found, drop it...
E/WifiStateMachine( 2839): WifiStateMachine CMD_START_SCAN source -2 txSuccessRate=0.00 rxSuccessRate=8.25 targetRoamBSSID=any RSSI=-32
E/WifiStateMachine( 2839): WifiStateMachine starting scan for "OTA"WPA_PSK with 2412,2437
I/ActivityManager( 2839): START u0 {act=android.intent.action.MAIN cat=[android.intent.category.LAUNCHER] flg=0x10200000 cmp=com.wistron.generic.pqaa/.TestItemsList (has extras)} from uid 10006 on display 0
V/WindowManager( 2839): addAppToken: AppWindowToken{f845966 token=Token{8758dc1 ActivityRecord{1a71bea8 u0 com.wistron.generic.pqaa/.TestItemsList t36}}} to stack=1 task=36 at 0
V/WindowManager( 2839): Adding window Window{147e9443 u0 Starting com.wistron.generic.pqaa} at 2 of 7 (after Window{64487b3 u0 com.android.launcher/com.android.launcher2.Launcher})
I/WAKELOCK_ACQUIRE( 2839): TIMESTAMP=4078732549636, TAG=ActivityManager-Launch, TYPE=PARTIAL_WAKE_LOCK             , COUNT=0, PID=2839, UID=1000, FLAGS=
W/AudioPort( 2549): release: Port UNUSED 2
W/AudioPort( 2549): release: Port UNUSED 44
D/AudioIntelHal/AudioPlatformState( 2549): setParameters: key value pair android_mode=0;output_devices=8
I/WAKELOCK_ACQUIRE( 2839): TIMESTAMP=4078740769817, TAG=AudioMix, TYPE=PARTIAL_WAKE_LOCK             , COUNT=0, PID=0, UID=1013, FLAGS=
D/PROPERTY( 2549): get media.dump_output.befconv: 0
D/PROPERTY( 2549): get media.dump_output.aftconv: 0
D/AudioIntelHal( 2549): startStream: output stream.
D/AudioIntelHal/AudioPlatformState( 2549): route-parameter-manager: Selection criterion changed event: Criterion name: OutputFlags, current state: Primary
D/AudioIntelHal/AudioPlatformState( 2549): route-parameter-manager: Configuration application request {
D/AudioIntelHal/AudioPlatformState( 2549): route-parameter-manager:     Applying configurations {
D/AudioIntelHal/AudioPlatformState( 2549): route-parameter-manager:         Applying configuration "Applicable" from domain "StreamRoute.Media.Playback"
D/AudioIntelHal/AudioPlatformState( 2549): route-parameter-manager:         Applying configuration "Yes" from domain "Route.HwCodec1IA.Playback.Applicable"
D/AudioIntelHal/AudioPlatformState( 2549): route-parameter-manager:     } Applying configurations
D/AudioIntelHal/AudioPlatformState( 2549): route-parameter-manager: } Configuration application request
D/EVENT_THREAD( 2549): void CEventThread::trig(void*, uint32_t): in
D/EVENT_THREAD( 2549): void CEventThread::trig(void*, uint32_t): out
D/RouteManager( 2549): doReconsiderRouting: Route state:
D/RouteManager( 2549): 	-Previously Enabled Route in Input = <none>
D/RouteManager( 2549): 	-Previously Enabled Route in Output = <none>
D/RouteManager( 2549): 	-Selected Route in Input = <none>
D/RouteManager( 2549): 	-Selected Route in Output = Media|HwCodec1IA
D/RouteManager( 2549): 		-executeMuteRoutingStage-
D/RouteManager( 2549): audio-parameter-manager: Selection criterion changed event: Criterion name: RoutageState, current state: Flow
D/RouteManager( 2549): audio-parameter-manager: Configuration application request {
D/RouteManager( 2549): audio-parameter-manager:     Applying configurations {
D/RouteManager( 2549): audio-parameter-manager:     } Applying configurations
D/RouteManager( 2549): audio-parameter-manager: } Configuration application request
D/RouteManager( 2549): 		-executeDisableRoutingStage-
D/RouteManager( 2549): audio-parameter-manager: Selection criterion changed event: Criterion name: RoutageState, current state: Path
D/RouteManager( 2549): audio-parameter-manager: Configuration application request {
D/RouteManager( 2549): audio-parameter-manager:     Applying configurations {
D/RouteManager( 2549): audio-parameter-manager:         Applying configuration "Locked" from domain "Routing.Sst.Enable.VoiceProcessingLock.Uplink"
D/RouteManager( 2549): audio-parameter-manager:         Applying configuration "Locked" from domain "Routing.Sst.Enable.VoiceProcessingLock.Downlink"
D/RouteManager( 2549): audio-parameter-manager:     } Applying configurations
D/RouteManager( 2549): audio-parameter-manager: } Configuration application request
D/RouteManager( 2549): 		-executeConfigureRoutingStage-
D/RouteManager( 2549): audio-parameter-manager: Selection criterion changed event: Criterion name: RoutageState, current state: Configure
D/RouteManager( 2549): audio-parameter-manager: Selection criterion changed event: Criterion name: OpenedPlaybackRoutes, current state: Media|HwCodec1IA
D/RouteManager( 2549): audio-parameter-manager: Configuration application request {
D/RouteManager( 2549): audio-parameter-manager:     Applying configurations {
D/RouteManager( 2549): audio-parameter-manager:         Applying configuration "Enable" from domain "Routing.Configure.HWCodec.Playback.Headphones"
D/RouteManager( 2549): audio-parameter-manager:         Applying configuration "Playback" from domain "Routing.Configure.HWCodec.Playback.DAC1"
D/RouteManager( 2549): audio-parameter-manager:         Applying configuration "Bind" from domain "Routing.Sst.Configure.Playback.Media.ToEarpieceOrHeadset"
D/RouteManager( 2549): audio-parameter-manager:     } Applying configurations
D/RouteManager( 2549): audio-parameter-manager: } Configuration application request
D/RouteManager( 2549): 		-executeEnableRoutingStage-
D/RouteManager( 2549): audio-parameter-manager: Selection criterion changed event: Criterion name: RoutageState, current state: Path|Configure
D/RouteManager( 2549): audio-parameter-manager: Configuration application request {
D/RouteManager( 2549): audio-parameter-manager:     Applying configurations {
D/RouteManager( 2549): audio-parameter-manager:         Applying configuration "UnLocked" from domain "Routing.Sst.Enable.VoiceProcessingLock.Uplink"
D/RouteManager( 2549): audio-parameter-manager:         Applying configuration "UnLocked" from domain "Routing.Sst.Enable.VoiceProcessingLock.Downlink"
D/RouteManager( 2549): audio-parameter-manager:         Applying configuration "Enable" from domain "Routing.Enable.HWCodec.Playback.Headphones"
D/RouteManager( 2549): audio-parameter-manager:     } Applying configurations
D/RouteManager( 2549): audio-parameter-manager: } Configuration application request
D/TinyAlsaAudioDevice( 2549): open: card (cherrytrailaud, 0) 
D/TinyAlsaAudioDevice( 2549): 	 config (rate=48000 format=0 channels= 2).
D/TinyAlsaAudioDevice( 2549): 	 RingBuffer config: periodSize=1152 nbPeriod=4startTh=1151 stop Th=4608 silence Th=0
W/art     ( 2562): PreZygoteFork called when we already have a zygote space.
E/art     ( 4183): setrlimit(RLIMIT_CORE) failed for pid 4183: Operation not permitted
I/ActivityManager( 2839): Start proc 4183:com.wistron.generic.pqaa/u0a49 for activity com.wistron.generic.pqaa/.TestItemsList
V/WindowManager( 2839): rotationForOrientationLw(orient=1, last=0); user=0 USER_ROTATION_LOCKED
I/WAKELOCK_ACQUIRE( 2839): TIMESTAMP=4078802438244, TAG=SCREEN_FROZEN, TYPE=PARTIAL_WAKE_LOCK             , COUNT=0, PID=2839, UID=1000, FLAGS=
D/SurfaceFlinger( 2309): ORT: DPS allow this projection change
D/SurfaceFlinger( 2309): handleDisplayScaling
I/ActivityManager( 2839): Config changes=480 {1.0 ?mcc?mnc en_US ?layoutDir sw800dp w800dp h1207dp 160dpi xlrg port finger -keyb/v/h -nav/h s.21}
V/ActivityManager( 2839): Display changed displayId=0
I/InputReader( 2839): Reconfiguring input devices.  changes=0x00000004
I/InputReader( 2839): Device reconfigured: id=4, name='focal-touchscreen', size 1280x800, orientation 3, mode 1, display id 0
I/InputReader( 2839): Reconfiguring input devices.  changes=0x00000004
I/Tethering( 2839): Found payment device
D/ufoEGL  ( 3189): Surface destroy: ANDROID_NATIVE_WINDOW_MAGIC
W/System.err( 4183): java.io.FileNotFoundException: /mnt/sdcard/Android/data/com.wistron.generic.pqaa/files/pqaa_config/start.cfg: open failed: ENOENT (No such file or directory)
W/System.err( 4183): 	at libcore.io.IoBridge.open(IoBridge.java:456)
W/System.err( 4183): 	at java.io.FileInputStream.<init>(FileInputStream.java:76)
W/System.err( 4183): 	at java.io.FileInputStream.<init>(FileInputStream.java:103)
W/System.err( 4183): 	at java.io.FileReader.<init>(FileReader.java:66)
W/System.err( 4183): 	at com.wistron.pqaa_common.jar.global.WisToolKit.getSingleParameters(WisToolKit.java:257)
W/System.err( 4183): 	at com.wistron.generic.pqaa.TestItemsList.getSettingParameter(TestItemsList.java:313)
W/System.err( 4183): 	at com.wistron.generic.pqaa.TestItemsList.onCreate(TestItemsList.java:161)
W/System.err( 4183): 	at android.app.Activity.performCreate(Activity.java:5990)
W/System.err( 4183): 	at android.app.Instrumentation.callActivityOnCreate(Instrumentation.java:1106)
W/System.err( 4183): 	at android.app.ActivityThread.performLaunchActivity(ActivityThread.java:2279)
W/System.err( 4183): 	at android.app.ActivityThread.handleLaunchActivity(ActivityThread.java:2388)
W/System.err( 4183): 	at android.app.ActivityThread.access$800(ActivityThread.java:152)
W/System.err( 4183): 	at android.app.ActivityThread$H.handleMessage(ActivityThread.java:1304)
W/System.err( 4183): 	at android.os.Handler.dispatchMessage(Handler.java:102)
W/System.err( 4183): 	at android.os.Looper.loop(Looper.java:135)
W/System.err( 4183): 	at android.app.ActivityThread.main(ActivityThread.java:5261)
W/System.err( 4183): 	at java.lang.reflect.Method.invoke(Native Method)
W/System.err( 4183): 	at java.lang.reflect.Method.invoke(Method.java:372)
W/System.err( 4183): 	at com.android.internal.os.ZygoteInit$MethodAndArgsCaller.run(ZygoteInit.java:903)
W/System.err( 4183): 	at com.android.internal.os.ZygoteInit.main(ZygoteInit.java:698)
W/System.err( 4183): Caused by: android.system.ErrnoException: open failed: ENOENT (No such file or directory)
W/System.err( 4183): 	at libcore.io.Posix.open(Native Method)
W/System.err( 4183): 	at libcore.io.BlockGuardOs.open(BlockGuardOs.java:186)
W/System.err( 4183): 	at libcore.io.IoBridge.open(IoBridge.java:442)
W/System.err( 4183): 	... 19 more
D/AudioConversion( 2549): configure: no convertion required
D/RouteManager( 2549): 		-executeUnmuteRoutingStage-
D/RouteManager( 2549): audio-parameter-manager: Selection criterion changed event: Criterion name: RoutageState, current state: Flow|Path|Configure
D/RouteManager( 2549): audio-parameter-manager: Configuration application request {
D/RouteManager( 2549): audio-parameter-manager:     Applying configurations {
D/RouteManager( 2549): audio-parameter-manager:         Applying configuration "Unmute" from domain "Routing.Mute.HWCodec.HWCodec.Playback.DAC1_VOL"
D/RouteManager( 2549): audio-parameter-manager:         Applying configuration "Unmute" from domain "Routing.Mute.HWCodec.HWCodec.Playback.Headphones"
D/RouteManager( 2549): audio-parameter-manager:         Applying configuration "Unmute" from domain "Routing.Sst.Mute.HwCodec.Playback.Internal"
D/RouteManager( 2549): audio-parameter-manager:         Applying configuration "Unmute" from domain "Routing.Sst.Mute.Media.Playback.Regular"
D/RouteManager( 2549): audio-parameter-manager:     } Applying configurations
D/RouteManager( 2549): audio-parameter-manager: } Configuration application request
D/RouteManager( 2549): doReconsiderRouting: DONE
E/TinyAlsaStream( 2549): getFramesAvailable: Unable to get available frames
E/TinyAlsaStream( 2549): getFramesAvailable: Unable to get available frames
E/TinyAlsaStream( 2549): getFramesAvailable: Unable to get available frames
D/EVENT_THREAD( 2549): void CEventThread::run() Do poll with timeout: -1
D/ufoEGL  ( 2957): droid_create_context : config id = 4 conf->NativeVisualID=2
I/ufoEGL  ( 2957): Requested context : GLES 2.0
D/ufoEGL  ( 2957): Pixel Format : GGL_PIXEL_FORMAT_RGBX_8888
D/ufoEGL  ( 2957): Pixel Format : GGL_PIXEL_FORMAT_RGBX_8888
D/ufoEGL  ( 2957): Pixel Format : GGL_PIXEL_FORMAT_RGBX_8888
D/OpenGLRenderer( 4183): Use EGL_SWAP_BEHAVIOR_PRESERVED: true
I/ufoGralloc( 4183): Hello, this is UFO GRALLOC/Intel Corporation
D/Atlas   ( 4183): Validating map...
V/WindowManager( 2839): Adding window Window{1217014a u0 com.wistron.generic.pqaa/com.wistron.generic.pqaa.TestItemsList} at 2 of 9 (before Window{147e9443 u0 Starting com.wistron.generic.pqaa})
V/WindowManager( 2839): Adding window Window{1ae621d8 u0 com.wistron.generic.pqaa/com.wistron.generic.pqaa.TestItemsList} at 2 of 10 (before Window{1217014a u0 com.wistron.generic.pqaa/com.wistron.generic.pqaa.TestItemsList})
I/System.out( 4183): **************--->***26
D/ufoEGL  ( 2957): Surface destroy: ANDROID_NATIVE_WINDOW_MAGIC
D/ufoEGL  ( 4183): ENV OGL (32bit) enabled for all processes, use "setptop persist.intel.ogl.procname" to limit it to a single process
I/OpenGLRenderer( 4183): Initialized EGL, version 1.4
W/OpenGLRenderer( 4183): Failed to choose config with EGL_SWAP_BEHAVIOR_PRESERVED, retrying without...
D/ufoEGL  ( 4183): droid_create_context : config id = 9 conf->NativeVisualID=1
I/ufoEGL  ( 4183): Requested context : GLES 2.0
D/ufoEGL  ( 4183): Pixel Format : GGL_PIXEL_FORMAT_RGBA_8888
D/ufoEGL  ( 2957): Surface destroy: ANDROID_NATIVE_WINDOW_MAGIC
D/ufoEGL  ( 2957): Pixel Format : GGL_PIXEL_FORMAT_RGBA_8888
D/ufoEGL  ( 4183): Pixel Format : GGL_PIXEL_FORMAT_RGBA_8888
D/OpenGLRenderer( 4183): Enabling debug mode 0
D/skuwa   ( 4183): Detected device 22B0:54 family 17:11
D/ufoEGL  ( 4183): Pixel Format : GGL_PIXEL_FORMAT_RGBA_8888
D/ufoEGL  ( 2957): Surface destroy: ANDROID_NATIVE_WINDOW_MAGIC
D/ufoEGL  ( 2957): Pixel Format : GGL_PIXEL_FORMAT_RGBA_8888
I/WAKELOCK_ACQUIRE( 2839): TIMESTAMP=4079079134707, TAG=WindowManager, TYPE=SCREEN_BRIGHT_WAKE_LOCK       , COUNT=0, PID=2839, UID=1000, FLAGS= ON_AFTER_RELEASE
D/ufoEGL  ( 4183): Pixel Format : GGL_PIXEL_FORMAT_RGBA_8888
D/ufoEGL  ( 4183): Surface destroy: ANDROID_NATIVE_WINDOW_MAGIC
D/ufoEGL  ( 2957): droid_create_context : config id = 4 conf->NativeVisualID=2
I/ufoEGL  ( 2957): Requested context : GLES 2.0
D/ufoEGL  ( 2957): Pixel Format : GGL_PIXEL_FORMAT_RGBX_8888
D/ufoEGL  ( 2957): Pixel Format : GGL_PIXEL_FORMAT_RGBX_8888
D/ufoEGL  ( 2957): Pixel Format : GGL_PIXEL_FORMAT_RGBX_8888
D/ufoEGL  ( 2957): Surface destroy: ANDROID_NATIVE_WINDOW_MAGIC
V/WindowManager( 2839): Layouts looping: On entry to LockedInner, mPendingLayoutChanges = 0x1
V/WindowManager( 2839): Layouts looping: loop number 4, mPendingLayoutChanges = 0x0
V/WindowManager( 2839): Layouts looping: after finishPostLayoutPolicyLw, mPendingLayoutChanges = 0x0
V/WindowManager( 2839): Layouts looping: mLayoutNeeded, mPendingLayoutChanges = 0x1
V/WindowManager( 2839): Layouts looping: On entry to LockedInner, mPendingLayoutChanges = 0x1
V/WindowManager( 2839): Layouts looping: loop number 5, mPendingLayoutChanges = 0x0
V/WindowManager( 2839): Layouts looping: after finishPostLayoutPolicyLw, mPendingLayoutChanges = 0x0
V/WindowManager( 2839): Layouts looping: mLayoutNeeded, mPendingLayoutChanges = 0x1
E/WindowManager( 2839): Performed 6 layouts in a row. Skipping
W/IInputConnectionWrapper( 3189): showStatusIcon on inactive InputConnection
I/ActivityManager( 2839): Displayed com.wistron.generic.pqaa/.TestItemsList: +501ms
I/WAKELOCK_RELEASE( 2839): TIMESTAMP=4079296352414, TAG=ActivityManager-Launch, TYPE=PARTIAL_WAKE_LOCK             , COUNT=0, PID=2839, UID=1000, FLAGS=
I/WindowManager( 2839): Screen frozen for +494ms due to Window{147e9443 u0 Starting com.wistron.generic.pqaa}
I/WAKELOCK_RELEASE( 2839): TIMESTAMP=4079300407659, TAG=SCREEN_FROZEN, TYPE=PARTIAL_WAKE_LOCK             , COUNT=0, PID=2839, UID=1000, FLAGS=
V/WindowManager( 2839): rotationForOrientationLw(orient=1, last=3); user=0 USER_ROTATION_LOCKED
I/WAKELOCK_ACQUIRE( 2839): TIMESTAMP=4080137484937, TAG=*alarm*, TYPE=PARTIAL_WAKE_LOCK             , COUNT=0, PID=2839, UID=1000, FLAGS=
E/WifiStateMachine( 2839): WifiStateMachine CMD_START_SCAN source -2 txSuccessRate=0.00 rxSuccessRate=5.70 targetRoamBSSID=any RSSI=-32
E/WifiStateMachine( 2839): WifiStateMachine starting scan for "OTA"WPA_PSK with 2412,2437
I/WAKELOCK_RELEASE( 2839): TIMESTAMP=4080188457865, TAG=*alarm*, TYPE=PARTIAL_WAKE_LOCK             , COUNT=0, PID=2839, UID=1000, FLAGS=
I/art     ( 2839): Explicit concurrent mark sweep GC freed 24045(1597KB) AllocSpace objects, 8(967KB) LOS objects, 33% free, 10MB/15MB, paused 621us total 50.999ms
D/AudioIntelHal( 2549): stopStream: output stream.
D/AudioIntelHal/AudioPlatformState( 2549): route-parameter-manager: Selection criterion changed event: Criterion name: OutputFlags, current state: <none>
D/AudioIntelHal/AudioPlatformState( 2549): route-parameter-manager: Configuration application request {
D/AudioIntelHal/AudioPlatformState( 2549): route-parameter-manager:     Applying configurations {
D/AudioIntelHal/AudioPlatformState( 2549): route-parameter-manager:         Applying configuration "NotApplicable" from domain "StreamRoute.Media.Playback"
