D/RouteManager( 2552): audio-parameter-manager:         Applying configuration "Locked" from domain "Routing.Sst.Enable.VoiceProcessingLock.Downlink"
D/RouteManager( 2552): audio-parameter-manager:         Applying configuration "Disable" from domain "Routing.Enable.HWCodec.Playback.EarpieceIHF"
D/RouteManager( 2552): audio-parameter-manager:     } Applying configurations
D/RouteManager( 2552): audio-parameter-manager: } Configuration application request
D/RouteManager( 2552): 		-executeConfigureRoutingStage-
D/RouteManager( 2552): audio-parameter-manager: Selection criterion changed event: Criterion name: RoutageState, current state: Configure
D/RouteManager( 2552): audio-parameter-manager: Selection criterion changed event: Criterion name: ClosingPlaybackRoutes, current state: <none>
D/RouteManager( 2552): audio-parameter-manager: Configuration application request {
D/RouteManager( 2552): audio-parameter-manager:     Applying configurations {
D/RouteManager( 2552): audio-parameter-manager:         Applying configuration "Disable" from domain "Routing.Configure.HWCodec.Playback.Ihf"
D/RouteManager( 2552): audio-parameter-manager:         Applying configuration "Disable" from domain "Routing.Configure.HWCodec.Playback.DAC1"
D/RouteManager( 2552): audio-parameter-manager:         Applying configuration "Unbind" from domain "Routing.Sst.Configure.Playback.SpeakerEqToSprot"
D/RouteManager( 2552): audio-parameter-manager:         Applying configuration "Unbind" from domain "Routing.Sst.Configure.Playback.Media.ToSpeakerEq"
D/RouteManager( 2552): audio-parameter-manager:         Applying configuration "Unbind" from domain "Routing.Sst.Configure.Playback.HwCodec.SprotToSpeaker"
D/RouteManager( 2552): audio-parameter-manager:         Applying configuration "Dmic.Bind" from domain "Routing.Sst.Configure.AlwaysListening.VTSV"
D/RouteManager( 2552): audio-parameter-manager:     } Applying configurations
D/RouteManager( 2552): audio-parameter-manager: } Configuration application request
D/RouteManager( 2552): 		-executeEnableRoutingStage-
D/RouteManager( 2552): audio-parameter-manager: Selection criterion changed event: Criterion name: RoutageState, current state: Path|Configure
D/RouteManager( 2552): audio-parameter-manager: Configuration application request {
D/RouteManager( 2552): audio-parameter-manager:     Applying configurations {
D/RouteManager( 2552): audio-parameter-manager:         Applying configuration "UnLocked" from domain "Routing.Sst.Enable.VoiceProcessingLock.Uplink"
D/RouteManager( 2552): audio-parameter-manager:         Applying configuration "UnLocked" from domain "Routing.Sst.Enable.VoiceProcessingLock.Downlink"
D/RouteManager( 2552): audio-parameter-manager:     } Applying configurations
D/RouteManager( 2552): audio-parameter-manager: } Configuration application request
D/RouteManager( 2552): 		-executeUnmuteRoutingStage-
D/RouteManager( 2552): audio-parameter-manager: Selection criterion changed event: Criterion name: RoutageState, current state: Flow|Path|Configure
D/RouteManager( 2552): audio-parameter-manager: Configuration application request {
D/RouteManager( 2552): audio-parameter-manager:     Applying configurations {
D/RouteManager( 2552): audio-parameter-manager:     } Applying configurations
D/RouteManager( 2552): audio-parameter-manager: } Configuration application request
D/RouteManager( 2552): doReconsiderRouting: DONE
D/EVENT_THREAD( 2552): void CEventThread::run() Do poll with timeout: -1
I/WAKELOCK_RELEASE( 2842): TIMESTAMP=2571308746356, TAG=AudioMix, TYPE=PARTIAL_WAKE_LOCK             , COUNT=0, PID=0, UID=1013, FLAGS=
I/art     ( 2842): Explicit concurrent mark sweep GC freed 12832(670KB) AllocSpace objects, 2(32KB) LOS objects, 33% free, 10MB/16MB, paused 666us total 54.021ms
E/WifiStateMachine( 2842): WifiStateMachine CMD_START_SCAN source -2 txSuccessRate=0.00 rxSuccessRate=12.52 targetRoamBSSID=any RSSI=-34
E/WifiStateMachine( 2842): WifiStateMachine starting scan for "OTA"WPA_PSK with 2412,2437
E/WifiStateMachine( 2842): WifiStateMachine CMD_START_SCAN source -2 txSuccessRate=0.00 rxSuccessRate=16.91 targetRoamBSSID=any RSSI=-34
E/WifiStateMachine( 2842): WifiStateMachine starting scan for "OTA"WPA_PSK with 2412,2437
D/CRASHLOG( 2568): receive_inotify_events: Received a dropbox event(dropbox-2017-03-20-08-12-19.txt)...
W/CRASHLOG( 2568): finalize_dropbox_pending_event: Crashreport notification (CRASH_LOGS_COPY_FINISHED) skipped!
D/CRASHLOG( 2568): receive_inotify_events: Can't handle the event "empty event", no valid entry found, drop it...
I/WAKELOCK_ACQUIRE( 2842): TIMESTAMP=2608001940376, TAG=*alarm*, TYPE=PARTIAL_WAKE_LOCK             , COUNT=0, PID=2842, UID=1000, FLAGS=
I/WAKELOCK_RELEASE( 2842): TIMESTAMP=2608053772857, TAG=*alarm*, TYPE=PARTIAL_WAKE_LOCK             , COUNT=0, PID=2842, UID=1000, FLAGS=
E/WifiStateMachine( 2842): WifiStateMachine CMD_START_SCAN source -2 txSuccessRate=0.00 rxSuccessRate=3.59 targetRoamBSSID=any RSSI=-34
E/WifiStateMachine( 2842): WifiStateMachine starting scan for "OTA"WPA_PSK with 2412,2437
E/WifiStateMachine( 2842): WifiStateMachine CMD_START_SCAN source -2 txSuccessRate=0.00 rxSuccessRate=2.86 targetRoamBSSID=any RSSI=-34
E/WifiStateMachine( 2842): WifiStateMachine starting scan for "OTA"WPA_PSK with 2412,2437
D/PROPERTY( 2552): get media.dump_output.befconv: 0
D/PROPERTY( 2552): get media.dump_output.aftconv: 0
D/AudioIntelHal( 2552): startStream: output stream.
D/AudioIntelHal/AudioPlatformState( 2552): route-parameter-manager: Selection criterion changed event: Criterion name: OutputFlags, current state: Primary
D/AudioIntelHal/AudioPlatformState( 2552): route-parameter-manager: Configuration application request {
D/AudioIntelHal/AudioPlatformState( 2552): route-parameter-manager:     Applying configurations {
D/AudioIntelHal/AudioPlatformState( 2552): route-parameter-manager:         Applying configuration "Applicable" from domain "StreamRoute.Media.Playback"
D/AudioIntelHal/AudioPlatformState( 2552): route-parameter-manager:         Applying configuration "Yes" from domain "Route.HwCodec0IA.Playback.Applicable"
D/AudioIntelHal/AudioPlatformState( 2552): route-parameter-manager:     } Applying configurations
D/AudioIntelHal/AudioPlatformState( 2552): route-parameter-manager: } Configuration application request
D/EVENT_THREAD( 2552): void CEventThread::trig(void*, uint32_t): in
D/EVENT_THREAD( 2552): void CEventThread::trig(void*, uint32_t): out
I/WAKELOCK_ACQUIRE( 2842): TIMESTAMP=2655487566978, TAG=AudioMix, TYPE=PARTIAL_WAKE_LOCK             , COUNT=0, PID=0, UID=1013, FLAGS=
D/RouteManager( 2552): doReconsiderRouting: Route state:
D/RouteManager( 2552): 	-Previously Enabled Route in Input = <none>
D/RouteManager( 2552): 	-Previously Enabled Route in Output = <none>
D/RouteManager( 2552): 	-Selected Route in Input = <none>
D/RouteManager( 2552): 	-Selected Route in Output = Media|HwCodec0IA
D/RouteManager( 2552): 		-executeMuteRoutingStage-
D/RouteManager( 2552): audio-parameter-manager: Selection criterion changed event: Criterion name: RoutageState, current state: Flow
D/RouteManager( 2552): audio-parameter-manager: Configuration application request {
D/RouteManager( 2552): audio-parameter-manager:     Applying configurations {
D/RouteManager( 2552): audio-parameter-manager:     } Applying configurations
D/RouteManager( 2552): audio-parameter-manager: } Configuration application request
D/RouteManager( 2552): 		-executeDisableRoutingStage-
D/RouteManager( 2552): audio-parameter-manager: Selection criterion changed event: Criterion name: RoutageState, current state: Path
D/RouteManager( 2552): audio-parameter-manager: Configuration application request {
D/RouteManager( 2552): audio-parameter-manager:     Applying configurations {
D/RouteManager( 2552): audio-parameter-manager:         Applying configuration "Locked" from domain "Routing.Sst.Enable.VoiceProcessingLock.Uplink"
D/RouteManager( 2552): audio-parameter-manager:         Applying configuration "Locked" from domain "Routing.Sst.Enable.VoiceProcessingLock.Downlink"
D/RouteManager( 2552): audio-parameter-manager:     } Applying configurations
D/RouteManager( 2552): audio-parameter-manager: } Configuration application request
D/RouteManager( 2552): 		-executeConfigureRoutingStage-
D/RouteManager( 2552): audio-parameter-manager: Selection criterion changed event: Criterion name: RoutageState, current state: Configure
D/RouteManager( 2552): audio-parameter-manager: Selection criterion changed event: Criterion name: OpenedPlaybackRoutes, current state: Media|HwCodec0IA
D/RouteManager( 2552): audio-parameter-manager: Configuration application request {
D/RouteManager( 2552): audio-parameter-manager:     Applying configurations {
D/RouteManager( 2552): audio-parameter-manager:         Applying configuration "Enable" from domain "Routing.Configure.HWCodec.Playback.Ihf"
D/RouteManager( 2552): audio-parameter-manager:         Applying configuration "Playback" from domain "Routing.Configure.HWCodec.Playback.DAC1"
D/RouteManager( 2552): audio-parameter-manager:         Applying configuration "Bind" from domain "Routing.Sst.Configure.Playback.SpeakerEqToSprot"
D/RouteManager( 2552): audio-parameter-manager:         Applying configuration "Bind" from domain "Routing.Sst.Configure.Playback.Media.ToSpeakerEq"
D/RouteManager( 2552): audio-parameter-manager:         Applying configuration "Bind" from domain "Routing.Sst.Configure.Playback.HwCodec.SprotToSpeaker"
D/RouteManager( 2552): audio-parameter-manager:         Applying configuration "VadMixerInputsAndHfRef.Media.Aec.TxSpeechLine.Bind" from domain "Routing.Sst.Configure.AlwaysListening.VTSV"
D/RouteManager( 2552): audio-parameter-manager:     } Applying configurations
D/RouteManager( 2552): audio-parameter-manager: } Configuration application request
D/RouteManager( 2552): 		-executeEnableRoutingStage-
D/RouteManager( 2552): audio-parameter-manager: Selection criterion changed event: Criterion name: RoutageState, current state: Path|Configure
D/RouteManager( 2552): audio-parameter-manager: Configuration application request {
D/RouteManager( 2552): audio-parameter-manager:     Applying configurations {
D/RouteManager( 2552): audio-parameter-manager:         Applying configuration "UnLocked" from domain "Routing.Sst.Enable.VoiceProcessingLock.Uplink"
D/RouteManager( 2552): audio-parameter-manager:         Applying configuration "UnLocked" from domain "Routing.Sst.Enable.VoiceProcessingLock.Downlink"
D/RouteManager( 2552): audio-parameter-manager:         Applying configuration "Enable" from domain "Routing.Enable.HWCodec.Playback.EarpieceIHF"
D/RouteManager( 2552): audio-parameter-manager:     } Applying configurations
D/RouteManager( 2552): audio-parameter-manager: } Configuration application request
D/TinyAlsaAudioDevice( 2552): open: card (cherrytrailaud, 0) 
D/TinyAlsaAudioDevice( 2552): 	 config (rate=48000 format=0 channels= 2).
D/TinyAlsaAudioDevice( 2552): 	 RingBuffer config: periodSize=1152 nbPeriod=4startTh=1151 stop Th=4608 silence Th=0
D/AudioConversion( 2552): configure: no convertion required
D/RouteManager( 2552): 		-executeUnmuteRoutingStage-
D/RouteManager( 2552): audio-parameter-manager: Selection criterion changed event: Criterion name: RoutageState, current state: Flow|Path|Configure
D/RouteManager( 2552): audio-parameter-manager: Configuration application request {
D/RouteManager( 2552): audio-parameter-manager:     Applying configurations {
D/RouteManager( 2552): audio-parameter-manager:         Applying configuration "Unmute" from domain "Routing.Mute.HWCodec.HWCodec.Playback.DAC1_VOL"
D/RouteManager( 2552): audio-parameter-manager:         Applying configuration "Unmute" from domain "Routing.Sst.Mute.HwCodec.Playback.Internal"
D/RouteManager( 2552): audio-parameter-manager:         Applying configuration "Unmute" from domain "Routing.Sst.Mute.Media.Playback.Regular"
D/RouteManager( 2552): audio-parameter-manager:     } Applying configurations
D/RouteManager( 2552): audio-parameter-manager: } Configuration application request
D/RouteManager( 2552): doReconsiderRouting: DONE
E/TinyAlsaStream( 2552): getFramesAvailable: Unable to get available frames
E/TinyAlsaStream( 2552): getFramesAvailable: Unable to get available frames
E/TinyAlsaStream( 2552): getFramesAvailable: Unable to get available frames
D/EVENT_THREAD( 2552): void CEventThread::run() Do poll with timeout: -1
D/AudioIntelHal( 2552): stopStream: output stream.
D/AudioIntelHal/AudioPlatformState( 2552): route-parameter-manager: Selection criterion changed event: Criterion name: OutputFlags, current state: <none>
D/AudioIntelHal/AudioPlatformState( 2552): route-parameter-manager: Configuration application request {
D/AudioIntelHal/AudioPlatformState( 2552): route-parameter-manager:     Applying configurations {
D/AudioIntelHal/AudioPlatformState( 2552): route-parameter-manager:         Applying configuration "NotApplicable" from domain "StreamRoute.Media.Playback"
D/AudioIntelHal/AudioPlatformState( 2552): route-parameter-manager:         Applying configuration "No" from domain "Route.HwCodec0IA.Playback.Applicable"
D/AudioIntelHal/AudioPlatformState( 2552): route-parameter-manager:     } Applying configurations
D/AudioIntelHal/AudioPlatformState( 2552): route-parameter-manager: } Configuration application request
D/EVENT_THREAD( 2552): void CEventThread::trig(void*, uint32_t): in
D/EVENT_THREAD( 2552): void CEventThread::trig(void*, uint32_t): out
D/RouteManager( 2552): doReconsiderRouting: Route state:
D/RouteManager( 2552): 	-Previously Enabled Route in Input = <none>
D/RouteManager( 2552): 	-Previously Enabled Route in Output = Media|HwCodec0IA
D/RouteManager( 2552): 	-Selected Route in Input = <none>
D/RouteManager( 2552): 	-Selected Route in Output = <none>
D/RouteManager( 2552): 		-executeMuteRoutingStage-
D/RouteManager( 2552): audio-parameter-manager: Selection criterion changed event: Criterion name: RoutageState, current state: Flow
D/RouteManager( 2552): audio-parameter-manager: Selection criterion changed event: Criterion name: ClosingPlaybackRoutes, current state: Media|HwCodec0IA
D/RouteManager( 2552): audio-parameter-manager: Selection criterion changed event: Criterion name: OpenedPlaybackRoutes, current state: <none>
D/RouteManager( 2552): audio-parameter-manager: Configuration application request {
D/RouteManager( 2552): audio-parameter-manager:     Applying configurations {
D/RouteManager( 2552): audio-parameter-manager:         Applying configuration "Mute" from domain "Routing.Mute.HWCodec.HWCodec.Playback.DAC1_VOL"
D/RouteManager( 2552): audio-parameter-manager:         Applying configuration "Mute" from domain "Routing.Sst.Mute.HwCodec.Playback.Internal"
D/RouteManager( 2552): audio-parameter-manager:         Applying configuration "Mute" from domain "Routing.Sst.Mute.Media.Playback.Regular"
D/RouteManager( 2552): audio-parameter-manager:     } Applying configurations
D/RouteManager( 2552): audio-parameter-manager: } Configuration application request
D/RouteManager( 2552): 		-executeDisableRoutingStage-
D/RouteManager( 2552): audio-parameter-manager: Selection criterion changed event: Criterion name: RoutageState, current state: Path
D/TinyAlsaAudioDevice( 2552): close
D/RouteManager( 2552): audio-parameter-manager: Configuration application request {
D/RouteManager( 2552): audio-parameter-manager:     Applying configurations {
D/RouteManager( 2552): audio-parameter-manager:         Applying configuration "Locked" from domain "Routing.Sst.Enable.VoiceProcessingLock.Uplink"
D/RouteManager( 2552): audio-parameter-manager:         Applying configuration "Locked" from domain "Routing.Sst.Enable.VoiceProcessingLock.Downlink"
D/RouteManager( 2552): audio-parameter-manager:         Applying configuration "Disable" from domain "Routing.Enable.HWCodec.Playback.EarpieceIHF"
D/RouteManager( 2552): audio-parameter-manager:     } Applying configurations
D/RouteManager( 2552): audio-parameter-manager: } Configuration application request
D/RouteManager( 2552): 		-executeConfigureRoutingStage-
D/RouteManager( 2552): audio-parameter-manager: Selection criterion changed event: Criterion name: RoutageState, current state: Configure
D/RouteManager( 2552): audio-parameter-manager: Selection criterion changed event: Criterion name: ClosingPlaybackRoutes, current state: <none>
D/RouteManager( 2552): audio-parameter-manager: Configuration application request {
D/RouteManager( 2552): audio-parameter-manager:     Applying configurations {
D/RouteManager( 2552): audio-parameter-manager:         Applying configuration "Disable" from domain "Routing.Configure.HWCodec.Playback.Ihf"
D/RouteManager( 2552): audio-parameter-manager:         Applying configuration "Disable" from domain "Routing.Configure.HWCodec.Playback.DAC1"
D/RouteManager( 2552): audio-parameter-manager:         Applying configuration "Unbind" from domain "Routing.Sst.Configure.Playback.SpeakerEqToSprot"
D/RouteManager( 2552): audio-parameter-manager:         Applying configuration "Unbind" from domain "Routing.Sst.Configure.Playback.Media.ToSpeakerEq"
D/RouteManager( 2552): audio-parameter-manager:         Applying configuration "Unbind" from domain "Routing.Sst.Configure.Playback.HwCodec.SprotToSpeaker"
D/RouteManager( 2552): audio-parameter-manager:         Applying configuration "Dmic.Bind" from domain "Routing.Sst.Configure.AlwaysListening.VTSV"
D/RouteManager( 2552): audio-parameter-manager:     } Applying configurations
D/RouteManager( 2552): audio-parameter-manager: } Configuration application request
D/RouteManager( 2552): 		-executeEnableRoutingStage-
D/RouteManager( 2552): audio-parameter-manager: Selection criterion changed event: Criterion name: RoutageState, current state: Path|Configure
D/RouteManager( 2552): audio-parameter-manager: Configuration application request {
D/RouteManager( 2552): audio-parameter-manager:     Applying configurations {
D/RouteManager( 2552): audio-parameter-manager:         Applying configuration "UnLocked" from domain "Routing.Sst.Enable.VoiceProcessingLock.Uplink"
D/RouteManager( 2552): audio-parameter-manager:         Applying configuration "UnLocked" from domain "Routing.Sst.Enable.VoiceProcessingLock.Downlink"
D/RouteManager( 2552): audio-parameter-manager:     } Applying configurations
D/RouteManager( 2552): audio-parameter-manager: } Configuration application request
D/RouteManager( 2552): 		-executeUnmuteRoutingStage-
D/RouteManager( 2552): audio-parameter-manager: Selection criterion changed event: Criterion name: RoutageState, current state: Flow|Path|Configure
D/RouteManager( 2552): audio-parameter-manager: Configuration application request {
D/RouteManager( 2552): audio-parameter-manager:     Applying configurations {
D/RouteManager( 2552): audio-parameter-manager:     } Applying configurations
D/RouteManager( 2552): audio-parameter-manager: } Configuration application request
D/RouteManager( 2552): doReconsiderRouting: DONE
D/EVENT_THREAD( 2552): void CEventThread::run() Do poll with timeout: -1
I/WAKELOCK_RELEASE( 2842): TIMESTAMP=2658675721423, TAG=AudioMix, TYPE=PARTIAL_WAKE_LOCK             , COUNT=0, PID=0, UID=1013, FLAGS=
E/WifiStateMachine( 2842): WifiStateMachine CMD_START_SCAN source -2 txSuccessRate=0.00 rxSuccessRate=7.19 targetRoamBSSID=any RSSI=-34
E/WifiStateMachine( 2842): WifiStateMachine starting scan for "OTA"WPA_PSK with 2412,2437
I/WAKELOCK_ACQUIRE( 2842): TIMESTAMP=2668001919237, TAG=*alarm*, TYPE=PARTIAL_WAKE_LOCK             , COUNT=0, PID=2842, UID=1000, FLAGS=
I/WAKELOCK_RELEASE( 2842): TIMESTAMP=2668048860371, TAG=*alarm*, TYPE=PARTIAL_WAKE_LOCK             , COUNT=0, PID=2842, UID=1000, FLAGS=
E/WifiStateMachine( 2842): WifiStateMachine CMD_START_SCAN source -2 txSuccessRate=0.00 rxSuccessRate=7.96 targetRoamBSSID=any RSSI=-34
E/WifiStateMachine( 2842): WifiStateMachine starting scan for "OTA"WPA_PSK with 2412,2437
E/WifiStateMachine( 2842): WifiStateMachine CMD_START_SCAN source -2 txSuccessRate=0.00 rxSuccessRate=2.70 targetRoamBSSID=any RSSI=-35
E/WifiStateMachine( 2842): WifiStateMachine starting scan for "OTA"WPA_PSK with 2412,2437
E/WifiStateMachine( 2842): WifiStateMachine CMD_START_SCAN source -2 txSuccessRate=0.00 rxSuccessRate=3.92 targetRoamBSSID=any RSSI=-35
E/WifiStateMachine( 2842): WifiStateMachine starting scan for "OTA"WPA_PSK with 2412,2437
I/WAKELOCK_ACQUIRE( 2842): TIMESTAMP=2728002680486, TAG=*alarm*, TYPE=PARTIAL_WAKE_LOCK             , COUNT=0, PID=2842, UID=1000, FLAGS=
I/WAKELOCK_RELEASE( 2842): TIMESTAMP=2728046305711, TAG=*alarm*, TYPE=PARTIAL_WAKE_LOCK             , COUNT=0, PID=2842, UID=1000, FLAGS=
I/WAKELOCK_ACQUIRE( 2842): TIMESTAMP=2729001839896, TAG=*alarm*, TYPE=PARTIAL_WAKE_LOCK             , COUNT=0, PID=2842, UID=1000, FLAGS=
I/WAKELOCK_RELEASE( 2842): TIMESTAMP=2729009530848, TAG=*alarm*, TYPE=PARTIAL_WAKE_LOCK             , COUNT=0, PID=2842, UID=1000, FLAGS=
E/WifiStateMachine( 2842): WifiStateMachine CMD_START_SCAN source -2 txSuccessRate=0.00 rxSuccessRate=2.52 targetRoamBSSID=any RSSI=-35
E/WifiStateMachine( 2842): WifiStateMachine starting scan for "OTA"WPA_PSK with 2412,2437
E/WifiStateMachine( 2842): WifiStateMachine CMD_START_SCAN source -2 txSuccessRate=0.00 rxSuccessRate=8.56 targetRoamBSSID=any RSSI=-35
E/WifiStateMachine( 2842): WifiStateMachine starting scan for "OTA"WPA_PSK with 2412,2437
E/WifiStateMachine( 2842): WifiStateMachine CMD_START_SCAN source -2 txSuccessRate=0.00 rxSuccessRate=5.71 targetRoamBSSID=any RSSI=-35
E/WifiStateMachine( 2842): WifiStateMachine starting scan for "OTA"WPA_PSK with 2412,2437
I/WAKELOCK_ACQUIRE( 2842): TIMESTAMP=2788002607608, TAG=*alarm*, TYPE=PARTIAL_WAKE_LOCK             , COUNT=0, PID=2842, UID=1000, FLAGS=
I/WAKELOCK_RELEASE( 2842): TIMESTAMP=2788042580164, TAG=*alarm*, TYPE=PARTIAL_WAKE_LOCK             , COUNT=0, PID=2842, UID=1000, FLAGS=
E/WifiStateMachine( 2842): WifiStateMachine CMD_START_SCAN source -2 txSuccessRate=0.00 rxSuccessRate=1.64 targetRoamBSSID=any RSSI=-34
E/WifiStateMachine( 2842): WifiStateMachine starting scan for "OTA"WPA_PSK with 2412,2437
E/WifiStateMachine( 2842): WifiStateMachine CMD_START_SCAN source -2 txSuccessRate=0.00 rxSuccessRate=8.22 targetRoamBSSID=any RSSI=-34
E/WifiStateMachine( 2842): WifiStateMachine starting scan for "OTA"WPA_PSK with 2412,2437
E/WifiStateMachine( 2842): WifiStateMachine CMD_START_SCAN source -2 txSuccessRate=0.00 rxSuccessRate=8.70 targetRoamBSSID=any RSSI=-34
E/WifiStateMachine( 2842): WifiStateMachine starting scan for "OTA"WPA_PSK with 2412,2437
I/WAKELOCK_ACQUIRE( 2842): TIMESTAMP=2848001827195, TAG=*alarm*, TYPE=PARTIAL_WAKE_LOCK             , COUNT=0, PID=2842, UID=1000, FLAGS=
I/WAKELOCK_RELEASE( 2842): TIMESTAMP=2848047825409, TAG=*alarm*, TYPE=PARTIAL_WAKE_LOCK             , COUNT=0, PID=2842, UID=1000, FLAGS=
E/WifiStateMachine( 2842): WifiStateMachine CMD_START_SCAN source -2 txSuccessRate=0.00 rxSuccessRate=8.04 targetRoamBSSID=any RSSI=-34
E/WifiStateMachine( 2842): WifiStateMachine starting scan for "OTA"WPA_PSK with 2412,2437
E/WifiStateMachine( 2842): WifiStateMachine CMD_START_SCAN source -2 txSuccessRate=0.00 rxSuccessRate=6.51 targetRoamBSSID=any RSSI=-33
E/WifiStateMachine( 2842): WifiStateMachine starting scan for "OTA"WPA_PSK with 2412,2437
E/WifiStateMachine( 2842): WifiStateMachine CMD_START_SCAN source -2 txSuccessRate=0.00 rxSuccessRate=3.07 targetRoamBSSID=any RSSI=-33
E/WifiStateMachine( 2842): WifiStateMachine starting scan for "OTA"WPA_PSK with 2412,2437
I/WAKELOCK_ACQUIRE( 2842): TIMESTAMP=2908001901521, TAG=*alarm*, TYPE=PARTIAL_WAKE_LOCK             , COUNT=0, PID=2842, UID=1000, FLAGS=
I/WAKELOCK_RELEASE( 2842): TIMESTAMP=2908039400483, TAG=*alarm*, TYPE=PARTIAL_WAKE_LOCK             , COUNT=0, PID=2842, UID=1000, FLAGS=
E/WifiStateMachine( 2842): WifiStateMachine CMD_START_SCAN source -2 txSuccessRate=0.00 rxSuccessRate=4.51 targetRoamBSSID=any RSSI=-34
E/WifiStateMachine( 2842): WifiStateMachine CMD_START_SCAN source -2 txSuccessRate=0.00 rxSuccessRate=5.58 targetRoamBSSID=any RSSI=-41
E/WifiStateMachine( 2842): WifiStateMachine starting scan for "OTA"WPA_PSK with 2412,2437
E/WifiStateMachine( 2842): WifiStateMachine CMD_START_SCAN source -2 txSuccessRate=0.00 rxSuccessRate=3.57 targetRoamBSSID=any RSSI=-32
E/WifiStateMachine( 2842): WifiStateMachine starting scan for "OTA"WPA_PSK with 2412,2437
I/WAKELOCK_ACQUIRE( 2842): TIMESTAMP=2968002600556, TAG=*alarm*, TYPE=PARTIAL_WAKE_LOCK             , COUNT=0, PID=2842, UID=1000, FLAGS=
I/WAKELOCK_RELEASE( 2842): TIMESTAMP=2968040672312, TAG=*alarm*, TYPE=PARTIAL_WAKE_LOCK             , COUNT=0, PID=2842, UID=1000, FLAGS=
E/WifiStateMachine( 2842): WifiStateMachine CMD_START_SCAN source -2 txSuccessRate=0.00 rxSuccessRate=3.71 targetRoamBSSID=any RSSI=-32
E/WifiStateMachine( 2842): WifiStateMachine starting scan for "OTA"WPA_PSK with 2412,2437
E/WifiStateMachine( 2842): WifiStateMachine CMD_START_SCAN source -2 txSuccessRate=0.00 rxSuccessRate=7.94 targetRoamBSSID=any RSSI=-32
E/WifiStateMachine( 2842): WifiStateMachine starting scan for "OTA"WPA_PSK with 2412,2437
E/WifiStateMachine( 2842): WifiStateMachine CMD_START_SCAN source -2 txSuccessRate=0.00 rxSuccessRate=6.52 targetRoamBSSID=any RSSI=-32
E/WifiStateMachine( 2842): WifiStateMachine starting scan for "OTA"WPA_PSK with 2412,2437
I/WAKELOCK_ACQUIRE( 2842): TIMESTAMP=3028001795304, TAG=*alarm*, TYPE=PARTIAL_WAKE_LOCK             , COUNT=0, PID=2842, UID=1000, FLAGS=
I/WAKELOCK_RELEASE( 2842): TIMESTAMP=3028059183016, TAG=*alarm*, TYPE=PARTIAL_WAKE_LOCK             , COUNT=0, PID=2842, UID=1000, FLAGS=
E/WifiStateMachine( 2842): WifiStateMachine CMD_START_SCAN source -2 txSuccessRate=0.00 rxSuccessRate=1.40 targetRoamBSSID=any RSSI=-32
E/WifiStateMachine( 2842): WifiStateMachine starting scan for "OTA"WPA_PSK with 2412,2437
E/WifiStateMachine( 2842): WifiStateMachine CMD_START_SCAN source -2 txSuccessRate=0.00 rxSuccessRate=5.40 targetRoamBSSID=any RSSI=-32
E/WifiStateMachine( 2842): WifiStateMachine starting scan for "OTA"WPA_PSK with 2412,2437
E/WifiStateMachine( 2842): WifiStateMachine CMD_START_SCAN source -2 txSuccessRate=0.00 rxSuccessRate=4.00 targetRoamBSSID=any RSSI=-32
E/WifiStateMachine( 2842): WifiStateMachine starting scan for "OTA"WPA_PSK with 2412,2437
I/WAKELOCK_ACQUIRE( 2842): TIMESTAMP=3088001809003, TAG=*alarm*, TYPE=PARTIAL_WAKE_LOCK             , COUNT=0, PID=2842, UID=1000, FLAGS=
I/WAKELOCK_RELEASE( 2842): TIMESTAMP=3088042514433, TAG=*alarm*, TYPE=PARTIAL_WAKE_LOCK             , COUNT=0, PID=2842, UID=1000, FLAGS=
E/WifiStateMachine( 2842): WifiStateMachine CMD_START_SCAN source -2 txSuccessRate=0.00 rxSuccessRate=5.63 targetRoamBSSID=any RSSI=-32
E/WifiStateMachine( 2842): WifiStateMachine starting scan for "OTA"WPA_PSK with 2412,2437
E/WifiStateMachine( 2842): WifiStateMachine CMD_START_SCAN source -2 txSuccessRate=0.00 rxSuccessRate=3.66 targetRoamBSSID=any RSSI=-32
E/WifiStateMachine( 2842): WifiStateMachine starting scan for "OTA"WPA_PSK with 2412,2437
E/WifiStateMachine( 2842): WifiStateMachine CMD_START_SCAN source -2 txSuccessRate=0.00 rxSuccessRate=13.67 targetRoamBSSID=any RSSI=-32
E/WifiStateMachine( 2842): WifiStateMachine starting scan for "OTA"WPA_PSK with 2412,2437
I/WAKELOCK_ACQUIRE( 2842): TIMESTAMP=3148002376434, TAG=*alarm*, TYPE=PARTIAL_WAKE_LOCK             , COUNT=0, PID=2842, UID=1000, FLAGS=
I/WAKELOCK_RELEASE( 2842): TIMESTAMP=3148045744975, TAG=*alarm*, TYPE=PARTIAL_WAKE_LOCK             , COUNT=0, PID=2842, UID=1000, FLAGS=
E/WifiStateMachine( 2842): WifiStateMachine CMD_START_SCAN source -2 txSuccessRate=0.00 rxSuccessRate=10.59 targetRoamBSSID=any RSSI=-32
E/WifiStateMachine( 2842): WifiStateMachine starting scan for "OTA"WPA_PSK with 2412,2437
E/WifiStateMachine( 2842): WifiStateMachine CMD_START_SCAN source -2 txSuccessRate=0.00 rxSuccessRate=12.01 targetRoamBSSID=any RSSI=-32
E/WifiStateMachine( 2842): WifiStateMachine starting scan for "OTA"WPA_PSK with 2412,2437
D/PROPERTY( 2552): get media.dump_output.befconv: 0
D/PROPERTY( 2552): get media.dump_output.aftconv: 0
D/AudioIntelHal( 2552): startStream: output stream.
D/AudioIntelHal/AudioPlatformState( 2552): route-parameter-manager: Selection criterion changed event: Criterion name: OutputFlags, current state: Primary
D/AudioIntelHal/AudioPlatformState( 2552): route-parameter-manager: Configuration application request {
D/AudioIntelHal/AudioPlatformState( 2552): route-parameter-manager:     Applying configurations {
D/AudioIntelHal/AudioPlatformState( 2552): route-parameter-manager:         Applying configuration "Applicable" from domain "StreamRoute.Media.Playback"
I/WAKELOCK_ACQUIRE( 2842): TIMESTAMP=3201816371646, TAG=AudioMix, TYPE=PARTIAL_WAKE_LOCK             , COUNT=0, PID=0, UID=1013, FLAGS=
D/AudioIntelHal/AudioPlatformState( 2552): route-parameter-manager:         Applying configuration "Yes" from domain "Route.HwCodec0IA.Playback.Applicable"
D/AudioIntelHal/AudioPlatformState( 2552): route-parameter-manager:     } Applying configurations
D/AudioIntelHal/AudioPlatformState( 2552): route-parameter-manager: } Configuration application request
D/EVENT_THREAD( 2552): void CEventThread::trig(void*, uint32_t): in
D/EVENT_THREAD( 2552): void CEventThread::trig(void*, uint32_t): out
D/RouteManager( 2552): doReconsiderRouting: Route state:
D/RouteManager( 2552): 	-Previously Enabled Route in Input = <none>
D/RouteManager( 2552): 	-Previously Enabled Route in Output = <none>
D/RouteManager( 2552): 	-Selected Route in Input = <none>
D/RouteManager( 2552): 	-Selected Route in Output = Media|HwCodec0IA
D/RouteManager( 2552): 		-executeMuteRoutingStage-
D/RouteManager( 2552): audio-parameter-manager: Selection criterion changed event: Criterion name: RoutageState, current state: Flow
D/RouteManager( 2552): audio-parameter-manager: Configuration application request {
D/RouteManager( 2552): audio-parameter-manager:     Applying configurations {
D/RouteManager( 2552): audio-parameter-manager:     } Applying configurations
D/RouteManager( 2552): audio-parameter-manager: } Configuration application request
D/RouteManager( 2552): 		-executeDisableRoutingStage-
D/RouteManager( 2552): audio-parameter-manager: Selection criterion changed event: Criterion name: RoutageState, current state: Path
D/RouteManager( 2552): audio-parameter-manager: Configuration application request {
D/RouteManager( 2552): audio-parameter-manager:     Applying configurations {
D/RouteManager( 2552): audio-parameter-manager:         Applying configuration "Locked" from domain "Routing.Sst.Enable.VoiceProcessingLock.Uplink"
D/RouteManager( 2552): audio-parameter-manager:         Applying configuration "Locked" from domain "Routing.Sst.Enable.VoiceProcessingLock.Downlink"
D/RouteManager( 2552): audio-parameter-manager:     } Applying configurations
D/RouteManager( 2552): audio-parameter-manager: } Configuration application request
D/RouteManager( 2552): 		-executeConfigureRoutingStage-
D/RouteManager( 2552): audio-parameter-manager: Selection criterion changed event: Criterion name: RoutageState, current state: Configure
D/RouteManager( 2552): audio-parameter-manager: Selection criterion changed event: Criterion name: OpenedPlaybackRoutes, current state: Media|HwCodec0IA
D/RouteManager( 2552): audio-parameter-manager: Configuration application request {
D/RouteManager( 2552): audio-parameter-manager:     Applying configurations {
D/RouteManager( 2552): audio-parameter-manager:         Applying configuration "Enable" from domain "Routing.Configure.HWCodec.Playback.Ihf"
D/RouteManager( 2552): audio-parameter-manager:         Applying configuration "Playback" from domain "Routing.Configure.HWCodec.Playback.DAC1"
D/RouteManager( 2552): audio-parameter-manager:         Applying configuration "Bind" from domain "Routing.Sst.Configure.Playback.SpeakerEqToSprot"
D/RouteManager( 2552): audio-parameter-manager:         Applying configuration "Bind" from domain "Routing.Sst.Configure.Playback.Media.ToSpeakerEq"
D/RouteManager( 2552): audio-parameter-manager:         Applying configuration "Bind" from domain "Routing.Sst.Configure.Playback.HwCodec.SprotToSpeaker"
D/RouteManager( 2552): audio-parameter-manager:         Applying configuration "VadMixerInputsAndHfRef.Media.Aec.TxSpeechLine.Bind" from domain "Routing.Sst.Configure.AlwaysListening.VTSV"
D/RouteManager( 2552): audio-parameter-manager:     } Applying configurations
D/RouteManager( 2552): audio-parameter-manager: } Configuration application request
D/RouteManager( 2552): 		-executeEnableRoutingStage-
D/RouteManager( 2552): audio-parameter-manager: Selection criterion changed event: Criterion name: RoutageState, current state: Path|Configure
D/RouteManager( 2552): audio-parameter-manager: Configuration application request {
D/RouteManager( 2552): audio-parameter-manager:     Applying configurations {
D/RouteManager( 2552): audio-parameter-manager:         Applying configuration "UnLocked" from domain "Routing.Sst.Enable.VoiceProcessingLock.Uplink"
D/RouteManager( 2552): audio-parameter-manager:         Applying configuration "UnLocked" from domain "Routing.Sst.Enable.VoiceProcessingLock.Downlink"
D/RouteManager( 2552): audio-parameter-manager:         Applying configuration "Enable" from domain "Routing.Enable.HWCodec.Playback.EarpieceIHF"
D/RouteManager( 2552): audio-parameter-manager:     } Applying configurations
D/RouteManager( 2552): audio-parameter-manager: } Configuration application request
D/TinyAlsaAudioDevice( 2552): open: card (cherrytrailaud, 0) 
D/TinyAlsaAudioDevice( 2552): 	 config (rate=48000 format=0 channels= 2).
D/TinyAlsaAudioDevice( 2552): 	 RingBuffer config: periodSize=1152 nbPeriod=4startTh=1151 stop Th=4608 silence Th=0
D/AudioConversion( 2552): configure: no convertion required
D/RouteManager( 2552): 		-executeUnmuteRoutingStage-
D/RouteManager( 2552): audio-parameter-manager: Selection criterion changed event: Criterion name: RoutageState, current state: Flow|Path|Configure
D/RouteManager( 2552): audio-parameter-manager: Configuration application request {
D/RouteManager( 2552): audio-parameter-manager:     Applying configurations {
D/RouteManager( 2552): audio-parameter-manager:         Applying configuration "Unmute" from domain "Routing.Mute.HWCodec.HWCodec.Playback.DAC1_VOL"
D/RouteManager( 2552): audio-parameter-manager:         Applying configuration "Unmute" from domain "Routing.Sst.Mute.HwCodec.Playback.Internal"
D/RouteManager( 2552): audio-parameter-manager:         Applying configuration "Unmute" from domain "Routing.Sst.Mute.Media.Playback.Regular"
D/RouteManager( 2552): audio-parameter-manager:     } Applying configurations
D/RouteManager( 2552): audio-parameter-manager: } Configuration application request
D/RouteManager( 2552): doReconsiderRouting: DONE
E/TinyAlsaStream( 2552): getFramesAvailable: Unable to get available frames
E/TinyAlsaStream( 2552): getFramesAvailable: Unable to get available frames
E/TinyAlsaStream( 2552): getFramesAvailable: Unable to get available frames
D/EVENT_THREAD( 2552): void CEventThread::run() Do poll with timeout: -1
W/System.err( 4282): java.io.FileNotFoundException: /mnt/sdcard/Android/data/com.wistron.generic.pqaa/files/data.txt: open failed: ENOENT (No such file or directory)
W/System.err( 4282): 	at libcore.io.IoBridge.open(IoBridge.java:456)
W/System.err( 4282): 	at java.io.FileInputStream.<init>(FileInputStream.java:76)
W/System.err( 4282): 	at java.io.FileInputStream.<init>(FileInputStream.java:103)
W/System.err( 4282): 	at java.io.FileReader.<init>(FileReader.java:66)
W/System.err( 4282): 	at com.wistron.pqaa_common.jar.global.WisToolKit.getSingleParameters(WisToolKit.java:257)
W/System.err( 4282): 	at com.wistron.generic.pqaa.TestItemsList.getLogInfoConfig(TestItemsList.java:172)
W/System.err( 4282): 	at com.wistron.generic.pqaa.TestItemsList.onClick(TestItemsList.java:975)
W/System.err( 4282): 	at android.view.View.performClick(View.java:4780)
W/System.err( 4282): 	at android.view.View$PerformClick.run(View.java:19866)
W/System.err( 4282): 	at android.os.Handler.handleCallback(Handler.java:739)
W/System.err( 4282): 	at android.os.Handler.dispatchMessage(Handler.java:95)
W/System.err( 4282): 	at android.os.Looper.loop(Looper.java:135)
W/System.err( 4282): 	at android.app.ActivityThread.main(ActivityThread.java:5261)
W/System.err( 4282): 	at java.lang.reflect.Method.invoke(Native Method)
W/System.err( 4282): 	at java.lang.reflect.Method.invoke(Method.java:372)
W/System.err( 4282): 	at com.android.internal.os.ZygoteInit$MethodAndArgsCaller.run(ZygoteInit.java:903)
W/System.err( 4282): 	at com.android.internal.os.ZygoteInit.main(ZygoteInit.java:698)
W/System.err( 4282): Caused by: android.system.ErrnoException: open failed: ENOENT (No such file or directory)
W/System.err( 4282): 	at libcore.io.Posix.open(Native Method)
W/System.err( 4282): 	at libcore.io.BlockGuardOs.open(BlockGuardOs.java:186)
W/System.err( 4282): 	at libcore.io.IoBridge.open(IoBridge.java:442)
W/System.err( 4282): 	... 16 more
I/ActivityManager( 2842): START u0 {cmp=com.wistron.generic.pqaa/com.wistron.generic.monipower.MoniPower (has extras)} from uid 10049 on display 0
V/WindowManager( 2842): addAppToken: AppWindowToken{7628b0a token=Token{234af75 ActivityRecord{9de46ac u0 com.wistron.generic.pqaa/com.wistron.generic.monipower.MoniPower t27}}} to stack=1 task=27 at 1
I/WAKELOCK_ACQUIRE( 2842): TIMESTAMP=3202989456574, TAG=ActivityManager-Launch, TYPE=PARTIAL_WAKE_LOCK             , COUNT=0, PID=2842, UID=1000, FLAGS=
D/AndroidRuntime( 4282): Shutting down VM
E/AndroidRuntime( 4282): FATAL EXCEPTION: main
E/AndroidRuntime( 4282): Process: com.wistron.generic.pqaa, PID: 4282
E/AndroidRuntime( 4282): java.lang.RuntimeException: Unable to start activity ComponentInfo{com.wistron.generic.pqaa/com.wistron.generic.monipower.MoniPower}: java.lang.NumberFormatException: Invalid int: "3.5"
E/AndroidRuntime( 4282): 	at android.app.ActivityThread.performLaunchActivity(ActivityThread.java:2326)
E/AndroidRuntime( 4282): 	at android.app.ActivityThread.handleLaunchActivity(ActivityThread.java:2388)
E/AndroidRuntime( 4282): 	at android.app.ActivityThread.access$800(ActivityThread.java:152)
E/AndroidRuntime( 4282): 	at android.app.ActivityThread$H.handleMessage(ActivityThread.java:1304)
E/AndroidRuntime( 4282): 	at android.os.Handler.dispatchMessage(Handler.java:102)
E/AndroidRuntime( 4282): 	at android.os.Looper.loop(Looper.java:135)
E/AndroidRuntime( 4282): 	at android.app.ActivityThread.main(ActivityThread.java:5261)
E/AndroidRuntime( 4282): 	at java.lang.reflect.Method.invoke(Native Method)
E/AndroidRuntime( 4282): 	at java.lang.reflect.Method.invoke(Method.java:372)
E/AndroidRuntime( 4282): 	at com.android.internal.os.ZygoteInit$MethodAndArgsCaller.run(ZygoteInit.java:903)
E/AndroidRuntime( 4282): 	at com.android.internal.os.ZygoteInit.main(ZygoteInit.java:698)
E/AndroidRuntime( 4282): Caused by: java.lang.NumberFormatException: Invalid int: "3.5"
E/AndroidRuntime( 4282): 	at java.lang.Integer.invalidInt(Integer.java:138)
E/AndroidRuntime( 4282): 	at java.lang.Integer.parse(Integer.java:410)
E/AndroidRuntime( 4282): 	at java.lang.Integer.parseInt(Integer.java:367)
E/AndroidRuntime( 4282): 	at java.lang.Integer.parseInt(Integer.java:334)
E/AndroidRuntime( 4282): 	at com.wistron.generic.monipower.MoniPower.getTestArguments(MoniPower.java:139)
E/AndroidRuntime( 4282): 	at com.wistron.generic.monipower.MoniPower.onCreate(MoniPower.java:67)
E/AndroidRuntime( 4282): 	at android.app.Activity.performCreate(Activity.java:5990)
E/AndroidRuntime( 4282): 	at android.app.Instrumentation.callActivityOnCreate(Instrumentation.java:1106)
E/AndroidRuntime( 4282): 	at android.app.ActivityThread.performLaunchActivity(ActivityThread.java:2279)
E/AndroidRuntime( 4282): 	... 10 more
W/ActivityManager( 2842):   Force finishing activity 1 com.wistron.generic.pqaa/com.wistron.generic.monipower.MoniPower
I/WAKELOCK_ACQUIRE( 2842): TIMESTAMP=3203045599583, TAG=ActivityManager-Launch, TYPE=PARTIAL_WAKE_LOCK             , COUNT=0, PID=2842, UID=1000, FLAGS=
W/ActivityManager( 2842):   Force finishing activity 2 com.wistron.generic.pqaa/.TestItemsList
D/CRASHLOG( 2568): receive_inotify_events: Can't handle the event "drop169.tmp", no valid entry found, drop it...
D/CRASHLOG( 2568): receive_inotify_events: Can't handle the event "drop169.tmp", no valid entry found, drop it...
D/CRASHLOG( 2568): sdcard_allowed : Current crashlog mode is NOMINAL MODE - SDCard storage disabled.
V/WindowManager( 2842): rotationForOrientationLw(orient=-1, last=3); user=0 USER_ROTATION_LOCKED
I/WAKELOCK_ACQUIRE( 2842): TIMESTAMP=3203057933773, TAG=SCREEN_FROZEN, TYPE=PARTIAL_WAKE_LOCK             , COUNT=0, PID=2842, UID=1000, FLAGS=
D/SurfaceFlinger( 2310): ORT: DPS allow this projection change
D/SurfaceFlinger( 2310): handleDisplayScaling
I/ActivityManager( 2842): Config changes=480 {1.0 ?mcc?mnc en_US ?layoutDir sw800dp w1280dp h727dp 160dpi xlrg land finger -keyb/v/h -nav/h s.12}
I/InputReader( 2842): Reconfiguring input devices.  changes=0x00000004
I/InputReader( 2842): Device reconfigured: id=4, name='focal-touchscreen', size 1280x800, orientation 0, mode 1, display id 0
I/InputReader( 2842): Reconfiguring input devices.  changes=0x00000004
W/CRASHLOG( 2568): notify_crashreport: Crashreport notification (CRASH_NOTIFY) skipped!
E/CRASHLOG( 2568): CRASH   09fc4e013cfcd2e0f746  2017-03-20/08:22:55  JAVACRASH /data/logs/crashlog24
V/ActivityManager( 2842): Display changed displayId=0
I/OpenGLRenderer( 2842): Initialized EGL, version 1.4
D/ufoEGL  ( 2842): droid_create_context : config id = 9 conf->NativeVisualID=1
I/ufoEGL  ( 2842): Requested context : GLES 2.0
D/ufoEGL  ( 2842): Pixel Format : GGL_PIXEL_FORMAT_RGBA_8888
D/ufoEGL  ( 2842): Pixel Format : GGL_PIXEL_FORMAT_RGBA_8888
D/ufoEGL  ( 2842): Pixel Format : GGL_PIXEL_FORMAT_RGBA_8888
I/Tethering( 2842): Found payment device
D/ufoEGL  ( 2961): Surface destroy: ANDROID_NATIVE_WINDOW_MAGIC
D/ufoEGL  ( 2961): Pixel Format : GGL_PIXEL_FORMAT_RGBA_8888
D/ufoEGL  ( 2961): Surface destroy: ANDROID_NATIVE_WINDOW_MAGIC
D/ufoEGL  ( 2961): Pixel Format : GGL_PIXEL_FORMAT_RGBA_8888
I/WindowManager( 2842): Screen frozen for +138ms due to Window{63bcaba u0 Application Error: com.wistron.generic.pqaa}
I/WAKELOCK_RELEASE( 2842): TIMESTAMP=3203201807073, TAG=SCREEN_FROZEN, TYPE=PARTIAL_WAKE_LOCK             , COUNT=0, PID=2842, UID=1000, FLAGS=
W/ActivityManager( 2842): Activity pause timeout for ActivityRecord{9de46ac u0 com.wistron.generic.pqaa/com.wistron.generic.monipower.MoniPower t27 f}
V/WindowManager( 2842): rotationForOrientationLw(orient=-1, last=0); user=0 USER_ROTATION_LOCKED
I/OpenGLRenderer( 3200): Initialized EGL, version 1.4
D/ufoEGL  ( 3200): droid_create_context : config id = 9 conf->NativeVisualID=1
I/ufoEGL  ( 3200): Requested context : GLES 2.0
D/ufoEGL  ( 3200): Pixel Format : GGL_PIXEL_FORMAT_RGBA_8888
E/WifiStateMachine( 2842): WifiStateMachine CMD_START_SCAN source -2 txSuccessRate=0.00 rxSuccessRate=3.34 targetRoamBSSID=any RSSI=-32
E/WifiStateMachine( 2842): WifiStateMachine starting scan for "OTA"WPA_PSK with 2412,2437
D/ufoEGL  ( 3200): Pixel Format : GGL_PIXEL_FORMAT_RGBA_8888
D/ufoEGL  ( 3200): Pixel Format : GGL_PIXEL_FORMAT_RGBA_8888
I/WAKELOCK_RELEASE( 2842): TIMESTAMP=3203787355086, TAG=ActivityManager-Launch, TYPE=PARTIAL_WAKE_LOCK             , COUNT=0, PID=2842, UID=1000, FLAGS=
D/ufoEGL  ( 2961): droid_create_context : config id = 4 conf->NativeVisualID=2
I/ufoEGL  ( 2961): Requested context : GLES 2.0
D/ufoEGL  ( 2961): Pixel Format : GGL_PIXEL_FORMAT_RGBX_8888
D/ufoEGL  ( 2961): Pixel Format : GGL_PIXEL_FORMAT_RGBX_8888
D/ufoEGL  ( 2961): Pixel Format : GGL_PIXEL_FORMAT_RGBX_8888
D/ufoEGL  ( 2961): Surface destroy: ANDROID_NATIVE_WINDOW_MAGIC
D/ufoEGL  ( 2961): droid_create_context : config id = 4 conf->NativeVisualID=2
I/ufoEGL  ( 2961): Requested context : GLES 2.0
D/ufoEGL  ( 2961): Pixel Format : GGL_PIXEL_FORMAT_RGBX_8888
D/ufoEGL  ( 2961): Pixel Format : GGL_PIXEL_FORMAT_RGBX_8888
D/ufoEGL  ( 2961): Pixel Format : GGL_PIXEL_FORMAT_RGBX_8888
D/ufoEGL  ( 2961): Surface destroy: ANDROID_NATIVE_WINDOW_MAGIC
W/ResourceType( 2961): No package identifier when getting value for resource number 0x00000000
W/PackageManager( 2961): Failure retrieving resources for com.wistron.generic.pqaa: Resource ID #0x0
I/Process ( 4282): Sending signal. PID: 4282 SIG: 9
D/ufoEGL  ( 2842): Surface destroy: ANDROID_NATIVE_WINDOW_MAGIC
I/WindowState( 2842): WIN DEATH: Window{1296e914 u0 com.wistron.generic.pqaa/com.wistron.generic.pqaa.TestItemsList}
I/WAKELOCK_RELEASE( 2842): TIMESTAMP=3205066088577, TAG=WindowManager, TYPE=SCREEN_BRIGHT_WAKE_LOCK       , COUNT=0, PID=2842, UID=1000, FLAGS= ON_AFTER_RELEASE
I/ActivityManager( 2842): Process com.wistron.generic.pqaa (pid 4282) has died
W/OpenGLRenderer( 3200): Incorrectly called buildLayer on View: ShortcutAndWidgetContainer, destroying layer...
W/OpenGLRenderer( 3200): Incorrectly called buildLayer on View: ShortcutAndWidgetContainer, destroying layer...
W/OpenGLRenderer( 3200): Incorrectly called buildLayer on View: ShortcutAndWidgetContainer, destroying layer...
