D/RouteManager( 2552): audio-parameter-manager:         Applying configuration "Unmute" from domain "Routing.Sst.Mute.HwCodec.Playback.Internal"
D/RouteManager( 2552): audio-parameter-manager:         Applying configuration "Unmute" from domain "Routing.Sst.Mute.Media.Playback.Regular"
D/RouteManager( 2552): audio-parameter-manager:     } Applying configurations
D/RouteManager( 2552): audio-parameter-manager: } Configuration application request
D/RouteManager( 2552): doReconsiderRouting: DONE
E/TinyAlsaStream( 2552): getFramesAvailable: Unable to get available frames
E/TinyAlsaStream( 2552): getFramesAvailable: Unable to get available frames
E/TinyAlsaStream( 2552): getFramesAvailable: Unable to get available frames
D/EVENT_THREAD( 2552): void CEventThread::run() Do poll with timeout: -1
D/AudioIntelHal( 2552): stopStream: output stream.
D/AudioIntelHal/AudioPlatformState( 2552): route-parameter-manager: Selection criterion changed event: Criterion name: OutputFlags, current state: <none>
D/AudioIntelHal/AudioPlatformState( 2552): route-parameter-manager: Configuration application request {
D/AudioIntelHal/AudioPlatformState( 2552): route-parameter-manager:     Applying configurations {
D/AudioIntelHal/AudioPlatformState( 2552): route-parameter-manager:         Applying configuration "NotApplicable" from domain "StreamRoute.Media.Playback"
D/AudioIntelHal/AudioPlatformState( 2552): route-parameter-manager:         Applying configuration "No" from domain "Route.HwCodec0IA.Playback.Applicable"
D/AudioIntelHal/AudioPlatformState( 2552): route-parameter-manager:     } Applying configurations
D/AudioIntelHal/AudioPlatformState( 2552): route-parameter-manager: } Configuration application request
D/EVENT_THREAD( 2552): void CEventThread::trig(void*, uint32_t): in
D/EVENT_THREAD( 2552): void CEventThread::trig(void*, uint32_t): out
D/RouteManager( 2552): doReconsiderRouting: Route state:
D/RouteManager( 2552): 	-Previously Enabled Route in Input = <none>
D/RouteManager( 2552): 	-Previously Enabled Route in Output = Media|HwCodec0IA
D/RouteManager( 2552): 	-Selected Route in Input = <none>
D/RouteManager( 2552): 	-Selected Route in Output = <none>
D/RouteManager( 2552): 		-executeMuteRoutingStage-
D/RouteManager( 2552): audio-parameter-manager: Selection criterion changed event: Criterion name: RoutageState, current state: Flow
D/RouteManager( 2552): audio-parameter-manager: Selection criterion changed event: Criterion name: ClosingPlaybackRoutes, current state: Media|HwCodec0IA
D/RouteManager( 2552): audio-parameter-manager: Selection criterion changed event: Criterion name: OpenedPlaybackRoutes, current state: <none>
D/RouteManager( 2552): audio-parameter-manager: Configuration application request {
D/RouteManager( 2552): audio-parameter-manager:     Applying configurations {
D/RouteManager( 2552): audio-parameter-manager:         Applying configuration "Mute" from domain "Routing.Mute.HWCodec.HWCodec.Playback.DAC1_VOL"
D/RouteManager( 2552): audio-parameter-manager:         Applying configuration "Mute" from domain "Routing.Sst.Mute.HwCodec.Playback.Internal"
D/RouteManager( 2552): audio-parameter-manager:         Applying configuration "Mute" from domain "Routing.Sst.Mute.Media.Playback.Regular"
D/RouteManager( 2552): audio-parameter-manager:     } Applying configurations
D/RouteManager( 2552): audio-parameter-manager: } Configuration application request
D/RouteManager( 2552): 		-executeDisableRoutingStage-
D/RouteManager( 2552): audio-parameter-manager: Selection criterion changed event: Criterion name: RoutageState, current state: Path
D/TinyAlsaAudioDevice( 2552): close
D/RouteManager( 2552): audio-parameter-manager: Configuration application request {
D/RouteManager( 2552): audio-parameter-manager:     Applying configurations {
D/RouteManager( 2552): audio-parameter-manager:         Applying configuration "Locked" from domain "Routing.Sst.Enable.VoiceProcessingLock.Uplink"
D/RouteManager( 2552): audio-parameter-manager:         Applying configuration "Locked" from domain "Routing.Sst.Enable.VoiceProcessingLock.Downlink"
D/RouteManager( 2552): audio-parameter-manager:         Applying configuration "Disable" from domain "Routing.Enable.HWCodec.Playback.EarpieceIHF"
D/RouteManager( 2552): audio-parameter-manager:     } Applying configurations
D/RouteManager( 2552): audio-parameter-manager: } Configuration application request
D/RouteManager( 2552): 		-executeConfigureRoutingStage-
D/RouteManager( 2552): audio-parameter-manager: Selection criterion changed event: Criterion name: RoutageState, current state: Configure
D/RouteManager( 2552): audio-parameter-manager: Selection criterion changed event: Criterion name: ClosingPlaybackRoutes, current state: <none>
D/RouteManager( 2552): audio-parameter-manager: Configuration application request {
D/RouteManager( 2552): audio-parameter-manager:     Applying configurations {
D/RouteManager( 2552): audio-parameter-manager:         Applying configuration "Disable" from domain "Routing.Configure.HWCodec.Playback.Ihf"
D/RouteManager( 2552): audio-parameter-manager:         Applying configuration "Disable" from domain "Routing.Configure.HWCodec.Playback.DAC1"
D/RouteManager( 2552): audio-parameter-manager:         Applying configuration "Unbind" from domain "Routing.Sst.Configure.Playback.SpeakerEqToSprot"
D/RouteManager( 2552): audio-parameter-manager:         Applying configuration "Unbind" from domain "Routing.Sst.Configure.Playback.Media.ToSpeakerEq"
D/RouteManager( 2552): audio-parameter-manager:         Applying configuration "Unbind" from domain "Routing.Sst.Configure.Playback.HwCodec.SprotToSpeaker"
D/RouteManager( 2552): audio-parameter-manager:         Applying configuration "Dmic.Bind" from domain "Routing.Sst.Configure.AlwaysListening.VTSV"
D/RouteManager( 2552): audio-parameter-manager:     } Applying configurations
D/RouteManager( 2552): audio-parameter-manager: } Configuration application request
D/RouteManager( 2552): 		-executeEnableRoutingStage-
D/RouteManager( 2552): audio-parameter-manager: Selection criterion changed event: Criterion name: RoutageState, current state: Path|Configure
D/RouteManager( 2552): audio-parameter-manager: Configuration application request {
D/RouteManager( 2552): audio-parameter-manager:     Applying configurations {
D/RouteManager( 2552): audio-parameter-manager:         Applying configuration "UnLocked" from domain "Routing.Sst.Enable.VoiceProcessingLock.Uplink"
D/RouteManager( 2552): audio-parameter-manager:         Applying configuration "UnLocked" from domain "Routing.Sst.Enable.VoiceProcessingLock.Downlink"
D/RouteManager( 2552): audio-parameter-manager:     } Applying configurations
D/RouteManager( 2552): audio-parameter-manager: } Configuration application request
D/RouteManager( 2552): 		-executeUnmuteRoutingStage-
D/RouteManager( 2552): audio-parameter-manager: Selection criterion changed event: Criterion name: RoutageState, current state: Flow|Path|Configure
D/RouteManager( 2552): audio-parameter-manager: Configuration application request {
D/RouteManager( 2552): audio-parameter-manager:     Applying configurations {
D/RouteManager( 2552): audio-parameter-manager:     } Applying configurations
D/RouteManager( 2552): audio-parameter-manager: } Configuration application request
D/RouteManager( 2552): doReconsiderRouting: DONE
I/WAKELOCK_RELEASE( 2842): TIMESTAMP=729565710107, TAG=AudioMix, TYPE=PARTIAL_WAKE_LOCK             , COUNT=0, PID=0, UID=1013, FLAGS=
D/EVENT_THREAD( 2552): void CEventThread::run() Do poll with timeout: -1
D/PROPERTY( 2552): get media.dump_output.befconv: 0
D/PROPERTY( 2552): get media.dump_output.aftconv: 0
D/AudioIntelHal( 2552): startStream: output stream.
D/AudioIntelHal/AudioPlatformState( 2552): route-parameter-manager: Selection criterion changed event: Criterion name: OutputFlags, current state: Primary
D/AudioIntelHal/AudioPlatformState( 2552): route-parameter-manager: Configuration application request {
D/AudioIntelHal/AudioPlatformState( 2552): route-parameter-manager:     Applying configurations {
D/AudioIntelHal/AudioPlatformState( 2552): route-parameter-manager:         Applying configuration "Applicable" from domain "StreamRoute.Media.Playback"
D/AudioIntelHal/AudioPlatformState( 2552): route-parameter-manager:         Applying configuration "Yes" from domain "Route.HwCodec0IA.Playback.Applicable"
D/AudioIntelHal/AudioPlatformState( 2552): route-parameter-manager:     } Applying configurations
D/AudioIntelHal/AudioPlatformState( 2552): route-parameter-manager: } Configuration application request
D/EVENT_THREAD( 2552): void CEventThread::trig(void*, uint32_t): in
D/EVENT_THREAD( 2552): void CEventThread::trig(void*, uint32_t): out
I/WAKELOCK_ACQUIRE( 2842): TIMESTAMP=730917946224, TAG=AudioMix, TYPE=PARTIAL_WAKE_LOCK             , COUNT=0, PID=0, UID=1013, FLAGS=
D/RouteManager( 2552): doReconsiderRouting: Route state:
D/RouteManager( 2552): 	-Previously Enabled Route in Input = <none>
D/RouteManager( 2552): 	-Previously Enabled Route in Output = <none>
D/RouteManager( 2552): 	-Selected Route in Input = <none>
D/RouteManager( 2552): 	-Selected Route in Output = Media|HwCodec0IA
D/RouteManager( 2552): 		-executeMuteRoutingStage-
D/RouteManager( 2552): audio-parameter-manager: Selection criterion changed event: Criterion name: RoutageState, current state: Flow
D/RouteManager( 2552): audio-parameter-manager: Configuration application request {
D/RouteManager( 2552): audio-parameter-manager:     Applying configurations {
W/System.err( 4100): java.io.FileNotFoundException: /mnt/sdcard/Android/data/com.wistron.generic.pqaa/files/data.txt: open failed: ENOENT (No such file or directory)
D/RouteManager( 2552): audio-parameter-manager:     } Applying configurations
D/RouteManager( 2552): audio-parameter-manager: } Configuration application request
D/RouteManager( 2552): 		-executeDisableRoutingStage-
D/RouteManager( 2552): audio-parameter-manager: Selection criterion changed event: Criterion name: RoutageState, current state: Path
W/System.err( 4100): 	at libcore.io.IoBridge.open(IoBridge.java:456)
W/System.err( 4100): 	at java.io.FileInputStream.<init>(FileInputStream.java:76)
D/RouteManager( 2552): audio-parameter-manager: Configuration application request {
W/System.err( 4100): 	at java.io.FileInputStream.<init>(FileInputStream.java:103)
D/RouteManager( 2552): audio-parameter-manager:     Applying configurations {
W/System.err( 4100): 	at java.io.FileReader.<init>(FileReader.java:66)
W/System.err( 4100): 	at com.wistron.pqaa_common.jar.global.WisToolKit.getSingleParameters(WisToolKit.java:257)
W/System.err( 4100): 	at com.wistron.generic.pqaa.TestItemsList.getLogInfoConfig(TestItemsList.java:172)
W/System.err( 4100): 	at com.wistron.generic.pqaa.TestItemsList.onClick(TestItemsList.java:975)
D/RouteManager( 2552): audio-parameter-manager:         Applying configuration "Locked" from domain "Routing.Sst.Enable.VoiceProcessingLock.Uplink"
W/System.err( 4100): 	at android.view.View.performClick(View.java:4780)
W/System.err( 4100): 	at android.view.View$PerformClick.run(View.java:19866)
D/RouteManager( 2552): audio-parameter-manager:         Applying configuration "Locked" from domain "Routing.Sst.Enable.VoiceProcessingLock.Downlink"
W/System.err( 4100): 	at android.os.Handler.handleCallback(Handler.java:739)
W/System.err( 4100): 	at android.os.Handler.dispatchMessage(Handler.java:95)
W/System.err( 4100): 	at android.os.Looper.loop(Looper.java:135)
W/System.err( 4100): 	at android.app.ActivityThread.main(ActivityThread.java:5261)
W/System.err( 4100): 	at java.lang.reflect.Method.invoke(Native Method)
W/System.err( 4100): 	at java.lang.reflect.Method.invoke(Method.java:372)
W/System.err( 4100): 	at com.android.internal.os.ZygoteInit$MethodAndArgsCaller.run(ZygoteInit.java:903)
W/System.err( 4100): 	at com.android.internal.os.ZygoteInit.main(ZygoteInit.java:698)
W/System.err( 4100): Caused by: android.system.ErrnoException: open failed: ENOENT (No such file or directory)
W/System.err( 4100): 	at libcore.io.Posix.open(Native Method)
W/System.err( 4100): 	at libcore.io.BlockGuardOs.open(BlockGuardOs.java:186)
W/System.err( 4100): 	at libcore.io.IoBridge.open(IoBridge.java:442)
W/System.err( 4100): 	... 16 more
D/RouteManager( 2552): audio-parameter-manager:     } Applying configurations
D/RouteManager( 2552): audio-parameter-manager: } Configuration application request
D/RouteManager( 2552): 		-executeConfigureRoutingStage-
D/RouteManager( 2552): audio-parameter-manager: Selection criterion changed event: Criterion name: RoutageState, current state: Configure
D/RouteManager( 2552): audio-parameter-manager: Selection criterion changed event: Criterion name: OpenedPlaybackRoutes, current state: Media|HwCodec0IA
D/RouteManager( 2552): audio-parameter-manager: Configuration application request {
D/RouteManager( 2552): audio-parameter-manager:     Applying configurations {
D/RouteManager( 2552): audio-parameter-manager:         Applying configuration "Enable" from domain "Routing.Configure.HWCodec.Playback.Ihf"
D/RouteManager( 2552): audio-parameter-manager:         Applying configuration "Playback" from domain "Routing.Configure.HWCodec.Playback.DAC1"
D/RouteManager( 2552): audio-parameter-manager:         Applying configuration "Bind" from domain "Routing.Sst.Configure.Playback.SpeakerEqToSprot"
D/RouteManager( 2552): audio-parameter-manager:         Applying configuration "Bind" from domain "Routing.Sst.Configure.Playback.Media.ToSpeakerEq"
D/RouteManager( 2552): audio-parameter-manager:         Applying configuration "Bind" from domain "Routing.Sst.Configure.Playback.HwCodec.SprotToSpeaker"
D/RouteManager( 2552): audio-parameter-manager:         Applying configuration "VadMixerInputsAndHfRef.Media.Aec.TxSpeechLine.Bind" from domain "Routing.Sst.Configure.AlwaysListening.VTSV"
I/ActivityManager( 2842): START u0 {cmp=com.wistron.generic.pqaa/com.wistron.generic.monipower.MoniPower (has extras)} from uid 10049 on display 0
V/WindowManager( 2842): addAppToken: AppWindowToken{1c48b6ca token=Token{8ed3235 ActivityRecord{d701c6c u0 com.wistron.generic.pqaa/com.wistron.generic.monipower.MoniPower t24}}} to stack=1 task=24 at 1
I/WAKELOCK_ACQUIRE( 2842): TIMESTAMP=730931992645, TAG=ActivityManager-Launch, TYPE=PARTIAL_WAKE_LOCK             , COUNT=0, PID=2842, UID=1000, FLAGS=
D/RouteManager( 2552): audio-parameter-manager:     } Applying configurations
D/RouteManager( 2552): audio-parameter-manager: } Configuration application request
D/RouteManager( 2552): 		-executeEnableRoutingStage-
D/RouteManager( 2552): audio-parameter-manager: Selection criterion changed event: Criterion name: RoutageState, current state: Path|Configure
D/RouteManager( 2552): audio-parameter-manager: Configuration application request {
D/RouteManager( 2552): audio-parameter-manager:     Applying configurations {
D/RouteManager( 2552): audio-parameter-manager:         Applying configuration "UnLocked" from domain "Routing.Sst.Enable.VoiceProcessingLock.Uplink"
D/RouteManager( 2552): audio-parameter-manager:         Applying configuration "UnLocked" from domain "Routing.Sst.Enable.VoiceProcessingLock.Downlink"
D/RouteManager( 2552): audio-parameter-manager:         Applying configuration "Enable" from domain "Routing.Enable.HWCodec.Playback.EarpieceIHF"
D/RouteManager( 2552): audio-parameter-manager:     } Applying configurations
D/RouteManager( 2552): audio-parameter-manager: } Configuration application request
D/TinyAlsaAudioDevice( 2552): open: card (cherrytrailaud, 0) 
D/TinyAlsaAudioDevice( 2552): 	 config (rate=48000 format=0 channels= 2).
D/TinyAlsaAudioDevice( 2552): 	 RingBuffer config: periodSize=1152 nbPeriod=4startTh=1151 stop Th=4608 silence Th=0
D/AudioConversion( 2552): configure: no convertion required
D/RouteManager( 2552): 		-executeUnmuteRoutingStage-
D/RouteManager( 2552): audio-parameter-manager: Selection criterion changed event: Criterion name: RoutageState, current state: Flow|Path|Configure
D/RouteManager( 2552): audio-parameter-manager: Configuration application request {
D/RouteManager( 2552): audio-parameter-manager:     Applying configurations {
D/RouteManager( 2552): audio-parameter-manager:         Applying configuration "Unmute" from domain "Routing.Mute.HWCodec.HWCodec.Playback.DAC1_VOL"
D/RouteManager( 2552): audio-parameter-manager:         Applying configuration "Unmute" from domain "Routing.Sst.Mute.HwCodec.Playback.Internal"
D/RouteManager( 2552): audio-parameter-manager:         Applying configuration "Unmute" from domain "Routing.Sst.Mute.Media.Playback.Regular"
D/RouteManager( 2552): audio-parameter-manager:     } Applying configurations
D/RouteManager( 2552): audio-parameter-manager: } Configuration application request
D/RouteManager( 2552): doReconsiderRouting: DONE
D/EVENT_THREAD( 2552): void CEventThread::run() Do poll with timeout: -1
E/TinyAlsaStream( 2552): getFramesAvailable: Unable to get available frames
E/TinyAlsaStream( 2552): getFramesAvailable: Unable to get available frames
E/TinyAlsaStream( 2552): getFramesAvailable: Unable to get available frames
D/AndroidRuntime( 4100): Shutting down VM
--------- beginning of crash
E/AndroidRuntime( 4100): FATAL EXCEPTION: main
E/AndroidRuntime( 4100): Process: com.wistron.generic.pqaa, PID: 4100
E/AndroidRuntime( 4100): java.lang.RuntimeException: Unable to start activity ComponentInfo{com.wistron.generic.pqaa/com.wistron.generic.monipower.MoniPower}: java.lang.NumberFormatException: Invalid int: "3.5"
E/AndroidRuntime( 4100): 	at android.app.ActivityThread.performLaunchActivity(ActivityThread.java:2326)
E/AndroidRuntime( 4100): 	at android.app.ActivityThread.handleLaunchActivity(ActivityThread.java:2388)
E/AndroidRuntime( 4100): 	at android.app.ActivityThread.access$800(ActivityThread.java:152)
E/AndroidRuntime( 4100): 	at android.app.ActivityThread$H.handleMessage(ActivityThread.java:1304)
E/AndroidRuntime( 4100): 	at android.os.Handler.dispatchMessage(Handler.java:102)
E/AndroidRuntime( 4100): 	at android.os.Looper.loop(Looper.java:135)
E/AndroidRuntime( 4100): 	at android.app.ActivityThread.main(ActivityThread.java:5261)
E/AndroidRuntime( 4100): 	at java.lang.reflect.Method.invoke(Native Method)
E/AndroidRuntime( 4100): 	at java.lang.reflect.Method.invoke(Method.java:372)
E/AndroidRuntime( 4100): 	at com.android.internal.os.ZygoteInit$MethodAndArgsCaller.run(ZygoteInit.java:903)
E/AndroidRuntime( 4100): 	at com.android.internal.os.ZygoteInit.main(ZygoteInit.java:698)
E/AndroidRuntime( 4100): Caused by: java.lang.NumberFormatException: Invalid int: "3.5"
E/AndroidRuntime( 4100): 	at java.lang.Integer.invalidInt(Integer.java:138)
E/AndroidRuntime( 4100): 	at java.lang.Integer.parse(Integer.java:410)
E/AndroidRuntime( 4100): 	at java.lang.Integer.parseInt(Integer.java:367)
E/AndroidRuntime( 4100): 	at java.lang.Integer.parseInt(Integer.java:334)
E/AndroidRuntime( 4100): 	at com.wistron.generic.monipower.MoniPower.getTestArguments(MoniPower.java:139)
E/AndroidRuntime( 4100): 	at com.wistron.generic.monipower.MoniPower.onCreate(MoniPower.java:67)
E/AndroidRuntime( 4100): 	at android.app.Activity.performCreate(Activity.java:5990)
E/AndroidRuntime( 4100): 	at android.app.Instrumentation.callActivityOnCreate(Instrumentation.java:1106)
E/AndroidRuntime( 4100): 	at android.app.ActivityThread.performLaunchActivity(ActivityThread.java:2279)
E/AndroidRuntime( 4100): 	... 10 more
W/ActivityManager( 2842):   Force finishing activity 1 com.wistron.generic.pqaa/com.wistron.generic.monipower.MoniPower
I/WAKELOCK_ACQUIRE( 2842): TIMESTAMP=730982847656, TAG=ActivityManager-Launch, TYPE=PARTIAL_WAKE_LOCK             , COUNT=0, PID=2842, UID=1000, FLAGS=
W/ActivityManager( 2842):   Force finishing activity 2 com.wistron.generic.pqaa/.TestItemsList
D/CRASHLOG( 2568): receive_inotify_events: Can't handle the event "drop151.tmp", no valid entry found, drop it...
D/CRASHLOG( 2568): receive_inotify_events: Can't handle the event "drop151.tmp", no valid entry found, drop it...
D/CRASHLOG( 2568): sdcard_allowed : Current crashlog mode is NOMINAL MODE - SDCard storage disabled.
D/OpenGLRenderer( 2842): Use EGL_SWAP_BEHAVIOR_PRESERVED: true
D/Atlas   ( 2842): Validating map...
V/WindowManager( 2842): rotationForOrientationLw(orient=-1, last=3); user=0 USER_ROTATION_LOCKED
I/WAKELOCK_ACQUIRE( 2842): TIMESTAMP=731004512426, TAG=SCREEN_FROZEN, TYPE=PARTIAL_WAKE_LOCK             , COUNT=0, PID=2842, UID=1000, FLAGS=
D/SurfaceFlinger( 2310): ORT: DPS allow this projection change
D/SurfaceFlinger( 2310): handleDisplayScaling
I/ActivityManager( 2842): Config changes=480 {1.0 ?mcc?mnc en_US ?layoutDir sw800dp w1280dp h727dp 160dpi xlrg land finger -keyb/v/h -nav/h s.6}
I/InputReader( 2842): Reconfiguring input devices.  changes=0x00000004
I/InputReader( 2842): Device reconfigured: id=4, name='focal-touchscreen', size 1280x800, orientation 0, mode 1, display id 0
V/ActivityManager( 2842): Display changed displayId=0
I/OpenGLRenderer( 2842): Initialized EGL, version 1.4
W/OpenGLRenderer( 2842): Failed to choose config with EGL_SWAP_BEHAVIOR_PRESERVED, retrying without...
D/ufoEGL  ( 2842): droid_create_context : config id = 9 conf->NativeVisualID=1
I/ufoEGL  ( 2842): Requested context : GLES 2.0
D/ufoEGL  ( 2842): Pixel Format : GGL_PIXEL_FORMAT_RGBA_8888
D/ufoEGL  ( 2842): Pixel Format : GGL_PIXEL_FORMAT_RGBA_8888
D/OpenGLRenderer( 2842): Enabling debug mode 0
D/ufoEGL  ( 2842): Pixel Format : GGL_PIXEL_FORMAT_RGBA_8888
D/ufoEGL  ( 2961): Surface destroy: ANDROID_NATIVE_WINDOW_MAGIC
D/ufoEGL  ( 2961): Pixel Format : GGL_PIXEL_FORMAT_RGBA_8888
I/Tethering( 2842): Found payment device
D/ufoEGL  ( 2961): Surface destroy: ANDROID_NATIVE_WINDOW_MAGIC
D/ufoEGL  ( 2961): Pixel Format : GGL_PIXEL_FORMAT_RGBA_8888
D/AndroidRuntime( 4127): >>>>>> START com.android.internal.os.RuntimeInit uid 0 <<<<<<
I/WindowManager( 2842): Screen frozen for +171ms due to Window{9e4667a u0 Application Error: com.wistron.generic.pqaa}
D/AndroidRuntime( 4127): CheckJNI is OFF
I/app_process( 4127): type=1400 audit(0.0:43): avc: denied { execute } for path="/data/dalvik-cache/x86/system@framework@boot.oat" dev="dm-1" ino=90117 scontext=u:r:crashlogd:s0 tcontext=u:object_r:dalvikcache_data_file:s0 tclass=file permissive=1
I/WAKELOCK_RELEASE( 2842): TIMESTAMP=731179896542, TAG=SCREEN_FROZEN, TYPE=PARTIAL_WAKE_LOCK             , COUNT=0, PID=2842, UID=1000, FLAGS=
W/        ( 4127): Failed to bind-mount /system/lib/x86/cpuinfo as /proc/cpuinfo: No such file or directory
E/        ( 4127): Cannot create code cache directory ./code_cache: Read-only file system.
E/HAL     ( 4127): load: module=/system/lib/hw/memtrack.default.so
E/HAL     ( 4127): dlopen failed: library "/system/lib/hw/memtrack.default.so" not found
E/memtrack( 4127): Couldn't load memtrack module (Invalid argument)
E/android.os.Debug( 4127): failed to load memtrack module: -22
D/AndroidRuntime( 4127): Calling main entry com.android.commands.pm.Pm
I/art     ( 4127): System.exit called, status: 0
I/AndroidRuntime( 4127): VM exiting with result code 0.
W/CRASHLOG( 2568): notify_crashreport: Crashreport notification (CRASH_NOTIFY) skipped!
E/CRASHLOG( 2568): CRASH   a2a4e260e00039d12cd1  2017-03-20/07:41:43  JAVACRASH /data/logs/crashlog21
W/ActivityManager( 2842): Activity pause timeout for ActivityRecord{d701c6c u0 com.wistron.generic.pqaa/com.wistron.generic.monipower.MoniPower t24 f}
D/ufoEGL  ( 3200): Pixel Format : GGL_PIXEL_FORMAT_RGBA_8888
I/WAKELOCK_RELEASE( 2842): TIMESTAMP=731580243106, TAG=ActivityManager-Launch, TYPE=PARTIAL_WAKE_LOCK             , COUNT=0, PID=2842, UID=1000, FLAGS=
I/ActivityManager( 2842): Killing 3779:com.android.musicfx/u0a8 (adj 15): empty #9
D/ufoEGL  ( 2961): droid_create_context : config id = 4 conf->NativeVisualID=2
I/ufoEGL  ( 2961): Requested context : GLES 2.0
D/ufoEGL  ( 2961): Pixel Format : GGL_PIXEL_FORMAT_RGBX_8888
D/ufoEGL  ( 2961): Pixel Format : GGL_PIXEL_FORMAT_RGBX_8888
D/ufoEGL  ( 2961): Pixel Format : GGL_PIXEL_FORMAT_RGBX_8888
V/WindowManager( 2842): rotationForOrientationLw(orient=-1, last=0); user=0 USER_ROTATION_LOCKED
D/ufoEGL  ( 2961): Surface destroy: ANDROID_NATIVE_WINDOW_MAGIC
D/ufoEGL  ( 2961): droid_create_context : config id = 4 conf->NativeVisualID=2
I/ufoEGL  ( 2961): Requested context : GLES 2.0
D/ufoEGL  ( 2961): Pixel Format : GGL_PIXEL_FORMAT_RGBX_8888
D/ufoEGL  ( 2961): Pixel Format : GGL_PIXEL_FORMAT_RGBX_8888
D/ufoEGL  ( 2961): Pixel Format : GGL_PIXEL_FORMAT_RGBX_8888
D/ufoEGL  ( 2961): Surface destroy: ANDROID_NATIVE_WINDOW_MAGIC
W/ResourceType( 2961): No package identifier when getting value for resource number 0x00000000
W/PackageManager( 2961): Failure retrieving resources for com.wistron.generic.pqaa: Resource ID #0x0
I/art     ( 2842): Explicit concurrent mark sweep GC freed 79504(3MB) AllocSpace objects, 1(16KB) LOS objects, 33% free, 10MB/15MB, paused 653us total 44.528ms
I/Process ( 4100): Sending signal. PID: 4100 SIG: 9
D/ufoEGL  ( 2842): Surface destroy: ANDROID_NATIVE_WINDOW_MAGIC
E/JavaBinder( 2842): !!! FAILED BINDER TRANSACTION !!!
W/InputMethodManagerService( 2842): Got RemoteException sending setActive(false) notification to pid 4100 uid 10049
E/JavaBinder( 2842): !!! FAILED BINDER TRANSACTION !!!
E/JavaBinder( 3131): !!! FAILED BINDER TRANSACTION !!!
E/JavaBinder( 3131): !!! FAILED BINDER TRANSACTION !!!
I/WindowState( 2842): WIN DEATH: Window{c832b72 u0 com.wistron.generic.pqaa/com.wistron.generic.pqaa.TestItemsList}
I/WAKELOCK_RELEASE( 2842): TIMESTAMP=733418554512, TAG=WindowManager, TYPE=SCREEN_BRIGHT_WAKE_LOCK       , COUNT=0, PID=2842, UID=1000, FLAGS= ON_AFTER_RELEASE
I/ActivityManager( 2842): Process com.wistron.generic.pqaa (pid 4100) has died
W/OpenGLRenderer( 3200): Incorrectly called buildLayer on View: ShortcutAndWidgetContainer, destroying layer...
W/OpenGLRenderer( 3200): Incorrectly called buildLayer on View: ShortcutAndWidgetContainer, destroying layer...
W/OpenGLRenderer( 3200): Incorrectly called buildLayer on View: ShortcutAndWidgetContainer, destroying layer...
I/ActivityManager( 2842): START u0 {act=android.intent.action.MAIN cat=[android.intent.category.LAUNCHER] flg=0x10200000 cmp=com.wistron.generic.pqaa/.TestItemsList (has extras)} from uid 10006 on display 0
V/WindowManager( 2842): addAppToken: AppWindowToken{1823ef15 token=Token{b4a40cc ActivityRecord{15aa7aff u0 com.wistron.generic.pqaa/.TestItemsList t25}}} to stack=1 task=25 at 0
I/WAKELOCK_ACQUIRE( 2842): TIMESTAMP=735206642915, TAG=ActivityManager-Launch, TYPE=PARTIAL_WAKE_LOCK             , COUNT=0, PID=2842, UID=1000, FLAGS=
V/WindowManager( 2842): Adding window Window{cad76f6 u0 Starting com.wistron.generic.pqaa} at 3 of 8 (after Window{10995f51 u0 com.android.launcher/com.android.launcher2.Launcher})
W/art     ( 2565): PreZygoteFork called when we already have a zygote space.
I/ActivityManager( 2842): Start proc 4166:com.wistron.generic.pqaa/u0a49 for activity com.wistron.generic.pqaa/.TestItemsList
E/art     ( 4166): setrlimit(RLIMIT_CORE) failed for pid 4166: Operation not permitted
V/WindowManager( 2842): rotationForOrientationLw(orient=1, last=0); user=0 USER_ROTATION_LOCKED
I/WAKELOCK_ACQUIRE( 2842): TIMESTAMP=735272778550, TAG=SCREEN_FROZEN, TYPE=PARTIAL_WAKE_LOCK             , COUNT=0, PID=2842, UID=1000, FLAGS=
V/ActivityManager( 2842): Display changed displayId=0
D/SurfaceFlinger( 2310): ORT: DPS allow this projection change
D/SurfaceFlinger( 2310): handleDisplayScaling
I/ActivityManager( 2842): Config changes=480 {1.0 ?mcc?mnc en_US ?layoutDir sw800dp w800dp h1207dp 160dpi xlrg port finger -keyb/v/h -nav/h s.7}
I/InputReader( 2842): Reconfiguring input devices.  changes=0x00000004
I/InputReader( 2842): Device reconfigured: id=4, name='focal-touchscreen', size 1280x800, orientation 3, mode 1, display id 0
I/Tethering( 2842): Found payment device
D/ufoEGL  ( 3200): Surface destroy: ANDROID_NATIVE_WINDOW_MAGIC
D/ufoEGL  ( 2961): droid_create_context : config id = 4 conf->NativeVisualID=2
I/ufoEGL  ( 2961): Requested context : GLES 2.0
D/ufoEGL  ( 2961): Pixel Format : GGL_PIXEL_FORMAT_RGBX_8888
D/ufoEGL  ( 2961): Pixel Format : GGL_PIXEL_FORMAT_RGBX_8888
D/ufoEGL  ( 2961): Pixel Format : GGL_PIXEL_FORMAT_RGBX_8888
D/ufoEGL  ( 2961): Surface destroy: ANDROID_NATIVE_WINDOW_MAGIC
W/System.err( 4166): java.io.FileNotFoundException: /mnt/sdcard/Android/data/com.wistron.generic.pqaa/files/pqaa_config/start.cfg: open failed: ENOENT (No such file or directory)
W/System.err( 4166): 	at libcore.io.IoBridge.open(IoBridge.java:456)
W/System.err( 4166): 	at java.io.FileInputStream.<init>(FileInputStream.java:76)
W/System.err( 4166): 	at java.io.FileInputStream.<init>(FileInputStream.java:103)
W/System.err( 4166): 	at java.io.FileReader.<init>(FileReader.java:66)
W/System.err( 4166): 	at com.wistron.pqaa_common.jar.global.WisToolKit.getSingleParameters(WisToolKit.java:257)
W/System.err( 4166): 	at com.wistron.generic.pqaa.TestItemsList.getSettingParameter(TestItemsList.java:313)
W/System.err( 4166): 	at com.wistron.generic.pqaa.TestItemsList.onCreate(TestItemsList.java:161)
W/System.err( 4166): 	at android.app.Activity.performCreate(Activity.java:5990)
W/System.err( 4166): 	at android.app.Instrumentation.callActivityOnCreate(Instrumentation.java:1106)
W/System.err( 4166): 	at android.app.ActivityThread.performLaunchActivity(ActivityThread.java:2279)
W/System.err( 4166): 	at android.app.ActivityThread.handleLaunchActivity(ActivityThread.java:2388)
W/System.err( 4166): 	at android.app.ActivityThread.access$800(ActivityThread.java:152)
W/System.err( 4166): 	at android.app.ActivityThread$H.handleMessage(ActivityThread.java:1304)
W/System.err( 4166): 	at android.os.Handler.dispatchMessage(Handler.java:102)
W/System.err( 4166): 	at android.os.Looper.loop(Looper.java:135)
W/System.err( 4166): 	at android.app.ActivityThread.main(ActivityThread.java:5261)
W/System.err( 4166): 	at java.lang.reflect.Method.invoke(Native Method)
W/System.err( 4166): 	at java.lang.reflect.Method.invoke(Method.java:372)
W/System.err( 4166): 	at com.android.internal.os.ZygoteInit$MethodAndArgsCaller.run(ZygoteInit.java:903)
W/System.err( 4166): 	at com.android.internal.os.ZygoteInit.main(ZygoteInit.java:698)
W/System.err( 4166): Caused by: android.system.ErrnoException: open failed: ENOENT (No such file or directory)
W/System.err( 4166): 	at libcore.io.Posix.open(Native Method)
W/System.err( 4166): 	at libcore.io.BlockGuardOs.open(BlockGuardOs.java:186)
W/System.err( 4166): 	at libcore.io.IoBridge.open(IoBridge.java:442)
W/System.err( 4166): 	... 19 more
D/OpenGLRenderer( 4166): Use EGL_SWAP_BEHAVIOR_PRESERVED: true
I/ufoGralloc( 4166): Hello, this is UFO GRALLOC/Intel Corporation
D/Atlas   ( 4166): Validating map...
V/WindowManager( 2842): Adding window Window{e9077c9 u0 com.wistron.generic.pqaa/com.wistron.generic.pqaa.TestItemsList} at 3 of 10 (before Window{cad76f6 u0 Starting com.wistron.generic.pqaa})
V/WindowManager( 2842): Adding window Window{145e21ef u0 com.wistron.generic.pqaa/com.wistron.generic.pqaa.TestItemsList} at 3 of 11 (before Window{e9077c9 u0 com.wistron.generic.pqaa/com.wistron.generic.pqaa.TestItemsList})
I/System.out( 4166): **************--->***26
D/ufoEGL  ( 4166): ENV OGL (32bit) enabled for all processes, use "setptop persist.intel.ogl.procname" to limit it to a single process
I/OpenGLRenderer( 4166): Initialized EGL, version 1.4
W/OpenGLRenderer( 4166): Failed to choose config with EGL_SWAP_BEHAVIOR_PRESERVED, retrying without...
D/ufoEGL  ( 4166): droid_create_context : config id = 9 conf->NativeVisualID=1
I/ufoEGL  ( 4166): Requested context : GLES 2.0
D/ufoEGL  ( 4166): Pixel Format : GGL_PIXEL_FORMAT_RGBA_8888
D/ufoEGL  ( 4166): Pixel Format : GGL_PIXEL_FORMAT_RGBA_8888
D/OpenGLRenderer( 4166): Enabling debug mode 0
D/skuwa   ( 4166): Detected device 22B0:54 family 17:11
D/ufoEGL  ( 4166): Pixel Format : GGL_PIXEL_FORMAT_RGBA_8888
D/ufoEGL  ( 2961): droid_create_context : config id = 4 conf->NativeVisualID=2
I/ufoEGL  ( 2961): Requested context : GLES 2.0
D/ufoEGL  ( 2961): Pixel Format : GGL_PIXEL_FORMAT_RGBX_8888
D/ufoEGL  ( 2961): Pixel Format : GGL_PIXEL_FORMAT_RGBX_8888
D/ufoEGL  ( 2961): Pixel Format : GGL_PIXEL_FORMAT_RGBX_8888
I/WAKELOCK_ACQUIRE( 2842): TIMESTAMP=735507119554, TAG=WindowManager, TYPE=SCREEN_BRIGHT_WAKE_LOCK       , COUNT=0, PID=2842, UID=1000, FLAGS= ON_AFTER_RELEASE
D/ufoEGL  ( 4166): Pixel Format : GGL_PIXEL_FORMAT_RGBA_8888
D/ufoEGL  ( 4166): Surface destroy: ANDROID_NATIVE_WINDOW_MAGIC
D/ufoEGL  ( 2961): Surface destroy: ANDROID_NATIVE_WINDOW_MAGIC
D/ufoEGL  ( 2961): Surface destroy: ANDROID_NATIVE_WINDOW_MAGIC
D/ufoEGL  ( 2961): Pixel Format : GGL_PIXEL_FORMAT_RGBA_8888
D/ufoEGL  ( 2961): Surface destroy: ANDROID_NATIVE_WINDOW_MAGIC
D/ufoEGL  ( 2961): Pixel Format : GGL_PIXEL_FORMAT_RGBA_8888
V/WindowManager( 2842): Layouts looping: On entry to LockedInner, mPendingLayoutChanges = 0x1
V/WindowManager( 2842): Layouts looping: loop number 4, mPendingLayoutChanges = 0x0
V/WindowManager( 2842): Layouts looping: after finishPostLayoutPolicyLw, mPendingLayoutChanges = 0x0
V/WindowManager( 2842): Layouts looping: mLayoutNeeded, mPendingLayoutChanges = 0x1
V/WindowManager( 2842): Layouts looping: On entry to LockedInner, mPendingLayoutChanges = 0x1
V/WindowManager( 2842): Layouts looping: loop number 5, mPendingLayoutChanges = 0x0
V/WindowManager( 2842): Layouts looping: after finishPostLayoutPolicyLw, mPendingLayoutChanges = 0x0
V/WindowManager( 2842): Layouts looping: mLayoutNeeded, mPendingLayoutChanges = 0x1
E/WindowManager( 2842): Performed 6 layouts in a row. Skipping
W/IInputConnectionWrapper( 3200): showStatusIcon on inactive InputConnection
I/ActivityManager( 2842): Displayed com.wistron.generic.pqaa/.TestItemsList: +458ms (total +4s750ms)
I/WindowManager( 2842): Screen frozen for +444ms due to Window{cad76f6 u0 Starting com.wistron.generic.pqaa}
I/WAKELOCK_RELEASE( 2842): TIMESTAMP=735716517319, TAG=ActivityManager-Launch, TYPE=PARTIAL_WAKE_LOCK             , COUNT=0, PID=2842, UID=1000, FLAGS=
I/WAKELOCK_RELEASE( 2842): TIMESTAMP=735727909803, TAG=SCREEN_FROZEN, TYPE=PARTIAL_WAKE_LOCK             , COUNT=0, PID=2842, UID=1000, FLAGS=
V/WindowManager( 2842): rotationForOrientationLw(orient=1, last=3); user=0 USER_ROTATION_LOCKED
D/CRASHLOG( 2568): receive_inotify_events: Can't handle the event "tmp", no valid entry found, drop it...
I/dumpstate( 4189): begin
D/CRASHLOG( 2568): receive_inotify_events: Can't handle the event "drop157.tmp", no valid entry found, drop it...
D/CRASHLOG( 2568): receive_inotify_events: Can't handle the event "drop157.tmp", no valid entry found, drop it...
D/CRASHLOG( 2568): receive_inotify_events: Can't handle the event "system_app_strictmode@1489995708825.txt.gz", no valid entry found, drop it...
I/art     ( 2842): Explicit concurrent mark sweep GC freed 11350(622KB) AllocSpace objects, 2(32KB) LOS objects, 33% free, 10MB/15MB, paused 644us total 53.895ms
I/art     ( 2842): Thread[5,tid=2850,WaitingInMainSignalCatcherLoop,Thread*=0xf8f258a8,peer=0x12c020a0,"Signal Catcher"]: reacting to signal 3
E/Sensors ( 2842): sensorhal: sensorPoll: line: 189 poll error: 4 Interrupted system call
D/AudioIntelHal( 2552): stopStream: output stream.
D/AudioIntelHal/AudioPlatformState( 2552): route-parameter-manager: Selection criterion changed event: Criterion name: OutputFlags, current state: <none>
D/AudioIntelHal/AudioPlatformState( 2552): route-parameter-manager: Configuration application request {
D/AudioIntelHal/AudioPlatformState( 2552): route-parameter-manager:     Applying configurations {
D/AudioIntelHal/AudioPlatformState( 2552): route-parameter-manager:         Applying configuration "NotApplicable" from domain "StreamRoute.Media.Playback"
D/AudioIntelHal/AudioPlatformState( 2552): route-parameter-manager:         Applying configuration "No" from domain "Route.HwCodec0IA.Playback.Applicable"
D/AudioIntelHal/AudioPlatformState( 2552): route-parameter-manager:     } Applying configurations
D/AudioIntelHal/AudioPlatformState( 2552): route-parameter-manager: } Configuration application request
D/EVENT_THREAD( 2552): void CEventThread::trig(void*, uint32_t): in
D/EVENT_THREAD( 2552): void CEventThread::trig(void*, uint32_t): out
D/RouteManager( 2552): doReconsiderRouting: Route state:
D/RouteManager( 2552): 	-Previously Enabled Route in Input = <none>
D/RouteManager( 2552): 	-Previously Enabled Route in Output = Media|HwCodec0IA
D/RouteManager( 2552): 	-Selected Route in Input = <none>
D/RouteManager( 2552): 	-Selected Route in Output = <none>
D/RouteManager( 2552): 		-executeMuteRoutingStage-
D/RouteManager( 2552): audio-parameter-manager: Selection criterion changed event: Criterion name: RoutageState, current state: Flow
D/RouteManager( 2552): audio-parameter-manager: Selection criterion changed event: Criterion name: ClosingPlaybackRoutes, current state: Media|HwCodec0IA
D/RouteManager( 2552): audio-parameter-manager: Selection criterion changed event: Criterion name: OpenedPlaybackRoutes, current state: <none>
D/RouteManager( 2552): audio-parameter-manager: Configuration application request {
D/RouteManager( 2552): audio-parameter-manager:     Applying configurations {
D/RouteManager( 2552): audio-parameter-manager:         Applying configuration "Mute" from domain "Routing.Mute.HWCodec.HWCodec.Playback.DAC1_VOL"
D/RouteManager( 2552): audio-parameter-manager:         Applying configuration "Mute" from domain "Routing.Sst.Mute.HwCodec.Playback.Internal"
D/RouteManager( 2552): audio-parameter-manager:         Applying configuration "Mute" from domain "Routing.Sst.Mute.Media.Playback.Regular"
D/RouteManager( 2552): audio-parameter-manager:     } Applying configurations
D/RouteManager( 2552): audio-parameter-manager: } Configuration application request
D/RouteManager( 2552): 		-executeDisableRoutingStage-
D/RouteManager( 2552): audio-parameter-manager: Selection criterion changed event: Criterion name: RoutageState, current state: Path
D/TinyAlsaAudioDevice( 2552): close
D/RouteManager( 2552): audio-parameter-manager: Configuration application request {
D/RouteManager( 2552): audio-parameter-manager:     Applying configurations {
D/RouteManager( 2552): audio-parameter-manager:         Applying configuration "Locked" from domain "Routing.Sst.Enable.VoiceProcessingLock.Uplink"
D/RouteManager( 2552): audio-parameter-manager:         Applying configuration "Locked" from domain "Routing.Sst.Enable.VoiceProcessingLock.Downlink"
D/RouteManager( 2552): audio-parameter-manager:         Applying configuration "Disable" from domain "Routing.Enable.HWCodec.Playback.EarpieceIHF"
D/RouteManager( 2552): audio-parameter-manager:     } Applying configurations
D/RouteManager( 2552): audio-parameter-manager: } Configuration application request
D/RouteManager( 2552): 		-executeConfigureRoutingStage-
D/RouteManager( 2552): audio-parameter-manager: Selection criterion changed event: Criterion name: RoutageState, current state: Configure
D/RouteManager( 2552): audio-parameter-manager: Selection criterion changed event: Criterion name: ClosingPlaybackRoutes, current state: <none>
D/RouteManager( 2552): audio-parameter-manager: Configuration application request {
D/RouteManager( 2552): audio-parameter-manager:     Applying configurations {
D/RouteManager( 2552): audio-parameter-manager:         Applying configuration "Disable" from domain "Routing.Configure.HWCodec.Playback.Ihf"
D/RouteManager( 2552): audio-parameter-manager:         Applying configuration "Disable" from domain "Routing.Configure.HWCodec.Playback.DAC1"
D/RouteManager( 2552): audio-parameter-manager:         Applying configuration "Unbind" from domain "Routing.Sst.Configure.Playback.SpeakerEqToSprot"
D/RouteManager( 2552): audio-parameter-manager:         Applying configuration "Unbind" from domain "Routing.Sst.Configure.Playback.Media.ToSpeakerEq"
D/RouteManager( 2552): audio-parameter-manager:         Applying configuration "Unbind" from domain "Routing.Sst.Configure.Playback.HwCodec.SprotToSpeaker"
D/RouteManager( 2552): audio-parameter-manager:         Applying configuration "Dmic.Bind" from domain "Routing.Sst.Configure.AlwaysListening.VTSV"
D/RouteManager( 2552): audio-parameter-manager:     } Applying configurations
D/RouteManager( 2552): audio-parameter-manager: } Configuration application request
D/RouteManager( 2552): 		-executeEnableRoutingStage-
D/RouteManager( 2552): audio-parameter-manager: Selection criterion changed event: Criterion name: RoutageState, current state: Path|Configure
D/RouteManager( 2552): audio-parameter-manager: Configuration application request {
D/RouteManager( 2552): audio-parameter-manager:     Applying configurations {
D/RouteManager( 2552): audio-parameter-manager:         Applying configuration "UnLocked" from domain "Routing.Sst.Enable.VoiceProcessingLock.Uplink"
D/RouteManager( 2552): audio-parameter-manager:         Applying configuration "UnLocked" from domain "Routing.Sst.Enable.VoiceProcessingLock.Downlink"
D/RouteManager( 2552): audio-parameter-manager:     } Applying configurations
D/RouteManager( 2552): audio-parameter-manager: } Configuration application request
D/RouteManager( 2552): 		-executeUnmuteRoutingStage-
D/RouteManager( 2552): audio-parameter-manager: Selection criterion changed event: Criterion name: RoutageState, current state: Flow|Path|Configure
D/RouteManager( 2552): audio-parameter-manager: Configuration application request {
D/RouteManager( 2552): audio-parameter-manager:     Applying configurations {
D/RouteManager( 2552): audio-parameter-manager:     } Applying configurations
D/RouteManager( 2552): audio-parameter-manager: } Configuration application request
D/RouteManager( 2552): doReconsiderRouting: DONE
D/EVENT_THREAD( 2552): void CEventThread::run() Do poll with timeout: -1
I/WAKELOCK_RELEASE( 2842): TIMESTAMP=738792948039, TAG=AudioMix, TYPE=PARTIAL_WAKE_LOCK             , COUNT=0, PID=0, UID=1013, FLAGS=
I/art     ( 2842): Wrote stack traces to '/data/anr/traces.txt'
I/art     ( 2961): Thread[5,tid=2970,WaitingInMainSignalCatcherLoop,Thread*=0xf8f25d08,peer=0x12c000a0,"Signal Catcher"]: reacting to signal 3
I/art     ( 2961): Wrote stack traces to '/data/anr/traces.txt'
I/art     ( 3131): Thread[5,tid=3140,WaitingInMainSignalCatcherLoop,Thread*=0xf8f25d08,peer=0x1da070a0,"Signal Catcher"]: reacting to signal 3
I/art     ( 3131): Wrote stack traces to '/data/anr/traces.txt'
I/art     ( 3152): Thread[5,tid=3162,WaitingInMainSignalCatcherLoop,Thread*=0xf8f25d08,peer=0x12c000a0,"Signal Catcher"]: reacting to signal 3
I/art     ( 3152): Wrote stack traces to '/data/anr/traces.txt'
I/art     ( 3174): Thread[5,tid=3182,WaitingInMainSignalCatcherLoop,Thread*=0xf8f25f50,peer=0x12c000a0,"Signal Catcher"]: reacting to signal 3
I/art     ( 3174): Wrote stack traces to '/data/anr/traces.txt'
I/art     ( 3200): Thread[5,tid=3239,WaitingInMainSignalCatcherLoop,Thread*=0xf8f25f50,peer=0x1da070a0,"Signal Catcher"]: reacting to signal 3
D/TaskPersister( 2842): removeObsoleteFile: deleting file=24_task.xml
I/art     ( 3200): Wrote stack traces to '/data/anr/traces.txt'
I/art     ( 3451): Thread[5,tid=3467,WaitingInMainSignalCatcherLoop,Thread*=0xf8f26168,peer=0x12c000a0,"Signal Catcher"]: reacting to signal 3
I/art     ( 3451): Wrote stack traces to '/data/anr/traces.txt'
I/art     ( 3689): Thread[5,tid=3697,WaitingInMainSignalCatcherLoop,Thread*=0xf8f25f50,peer=0x1da070a0,"Signal Catcher"]: reacting to signal 3
I/art     ( 3689): Wrote stack traces to '/data/anr/traces.txt'
I/art     ( 3824): Thread[5,tid=3832,WaitingInMainSignalCatcherLoop,Thread*=0xf8f25f50,peer=0x12c070a0,"Signal Catcher"]: reacting to signal 3
I/art     ( 3824): Wrote stack traces to '/data/anr/traces.txt'
I/art     ( 3869): Thread[5,tid=3877,WaitingInMainSignalCatcherLoop,Thread*=0xf8f26168,peer=0x1da070a0,"Signal Catcher"]: reacting to signal 3
I/art     ( 3869): Wrote stack traces to '/data/anr/traces.txt'
I/art     ( 3922): Thread[5,tid=3930,WaitingInMainSignalCatcherLoop,Thread*=0xf8f25f50,peer=0x1da070a0,"Signal Catcher"]: reacting to signal 3
I/art     ( 3922): Wrote stack traces to '/data/anr/traces.txt'
I/art     ( 3993): Thread[5,tid=4001,WaitingInMainSignalCatcherLoop,Thread*=0xf8f26168,peer=0x1da070a0,"Signal Catcher"]: reacting to signal 3
I/art     ( 3993): Wrote stack traces to '/data/anr/traces.txt'
I/art     ( 4019): Thread[5,tid=4030,WaitingInMainSignalCatcherLoop,Thread*=0xf8f25f50,peer=0x1da070a0,"Signal Catcher"]: reacting to signal 3
I/art     ( 4019): Wrote stack traces to '/data/anr/traces.txt'
I/art     ( 4039): Thread[5,tid=4047,WaitingInMainSignalCatcherLoop,Thread*=0xf8f26168,peer=0x1da070a0,"Signal Catcher"]: reacting to signal 3
I/art     ( 4039): Wrote stack traces to '/data/anr/traces.txt'
I/art     ( 4059): Thread[5,tid=4067,WaitingInMainSignalCatcherLoop,Thread*=0xf8f25f50,peer=0x1da070a0,"Signal Catcher"]: reacting to signal 3
I/art     ( 4059): Wrote stack traces to '/data/anr/traces.txt'
I/art     ( 4166): Thread[5,tid=4174,WaitingInMainSignalCatcherLoop,Thread*=0xf8f25f50,peer=0x12c000a0,"Signal Catcher"]: reacting to signal 3
I/art     ( 4166): Wrote stack traces to '/data/anr/traces.txt'
E/WifiStateMachine( 2842): WifiStateMachine CMD_START_SCAN source -2 txSuccessRate=0.00 rxSuccessRate=15.13 targetRoamBSSID=f0:9c:e9:1a:75:95 RSSI=-39
E/WifiStateMachine( 2842): WifiStateMachine starting scan for "OTA"WPA_PSK with 2412,2437
I/WAKELOCK_ACQUIRE( 2842): TIMESTAMP=748002492631, TAG=*alarm*, TYPE=PARTIAL_WAKE_LOCK             , COUNT=0, PID=2842, UID=1000, FLAGS=
I/WAKELOCK_RELEASE( 2842): TIMESTAMP=748035181249, TAG=*alarm*, TYPE=PARTIAL_WAKE_LOCK             , COUNT=0, PID=2842, UID=1000, FLAGS=
D/PROPERTY( 2552): get media.dump_output.befconv: 0
D/PROPERTY( 2552): get media.dump_output.aftconv: 0
D/AudioIntelHal( 2552): startStream: output stream.
D/AudioIntelHal/AudioPlatformState( 2552): route-parameter-manager: Selection criterion changed event: Criterion name: OutputFlags, current state: Primary
D/AudioIntelHal/AudioPlatformState( 2552): route-parameter-manager: Configuration application request {
D/AudioIntelHal/AudioPlatformState( 2552): route-parameter-manager:     Applying configurations {
D/AudioIntelHal/AudioPlatformState( 2552): route-parameter-manager:         Applying configuration "Applicable" from domain "StreamRoute.Media.Playback"
D/AudioIntelHal/AudioPlatformState( 2552): route-parameter-manager:         Applying configuration "Yes" from domain "Route.HwCodec0IA.Playback.Applicable"
D/AudioIntelHal/AudioPlatformState( 2552): route-parameter-manager:     } Applying configurations
D/AudioIntelHal/AudioPlatformState( 2552): route-parameter-manager: } Configuration application request
D/EVENT_THREAD( 2552): void CEventThread::trig(void*, uint32_t): in
D/EVENT_THREAD( 2552): void CEventThread::trig(void*, uint32_t): out
I/WAKELOCK_ACQUIRE( 2842): TIMESTAMP=751772299349, TAG=AudioMix, TYPE=PARTIAL_WAKE_LOCK             , COUNT=0, PID=0, UID=1013, FLAGS=
D/RouteManager( 2552): doReconsiderRouting: Route state:
D/RouteManager( 2552): 	-Previously Enabled Route in Input = <none>
D/RouteManager( 2552): 	-Previously Enabled Route in Output = <none>
D/RouteManager( 2552): 	-Selected Route in Input = <none>
D/RouteManager( 2552): 	-Selected Route in Output = Media|HwCodec0IA
D/RouteManager( 2552): 		-executeMuteRoutingStage-
D/RouteManager( 2552): audio-parameter-manager: Selection criterion changed event: Criterion name: RoutageState, current state: Flow
D/RouteManager( 2552): audio-parameter-manager: Configuration application request {
D/RouteManager( 2552): audio-parameter-manager:     Applying configurations {
D/RouteManager( 2552): audio-parameter-manager:     } Applying configurations
D/RouteManager( 2552): audio-parameter-manager: } Configuration application request
D/RouteManager( 2552): 		-executeDisableRoutingStage-
D/RouteManager( 2552): audio-parameter-manager: Selection criterion changed event: Criterion name: RoutageState, current state: Path
D/RouteManager( 2552): audio-parameter-manager: Configuration application request {
D/RouteManager( 2552): audio-parameter-manager:     Applying configurations {
D/RouteManager( 2552): audio-parameter-manager:         Applying configuration "Locked" from domain "Routing.Sst.Enable.VoiceProcessingLock.Uplink"
D/RouteManager( 2552): audio-parameter-manager:         Applying configuration "Locked" from domain "Routing.Sst.Enable.VoiceProcessingLock.Downlink"
D/RouteManager( 2552): audio-parameter-manager:     } Applying configurations
D/RouteManager( 2552): audio-parameter-manager: } Configuration application request
D/RouteManager( 2552): 		-executeConfigureRoutingStage-
D/RouteManager( 2552): audio-parameter-manager: Selection criterion changed event: Criterion name: RoutageState, current state: Configure
D/RouteManager( 2552): audio-parameter-manager: Selection criterion changed event: Criterion name: OpenedPlaybackRoutes, current state: Media|HwCodec0IA
D/RouteManager( 2552): audio-parameter-manager: Configuration application request {
D/RouteManager( 2552): audio-parameter-manager:     Applying configurations {
D/RouteManager( 2552): audio-parameter-manager:         Applying configuration "Enable" from domain "Routing.Configure.HWCodec.Playback.Ihf"
D/RouteManager( 2552): audio-parameter-manager:         Applying configuration "Playback" from domain "Routing.Configure.HWCodec.Playback.DAC1"
D/RouteManager( 2552): audio-parameter-manager:         Applying configuration "Bind" from domain "Routing.Sst.Configure.Playback.SpeakerEqToSprot"
D/RouteManager( 2552): audio-parameter-manager:         Applying configuration "Bind" from domain "Routing.Sst.Configure.Playback.Media.ToSpeakerEq"
D/RouteManager( 2552): audio-parameter-manager:         Applying configuration "Bind" from domain "Routing.Sst.Configure.Playback.HwCodec.SprotToSpeaker"
