D/RouteManager( 2552): audio-parameter-manager:         Applying configuration "UnLocked" from domain "Routing.Sst.Enable.VoiceProcessingLock.Uplink"
D/RouteManager( 2552): audio-parameter-manager:         Applying configuration "UnLocked" from domain "Routing.Sst.Enable.VoiceProcessingLock.Downlink"
D/RouteManager( 2552): audio-parameter-manager:     } Applying configurations
D/RouteManager( 2552): audio-parameter-manager: } Configuration application request
D/RouteManager( 2552): 		-executeUnmuteRoutingStage-
D/RouteManager( 2552): audio-parameter-manager: Selection criterion changed event: Criterion name: RoutageState, current state: Flow|Path|Configure
D/RouteManager( 2552): audio-parameter-manager: Configuration application request {
D/RouteManager( 2552): audio-parameter-manager:     Applying configurations {
D/RouteManager( 2552): audio-parameter-manager:     } Applying configurations
D/RouteManager( 2552): audio-parameter-manager: } Configuration application request
D/RouteManager( 2552): doReconsiderRouting: DONE
D/EVENT_THREAD( 2552): void CEventThread::run() Do poll with timeout: -1
I/WAKELOCK_RELEASE( 2842): TIMESTAMP=389752192735, TAG=AudioMix, TYPE=PARTIAL_WAKE_LOCK             , COUNT=0, PID=0, UID=1013, FLAGS=
E/WifiStateMachine( 2842): WifiStateMachine CMD_START_SCAN source -2 txSuccessRate=0.00 rxSuccessRate=4.40 targetRoamBSSID=f0:9c:e9:1a:75:95 RSSI=-31
E/WifiStateMachine( 2842): WifiStateMachine starting scan for "OTA"WPA_PSK with 2412,2437
E/WifiStateMachine( 2842): WifiStateMachine CMD_START_SCAN source -2 txSuccessRate=0.00 rxSuccessRate=14.79 targetRoamBSSID=f0:9c:e9:1a:75:95 RSSI=-30
E/WifiStateMachine( 2842): WifiStateMachine starting scan for "OTA"WPA_PSK with 2412,2437
I/EntropyMixer( 2842): Writing entropy...
E/WifiStateMachine( 2842): WifiStateMachine CMD_START_SCAN source -2 txSuccessRate=0.00 rxSuccessRate=43.11 targetRoamBSSID=f0:9c:e9:1a:75:95 RSSI=-30
E/WifiStateMachine( 2842): WifiStateMachine starting scan for "OTA"WPA_PSK with 2412,2437
I/WAKELOCK_ACQUIRE( 2842): TIMESTAMP=448002166100, TAG=*alarm*, TYPE=PARTIAL_WAKE_LOCK             , COUNT=0, PID=2842, UID=1000, FLAGS=
I/WAKELOCK_RELEASE( 2842): TIMESTAMP=448039140782, TAG=*alarm*, TYPE=PARTIAL_WAKE_LOCK             , COUNT=0, PID=2842, UID=1000, FLAGS=
E/WifiStateMachine( 2842): WifiStateMachine CMD_START_SCAN source -2 txSuccessRate=0.00 rxSuccessRate=11.12 targetRoamBSSID=f0:9c:e9:1a:75:95 RSSI=-30
E/WifiStateMachine( 2842): WifiStateMachine starting scan for "OTA"WPA_PSK with 2412,2437
E/WifiStateMachine( 2842): WifiStateMachine CMD_START_SCAN source -2 txSuccessRate=0.00 rxSuccessRate=17.31 targetRoamBSSID=f0:9c:e9:1a:75:95 RSSI=-30
E/WifiStateMachine( 2842): WifiStateMachine starting scan for "OTA"WPA_PSK with 2412,2437
E/WifiStateMachine( 2842): WifiStateMachine CMD_START_SCAN source -2 txSuccessRate=0.00 rxSuccessRate=19.72 targetRoamBSSID=f0:9c:e9:1a:75:95 RSSI=-30
E/WifiStateMachine( 2842): WifiStateMachine starting scan for "OTA"WPA_PSK with 2412,2437
I/WAKELOCK_ACQUIRE( 2842): TIMESTAMP=508001586743, TAG=*alarm*, TYPE=PARTIAL_WAKE_LOCK             , COUNT=0, PID=2842, UID=1000, FLAGS=
I/WAKELOCK_RELEASE( 2842): TIMESTAMP=508041538760, TAG=*alarm*, TYPE=PARTIAL_WAKE_LOCK             , COUNT=0, PID=2842, UID=1000, FLAGS=
E/WifiStateMachine( 2842): WifiStateMachine CMD_START_SCAN source -2 txSuccessRate=0.00 rxSuccessRate=4.97 targetRoamBSSID=f0:9c:e9:1a:75:95 RSSI=-30
I/ActivityManager( 2842): START u0 {act=android.intent.action.MAIN cat=[android.intent.category.LAUNCHER] flg=0x10200000 cmp=com.wistron.generic.pqaa/.TestItemsList (has extras)} from uid 10006 on display 0
V/WindowManager( 2842): addAppToken: AppWindowToken{12a2f10 token=Token{ddfe7d3 ActivityRecord{1117cdc2 u0 com.wistron.generic.pqaa/.TestItemsList t24}}} to stack=1 task=24 at 0
V/WindowManager( 2842): Adding window Window{1b044dc5 u0 Starting com.wistron.generic.pqaa} at 3 of 8 (after Window{10995f51 u0 com.android.launcher/com.android.launcher2.Launcher})
I/WAKELOCK_ACQUIRE( 2842): TIMESTAMP=536843259065, TAG=ActivityManager-Launch, TYPE=PARTIAL_WAKE_LOCK             , COUNT=0, PID=2842, UID=1000, FLAGS=
D/PROPERTY( 2552): get media.dump_output.befconv: 0
D/PROPERTY( 2552): get media.dump_output.aftconv: 0
D/AudioIntelHal( 2552): startStream: output stream.
D/AudioIntelHal/AudioPlatformState( 2552): route-parameter-manager: Selection criterion changed event: Criterion name: OutputFlags, current state: Primary
D/AudioIntelHal/AudioPlatformState( 2552): route-parameter-manager: Configuration application request {
D/AudioIntelHal/AudioPlatformState( 2552): route-parameter-manager:     Applying configurations {
D/AudioIntelHal/AudioPlatformState( 2552): route-parameter-manager:         Applying configuration "Applicable" from domain "StreamRoute.Media.Playback"
D/AudioIntelHal/AudioPlatformState( 2552): route-parameter-manager:         Applying configuration "Yes" from domain "Route.HwCodec0IA.Playback.Applicable"
D/AudioIntelHal/AudioPlatformState( 2552): route-parameter-manager:     } Applying configurations
I/WAKELOCK_ACQUIRE( 2842): TIMESTAMP=536848328055, TAG=AudioMix, TYPE=PARTIAL_WAKE_LOCK             , COUNT=0, PID=0, UID=1013, FLAGS=
D/AudioIntelHal/AudioPlatformState( 2552): route-parameter-manager: } Configuration application request
D/EVENT_THREAD( 2552): void CEventThread::trig(void*, uint32_t): in
D/EVENT_THREAD( 2552): void CEventThread::trig(void*, uint32_t): out
D/RouteManager( 2552): doReconsiderRouting: Route state:
D/RouteManager( 2552): 	-Previously Enabled Route in Input = <none>
D/RouteManager( 2552): 	-Previously Enabled Route in Output = <none>
D/RouteManager( 2552): 	-Selected Route in Input = <none>
D/RouteManager( 2552): 	-Selected Route in Output = Media|HwCodec0IA
D/RouteManager( 2552): 		-executeMuteRoutingStage-
D/RouteManager( 2552): audio-parameter-manager: Selection criterion changed event: Criterion name: RoutageState, current state: Flow
D/RouteManager( 2552): audio-parameter-manager: Configuration application request {
D/RouteManager( 2552): audio-parameter-manager:     Applying configurations {
D/RouteManager( 2552): audio-parameter-manager:     } Applying configurations
D/RouteManager( 2552): audio-parameter-manager: } Configuration application request
D/RouteManager( 2552): 		-executeDisableRoutingStage-
D/RouteManager( 2552): audio-parameter-manager: Selection criterion changed event: Criterion name: RoutageState, current state: Path
D/RouteManager( 2552): audio-parameter-manager: Configuration application request {
D/RouteManager( 2552): audio-parameter-manager:     Applying configurations {
D/RouteManager( 2552): audio-parameter-manager:         Applying configuration "Locked" from domain "Routing.Sst.Enable.VoiceProcessingLock.Uplink"
D/RouteManager( 2552): audio-parameter-manager:         Applying configuration "Locked" from domain "Routing.Sst.Enable.VoiceProcessingLock.Downlink"
D/RouteManager( 2552): audio-parameter-manager:     } Applying configurations
D/RouteManager( 2552): audio-parameter-manager: } Configuration application request
D/RouteManager( 2552): 		-executeConfigureRoutingStage-
D/RouteManager( 2552): audio-parameter-manager: Selection criterion changed event: Criterion name: RoutageState, current state: Configure
D/RouteManager( 2552): audio-parameter-manager: Selection criterion changed event: Criterion name: OpenedPlaybackRoutes, current state: Media|HwCodec0IA
D/RouteManager( 2552): audio-parameter-manager: Configuration application request {
D/RouteManager( 2552): audio-parameter-manager:     Applying configurations {
D/RouteManager( 2552): audio-parameter-manager:         Applying configuration "Enable" from domain "Routing.Configure.HWCodec.Playback.Ihf"
D/RouteManager( 2552): audio-parameter-manager:         Applying configuration "Playback" from domain "Routing.Configure.HWCodec.Playback.DAC1"
D/RouteManager( 2552): audio-parameter-manager:         Applying configuration "Bind" from domain "Routing.Sst.Configure.Playback.SpeakerEqToSprot"
D/RouteManager( 2552): audio-parameter-manager:         Applying configuration "Bind" from domain "Routing.Sst.Configure.Playback.Media.ToSpeakerEq"
D/RouteManager( 2552): audio-parameter-manager:         Applying configuration "Bind" from domain "Routing.Sst.Configure.Playback.HwCodec.SprotToSpeaker"
D/RouteManager( 2552): audio-parameter-manager:         Applying configuration "VadMixerInputsAndHfRef.Media.Aec.TxSpeechLine.Bind" from domain "Routing.Sst.Configure.AlwaysListening.VTSV"
D/RouteManager( 2552): audio-parameter-manager:     } Applying configurations
D/RouteManager( 2552): audio-parameter-manager: } Configuration application request
D/RouteManager( 2552): 		-executeEnableRoutingStage-
D/RouteManager( 2552): audio-parameter-manager: Selection criterion changed event: Criterion name: RoutageState, current state: Path|Configure
D/RouteManager( 2552): audio-parameter-manager: Configuration application request {
D/RouteManager( 2552): audio-parameter-manager:     Applying configurations {
D/RouteManager( 2552): audio-parameter-manager:         Applying configuration "UnLocked" from domain "Routing.Sst.Enable.VoiceProcessingLock.Uplink"
D/RouteManager( 2552): audio-parameter-manager:         Applying configuration "UnLocked" from domain "Routing.Sst.Enable.VoiceProcessingLock.Downlink"
D/RouteManager( 2552): audio-parameter-manager:         Applying configuration "Enable" from domain "Routing.Enable.HWCodec.Playback.EarpieceIHF"
D/RouteManager( 2552): audio-parameter-manager:     } Applying configurations
D/RouteManager( 2552): audio-parameter-manager: } Configuration application request
D/TinyAlsaAudioDevice( 2552): open: card (cherrytrailaud, 0) 
D/TinyAlsaAudioDevice( 2552): 	 config (rate=48000 format=0 channels= 2).
D/TinyAlsaAudioDevice( 2552): 	 RingBuffer config: periodSize=1152 nbPeriod=4startTh=1151 stop Th=4608 silence Th=0
W/art     ( 2565): PreZygoteFork called when we already have a zygote space.
E/art     ( 4100): setrlimit(RLIMIT_CORE) failed for pid 4100: Operation not permitted
I/ActivityManager( 2842): Start proc 4100:com.wistron.generic.pqaa/u0a49 for activity com.wistron.generic.pqaa/.TestItemsList
V/WindowManager( 2842): rotationForOrientationLw(orient=1, last=0); user=0 USER_ROTATION_LOCKED
I/WAKELOCK_ACQUIRE( 2842): TIMESTAMP=536906815941, TAG=SCREEN_FROZEN, TYPE=PARTIAL_WAKE_LOCK             , COUNT=0, PID=2842, UID=1000, FLAGS=
V/ActivityManager( 2842): Display changed displayId=0
D/SurfaceFlinger( 2310): ORT: DPS allow this projection change
D/SurfaceFlinger( 2310): handleDisplayScaling
I/ActivityManager( 2842): Config changes=480 {1.0 ?mcc?mnc en_US ?layoutDir sw800dp w800dp h1207dp 160dpi xlrg port finger -keyb/v/h -nav/h s.5}
I/InputReader( 2842): Reconfiguring input devices.  changes=0x00000004
I/InputReader( 2842): Device reconfigured: id=4, name='focal-touchscreen', size 1280x800, orientation 3, mode 1, display id 0
D/ufoEGL  ( 3200): Surface destroy: ANDROID_NATIVE_WINDOW_MAGIC
D/AudioConversion( 2552): configure: no convertion required
D/RouteManager( 2552): 		-executeUnmuteRoutingStage-
D/RouteManager( 2552): audio-parameter-manager: Selection criterion changed event: Criterion name: RoutageState, current state: Flow|Path|Configure
D/RouteManager( 2552): audio-parameter-manager: Configuration application request {
D/RouteManager( 2552): audio-parameter-manager:     Applying configurations {
D/RouteManager( 2552): audio-parameter-manager:         Applying configuration "Unmute" from domain "Routing.Mute.HWCodec.HWCodec.Playback.DAC1_VOL"
D/RouteManager( 2552): audio-parameter-manager:         Applying configuration "Unmute" from domain "Routing.Sst.Mute.HwCodec.Playback.Internal"
D/RouteManager( 2552): audio-parameter-manager:         Applying configuration "Unmute" from domain "Routing.Sst.Mute.Media.Playback.Regular"
D/RouteManager( 2552): audio-parameter-manager:     } Applying configurations
D/RouteManager( 2552): audio-parameter-manager: } Configuration application request
D/RouteManager( 2552): doReconsiderRouting: DONE
D/EVENT_THREAD( 2552): void CEventThread::run() Do poll with timeout: -1
E/TinyAlsaStream( 2552): getFramesAvailable: Unable to get available frames
E/TinyAlsaStream( 2552): getFramesAvailable: Unable to get available frames
E/TinyAlsaStream( 2552): getFramesAvailable: Unable to get available frames
I/Tethering( 2842): Found payment device
D/ufoEGL  ( 2961): droid_create_context : config id = 4 conf->NativeVisualID=2
I/ufoEGL  ( 2961): Requested context : GLES 2.0
D/ufoEGL  ( 2961): Pixel Format : GGL_PIXEL_FORMAT_RGBX_8888
D/ufoEGL  ( 2961): Pixel Format : GGL_PIXEL_FORMAT_RGBX_8888
D/ufoEGL  ( 2961): Pixel Format : GGL_PIXEL_FORMAT_RGBX_8888
W/System.err( 4100): java.io.FileNotFoundException: /mnt/sdcard/Android/data/com.wistron.generic.pqaa/files/pqaa_config/start.cfg: open failed: ENOENT (No such file or directory)
W/System.err( 4100): 	at libcore.io.IoBridge.open(IoBridge.java:456)
W/System.err( 4100): 	at java.io.FileInputStream.<init>(FileInputStream.java:76)
W/System.err( 4100): 	at java.io.FileInputStream.<init>(FileInputStream.java:103)
W/System.err( 4100): 	at java.io.FileReader.<init>(FileReader.java:66)
W/System.err( 4100): 	at com.wistron.pqaa_common.jar.global.WisToolKit.getSingleParameters(WisToolKit.java:257)
W/System.err( 4100): 	at com.wistron.generic.pqaa.TestItemsList.getSettingParameter(TestItemsList.java:313)
W/System.err( 4100): 	at com.wistron.generic.pqaa.TestItemsList.onCreate(TestItemsList.java:161)
W/System.err( 4100): 	at android.app.Activity.performCreate(Activity.java:5990)
W/System.err( 4100): 	at android.app.Instrumentation.callActivityOnCreate(Instrumentation.java:1106)
W/System.err( 4100): 	at android.app.ActivityThread.performLaunchActivity(ActivityThread.java:2279)
W/System.err( 4100): 	at android.app.ActivityThread.handleLaunchActivity(ActivityThread.java:2388)
W/System.err( 4100): 	at android.app.ActivityThread.access$800(ActivityThread.java:152)
W/System.err( 4100): 	at android.app.ActivityThread$H.handleMessage(ActivityThread.java:1304)
W/System.err( 4100): 	at android.os.Handler.dispatchMessage(Handler.java:102)
W/System.err( 4100): 	at android.os.Looper.loop(Looper.java:135)
W/System.err( 4100): 	at android.app.ActivityThread.main(ActivityThread.java:5261)
W/System.err( 4100): 	at java.lang.reflect.Method.invoke(Native Method)
W/System.err( 4100): 	at java.lang.reflect.Method.invoke(Method.java:372)
W/System.err( 4100): 	at com.android.internal.os.ZygoteInit$MethodAndArgsCaller.run(ZygoteInit.java:903)
W/System.err( 4100): 	at com.android.internal.os.ZygoteInit.main(ZygoteInit.java:698)
W/System.err( 4100): Caused by: android.system.ErrnoException: open failed: ENOENT (No such file or directory)
W/System.err( 4100): 	at libcore.io.Posix.open(Native Method)
W/System.err( 4100): 	at libcore.io.BlockGuardOs.open(BlockGuardOs.java:186)
W/System.err( 4100): 	at libcore.io.IoBridge.open(IoBridge.java:442)
W/System.err( 4100): 	... 19 more
D/ufoEGL  ( 2961): Surface destroy: ANDROID_NATIVE_WINDOW_MAGIC
D/OpenGLRenderer( 4100): Use EGL_SWAP_BEHAVIOR_PRESERVED: true
I/ufoGralloc( 4100): Hello, this is UFO GRALLOC/Intel Corporation
D/Atlas   ( 4100): Validating map...
D/ufoEGL  ( 2961): Surface destroy: ANDROID_NATIVE_WINDOW_MAGIC
D/ufoEGL  ( 2961): Pixel Format : GGL_PIXEL_FORMAT_RGBA_8888
V/WindowManager( 2842): Adding window Window{bc2c6d4 u0 com.wistron.generic.pqaa/com.wistron.generic.pqaa.TestItemsList} at 3 of 10 (before Window{1b044dc5 u0 Starting com.wistron.generic.pqaa})
V/WindowManager( 2842): Adding window Window{c832b72 u0 com.wistron.generic.pqaa/com.wistron.generic.pqaa.TestItemsList} at 3 of 11 (before Window{bc2c6d4 u0 com.wistron.generic.pqaa/com.wistron.generic.pqaa.TestItemsList})
I/System.out( 4100): **************--->***26
D/ufoEGL  ( 2961): Surface destroy: ANDROID_NATIVE_WINDOW_MAGIC
D/ufoEGL  ( 2961): Pixel Format : GGL_PIXEL_FORMAT_RGBA_8888
D/ufoEGL  ( 4100): ENV OGL (32bit) enabled for all processes, use "setptop persist.intel.ogl.procname" to limit it to a single process
I/OpenGLRenderer( 4100): Initialized EGL, version 1.4
W/OpenGLRenderer( 4100): Failed to choose config with EGL_SWAP_BEHAVIOR_PRESERVED, retrying without...
D/ufoEGL  ( 4100): droid_create_context : config id = 9 conf->NativeVisualID=1
I/ufoEGL  ( 4100): Requested context : GLES 2.0
D/ufoEGL  ( 4100): Pixel Format : GGL_PIXEL_FORMAT_RGBA_8888
D/ufoEGL  ( 4100): Pixel Format : GGL_PIXEL_FORMAT_RGBA_8888
D/OpenGLRenderer( 4100): Enabling debug mode 0
D/skuwa   ( 4100): Detected device 22B0:54 family 17:11
D/ufoEGL  ( 4100): Pixel Format : GGL_PIXEL_FORMAT_RGBA_8888
I/WAKELOCK_ACQUIRE( 2842): TIMESTAMP=537201323910, TAG=WindowManager, TYPE=SCREEN_BRIGHT_WAKE_LOCK       , COUNT=0, PID=2842, UID=1000, FLAGS= ON_AFTER_RELEASE
D/ufoEGL  ( 4100): Pixel Format : GGL_PIXEL_FORMAT_RGBA_8888
D/ufoEGL  ( 4100): Surface destroy: ANDROID_NATIVE_WINDOW_MAGIC
D/ufoEGL  ( 2961): droid_create_context : config id = 4 conf->NativeVisualID=2
I/ufoEGL  ( 2961): Requested context : GLES 2.0
D/ufoEGL  ( 2961): Pixel Format : GGL_PIXEL_FORMAT_RGBX_8888
D/ufoEGL  ( 2961): Pixel Format : GGL_PIXEL_FORMAT_RGBX_8888
D/ufoEGL  ( 2961): Pixel Format : GGL_PIXEL_FORMAT_RGBX_8888
D/ufoEGL  ( 2961): Surface destroy: ANDROID_NATIVE_WINDOW_MAGIC
V/WindowManager( 2842): Layouts looping: On entry to LockedInner, mPendingLayoutChanges = 0x1
V/WindowManager( 2842): Layouts looping: loop number 4, mPendingLayoutChanges = 0x0
V/WindowManager( 2842): Layouts looping: after finishPostLayoutPolicyLw, mPendingLayoutChanges = 0x0
V/WindowManager( 2842): Layouts looping: mLayoutNeeded, mPendingLayoutChanges = 0x1
V/WindowManager( 2842): Layouts looping: On entry to LockedInner, mPendingLayoutChanges = 0x1
V/WindowManager( 2842): Layouts looping: loop number 5, mPendingLayoutChanges = 0x0
V/WindowManager( 2842): Layouts looping: after finishPostLayoutPolicyLw, mPendingLayoutChanges = 0x0
V/WindowManager( 2842): Layouts looping: mLayoutNeeded, mPendingLayoutChanges = 0x1
E/WindowManager( 2842): Performed 6 layouts in a row. Skipping
W/IInputConnectionWrapper( 3200): showStatusIcon on inactive InputConnection
I/ActivityManager( 2842): Displayed com.wistron.generic.pqaa/.TestItemsList: +517ms
I/WAKELOCK_RELEASE( 2842): TIMESTAMP=537409716192, TAG=ActivityManager-Launch, TYPE=PARTIAL_WAKE_LOCK             , COUNT=0, PID=2842, UID=1000, FLAGS=
I/WindowManager( 2842): Screen frozen for +514ms due to Window{1b044dc5 u0 Starting com.wistron.generic.pqaa}
I/WAKELOCK_RELEASE( 2842): TIMESTAMP=537426310821, TAG=SCREEN_FROZEN, TYPE=PARTIAL_WAKE_LOCK             , COUNT=0, PID=2842, UID=1000, FLAGS=
V/WindowManager( 2842): rotationForOrientationLw(orient=1, last=3); user=0 USER_ROTATION_LOCKED
I/art     ( 2842): Explicit concurrent mark sweep GC freed 16332(832KB) AllocSpace objects, 0(0B) LOS objects, 33% free, 9MB/14MB, paused 649us total 41.886ms
D/AudioIntelHal( 2552): stopStream: output stream.
D/AudioIntelHal/AudioPlatformState( 2552): route-parameter-manager: Selection criterion changed event: Criterion name: OutputFlags, current state: <none>
D/AudioIntelHal/AudioPlatformState( 2552): route-parameter-manager: Configuration application request {
D/AudioIntelHal/AudioPlatformState( 2552): route-parameter-manager:     Applying configurations {
D/AudioIntelHal/AudioPlatformState( 2552): route-parameter-manager:         Applying configuration "NotApplicable" from domain "StreamRoute.Media.Playback"
D/AudioIntelHal/AudioPlatformState( 2552): route-parameter-manager:         Applying configuration "No" from domain "Route.HwCodec0IA.Playback.Applicable"
D/AudioIntelHal/AudioPlatformState( 2552): route-parameter-manager:     } Applying configurations
D/AudioIntelHal/AudioPlatformState( 2552): route-parameter-manager: } Configuration application request
D/EVENT_THREAD( 2552): void CEventThread::trig(void*, uint32_t): in
D/EVENT_THREAD( 2552): void CEventThread::trig(void*, uint32_t): out
D/RouteManager( 2552): doReconsiderRouting: Route state:
D/RouteManager( 2552): 	-Previously Enabled Route in Input = <none>
D/RouteManager( 2552): 	-Previously Enabled Route in Output = Media|HwCodec0IA
D/RouteManager( 2552): 	-Selected Route in Input = <none>
D/RouteManager( 2552): 	-Selected Route in Output = <none>
D/RouteManager( 2552): 		-executeMuteRoutingStage-
D/RouteManager( 2552): audio-parameter-manager: Selection criterion changed event: Criterion name: RoutageState, current state: Flow
D/RouteManager( 2552): audio-parameter-manager: Selection criterion changed event: Criterion name: ClosingPlaybackRoutes, current state: Media|HwCodec0IA
D/RouteManager( 2552): audio-parameter-manager: Selection criterion changed event: Criterion name: OpenedPlaybackRoutes, current state: <none>
D/RouteManager( 2552): audio-parameter-manager: Configuration application request {
D/RouteManager( 2552): audio-parameter-manager:     Applying configurations {
D/RouteManager( 2552): audio-parameter-manager:         Applying configuration "Mute" from domain "Routing.Mute.HWCodec.HWCodec.Playback.DAC1_VOL"
D/RouteManager( 2552): audio-parameter-manager:         Applying configuration "Mute" from domain "Routing.Sst.Mute.HwCodec.Playback.Internal"
D/RouteManager( 2552): audio-parameter-manager:         Applying configuration "Mute" from domain "Routing.Sst.Mute.Media.Playback.Regular"
D/RouteManager( 2552): audio-parameter-manager:     } Applying configurations
D/RouteManager( 2552): audio-parameter-manager: } Configuration application request
D/RouteManager( 2552): 		-executeDisableRoutingStage-
D/RouteManager( 2552): audio-parameter-manager: Selection criterion changed event: Criterion name: RoutageState, current state: Path
D/TinyAlsaAudioDevice( 2552): close
D/RouteManager( 2552): audio-parameter-manager: Configuration application request {
D/RouteManager( 2552): audio-parameter-manager:     Applying configurations {
D/RouteManager( 2552): audio-parameter-manager:         Applying configuration "Locked" from domain "Routing.Sst.Enable.VoiceProcessingLock.Uplink"
D/RouteManager( 2552): audio-parameter-manager:         Applying configuration "Locked" from domain "Routing.Sst.Enable.VoiceProcessingLock.Downlink"
D/RouteManager( 2552): audio-parameter-manager:         Applying configuration "Disable" from domain "Routing.Enable.HWCodec.Playback.EarpieceIHF"
D/RouteManager( 2552): audio-parameter-manager:     } Applying configurations
D/RouteManager( 2552): audio-parameter-manager: } Configuration application request
D/RouteManager( 2552): 		-executeConfigureRoutingStage-
D/RouteManager( 2552): audio-parameter-manager: Selection criterion changed event: Criterion name: RoutageState, current state: Configure
D/RouteManager( 2552): audio-parameter-manager: Selection criterion changed event: Criterion name: ClosingPlaybackRoutes, current state: <none>
D/RouteManager( 2552): audio-parameter-manager: Configuration application request {
D/RouteManager( 2552): audio-parameter-manager:     Applying configurations {
D/RouteManager( 2552): audio-parameter-manager:         Applying configuration "Disable" from domain "Routing.Configure.HWCodec.Playback.Ihf"
D/RouteManager( 2552): audio-parameter-manager:         Applying configuration "Disable" from domain "Routing.Configure.HWCodec.Playback.DAC1"
D/RouteManager( 2552): audio-parameter-manager:         Applying configuration "Unbind" from domain "Routing.Sst.Configure.Playback.SpeakerEqToSprot"
D/RouteManager( 2552): audio-parameter-manager:         Applying configuration "Unbind" from domain "Routing.Sst.Configure.Playback.Media.ToSpeakerEq"
D/RouteManager( 2552): audio-parameter-manager:         Applying configuration "Unbind" from domain "Routing.Sst.Configure.Playback.HwCodec.SprotToSpeaker"
D/RouteManager( 2552): audio-parameter-manager:         Applying configuration "Dmic.Bind" from domain "Routing.Sst.Configure.AlwaysListening.VTSV"
D/RouteManager( 2552): audio-parameter-manager:     } Applying configurations
D/RouteManager( 2552): audio-parameter-manager: } Configuration application request
D/RouteManager( 2552): 		-executeEnableRoutingStage-
D/RouteManager( 2552): audio-parameter-manager: Selection criterion changed event: Criterion name: RoutageState, current state: Path|Configure
D/RouteManager( 2552): audio-parameter-manager: Configuration application request {
D/RouteManager( 2552): audio-parameter-manager:     Applying configurations {
D/RouteManager( 2552): audio-parameter-manager:         Applying configuration "UnLocked" from domain "Routing.Sst.Enable.VoiceProcessingLock.Uplink"
D/RouteManager( 2552): audio-parameter-manager:         Applying configuration "UnLocked" from domain "Routing.Sst.Enable.VoiceProcessingLock.Downlink"
D/RouteManager( 2552): audio-parameter-manager:     } Applying configurations
D/RouteManager( 2552): audio-parameter-manager: } Configuration application request
D/RouteManager( 2552): 		-executeUnmuteRoutingStage-
D/RouteManager( 2552): audio-parameter-manager: Selection criterion changed event: Criterion name: RoutageState, current state: Flow|Path|Configure
D/RouteManager( 2552): audio-parameter-manager: Configuration application request {
D/RouteManager( 2552): audio-parameter-manager:     Applying configurations {
D/RouteManager( 2552): audio-parameter-manager:     } Applying configurations
D/RouteManager( 2552): audio-parameter-manager: } Configuration application request
D/RouteManager( 2552): doReconsiderRouting: DONE
D/EVENT_THREAD( 2552): void CEventThread::run() Do poll with timeout: -1
I/WAKELOCK_RELEASE( 2842): TIMESTAMP=540014206935, TAG=AudioMix, TYPE=PARTIAL_WAKE_LOCK             , COUNT=0, PID=0, UID=1013, FLAGS=
D/CRASHLOG( 2568): receive_inotify_events: Can't handle the event "drop150.tmp", no valid entry found, drop it...
D/CRASHLOG( 2568): receive_inotify_events: Can't handle the event "drop150.tmp", no valid entry found, drop it...
D/CRASHLOG( 2568): receive_inotify_events: Can't handle the event "system_app_strictmode@1489995514134.txt.gz", no valid entry found, drop it...
E/WifiStateMachine( 2842): WifiStateMachine CMD_START_SCAN source -2 txSuccessRate=0.00 rxSuccessRate=15.27 targetRoamBSSID=f0:9c:e9:1a:75:95 RSSI=-31
E/WifiStateMachine( 2842): WifiStateMachine starting scan for "OTA"WPA_PSK with 2412,2437
V/AlarmManager( 2842): triggered: act=com.android.server.task.controllers.BatteryController.ACTION_CHARGING_STABLE Pkg: android
I/WAKELOCK_ACQUIRE( 2842): TIMESTAMP=550242738722, TAG=*alarm*, TYPE=PARTIAL_WAKE_LOCK             , COUNT=0, PID=2842, UID=1000, FLAGS=
I/WAKELOCK_RELEASE( 2842): TIMESTAMP=550245647317, TAG=*alarm*, TYPE=PARTIAL_WAKE_LOCK             , COUNT=0, PID=2842, UID=1000, FLAGS=
E/WifiStateMachine( 2842): WifiStateMachine CMD_START_SCAN source -2 txSuccessRate=0.00 rxSuccessRate=16.28 targetRoamBSSID=f0:9c:e9:1a:75:95 RSSI=-37
E/WifiStateMachine( 2842): WifiStateMachine starting scan for "OTA"WPA_PSK with 2412,2437
I/WAKELOCK_ACQUIRE( 2842): TIMESTAMP=568001819674, TAG=*alarm*, TYPE=PARTIAL_WAKE_LOCK             , COUNT=0, PID=2842, UID=1000, FLAGS=
I/WAKELOCK_RELEASE( 2842): TIMESTAMP=568041789605, TAG=*alarm*, TYPE=PARTIAL_WAKE_LOCK             , COUNT=0, PID=2842, UID=1000, FLAGS=
E/WifiStateMachine( 2842): WifiStateMachine CMD_START_SCAN source -2 txSuccessRate=0.00 rxSuccessRate=7.43 targetRoamBSSID=f0:9c:e9:1a:75:95 RSSI=-37
E/WifiStateMachine( 2842): WifiStateMachine starting scan for "OTA"WPA_PSK with 2412,2437
E/WifiStateMachine( 2842): WifiStateMachine CMD_START_SCAN source -2 txSuccessRate=0.00 rxSuccessRate=12.12 targetRoamBSSID=f0:9c:e9:1a:75:95 RSSI=-40
E/WifiStateMachine( 2842): WifiStateMachine starting scan for "OTA"WPA_PSK with 2412,2437
E/WifiStateMachine( 2842): WifiStateMachine CMD_START_SCAN source -2 txSuccessRate=0.00 rxSuccessRate=5.37 targetRoamBSSID=f0:9c:e9:1a:75:95 RSSI=-41
E/WifiStateMachine( 2842): WifiStateMachine starting scan for "OTA"WPA_PSK with 2412,2437
I/WAKELOCK_ACQUIRE( 2842): TIMESTAMP=628001810036, TAG=*alarm*, TYPE=PARTIAL_WAKE_LOCK             , COUNT=0, PID=2842, UID=1000, FLAGS=
I/WAKELOCK_RELEASE( 2842): TIMESTAMP=628045411635, TAG=*alarm*, TYPE=PARTIAL_WAKE_LOCK             , COUNT=0, PID=2842, UID=1000, FLAGS=
E/WifiStateMachine( 2842): WifiStateMachine CMD_START_SCAN source -2 txSuccessRate=0.00 rxSuccessRate=8.37 targetRoamBSSID=f0:9c:e9:1a:75:95 RSSI=-41
E/WifiStateMachine( 2842): WifiStateMachine starting scan for "OTA"WPA_PSK with 2412,2437
E/WifiStateMachine( 2842): WifiStateMachine CMD_START_SCAN source -2 txSuccessRate=0.00 rxSuccessRate=5.61 targetRoamBSSID=f0:9c:e9:1a:75:95 RSSI=-40
E/WifiStateMachine( 2842): WifiStateMachine starting scan for "OTA"WPA_PSK with 2412,2437
E/WifiStateMachine( 2842): WifiStateMachine CMD_START_SCAN source -2 txSuccessRate=0.00 rxSuccessRate=19.35 targetRoamBSSID=f0:9c:e9:1a:75:95 RSSI=-39
E/WifiStateMachine( 2842): WifiStateMachine starting scan for "OTA"WPA_PSK with 2412,2437
I/WAKELOCK_ACQUIRE( 2842): TIMESTAMP=688002489232, TAG=*alarm*, TYPE=PARTIAL_WAKE_LOCK             , COUNT=0, PID=2842, UID=1000, FLAGS=
I/WAKELOCK_RELEASE( 2842): TIMESTAMP=688046638237, TAG=*alarm*, TYPE=PARTIAL_WAKE_LOCK             , COUNT=0, PID=2842, UID=1000, FLAGS=
E/WifiStateMachine( 2842): WifiStateMachine CMD_START_SCAN source -2 txSuccessRate=0.00 rxSuccessRate=8.37 targetRoamBSSID=f0:9c:e9:1a:75:95 RSSI=-39
E/WifiStateMachine( 2842): WifiStateMachine starting scan for "OTA"WPA_PSK with 2412,2437
D/PROPERTY( 2552): get media.dump_output.befconv: 0
D/PROPERTY( 2552): get media.dump_output.aftconv: 0
D/AudioIntelHal( 2552): startStream: output stream.
D/AudioIntelHal/AudioPlatformState( 2552): route-parameter-manager: Selection criterion changed event: Criterion name: OutputFlags, current state: Primary
D/AudioIntelHal/AudioPlatformState( 2552): route-parameter-manager: Configuration application request {
D/AudioIntelHal/AudioPlatformState( 2552): route-parameter-manager:     Applying configurations {
D/AudioIntelHal/AudioPlatformState( 2552): route-parameter-manager:         Applying configuration "Applicable" from domain "StreamRoute.Media.Playback"
D/AudioIntelHal/AudioPlatformState( 2552): route-parameter-manager:         Applying configuration "Yes" from domain "Route.HwCodec0IA.Playback.Applicable"
D/AudioIntelHal/AudioPlatformState( 2552): route-parameter-manager:     } Applying configurations
D/AudioIntelHal/AudioPlatformState( 2552): route-parameter-manager: } Configuration application request
D/EVENT_THREAD( 2552): void CEventThread::trig(void*, uint32_t): in
D/EVENT_THREAD( 2552): void CEventThread::trig(void*, uint32_t): out
I/WAKELOCK_ACQUIRE( 2842): TIMESTAMP=722245478849, TAG=AudioMix, TYPE=PARTIAL_WAKE_LOCK             , COUNT=0, PID=0, UID=1013, FLAGS=
D/RouteManager( 2552): doReconsiderRouting: Route state:
D/RouteManager( 2552): 	-Previously Enabled Route in Input = <none>
D/RouteManager( 2552): 	-Previously Enabled Route in Output = <none>
D/RouteManager( 2552): 	-Selected Route in Input = <none>
D/RouteManager( 2552): 	-Selected Route in Output = Media|HwCodec0IA
D/RouteManager( 2552): 		-executeMuteRoutingStage-
D/RouteManager( 2552): audio-parameter-manager: Selection criterion changed event: Criterion name: RoutageState, current state: Flow
D/RouteManager( 2552): audio-parameter-manager: Configuration application request {
D/RouteManager( 2552): audio-parameter-manager:     Applying configurations {
D/RouteManager( 2552): audio-parameter-manager:     } Applying configurations
D/RouteManager( 2552): audio-parameter-manager: } Configuration application request
D/RouteManager( 2552): 		-executeDisableRoutingStage-
D/RouteManager( 2552): audio-parameter-manager: Selection criterion changed event: Criterion name: RoutageState, current state: Path
D/RouteManager( 2552): audio-parameter-manager: Configuration application request {
D/RouteManager( 2552): audio-parameter-manager:     Applying configurations {
D/RouteManager( 2552): audio-parameter-manager:         Applying configuration "Locked" from domain "Routing.Sst.Enable.VoiceProcessingLock.Uplink"
D/RouteManager( 2552): audio-parameter-manager:         Applying configuration "Locked" from domain "Routing.Sst.Enable.VoiceProcessingLock.Downlink"
D/RouteManager( 2552): audio-parameter-manager:     } Applying configurations
D/RouteManager( 2552): audio-parameter-manager: } Configuration application request
D/RouteManager( 2552): 		-executeConfigureRoutingStage-
D/RouteManager( 2552): audio-parameter-manager: Selection criterion changed event: Criterion name: RoutageState, current state: Configure
D/RouteManager( 2552): audio-parameter-manager: Selection criterion changed event: Criterion name: OpenedPlaybackRoutes, current state: Media|HwCodec0IA
D/RouteManager( 2552): audio-parameter-manager: Configuration application request {
D/RouteManager( 2552): audio-parameter-manager:     Applying configurations {
D/RouteManager( 2552): audio-parameter-manager:         Applying configuration "Enable" from domain "Routing.Configure.HWCodec.Playback.Ihf"
D/RouteManager( 2552): audio-parameter-manager:         Applying configuration "Playback" from domain "Routing.Configure.HWCodec.Playback.DAC1"
D/RouteManager( 2552): audio-parameter-manager:         Applying configuration "Bind" from domain "Routing.Sst.Configure.Playback.SpeakerEqToSprot"
D/RouteManager( 2552): audio-parameter-manager:         Applying configuration "Bind" from domain "Routing.Sst.Configure.Playback.Media.ToSpeakerEq"
D/RouteManager( 2552): audio-parameter-manager:         Applying configuration "Bind" from domain "Routing.Sst.Configure.Playback.HwCodec.SprotToSpeaker"
D/RouteManager( 2552): audio-parameter-manager:         Applying configuration "VadMixerInputsAndHfRef.Media.Aec.TxSpeechLine.Bind" from domain "Routing.Sst.Configure.AlwaysListening.VTSV"
D/RouteManager( 2552): audio-parameter-manager:     } Applying configurations
D/RouteManager( 2552): audio-parameter-manager: } Configuration application request
D/RouteManager( 2552): 		-executeEnableRoutingStage-
D/RouteManager( 2552): audio-parameter-manager: Selection criterion changed event: Criterion name: RoutageState, current state: Path|Configure
D/RouteManager( 2552): audio-parameter-manager: Configuration application request {
D/RouteManager( 2552): audio-parameter-manager:     Applying configurations {
D/RouteManager( 2552): audio-parameter-manager:         Applying configuration "UnLocked" from domain "Routing.Sst.Enable.VoiceProcessingLock.Uplink"
D/RouteManager( 2552): audio-parameter-manager:         Applying configuration "UnLocked" from domain "Routing.Sst.Enable.VoiceProcessingLock.Downlink"
D/RouteManager( 2552): audio-parameter-manager:         Applying configuration "Enable" from domain "Routing.Enable.HWCodec.Playback.EarpieceIHF"
D/RouteManager( 2552): audio-parameter-manager:     } Applying configurations
D/RouteManager( 2552): audio-parameter-manager: } Configuration application request
D/TinyAlsaAudioDevice( 2552): open: card (cherrytrailaud, 0) 
D/TinyAlsaAudioDevice( 2552): 	 config (rate=48000 format=0 channels= 2).
D/TinyAlsaAudioDevice( 2552): 	 RingBuffer config: periodSize=1152 nbPeriod=4startTh=1151 stop Th=4608 silence Th=0
D/AudioConversion( 2552): configure: no convertion required
D/RouteManager( 2552): 		-executeUnmuteRoutingStage-
D/RouteManager( 2552): audio-parameter-manager: Selection criterion changed event: Criterion name: RoutageState, current state: Flow|Path|Configure
D/RouteManager( 2552): audio-parameter-manager: Configuration application request {
D/RouteManager( 2552): audio-parameter-manager:     Applying configurations {
D/RouteManager( 2552): audio-parameter-manager:         Applying configuration "Unmute" from domain "Routing.Mute.HWCodec.HWCodec.Playback.DAC1_VOL"
D/RouteManager( 2552): audio-parameter-manager:         Applying configuration "Unmute" from domain "Routing.Sst.Mute.HwCodec.Playback.Internal"
D/RouteManager( 2552): audio-parameter-manager:         Applying configuration "Unmute" from domain "Routing.Sst.Mute.Media.Playback.Regular"
D/RouteManager( 2552): audio-parameter-manager:     } Applying configurations
D/RouteManager( 2552): audio-parameter-manager: } Configuration application request
D/RouteManager( 2552): doReconsiderRouting: DONE
D/EVENT_THREAD( 2552): void CEventThread::run() Do poll with timeout: -1
E/TinyAlsaStream( 2552): getFramesAvailable: Unable to get available frames
E/TinyAlsaStream( 2552): getFramesAvailable: Unable to get available frames
E/TinyAlsaStream( 2552): getFramesAvailable: Unable to get available frames
E/WifiStateMachine( 2842): WifiStateMachine CMD_START_SCAN source -2 txSuccessRate=0.00 rxSuccessRate=7.20 targetRoamBSSID=f0:9c:e9:1a:75:95 RSSI=-38
E/WifiStateMachine( 2842): WifiStateMachine starting scan for "OTA"WPA_PSK with 2412,2437
D/AudioIntelHal( 2552): stopStream: output stream.
D/AudioIntelHal/AudioPlatformState( 2552): route-parameter-manager: Selection criterion changed event: Criterion name: OutputFlags, current state: <none>
D/AudioIntelHal/AudioPlatformState( 2552): route-parameter-manager: Configuration application request {
D/AudioIntelHal/AudioPlatformState( 2552): route-parameter-manager:     Applying configurations {
D/AudioIntelHal/AudioPlatformState( 2552): route-parameter-manager:         Applying configuration "NotApplicable" from domain "StreamRoute.Media.Playback"
D/AudioIntelHal/AudioPlatformState( 2552): route-parameter-manager:         Applying configuration "No" from domain "Route.HwCodec0IA.Playback.Applicable"
D/AudioIntelHal/AudioPlatformState( 2552): route-parameter-manager:     } Applying configurations
D/AudioIntelHal/AudioPlatformState( 2552): route-parameter-manager: } Configuration application request
D/EVENT_THREAD( 2552): void CEventThread::trig(void*, uint32_t): in
D/EVENT_THREAD( 2552): void CEventThread::trig(void*, uint32_t): out
D/RouteManager( 2552): doReconsiderRouting: Route state:
D/RouteManager( 2552): 	-Previously Enabled Route in Input = <none>
D/RouteManager( 2552): 	-Previously Enabled Route in Output = Media|HwCodec0IA
D/RouteManager( 2552): 	-Selected Route in Input = <none>
D/RouteManager( 2552): 	-Selected Route in Output = <none>
D/RouteManager( 2552): 		-executeMuteRoutingStage-
D/RouteManager( 2552): audio-parameter-manager: Selection criterion changed event: Criterion name: RoutageState, current state: Flow
D/RouteManager( 2552): audio-parameter-manager: Selection criterion changed event: Criterion name: ClosingPlaybackRoutes, current state: Media|HwCodec0IA
D/RouteManager( 2552): audio-parameter-manager: Selection criterion changed event: Criterion name: OpenedPlaybackRoutes, current state: <none>
D/RouteManager( 2552): audio-parameter-manager: Configuration application request {
D/RouteManager( 2552): audio-parameter-manager:     Applying configurations {
D/RouteManager( 2552): audio-parameter-manager:         Applying configuration "Mute" from domain "Routing.Mute.HWCodec.HWCodec.Playback.DAC1_VOL"
D/RouteManager( 2552): audio-parameter-manager:         Applying configuration "Mute" from domain "Routing.Sst.Mute.HwCodec.Playback.Internal"
D/RouteManager( 2552): audio-parameter-manager:         Applying configuration "Mute" from domain "Routing.Sst.Mute.Media.Playback.Regular"
D/RouteManager( 2552): audio-parameter-manager:     } Applying configurations
D/RouteManager( 2552): audio-parameter-manager: } Configuration application request
D/RouteManager( 2552): 		-executeDisableRoutingStage-
D/RouteManager( 2552): audio-parameter-manager: Selection criterion changed event: Criterion name: RoutageState, current state: Path
D/TinyAlsaAudioDevice( 2552): close
D/RouteManager( 2552): audio-parameter-manager: Configuration application request {
D/RouteManager( 2552): audio-parameter-manager:     Applying configurations {
D/RouteManager( 2552): audio-parameter-manager:         Applying configuration "Locked" from domain "Routing.Sst.Enable.VoiceProcessingLock.Uplink"
D/RouteManager( 2552): audio-parameter-manager:         Applying configuration "Locked" from domain "Routing.Sst.Enable.VoiceProcessingLock.Downlink"
D/RouteManager( 2552): audio-parameter-manager:         Applying configuration "Disable" from domain "Routing.Enable.HWCodec.Playback.EarpieceIHF"
D/RouteManager( 2552): audio-parameter-manager:     } Applying configurations
D/RouteManager( 2552): audio-parameter-manager: } Configuration application request
D/RouteManager( 2552): 		-executeConfigureRoutingStage-
D/RouteManager( 2552): audio-parameter-manager: Selection criterion changed event: Criterion name: RoutageState, current state: Configure
D/RouteManager( 2552): audio-parameter-manager: Selection criterion changed event: Criterion name: ClosingPlaybackRoutes, current state: <none>
D/RouteManager( 2552): audio-parameter-manager: Configuration application request {
D/RouteManager( 2552): audio-parameter-manager:     Applying configurations {
D/RouteManager( 2552): audio-parameter-manager:         Applying configuration "Disable" from domain "Routing.Configure.HWCodec.Playback.Ihf"
D/RouteManager( 2552): audio-parameter-manager:         Applying configuration "Disable" from domain "Routing.Configure.HWCodec.Playback.DAC1"
D/RouteManager( 2552): audio-parameter-manager:         Applying configuration "Unbind" from domain "Routing.Sst.Configure.Playback.SpeakerEqToSprot"
D/RouteManager( 2552): audio-parameter-manager:         Applying configuration "Unbind" from domain "Routing.Sst.Configure.Playback.Media.ToSpeakerEq"
D/RouteManager( 2552): audio-parameter-manager:         Applying configuration "Unbind" from domain "Routing.Sst.Configure.Playback.HwCodec.SprotToSpeaker"
D/RouteManager( 2552): audio-parameter-manager:         Applying configuration "Dmic.Bind" from domain "Routing.Sst.Configure.AlwaysListening.VTSV"
D/RouteManager( 2552): audio-parameter-manager:     } Applying configurations
D/RouteManager( 2552): audio-parameter-manager: } Configuration application request
D/RouteManager( 2552): 		-executeEnableRoutingStage-
D/RouteManager( 2552): audio-parameter-manager: Selection criterion changed event: Criterion name: RoutageState, current state: Path|Configure
D/RouteManager( 2552): audio-parameter-manager: Configuration application request {
D/RouteManager( 2552): audio-parameter-manager:     Applying configurations {
D/RouteManager( 2552): audio-parameter-manager:         Applying configuration "UnLocked" from domain "Routing.Sst.Enable.VoiceProcessingLock.Uplink"
D/RouteManager( 2552): audio-parameter-manager:         Applying configuration "UnLocked" from domain "Routing.Sst.Enable.VoiceProcessingLock.Downlink"
D/RouteManager( 2552): audio-parameter-manager:     } Applying configurations
D/RouteManager( 2552): audio-parameter-manager: } Configuration application request
D/RouteManager( 2552): 		-executeUnmuteRoutingStage-
D/RouteManager( 2552): audio-parameter-manager: Selection criterion changed event: Criterion name: RoutageState, current state: Flow|Path|Configure
D/RouteManager( 2552): audio-parameter-manager: Configuration application request {
D/RouteManager( 2552): audio-parameter-manager:     Applying configurations {
D/RouteManager( 2552): audio-parameter-manager:     } Applying configurations
D/RouteManager( 2552): audio-parameter-manager: } Configuration application request
D/RouteManager( 2552): doReconsiderRouting: DONE
D/EVENT_THREAD( 2552): void CEventThread::run() Do poll with timeout: -1
I/WAKELOCK_RELEASE( 2842): TIMESTAMP=725425648608, TAG=AudioMix, TYPE=PARTIAL_WAKE_LOCK             , COUNT=0, PID=0, UID=1013, FLAGS=
D/PROPERTY( 2552): get media.dump_output.befconv: 0
D/PROPERTY( 2552): get media.dump_output.aftconv: 0
D/AudioIntelHal( 2552): startStream: output stream.
D/AudioIntelHal/AudioPlatformState( 2552): route-parameter-manager: Selection criterion changed event: Criterion name: OutputFlags, current state: Primary
D/AudioIntelHal/AudioPlatformState( 2552): route-parameter-manager: Configuration application request {
D/AudioIntelHal/AudioPlatformState( 2552): route-parameter-manager:     Applying configurations {
D/AudioIntelHal/AudioPlatformState( 2552): route-parameter-manager:         Applying configuration "Applicable" from domain "StreamRoute.Media.Playback"
D/AudioIntelHal/AudioPlatformState( 2552): route-parameter-manager:         Applying configuration "Yes" from domain "Route.HwCodec0IA.Playback.Applicable"
D/AudioIntelHal/AudioPlatformState( 2552): route-parameter-manager:     } Applying configurations
D/AudioIntelHal/AudioPlatformState( 2552): route-parameter-manager: } Configuration application request
D/EVENT_THREAD( 2552): void CEventThread::trig(void*, uint32_t): in
D/EVENT_THREAD( 2552): void CEventThread::trig(void*, uint32_t): out
I/WAKELOCK_ACQUIRE( 2842): TIMESTAMP=726462523399, TAG=AudioMix, TYPE=PARTIAL_WAKE_LOCK             , COUNT=0, PID=0, UID=1013, FLAGS=
D/RouteManager( 2552): doReconsiderRouting: Route state:
D/RouteManager( 2552): 	-Previously Enabled Route in Input = <none>
D/RouteManager( 2552): 	-Previously Enabled Route in Output = <none>
D/RouteManager( 2552): 	-Selected Route in Input = <none>
D/RouteManager( 2552): 	-Selected Route in Output = Media|HwCodec0IA
D/RouteManager( 2552): 		-executeMuteRoutingStage-
D/RouteManager( 2552): audio-parameter-manager: Selection criterion changed event: Criterion name: RoutageState, current state: Flow
D/RouteManager( 2552): audio-parameter-manager: Configuration application request {
D/RouteManager( 2552): audio-parameter-manager:     Applying configurations {
D/RouteManager( 2552): audio-parameter-manager:     } Applying configurations
D/RouteManager( 2552): audio-parameter-manager: } Configuration application request
D/RouteManager( 2552): 		-executeDisableRoutingStage-
D/RouteManager( 2552): audio-parameter-manager: Selection criterion changed event: Criterion name: RoutageState, current state: Path
D/RouteManager( 2552): audio-parameter-manager: Configuration application request {
D/RouteManager( 2552): audio-parameter-manager:     Applying configurations {
D/RouteManager( 2552): audio-parameter-manager:         Applying configuration "Locked" from domain "Routing.Sst.Enable.VoiceProcessingLock.Uplink"
D/RouteManager( 2552): audio-parameter-manager:         Applying configuration "Locked" from domain "Routing.Sst.Enable.VoiceProcessingLock.Downlink"
D/RouteManager( 2552): audio-parameter-manager:     } Applying configurations
D/RouteManager( 2552): audio-parameter-manager: } Configuration application request
D/RouteManager( 2552): 		-executeConfigureRoutingStage-
D/RouteManager( 2552): audio-parameter-manager: Selection criterion changed event: Criterion name: RoutageState, current state: Configure
D/RouteManager( 2552): audio-parameter-manager: Selection criterion changed event: Criterion name: OpenedPlaybackRoutes, current state: Media|HwCodec0IA
D/RouteManager( 2552): audio-parameter-manager: Configuration application request {
D/RouteManager( 2552): audio-parameter-manager:     Applying configurations {
D/RouteManager( 2552): audio-parameter-manager:         Applying configuration "Enable" from domain "Routing.Configure.HWCodec.Playback.Ihf"
D/RouteManager( 2552): audio-parameter-manager:         Applying configuration "Playback" from domain "Routing.Configure.HWCodec.Playback.DAC1"
D/RouteManager( 2552): audio-parameter-manager:         Applying configuration "Bind" from domain "Routing.Sst.Configure.Playback.SpeakerEqToSprot"
D/RouteManager( 2552): audio-parameter-manager:         Applying configuration "Bind" from domain "Routing.Sst.Configure.Playback.Media.ToSpeakerEq"
D/RouteManager( 2552): audio-parameter-manager:         Applying configuration "Bind" from domain "Routing.Sst.Configure.Playback.HwCodec.SprotToSpeaker"
D/RouteManager( 2552): audio-parameter-manager:         Applying configuration "VadMixerInputsAndHfRef.Media.Aec.TxSpeechLine.Bind" from domain "Routing.Sst.Configure.AlwaysListening.VTSV"
D/RouteManager( 2552): audio-parameter-manager:     } Applying configurations
D/RouteManager( 2552): audio-parameter-manager: } Configuration application request
D/RouteManager( 2552): 		-executeEnableRoutingStage-
D/RouteManager( 2552): audio-parameter-manager: Selection criterion changed event: Criterion name: RoutageState, current state: Path|Configure
D/RouteManager( 2552): audio-parameter-manager: Configuration application request {
D/RouteManager( 2552): audio-parameter-manager:     Applying configurations {
D/RouteManager( 2552): audio-parameter-manager:         Applying configuration "UnLocked" from domain "Routing.Sst.Enable.VoiceProcessingLock.Uplink"
D/RouteManager( 2552): audio-parameter-manager:         Applying configuration "UnLocked" from domain "Routing.Sst.Enable.VoiceProcessingLock.Downlink"
D/RouteManager( 2552): audio-parameter-manager:         Applying configuration "Enable" from domain "Routing.Enable.HWCodec.Playback.EarpieceIHF"
D/RouteManager( 2552): audio-parameter-manager:     } Applying configurations
D/RouteManager( 2552): audio-parameter-manager: } Configuration application request
D/TinyAlsaAudioDevice( 2552): open: card (cherrytrailaud, 0) 
D/TinyAlsaAudioDevice( 2552): 	 config (rate=48000 format=0 channels= 2).
D/TinyAlsaAudioDevice( 2552): 	 RingBuffer config: periodSize=1152 nbPeriod=4startTh=1151 stop Th=4608 silence Th=0
D/AudioConversion( 2552): configure: no convertion required
D/RouteManager( 2552): 		-executeUnmuteRoutingStage-
D/RouteManager( 2552): audio-parameter-manager: Selection criterion changed event: Criterion name: RoutageState, current state: Flow|Path|Configure
D/RouteManager( 2552): audio-parameter-manager: Configuration application request {
D/RouteManager( 2552): audio-parameter-manager:     Applying configurations {
D/RouteManager( 2552): audio-parameter-manager:         Applying configuration "Unmute" from domain "Routing.Mute.HWCodec.HWCodec.Playback.DAC1_VOL"
