D/RouteManager( 2549): audio-parameter-manager:     Applying configurations {
D/RouteManager( 2549): audio-parameter-manager:         Applying configuration "Mute" from domain "Routing.Mute.HWCodec.HWCodec.Playback.DAC1_VOL"
D/RouteManager( 2549): audio-parameter-manager:         Applying configuration "Mute" from domain "Routing.Sst.Mute.HwCodec.Playback.Internal"
D/RouteManager( 2549): audio-parameter-manager:         Applying configuration "Mute" from domain "Routing.Sst.Mute.Media.Playback.Regular"
D/RouteManager( 2549): audio-parameter-manager:     } Applying configurations
D/RouteManager( 2549): audio-parameter-manager: } Configuration application request
D/RouteManager( 2549): 		-executeDisableRoutingStage-
D/RouteManager( 2549): audio-parameter-manager: Selection criterion changed event: Criterion name: RoutageState, current state: Path
D/TinyAlsaAudioDevice( 2549): close
D/RouteManager( 2549): audio-parameter-manager: Configuration application request {
D/RouteManager( 2549): audio-parameter-manager:     Applying configurations {
D/RouteManager( 2549): audio-parameter-manager:         Applying configuration "Locked" from domain "Routing.Sst.Enable.VoiceProcessingLock.Uplink"
D/RouteManager( 2549): audio-parameter-manager:         Applying configuration "Locked" from domain "Routing.Sst.Enable.VoiceProcessingLock.Downlink"
D/RouteManager( 2549): audio-parameter-manager:         Applying configuration "Disable" from domain "Routing.Enable.HWCodec.Playback.EarpieceIHF"
D/RouteManager( 2549): audio-parameter-manager:     } Applying configurations
D/RouteManager( 2549): audio-parameter-manager: } Configuration application request
D/RouteManager( 2549): 		-executeConfigureRoutingStage-
D/RouteManager( 2549): audio-parameter-manager: Selection criterion changed event: Criterion name: RoutageState, current state: Configure
D/RouteManager( 2549): audio-parameter-manager: Selection criterion changed event: Criterion name: ClosingPlaybackRoutes, current state: <none>
D/RouteManager( 2549): audio-parameter-manager: Configuration application request {
D/RouteManager( 2549): audio-parameter-manager:     Applying configurations {
D/RouteManager( 2549): audio-parameter-manager:         Applying configuration "Disable" from domain "Routing.Configure.HWCodec.Playback.Ihf"
D/RouteManager( 2549): audio-parameter-manager:         Applying configuration "Disable" from domain "Routing.Configure.HWCodec.Playback.DAC1"
D/RouteManager( 2549): audio-parameter-manager:         Applying configuration "Unbind" from domain "Routing.Sst.Configure.Playback.SpeakerEqToSprot"
D/RouteManager( 2549): audio-parameter-manager:         Applying configuration "Unbind" from domain "Routing.Sst.Configure.Playback.Media.ToSpeakerEq"
D/RouteManager( 2549): audio-parameter-manager:         Applying configuration "Unbind" from domain "Routing.Sst.Configure.Playback.HwCodec.SprotToSpeaker"
D/RouteManager( 2549): audio-parameter-manager:         Applying configuration "Dmic.Bind" from domain "Routing.Sst.Configure.AlwaysListening.VTSV"
D/RouteManager( 2549): audio-parameter-manager:     } Applying configurations
D/RouteManager( 2549): audio-parameter-manager: } Configuration application request
D/RouteManager( 2549): 		-executeEnableRoutingStage-
D/RouteManager( 2549): audio-parameter-manager: Selection criterion changed event: Criterion name: RoutageState, current state: Path|Configure
D/RouteManager( 2549): audio-parameter-manager: Configuration application request {
D/RouteManager( 2549): audio-parameter-manager:     Applying configurations {
D/RouteManager( 2549): audio-parameter-manager:         Applying configuration "UnLocked" from domain "Routing.Sst.Enable.VoiceProcessingLock.Uplink"
D/RouteManager( 2549): audio-parameter-manager:         Applying configuration "UnLocked" from domain "Routing.Sst.Enable.VoiceProcessingLock.Downlink"
D/RouteManager( 2549): audio-parameter-manager:     } Applying configurations
D/RouteManager( 2549): audio-parameter-manager: } Configuration application request
D/RouteManager( 2549): 		-executeUnmuteRoutingStage-
D/RouteManager( 2549): audio-parameter-manager: Selection criterion changed event: Criterion name: RoutageState, current state: Flow|Path|Configure
D/RouteManager( 2549): audio-parameter-manager: Configuration application request {
D/RouteManager( 2549): audio-parameter-manager:     Applying configurations {
D/RouteManager( 2549): audio-parameter-manager:     } Applying configurations
D/RouteManager( 2549): audio-parameter-manager: } Configuration application request
D/RouteManager( 2549): doReconsiderRouting: DONE
D/EVENT_THREAD( 2549): void CEventThread::run() Do poll with timeout: -1
I/WAKELOCK_RELEASE( 2839): TIMESTAMP=8423318981441, TAG=AudioMix, TYPE=PARTIAL_WAKE_LOCK             , COUNT=0, PID=0, UID=1013, FLAGS=
E/Camera_V4L2DevBase( 2549): Failed to set value 1 for control Auto Focus (10094860) on device '/dev/video0', Invalid argument
E/Camera_V4L2DevBase( 2549): Failed to set value 0 for control Auto Focus (10094860) on device '/dev/video0', Invalid argument
E/Camera_V4L2DevBase( 2549): Failed to set value 1 for control Auto Focus (10094860) on device '/dev/video0', Invalid argument
E/Camera_V4L2DevBase( 2549): Failed to set value 0 for control Auto Focus (10094860) on device '/dev/video0', Invalid argument
E/Camera_V4L2DevBase( 2549): Failed to set value 1 for control Auto Focus (10094860) on device '/dev/video0', Invalid argument
E/Camera_V4L2DevBase( 2549): Failed to set value 0 for control Auto Focus (10094860) on device '/dev/video0', Invalid argument
E/WifiStateMachine( 2839): WifiStateMachine CMD_START_SCAN source -2 txSuccessRate=0.00 rxSuccessRate=7.36 targetRoamBSSID=f0:9c:e9:1a:75:95 RSSI=-33
E/WifiStateMachine( 2839): WifiStateMachine starting scan for "OTA"WPA_PSK with 2412,2437
E/Camera_V4L2DevBase( 2549): Failed to set value 1 for control Auto Focus (10094860) on device '/dev/video0', Invalid argument
E/Camera_V4L2DevBase( 2549): Failed to set value 0 for control Auto Focus (10094860) on device '/dev/video0', Invalid argument
E/Camera_V4L2DevBase( 2549): Failed to set value 1 for control Auto Focus (10094860) on device '/dev/video0', Invalid argument
E/Camera_V4L2DevBase( 2549): Failed to set value 0 for control Auto Focus (10094860) on device '/dev/video0', Invalid argument
E/Camera_V4L2DevBase( 2549): Failed to set value 1 for control Auto Focus (10094860) on device '/dev/video0', Invalid argument
E/Camera_V4L2DevBase( 2549): Failed to set value 0 for control Auto Focus (10094860) on device '/dev/video0', Invalid argument
E/Camera_V4L2DevBase( 2549): Failed to set value 1 for control Auto Focus (10094860) on device '/dev/video0', Invalid argument
E/Camera_V4L2DevBase( 2549): Failed to set value 0 for control Auto Focus (10094860) on device '/dev/video0', Invalid argument
E/Camera_V4L2DevBase( 2549): Failed to set value 1 for control Auto Focus (10094860) on device '/dev/video0', Invalid argument
E/Camera_V4L2DevBase( 2549): Failed to set value 0 for control Auto Focus (10094860) on device '/dev/video0', Invalid argument
E/Camera_V4L2DevBase( 2549): Failed to set value 1 for control Auto Focus (10094860) on device '/dev/video0', Invalid argument
E/Camera_V4L2DevBase( 2549): Failed to set value 0 for control Auto Focus (10094860) on device '/dev/video0', Invalid argument
E/Camera_V4L2DevBase( 2549): Failed to set value 1 for control Auto Focus (10094860) on device '/dev/video0', Invalid argument
E/Camera_V4L2DevBase( 2549): Failed to set value 0 for control Auto Focus (10094860) on device '/dev/video0', Invalid argument
E/Camera_V4L2DevBase( 2549): Failed to set value 1 for control Auto Focus (10094860) on device '/dev/video0', Invalid argument
E/Camera_V4L2DevBase( 2549): Failed to set value 0 for control Auto Focus (10094860) on device '/dev/video0', Invalid argument
E/Camera_V4L2DevBase( 2549): Failed to set value 1 for control Auto Focus (10094860) on device '/dev/video0', Invalid argument
E/Camera_V4L2DevBase( 2549): Failed to set value 0 for control Auto Focus (10094860) on device '/dev/video0', Invalid argument
E/Camera_V4L2DevBase( 2549): Failed to set value 1 for control Auto Focus (10094860) on device '/dev/video0', Invalid argument
E/Camera_V4L2DevBase( 2549): Failed to set value 0 for control Auto Focus (10094860) on device '/dev/video0', Invalid argument
E/Camera_V4L2DevBase( 2549): Failed to set value 1 for control Auto Focus (10094860) on device '/dev/video0', Invalid argument
E/Camera_V4L2DevBase( 2549): Failed to set value 0 for control Auto Focus (10094860) on device '/dev/video0', Invalid argument
E/Camera_V4L2DevBase( 2549): Failed to set value 1 for control Auto Focus (10094860) on device '/dev/video0', Invalid argument
E/Camera_V4L2DevBase( 2549): Failed to set value 0 for control Auto Focus (10094860) on device '/dev/video0', Invalid argument
E/Camera_V4L2DevBase( 2549): Failed to set value 1 for control Auto Focus (10094860) on device '/dev/video0', Invalid argument
E/Camera_V4L2DevBase( 2549): Failed to set value 0 for control Auto Focus (10094860) on device '/dev/video0', Invalid argument
E/Camera_V4L2DevBase( 2549): Failed to set value 1 for control Auto Focus (10094860) on device '/dev/video0', Invalid argument
E/Camera_V4L2DevBase( 2549): Failed to set value 0 for control Auto Focus (10094860) on device '/dev/video0', Invalid argument
E/Camera_V4L2DevBase( 2549): Failed to set value 1 for control Auto Focus (10094860) on device '/dev/video0', Invalid argument
E/Camera_V4L2DevBase( 2549): Failed to set value 0 for control Auto Focus (10094860) on device '/dev/video0', Invalid argument
E/Camera_V4L2DevBase( 2549): Failed to set value 1 for control Auto Focus (10094860) on device '/dev/video0', Invalid argument
E/WifiStateMachine( 2839): WifiStateMachine CMD_START_SCAN source -2 txSuccessRate=0.00 rxSuccessRate=6.11 targetRoamBSSID=f0:9c:e9:1a:75:95 RSSI=-33
E/WifiStateMachine( 2839): WifiStateMachine starting scan for "OTA"WPA_PSK with 2412,2437
E/Camera_V4L2DevBase( 2549): Failed to set value 0 for control Auto Focus (10094860) on device '/dev/video0', Invalid argument
E/Camera_V4L2DevBase( 2549): Failed to set value 1 for control Auto Focus (10094860) on device '/dev/video0', Invalid argument
E/Camera_V4L2DevBase( 2549): Failed to set value 0 for control Auto Focus (10094860) on device '/dev/video0', Invalid argument
E/Camera_V4L2DevBase( 2549): Failed to set value 1 for control Auto Focus (10094860) on device '/dev/video0', Invalid argument
E/Camera_V4L2DevBase( 2549): Failed to set value 0 for control Auto Focus (10094860) on device '/dev/video0', Invalid argument
E/Camera_V4L2DevBase( 2549): Failed to set value 1 for control Auto Focus (10094860) on device '/dev/video0', Invalid argument
E/Camera_V4L2DevBase( 2549): Failed to set value 0 for control Auto Focus (10094860) on device '/dev/video0', Invalid argument
E/Camera_V4L2DevBase( 2549): Failed to set value 1 for control Auto Focus (10094860) on device '/dev/video0', Invalid argument
E/Camera_V4L2DevBase( 2549): Failed to set value 0 for control Auto Focus (10094860) on device '/dev/video0', Invalid argument
D/Camera_PreviewStream( 2549): @notifyPolledDataToListeners camera id 0 receivedBuf is error, re-queue buffer for request 985
D/Camera_PreviewStream( 2549): @notifyPolledDataToListeners camera id 0 receivedBuf is error, re-queue buffer for request 986
D/Camera_PreviewStream( 2549): @notifyPolledDataToListeners camera id 0 receivedBuf is error, re-queue buffer for request 987
W/Camera3HAL( 2549): KPI:hal_dev_process_capture_request took longer than expected. Actual 2452158 us expected 133000 us
E/Camera_V4L2DevBase( 2549): Failed to set value 1 for control Auto Focus (10094860) on device '/dev/video0', Invalid argument
E/Camera_V4L2DevBase( 2549): Failed to set value 0 for control Auto Focus (10094860) on device '/dev/video0', Invalid argument
E/Camera_V4L2DevBase( 2549): Failed to set value 1 for control Auto Focus (10094860) on device '/dev/video0', Invalid argument
E/Camera_V4L2DevBase( 2549): Failed to set value 0 for control Auto Focus (10094860) on device '/dev/video0', Invalid argument
I/WAKELOCK_ACQUIRE( 2839): TIMESTAMP=8460136634252, TAG=*alarm*, TYPE=PARTIAL_WAKE_LOCK             , COUNT=0, PID=2839, UID=1000, FLAGS=
I/WAKELOCK_RELEASE( 2839): TIMESTAMP=8460173345188, TAG=*alarm*, TYPE=PARTIAL_WAKE_LOCK             , COUNT=0, PID=2839, UID=1000, FLAGS=
E/Camera_V4L2DevBase( 2549): Failed to set value 1 for control Auto Focus (10094860) on device '/dev/video0', Invalid argument
E/Camera_V4L2DevBase( 2549): Failed to set value 0 for control Auto Focus (10094860) on device '/dev/video0', Invalid argument
E/Camera_V4L2DevBase( 2549): Failed to set value 1 for control Auto Focus (10094860) on device '/dev/video0', Invalid argument
E/Camera_V4L2DevBase( 2549): Failed to set value 0 for control Auto Focus (10094860) on device '/dev/video0', Invalid argument
E/Camera_V4L2DevBase( 2549): Failed to set value 1 for control Auto Focus (10094860) on device '/dev/video0', Invalid argument
E/Camera_V4L2DevBase( 2549): Failed to set value 0 for control Auto Focus (10094860) on device '/dev/video0', Invalid argument
E/Camera_V4L2DevBase( 2549): Failed to set value 1 for control Auto Focus (10094860) on device '/dev/video0', Invalid argument
E/Camera_V4L2DevBase( 2549): Failed to set value 0 for control Auto Focus (10094860) on device '/dev/video0', Invalid argument
E/Camera_V4L2DevBase( 2549): Failed to set value 1 for control Auto Focus (10094860) on device '/dev/video0', Invalid argument
E/Camera_V4L2DevBase( 2549): Failed to set value 0 for control Auto Focus (10094860) on device '/dev/video0', Invalid argument
E/Camera_V4L2DevBase( 2549): Failed to set value 1 for control Auto Focus (10094860) on device '/dev/video0', Invalid argument
E/Camera_V4L2DevBase( 2549): Failed to set value 0 for control Auto Focus (10094860) on device '/dev/video0', Invalid argument
E/WifiStateMachine( 2839): WifiStateMachine CMD_START_SCAN source -2 txSuccessRate=0.00 rxSuccessRate=8.33 targetRoamBSSID=f0:9c:e9:1a:75:95 RSSI=-36
E/WifiStateMachine( 2839): WifiStateMachine starting scan for "OTA"WPA_PSK with 2412,2437
E/Camera_V4L2DevBase( 2549): Failed to set value 1 for control Auto Focus (10094860) on device '/dev/video0', Invalid argument
E/Camera_V4L2DevBase( 2549): Failed to set value 0 for control Auto Focus (10094860) on device '/dev/video0', Invalid argument
E/Camera_V4L2DevBase( 2549): Failed to set value 1 for control Auto Focus (10094860) on device '/dev/video0', Invalid argument
E/Camera_V4L2DevBase( 2549): Failed to set value 0 for control Auto Focus (10094860) on device '/dev/video0', Invalid argument
E/Camera_V4L2DevBase( 2549): Failed to set value 1 for control Auto Focus (10094860) on device '/dev/video0', Invalid argument
E/Camera_V4L2DevBase( 2549): Failed to set value 0 for control Auto Focus (10094860) on device '/dev/video0', Invalid argument
E/Camera_V4L2DevBase( 2549): Failed to set value 1 for control Auto Focus (10094860) on device '/dev/video0', Invalid argument
E/Camera_V4L2DevBase( 2549): Failed to set value 0 for control Auto Focus (10094860) on device '/dev/video0', Invalid argument
E/Camera_V4L2DevBase( 2549): Failed to set value 1 for control Auto Focus (10094860) on device '/dev/video0', Invalid argument
E/Camera_V4L2DevBase( 2549): Failed to set value 0 for control Auto Focus (10094860) on device '/dev/video0', Invalid argument
E/Camera_V4L2DevBase( 2549): Failed to set value 1 for control Auto Focus (10094860) on device '/dev/video0', Invalid argument
E/Camera_V4L2DevBase( 2549): Failed to set value 0 for control Auto Focus (10094860) on device '/dev/video0', Invalid argument
E/Camera_V4L2DevBase( 2549): Failed to set value 1 for control Auto Focus (10094860) on device '/dev/video0', Invalid argument
E/Camera_V4L2DevBase( 2549): Failed to set value 0 for control Auto Focus (10094860) on device '/dev/video0', Invalid argument
E/Camera_V4L2DevBase( 2549): Failed to set value 1 for control Auto Focus (10094860) on device '/dev/video0', Invalid argument
E/Camera_V4L2DevBase( 2549): Failed to set value 0 for control Auto Focus (10094860) on device '/dev/video0', Invalid argument
E/Camera_V4L2DevBase( 2549): Failed to set value 1 for control Auto Focus (10094860) on device '/dev/video0', Invalid argument
E/Camera_V4L2DevBase( 2549): Failed to set value 0 for control Auto Focus (10094860) on device '/dev/video0', Invalid argument
E/Camera_V4L2DevBase( 2549): Failed to set value 1 for control Auto Focus (10094860) on device '/dev/video0', Invalid argument
E/Camera_V4L2DevBase( 2549): Failed to set value 0 for control Auto Focus (10094860) on device '/dev/video0', Invalid argument
E/Camera_V4L2DevBase( 2549): Failed to set value 1 for control Auto Focus (10094860) on device '/dev/video0', Invalid argument
E/Camera_V4L2DevBase( 2549): Failed to set value 0 for control Auto Focus (10094860) on device '/dev/video0', Invalid argument
D/PROPERTY( 2549): get media.dump_output.befconv: 0
D/PROPERTY( 2549): get media.dump_output.aftconv: 0
D/AudioIntelHal( 2549): startStream: output stream.
D/AudioIntelHal/AudioPlatformState( 2549): route-parameter-manager: Selection criterion changed event: Criterion name: OutputFlags, current state: Primary
D/AudioIntelHal/AudioPlatformState( 2549): route-parameter-manager: Configuration application request {
D/AudioIntelHal/AudioPlatformState( 2549): route-parameter-manager:     Applying configurations {
D/AudioIntelHal/AudioPlatformState( 2549): route-parameter-manager:         Applying configuration "Applicable" from domain "StreamRoute.Media.Playback"
D/AudioIntelHal/AudioPlatformState( 2549): route-parameter-manager:         Applying configuration "Yes" from domain "Route.HwCodec0IA.Playback.Applicable"
D/AudioIntelHal/AudioPlatformState( 2549): route-parameter-manager:     } Applying configurations
D/AudioIntelHal/AudioPlatformState( 2549): route-parameter-manager: } Configuration application request
D/EVENT_THREAD( 2549): void CEventThread::trig(void*, uint32_t): in
D/EVENT_THREAD( 2549): void CEventThread::trig(void*, uint32_t): out
D/RouteManager( 2549): doReconsiderRouting: Route state:
D/RouteManager( 2549): 	-Previously Enabled Route in Input = <none>
D/RouteManager( 2549): 	-Previously Enabled Route in Output = <none>
D/RouteManager( 2549): 	-Selected Route in Input = <none>
D/RouteManager( 2549): 	-Selected Route in Output = Media|HwCodec0IA
D/RouteManager( 2549): 		-executeMuteRoutingStage-
D/RouteManager( 2549): audio-parameter-manager: Selection criterion changed event: Criterion name: RoutageState, current state: Flow
D/RouteManager( 2549): audio-parameter-manager: Configuration application request {
D/RouteManager( 2549): audio-parameter-manager:     Applying configurations {
D/RouteManager( 2549): audio-parameter-manager:     } Applying configurations
D/RouteManager( 2549): audio-parameter-manager: } Configuration application request
D/RouteManager( 2549): 		-executeDisableRoutingStage-
D/RouteManager( 2549): audio-parameter-manager: Selection criterion changed event: Criterion name: RoutageState, current state: Path
D/RouteManager( 2549): audio-parameter-manager: Configuration application request {
D/RouteManager( 2549): audio-parameter-manager:     Applying configurations {
D/RouteManager( 2549): audio-parameter-manager:         Applying configuration "Locked" from domain "Routing.Sst.Enable.VoiceProcessingLock.Uplink"
D/RouteManager( 2549): audio-parameter-manager:         Applying configuration "Locked" from domain "Routing.Sst.Enable.VoiceProcessingLock.Downlink"
I/WAKELOCK_ACQUIRE( 2839): TIMESTAMP=8481092688149, TAG=AudioMix, TYPE=PARTIAL_WAKE_LOCK             , COUNT=0, PID=0, UID=1013, FLAGS=
D/RouteManager( 2549): audio-parameter-manager:     } Applying configurations
D/RouteManager( 2549): audio-parameter-manager: } Configuration application request
D/RouteManager( 2549): 		-executeConfigureRoutingStage-
D/RouteManager( 2549): audio-parameter-manager: Selection criterion changed event: Criterion name: RoutageState, current state: Configure
D/RouteManager( 2549): audio-parameter-manager: Selection criterion changed event: Criterion name: OpenedPlaybackRoutes, current state: Media|HwCodec0IA
D/RouteManager( 2549): audio-parameter-manager: Configuration application request {
D/RouteManager( 2549): audio-parameter-manager:     Applying configurations {
D/RouteManager( 2549): audio-parameter-manager:         Applying configuration "Enable" from domain "Routing.Configure.HWCodec.Playback.Ihf"
D/RouteManager( 2549): audio-parameter-manager:         Applying configuration "Playback" from domain "Routing.Configure.HWCodec.Playback.DAC1"
D/RouteManager( 2549): audio-parameter-manager:         Applying configuration "Bind" from domain "Routing.Sst.Configure.Playback.SpeakerEqToSprot"
D/RouteManager( 2549): audio-parameter-manager:         Applying configuration "Bind" from domain "Routing.Sst.Configure.Playback.Media.ToSpeakerEq"
D/RouteManager( 2549): audio-parameter-manager:         Applying configuration "Bind" from domain "Routing.Sst.Configure.Playback.HwCodec.SprotToSpeaker"
D/RouteManager( 2549): audio-parameter-manager:         Applying configuration "VadMixerInputsAndHfRef.Media.Aec.TxSpeechLine.Bind" from domain "Routing.Sst.Configure.AlwaysListening.VTSV"
D/RouteManager( 2549): audio-parameter-manager:     } Applying configurations
D/RouteManager( 2549): audio-parameter-manager: } Configuration application request
D/RouteManager( 2549): 		-executeEnableRoutingStage-
D/RouteManager( 2549): audio-parameter-manager: Selection criterion changed event: Criterion name: RoutageState, current state: Path|Configure
D/RouteManager( 2549): audio-parameter-manager: Configuration application request {
D/RouteManager( 2549): audio-parameter-manager:     Applying configurations {
D/RouteManager( 2549): audio-parameter-manager:         Applying configuration "UnLocked" from domain "Routing.Sst.Enable.VoiceProcessingLock.Uplink"
D/RouteManager( 2549): audio-parameter-manager:         Applying configuration "UnLocked" from domain "Routing.Sst.Enable.VoiceProcessingLock.Downlink"
D/RouteManager( 2549): audio-parameter-manager:         Applying configuration "Enable" from domain "Routing.Enable.HWCodec.Playback.EarpieceIHF"
D/RouteManager( 2549): audio-parameter-manager:     } Applying configurations
D/RouteManager( 2549): audio-parameter-manager: } Configuration application request
D/TinyAlsaAudioDevice( 2549): open: card (cherrytrailaud, 0) 
D/TinyAlsaAudioDevice( 2549): 	 config (rate=48000 format=0 channels= 2).
D/TinyAlsaAudioDevice( 2549): 	 RingBuffer config: periodSize=1152 nbPeriod=4startTh=1151 stop Th=4608 silence Th=0
D/AudioConversion( 2549): configure: no convertion required
D/RouteManager( 2549): 		-executeUnmuteRoutingStage-
D/RouteManager( 2549): audio-parameter-manager: Selection criterion changed event: Criterion name: RoutageState, current state: Flow|Path|Configure
D/RouteManager( 2549): audio-parameter-manager: Configuration application request {
D/RouteManager( 2549): audio-parameter-manager:     Applying configurations {
D/RouteManager( 2549): audio-parameter-manager:         Applying configuration "Unmute" from domain "Routing.Mute.HWCodec.HWCodec.Playback.DAC1_VOL"
D/RouteManager( 2549): audio-parameter-manager:         Applying configuration "Unmute" from domain "Routing.Sst.Mute.HwCodec.Playback.Internal"
D/RouteManager( 2549): audio-parameter-manager:         Applying configuration "Unmute" from domain "Routing.Sst.Mute.Media.Playback.Regular"
D/RouteManager( 2549): audio-parameter-manager:     } Applying configurations
D/RouteManager( 2549): audio-parameter-manager: } Configuration application request
D/RouteManager( 2549): doReconsiderRouting: DONE
D/EVENT_THREAD( 2549): void CEventThread::run() Do poll with timeout: -1
E/TinyAlsaStream( 2549): getFramesAvailable: Unable to get available frames
E/TinyAlsaStream( 2549): getFramesAvailable: Unable to get available frames
E/TinyAlsaStream( 2549): getFramesAvailable: Unable to get available frames
E/Camera3_RequestThread( 2549): @flush, the flush() > 1000ms, time spend:1003474us
W/Camera3HAL( 2549): KPI:hal_dev_flush took longer than expected. Actual 1003659 us expected 1000000 us
E/Camera2Client( 2549): stopPreviewL: Camera 0: Unable to flush pending requests: No such device (-19)
W/Camera_IPU2HwIsp( 2549): Event sync poll timeout
E/Camera_IPU2HwIsp( 2549):     error -110 in handling message: 1
D/AudioIntelHal( 2549): stopStream: output stream.
D/AudioIntelHal/AudioPlatformState( 2549): route-parameter-manager: Selection criterion changed event: Criterion name: OutputFlags, current state: <none>
D/AudioIntelHal/AudioPlatformState( 2549): route-parameter-manager: Configuration application request {
D/AudioIntelHal/AudioPlatformState( 2549): route-parameter-manager:     Applying configurations {
D/AudioIntelHal/AudioPlatformState( 2549): route-parameter-manager:         Applying configuration "NotApplicable" from domain "StreamRoute.Media.Playback"
D/AudioIntelHal/AudioPlatformState( 2549): route-parameter-manager:         Applying configuration "No" from domain "Route.HwCodec0IA.Playback.Applicable"
D/AudioIntelHal/AudioPlatformState( 2549): route-parameter-manager:     } Applying configurations
D/AudioIntelHal/AudioPlatformState( 2549): route-parameter-manager: } Configuration application request
D/EVENT_THREAD( 2549): void CEventThread::trig(void*, uint32_t): in
D/EVENT_THREAD( 2549): void CEventThread::trig(void*, uint32_t): out
D/RouteManager( 2549): doReconsiderRouting: Route state:
D/RouteManager( 2549): 	-Previously Enabled Route in Input = <none>
D/RouteManager( 2549): 	-Previously Enabled Route in Output = Media|HwCodec0IA
D/RouteManager( 2549): 	-Selected Route in Input = <none>
D/RouteManager( 2549): 	-Selected Route in Output = <none>
D/RouteManager( 2549): 		-executeMuteRoutingStage-
D/RouteManager( 2549): audio-parameter-manager: Selection criterion changed event: Criterion name: RoutageState, current state: Flow
D/RouteManager( 2549): audio-parameter-manager: Selection criterion changed event: Criterion name: ClosingPlaybackRoutes, current state: Media|HwCodec0IA
D/RouteManager( 2549): audio-parameter-manager: Selection criterion changed event: Criterion name: OpenedPlaybackRoutes, current state: <none>
D/RouteManager( 2549): audio-parameter-manager: Configuration application request {
D/RouteManager( 2549): audio-parameter-manager:     Applying configurations {
D/RouteManager( 2549): audio-parameter-manager:         Applying configuration "Mute" from domain "Routing.Mute.HWCodec.HWCodec.Playback.DAC1_VOL"
D/RouteManager( 2549): audio-parameter-manager:         Applying configuration "Mute" from domain "Routing.Sst.Mute.HwCodec.Playback.Internal"
D/RouteManager( 2549): audio-parameter-manager:         Applying configuration "Mute" from domain "Routing.Sst.Mute.Media.Playback.Regular"
D/RouteManager( 2549): audio-parameter-manager:     } Applying configurations
D/RouteManager( 2549): audio-parameter-manager: } Configuration application request
D/RouteManager( 2549): 		-executeDisableRoutingStage-
D/RouteManager( 2549): audio-parameter-manager: Selection criterion changed event: Criterion name: RoutageState, current state: Path
D/TinyAlsaAudioDevice( 2549): close
D/RouteManager( 2549): audio-parameter-manager: Configuration application request {
D/RouteManager( 2549): audio-parameter-manager:     Applying configurations {
D/RouteManager( 2549): audio-parameter-manager:         Applying configuration "Locked" from domain "Routing.Sst.Enable.VoiceProcessingLock.Uplink"
D/RouteManager( 2549): audio-parameter-manager:         Applying configuration "Locked" from domain "Routing.Sst.Enable.VoiceProcessingLock.Downlink"
D/RouteManager( 2549): audio-parameter-manager:         Applying configuration "Disable" from domain "Routing.Enable.HWCodec.Playback.EarpieceIHF"
D/RouteManager( 2549): audio-parameter-manager:     } Applying configurations
D/RouteManager( 2549): audio-parameter-manager: } Configuration application request
D/RouteManager( 2549): 		-executeConfigureRoutingStage-
D/RouteManager( 2549): audio-parameter-manager: Selection criterion changed event: Criterion name: RoutageState, current state: Configure
D/RouteManager( 2549): audio-parameter-manager: Selection criterion changed event: Criterion name: ClosingPlaybackRoutes, current state: <none>
D/RouteManager( 2549): audio-parameter-manager: Configuration application request {
D/RouteManager( 2549): audio-parameter-manager:     Applying configurations {
D/RouteManager( 2549): audio-parameter-manager:         Applying configuration "Disable" from domain "Routing.Configure.HWCodec.Playback.Ihf"
D/RouteManager( 2549): audio-parameter-manager:         Applying configuration "Disable" from domain "Routing.Configure.HWCodec.Playback.DAC1"
D/RouteManager( 2549): audio-parameter-manager:         Applying configuration "Unbind" from domain "Routing.Sst.Configure.Playback.SpeakerEqToSprot"
D/RouteManager( 2549): audio-parameter-manager:         Applying configuration "Unbind" from domain "Routing.Sst.Configure.Playback.Media.ToSpeakerEq"
D/RouteManager( 2549): audio-parameter-manager:         Applying configuration "Unbind" from domain "Routing.Sst.Configure.Playback.HwCodec.SprotToSpeaker"
D/RouteManager( 2549): audio-parameter-manager:         Applying configuration "Dmic.Bind" from domain "Routing.Sst.Configure.AlwaysListening.VTSV"
D/RouteManager( 2549): audio-parameter-manager:     } Applying configurations
D/RouteManager( 2549): audio-parameter-manager: } Configuration application request
D/RouteManager( 2549): 		-executeEnableRoutingStage-
D/RouteManager( 2549): audio-parameter-manager: Selection criterion changed event: Criterion name: RoutageState, current state: Path|Configure
D/RouteManager( 2549): audio-parameter-manager: Configuration application request {
D/RouteManager( 2549): audio-parameter-manager:     Applying configurations {
D/RouteManager( 2549): audio-parameter-manager:         Applying configuration "UnLocked" from domain "Routing.Sst.Enable.VoiceProcessingLock.Uplink"
D/RouteManager( 2549): audio-parameter-manager:         Applying configuration "UnLocked" from domain "Routing.Sst.Enable.VoiceProcessingLock.Downlink"
D/RouteManager( 2549): audio-parameter-manager:     } Applying configurations
D/RouteManager( 2549): audio-parameter-manager: } Configuration application request
D/RouteManager( 2549): 		-executeUnmuteRoutingStage-
D/RouteManager( 2549): audio-parameter-manager: Selection criterion changed event: Criterion name: RoutageState, current state: Flow|Path|Configure
D/RouteManager( 2549): audio-parameter-manager: Configuration application request {
D/RouteManager( 2549): audio-parameter-manager:     Applying configurations {
D/RouteManager( 2549): audio-parameter-manager:     } Applying configurations
D/RouteManager( 2549): audio-parameter-manager: } Configuration application request
D/RouteManager( 2549): doReconsiderRouting: DONE
I/WAKELOCK_RELEASE( 2839): TIMESTAMP=8484255459327, TAG=AudioMix, TYPE=PARTIAL_WAKE_LOCK             , COUNT=0, PID=0, UID=1013, FLAGS=
D/EVENT_THREAD( 2549): void CEventThread::run() Do poll with timeout: -1
E/Camera3-Device( 2549): Camera 0: waitUntilDrainedLocked: Error waiting for HAL to drain: Connection timed out (-110)
E/Camera2ClientBase( 2549): Error condition 1 reported by HAL, requestId -1
D/EVENT_THREAD( 2549): void CEventThread::run() Do poll with timeout: -1
D/EVENT_THREAD( 2549): void CEventThread::run() Do poll with timeout: -1
D/CameraTraces( 2549): Process trace saved. Use dumpsys media.camera to view.
E/Camera2Client( 2549): stopPreviewL: Camera 0: Waiting to stop streaming failed: Connection timed out (-110)
E/Camera3-Device( 2549): Camera 0: clearStreamingRequest: Device has encountered a serious error
E/Camera2-StreamingProcessor( 2549): stopStream: Camera 0: Can't clear stream request: Function not implemented (-38)
E/Camera2Client( 2549): stopPreviewL: Camera 0: Can't stop streaming: Function not implemented (-38)
E/WifiStateMachine( 2839): WifiStateMachine CMD_START_SCAN source -2 txSuccessRate=0.00 rxSuccessRate=10.28 targetRoamBSSID=f0:9c:e9:1a:75:95 RSSI=-35
E/WifiStateMachine( 2839): WifiStateMachine starting scan for "OTA"WPA_PSK with 2412,2437
E/Camera3_RequestThread( 2549): @flush, the flush() > 1000ms, time spend:1003786us
W/Camera3HAL( 2549): KPI:hal_dev_flush took longer than expected. Actual 1003891 us expected 1000000 us
E/Camera2Client( 2549): stopPreviewL: Camera 0: Unable to flush pending requests: No such device (-19)
E/Camera3-IOStreamBase( 2549): disconnectLocked: Can't disconnect with 2 buffers still dequeued!
E/Camera3-Device( 2549): Camera 0: deleteStream: Can't disconnect deleted stream 0
E/Camera2-StreamingProcessor( 2549): deletePreviewStream: Unable to delete old preview stream: Function not implemented (-38)
E/Camera3-IOStreamBase( 2549): disconnectLocked: Can't disconnect with 2 buffers still dequeued!
E/Camera3-Device( 2549): Camera 0: deleteStream: Can't disconnect deleted stream 2
E/Camera2-CallbackProcessor( 2549): deleteStream: Unable to delete callback stream: Function not implemented (-38)
E/Camera3-Device( 2549): Camera 0: disconnect: Shutting down in an error state
D/hwc     ( 2309): default
D/hwc     ( 2309): default
D/hwc     ( 2309): Find: Checking option 0:          panel : 1               (     1) Int Changable Force 
D/hwc     ( 2309): Find: Checking option 1:       external : 1               (     1) Int Changable Force 
D/hwc     ( 2309): Find: Checking option 2:       display0 :                 (     0) Str Changable Force 
D/hwc     ( 2309): Find: Checking option 3:       display1 :                 (     0) Str Changable Force 
D/hwc     ( 2309): Find: Checking option 4:drmdefaultframe : 1               (     1) Int Changable Force 
D/hwc     ( 2309): Find: Checking option 5:     setdisplay : 1               (     1) Int Changed Changable 
D/hwc     ( 2309): Find: Checking option 6:    vppcomposer : 1               (     1) Int Changable Force 
D/hwc     ( 2309): Find: Checking option 7:     glcomposer : 0               (     0) Int Changable Force 
D/hwc     ( 2309): Find: Checking option 8:     partglcomp : 1               (     1) Int Changable Force 
D/hwc     ( 2309): Find: Checking option 9:       widicomp : 0               (     0) Int Changable Force 
D/hwc     ( 2309): Find: Checking option 10:    lowlosscomp : 0               (     0) Int Changable Force 
D/hwc     ( 2309): Find: Checking option 11:    idletimeout : 600             (   600) Int Changable Force 
D/hwc     ( 2309): Find: Checking option 12:     idletimein : 400             (   400) Int Changable Force 
D/hwc     ( 2309): Find: Checking option 13:     planealloc : 1               (     1) Int Changable 
D/hwc     ( 2309): Find: Checking option 14:  globalscaling : 11              (    11) Int Changable Force 
D/hwc     ( 2309): Find: Checking option 15: globalscalemin : 66              (    66) Int Changable Force 
D/hwc     ( 2309): Find: Checking option 16: globalscalemax : 150             (   150) Int Changable Force 
D/hwc     ( 2309): Find: Checking option 17:globalscaleedje : 1               (     1) Int Changable Force 
D/hwc     ( 2309): Find: Checking option 18:    gsvideoonly : 1               (     1) Int Changable Force 
D/hwc     ( 2309): Find: Checking option 19:  proxydisplayw : 1920            (  1920) Int Changable Force 
D/hwc     ( 2309): Find: Checking option 20:  proxydisplayh : 1080            (  1080) Int Changable Force 
D/hwc     ( 2309): Find: Checking option 21:     virtualres : 0               (     0) Int Changable Force 
D/hwc     ( 2309): Find: Checking option 22:matchvideoreson : 0               (     0) Int Changable Force 
D/hwc     ( 2309): Find: Checking option 23: matchvideoresw : 3840            (  3840) Int Changable Force 
D/hwc     ( 2309): Find: Checking option 24: matchvideoresh : 2160            (  2160) Int Changable Force 
D/hwc     ( 2309): Find: Checking option 25: matchvideoresf : 0               (     0) Int Changable Force 
D/hwc     ( 2309): Find: Checking option 26:                :                 (     0) Int Changable Force 
D/hwc     ( 2309): Find: Checking option 27:                :                 (     0) Int Changable Force 
D/hwc     ( 2309): Find: Checking option 28:                :                 (     0) Int Changable Force 
D/hwc     ( 2309): Find: Checking option 29:                :                 (     0) Int Changable Force 
D/hwc     ( 2309): Find: Checking option 30:                :                 (     0) Int Changable Force 
D/hwc     ( 2309): Find: Checking option 31:            mds : 1               (     1) Int Changable Force 
D/hwc     ( 2309): Find: Checking option 32:     modechange : 1               (     1) Int Changable Force 
D/hwc     ( 2309): Find: Checking option 33:    extendedmcg : 1               (     1) Int Changable Force 
D/hwc     ( 2309): Find: Checking option 34:  extmodepolicy : 1               (     1) Int Changable Force 
D/hwc     ( 2309): Find: Checking option 35:extprotectedlcl : 0               (     0) Int Changable Force 
D/hwc     ( 2309): Find: Checking option 36: glrendertonv12 : 0               (     0) Int Changable Force 
D/hwc     ( 2309): Find: Checking option 37: partitionvideo : 1               (     1) Int Changable Force 
D/hwc     ( 2309): Find: Checking option 38:       drmmode0 : 0x0@0-0         (     0) Str Changable Force Persistent 
D/hwc     ( 2309): Find: Checking option 39:  drmscalemode0 : 0               (     0) Int Changable Force Persistent 
D/hwc     ( 2309): Find: Checking option 40:   drmoverscan0 : 0x0             (     0) Str Changable Force Persistent 
D/hwc     ( 2309): Find: Checking option 41:drmpanelfitter0 : 1               (     1) Int Changable Force 
D/hwc     ( 2309): Find: Checking option 42:    drmteardown : 1               (     1) Int Changable Force 
D/hwc     ( 2309): Find: Checking option 43: drmpfitmigrate : 0               (     0) Int Changable Force 
D/hwc     ( 2309): Find: Checking option 44:                :                 (     0) Int Changable Force 
D/hwc     ( 2309): Find: Checking option 45:                :                 (     0) Int Changable Force 
D/hwc     ( 2309): Find: Checking option 46:                :                 (     0) Int Changable Force 
D/hwc     ( 2309): Find: Checking option 47:                :                 (     0) Int Changable Force 
D/hwc     ( 2309): Find: Checking option 48:    drmteardown : 1               (     1) Int Changable Force 
D/hwc     ( 2309): Find: Checking option 49: drmpfitmigrate : 0               (     0) Int Changable Force 
D/hwc     ( 2309): Find: Checking option 50:        overlay : 1               (     1) Int Changed Changable Force 
D/hwc     ( 2309): Find: Checking option 51:     overlayrgb : 1               (     1) Int Changable Force 
D/hwc     ( 2309): Find: Checking option 52:     overlayyuv : 1               (     1) Int Changable Force 
D/hwc     ( 2309): Find: Checking option 53:  overlayzorder : 1               (     1) Int Changable Force 
D/hwc     ( 2309): Find: Checking option 54:  forceblanking : 0               (     0) Int Changable Force 
I/hwc     ( 2309): Matching option overlay
E/Camera3_RequestThread( 2549): @flush, the flush() > 1000ms, time spend:1001059us
D/IA_IMAGING( 2549): Enter ia_aiq_get_aiqd_data()
D/IA_IMAGING( 2549): Out-aiqd data size: 39892
E/Sensors ( 2839): sensorhal: sensorActivate: sensor Accelerometer sensor enabled 0
I/SensorHubDaemon( 2561): sensorhub: [-1567507635]before write value 1 into entry /sys/bus/platform/devices/sensor_collection/sensor_5_def/properties/property_reporting_state/value 
I/SensorHubDaemon( 2561): sensorhub: [-1557987699]after value 1 into entry /sys/bus/platform/devices/sensor_collection/sensor_5_def/properties/property_reporting_state/value 
I/SensorHubDaemon( 2561): sensorhub: [-1557725128]before write value 3 into entry /sys/bus/platform/devices/sensor_collection/sensor_5_def/properties/property_power_state/value 
I/SensorHubDaemon( 2561): sensorhub: [-1555674586]after value 3 into entry /sys/bus/platform/devices/sensor_collection/sensor_5_def/properties/property_power_state/value 
I/SensorHubDaemon( 2561): sensorhub: [-1555471467]before write value 0 into entry /sys/bus/platform/devices/sensor_collection/sensor_5_def/properties/property_report_interval/value 
I/SensorHubDaemon( 2561): sensorhub: [-1552997424]after value 0 into entry /sys/bus/platform/devices/sensor_collection/sensor_5_def/properties/property_report_interval/value 
I/SensorHubDaemon( 2561): sensorhub: CMD_STOP_STREAMING, data_rate_arbitered is 0, buffer_delay_arbitered is 0 
D/Camera_CaptureStream( 2549): freeBuffers: no buffers!
I/Camera2Client( 2549): Camera 0: Closed
E/Camera2-CallbackProcessor( 2549): deleteStream: Camera 0: Device does not exist
E/Camera2-StreamingProcessor( 2549): deletePreviewStream: Camera 0: Device does not exist
I/WAKELOCK_ACQUIRE( 2839): TIMESTAMP=8489744029409, TAG=ActivityManager-Launch, TYPE=PARTIAL_WAKE_LOCK             , COUNT=0, PID=2839, UID=1000, FLAGS=
I/Camera2ClientBase( 2549): Closed Camera 0. Client was: com.wistron.generic.pqaa (PID 5282, UID 10049)
D/NuPlayerDriver( 2549): reset(0xf7f1c8f0)
D/NuPlayerDriver( 2549): notifyResetComplete(0xf7f1c8f0)
D/NuPlayerDriver( 2549): reset(0xf7eb7738)
D/NuPlayerDriver( 2549): notifyResetComplete(0xf7eb7738)
I/Tag     ( 5282): onActivityResult---
D/PROPERTY( 2549): get media.dump_output.befconv: 0
D/PROPERTY( 2549): get media.dump_output.aftconv: 0
D/AudioIntelHal( 2549): startStream: output stream.
D/AudioIntelHal/AudioPlatformState( 2549): route-parameter-manager: Selection criterion changed event: Criterion name: OutputFlags, current state: Primary
D/AudioIntelHal/AudioPlatformState( 2549): route-parameter-manager: Configuration application request {
D/AudioIntelHal/AudioPlatformState( 2549): route-parameter-manager:     Applying configurations {
D/AudioIntelHal/AudioPlatformState( 2549): route-parameter-manager:         Applying configuration "Applicable" from domain "StreamRoute.Media.Playback"
I/WAKELOCK_ACQUIRE( 2839): TIMESTAMP=8489768387742, TAG=AudioMix, TYPE=PARTIAL_WAKE_LOCK             , COUNT=0, PID=0, UID=1013, FLAGS=
D/AudioIntelHal/AudioPlatformState( 2549): route-parameter-manager:         Applying configuration "Yes" from domain "Route.HwCodec0IA.Playback.Applicable"
D/AudioIntelHal/AudioPlatformState( 2549): route-parameter-manager:     } Applying configurations
D/AudioIntelHal/AudioPlatformState( 2549): route-parameter-manager: } Configuration application request
D/EVENT_THREAD( 2549): void CEventThread::trig(void*, uint32_t): in
D/EVENT_THREAD( 2549): void CEventThread::trig(void*, uint32_t): out
D/RouteManager( 2549): doReconsiderRouting: Route state:
D/RouteManager( 2549): 	-Previously Enabled Route in Input = <none>
D/RouteManager( 2549): 	-Previously Enabled Route in Output = <none>
D/RouteManager( 2549): 	-Selected Route in Input = <none>
D/RouteManager( 2549): 	-Selected Route in Output = Media|HwCodec0IA
D/RouteManager( 2549): 		-executeMuteRoutingStage-
D/RouteManager( 2549): audio-parameter-manager: Selection criterion changed event: Criterion name: RoutageState, current state: Flow
D/RouteManager( 2549): audio-parameter-manager: Configuration application request {
D/RouteManager( 2549): audio-parameter-manager:     Applying configurations {
D/RouteManager( 2549): audio-parameter-manager:     } Applying configurations
D/RouteManager( 2549): audio-parameter-manager: } Configuration application request
D/RouteManager( 2549): 		-executeDisableRoutingStage-
D/RouteManager( 2549): audio-parameter-manager: Selection criterion changed event: Criterion name: RoutageState, current state: Path
D/RouteManager( 2549): audio-parameter-manager: Configuration application request {
D/RouteManager( 2549): audio-parameter-manager:     Applying configurations {
D/RouteManager( 2549): audio-parameter-manager:         Applying configuration "Locked" from domain "Routing.Sst.Enable.VoiceProcessingLock.Uplink"
D/RouteManager( 2549): audio-parameter-manager:         Applying configuration "Locked" from domain "Routing.Sst.Enable.VoiceProcessingLock.Downlink"
D/RouteManager( 2549): audio-parameter-manager:     } Applying configurations
D/RouteManager( 2549): audio-parameter-manager: } Configuration application request
D/RouteManager( 2549): 		-executeConfigureRoutingStage-
D/RouteManager( 2549): audio-parameter-manager: Selection criterion changed event: Criterion name: RoutageState, current state: Configure
D/RouteManager( 2549): audio-parameter-manager: Selection criterion changed event: Criterion name: OpenedPlaybackRoutes, current state: Media|HwCodec0IA
D/RouteManager( 2549): audio-parameter-manager: Configuration application request {
D/RouteManager( 2549): audio-parameter-manager:     Applying configurations {
D/RouteManager( 2549): audio-parameter-manager:         Applying configuration "Enable" from domain "Routing.Configure.HWCodec.Playback.Ihf"
D/RouteManager( 2549): audio-parameter-manager:         Applying configuration "Playback" from domain "Routing.Configure.HWCodec.Playback.DAC1"
D/RouteManager( 2549): audio-parameter-manager:         Applying configuration "Bind" from domain "Routing.Sst.Configure.Playback.SpeakerEqToSprot"
D/RouteManager( 2549): audio-parameter-manager:         Applying configuration "Bind" from domain "Routing.Sst.Configure.Playback.Media.ToSpeakerEq"
D/RouteManager( 2549): audio-parameter-manager:         Applying configuration "Bind" from domain "Routing.Sst.Configure.Playback.HwCodec.SprotToSpeaker"
D/RouteManager( 2549): audio-parameter-manager:         Applying configuration "VadMixerInputsAndHfRef.Media.Aec.TxSpeechLine.Bind" from domain "Routing.Sst.Configure.AlwaysListening.VTSV"
D/ufoEGL  ( 5282): Pixel Format : GGL_PIXEL_FORMAT_RGBA_8888
D/RouteManager( 2549): audio-parameter-manager:     } Applying configurations
D/RouteManager( 2549): audio-parameter-manager: } Configuration application request
D/RouteManager( 2549): 		-executeEnableRoutingStage-
D/RouteManager( 2549): audio-parameter-manager: Selection criterion changed event: Criterion name: RoutageState, current state: Path|Configure
D/RouteManager( 2549): audio-parameter-manager: Configuration application request {
D/RouteManager( 2549): audio-parameter-manager:     Applying configurations {
D/RouteManager( 2549): audio-parameter-manager:         Applying configuration "UnLocked" from domain "Routing.Sst.Enable.VoiceProcessingLock.Uplink"
D/RouteManager( 2549): audio-parameter-manager:         Applying configuration "UnLocked" from domain "Routing.Sst.Enable.VoiceProcessingLock.Downlink"
D/RouteManager( 2549): audio-parameter-manager:         Applying configuration "Enable" from domain "Routing.Enable.HWCodec.Playback.EarpieceIHF"
D/RouteManager( 2549): audio-parameter-manager:     } Applying configurations
D/RouteManager( 2549): audio-parameter-manager: } Configuration application request
D/TinyAlsaAudioDevice( 2549): open: card (cherrytrailaud, 0) 
D/TinyAlsaAudioDevice( 2549): 	 config (rate=48000 format=0 channels= 2).
D/TinyAlsaAudioDevice( 2549): 	 RingBuffer config: periodSize=1152 nbPeriod=4startTh=1151 stop Th=4608 silence Th=0
I/WAKELOCK_RELEASE( 2839): TIMESTAMP=8489854780102, TAG=ActivityManager-Launch, TYPE=PARTIAL_WAKE_LOCK             , COUNT=0, PID=2839, UID=1000, FLAGS=
D/ufoEGL  ( 5282): Surface destroy: ANDROID_NATIVE_WINDOW_MAGIC
D/AudioConversion( 2549): configure: no convertion required
D/RouteManager( 2549): 		-executeUnmuteRoutingStage-
D/RouteManager( 2549): audio-parameter-manager: Selection criterion changed event: Criterion name: RoutageState, current state: Flow|Path|Configure
D/RouteManager( 2549): audio-parameter-manager: Configuration application request {
D/RouteManager( 2549): audio-parameter-manager:     Applying configurations {
D/RouteManager( 2549): audio-parameter-manager:         Applying configuration "Unmute" from domain "Routing.Mute.HWCodec.HWCodec.Playback.DAC1_VOL"
D/RouteManager( 2549): audio-parameter-manager:         Applying configuration "Unmute" from domain "Routing.Sst.Mute.HwCodec.Playback.Internal"
D/RouteManager( 2549): audio-parameter-manager:         Applying configuration "Unmute" from domain "Routing.Sst.Mute.Media.Playback.Regular"
D/RouteManager( 2549): audio-parameter-manager:     } Applying configurations
D/RouteManager( 2549): audio-parameter-manager: } Configuration application request
D/RouteManager( 2549): doReconsiderRouting: DONE
D/EVENT_THREAD( 2549): void CEventThread::run() Do poll with timeout: -1
E/TinyAlsaStream( 2549): getFramesAvailable: Unable to get available frames
E/TinyAlsaStream( 2549): getFramesAvailable: Unable to get available frames
E/TinyAlsaStream( 2549): getFramesAvailable: Unable to get available frames
D/AudioIntelHal( 2549): stopStream: output stream.
D/AudioIntelHal/AudioPlatformState( 2549): route-parameter-manager: Selection criterion changed event: Criterion name: OutputFlags, current state: <none>
D/AudioIntelHal/AudioPlatformState( 2549): route-parameter-manager: Configuration application request {
D/AudioIntelHal/AudioPlatformState( 2549): route-parameter-manager:     Applying configurations {
D/AudioIntelHal/AudioPlatformState( 2549): route-parameter-manager:         Applying configuration "NotApplicable" from domain "StreamRoute.Media.Playback"
D/AudioIntelHal/AudioPlatformState( 2549): route-parameter-manager:         Applying configuration "No" from domain "Route.HwCodec0IA.Playback.Applicable"
D/AudioIntelHal/AudioPlatformState( 2549): route-parameter-manager:     } Applying configurations
D/AudioIntelHal/AudioPlatformState( 2549): route-parameter-manager: } Configuration application request
D/EVENT_THREAD( 2549): void CEventThread::trig(void*, uint32_t): in
