D/EVENT_THREAD( 2549): void CEventThread::trig(void*, uint32_t): out
D/RouteManager( 2549): doReconsiderRouting: Route state:
D/RouteManager( 2549): 	-Previously Enabled Route in Input = Media|HwCodec1IA
D/RouteManager( 2549): 	-Previously Enabled Route in Output = Media|HwCodec1IA
D/RouteManager( 2549): 	-Selected Route in Input = <none>
D/RouteManager( 2549): 	-Selected Route in Output = Media|HwCodec1IA
D/RouteManager( 2549): 		-executeMuteRoutingStage-
D/RouteManager( 2549): audio-parameter-manager: Selection criterion changed event: Criterion name: RoutageState, current state: Flow
D/RouteManager( 2549): audio-parameter-manager: Selection criterion changed event: Criterion name: ClosingCaptureRoutes, current state: Media|HwCodec1IA
D/RouteManager( 2549): audio-parameter-manager: Selection criterion changed event: Criterion name: OpenedCaptureRoutes, current state: <none>
D/RouteManager( 2549): audio-parameter-manager: Configuration application request {
D/RouteManager( 2549): audio-parameter-manager:     Applying configurations {
D/RouteManager( 2549): audio-parameter-manager:         Applying configuration "Mute" from domain "Routing.Sst.Mute.HwCodec.Capture.AmicDmics"
D/RouteManager( 2549): audio-parameter-manager:         Applying configuration "Mute" from domain "Routing.Sst.Mute.Media.Capture.Regular"
D/RouteManager( 2549): audio-parameter-manager:     } Applying configurations
D/RouteManager( 2549): audio-parameter-manager: } Configuration application request
D/RouteManager( 2549): 		-executeDisableRoutingStage-
D/RouteManager( 2549): audio-parameter-manager: Selection criterion changed event: Criterion name: RoutageState, current state: Path
D/TinyAlsaAudioDevice( 2549): close
D/RouteManager( 2549): audio-parameter-manager: Configuration application request {
D/RouteManager( 2549): audio-parameter-manager:     Applying configurations {
D/RouteManager( 2549): audio-parameter-manager:         Applying configuration "Locked" from domain "Routing.Sst.Enable.VoiceProcessingLock.Uplink"
D/RouteManager( 2549): audio-parameter-manager:         Applying configuration "Locked" from domain "Routing.Sst.Enable.VoiceProcessingLock.Downlink"
D/RouteManager( 2549): audio-parameter-manager:     } Applying configurations
D/RouteManager( 2549): audio-parameter-manager: } Configuration application request
D/RouteManager( 2549): 		-executeConfigureRoutingStage-
D/RouteManager( 2549): audio-parameter-manager: Selection criterion changed event: Criterion name: RoutageState, current state: Configure
D/RouteManager( 2549): audio-parameter-manager: Selection criterion changed event: Criterion name: ClosingCaptureRoutes, current state: <none>
D/RouteManager( 2549): audio-parameter-manager: Selection criterion changed event: Criterion name: InputSources, current state: <none>
D/RouteManager( 2549): audio-parameter-manager: Selection criterion changed event: Criterion name: SelectedInputDevices, current state: <none>
D/RouteManager( 2549): audio-parameter-manager: Configuration application request {
D/RouteManager( 2549): audio-parameter-manager:     Applying configurations {
D/RouteManager( 2549): audio-parameter-manager:         Applying configuration "Default" from domain "Sst.AmicDmics.Dcr"
D/RouteManager( 2549): audio-parameter-manager:         Applying configuration "Disable" from domain "Routing.Configure.HWCodec.Capture.Headset"
D/RouteManager( 2549): audio-parameter-manager:         Applying configuration "Disable" from domain "Routing.Configure.HWCodec.Capture.ADC"
D/RouteManager( 2549): audio-parameter-manager:         Applying configuration "Disable" from domain "Routing.Configure.HWCodec.Capture.AllMics"
D/RouteManager( 2549): audio-parameter-manager:         Applying configuration "Unbind" from domain "Routing.Sst.Configure.Capture.Media.Amic"
D/RouteManager( 2549): audio-parameter-manager:         Applying configuration "Unbind" from domain "Routing.Sst.Configure.Speech.Uplink.AmicDmics"
D/RouteManager( 2549): audio-parameter-manager:         Applying configuration "Dmic.Bind" from domain "Routing.Sst.Configure.AlwaysListening.VTSV"
D/RouteManager( 2549): audio-parameter-manager:     } Applying configurations
D/RouteManager( 2549): audio-parameter-manager: } Configuration application request
D/RouteManager( 2549): 		-executeEnableRoutingStage-
D/RouteManager( 2549): audio-parameter-manager: Selection criterion changed event: Criterion name: RoutageState, current state: Path|Configure
D/RouteManager( 2549): audio-parameter-manager: Configuration application request {
D/RouteManager( 2549): audio-parameter-manager:     Applying configurations {
D/RouteManager( 2549): audio-parameter-manager:         Applying configuration "UnLocked" from domain "Routing.Sst.Enable.VoiceProcessingLock.Uplink"
D/RouteManager( 2549): audio-parameter-manager:         Applying configuration "UnLocked" from domain "Routing.Sst.Enable.VoiceProcessingLock.Downlink"
D/RouteManager( 2549): audio-parameter-manager:     } Applying configurations
D/RouteManager( 2549): audio-parameter-manager: } Configuration application request
D/RouteManager( 2549): 		-executeUnmuteRoutingStage-
D/RouteManager( 2549): audio-parameter-manager: Selection criterion changed event: Criterion name: RoutageState, current state: Flow|Path|Configure
D/RouteManager( 2549): audio-parameter-manager: Configuration application request {
D/RouteManager( 2549): audio-parameter-manager:     Applying configurations {
D/RouteManager( 2549): audio-parameter-manager:     } Applying configurations
D/RouteManager( 2549): audio-parameter-manager: } Configuration application request
D/RouteManager( 2549): doReconsiderRouting: DONE
D/EVENT_THREAD( 2549): void CEventThread::run() Do poll with timeout: -1
I/WAKELOCK_RELEASE( 2839): TIMESTAMP=2333229787964, TAG=AudioIn, TYPE=PARTIAL_WAKE_LOCK             , COUNT=0, PID=0, UID=1013, FLAGS=
D/RouteManager( 2549): audio-parameter-manager: Configuration application request {
D/RouteManager( 2549): audio-parameter-manager:     Applying configurations {
D/RouteManager( 2549): audio-parameter-manager:     } Applying configurations
D/RouteManager( 2549): audio-parameter-manager: } Configuration application request
D/EVENT_THREAD( 2549): void CEventThread::run() Do poll with timeout: -1
I/WAKELOCK_ACQUIRE( 2839): TIMESTAMP=2333234374801, TAG=AudioIn, TYPE=PARTIAL_WAKE_LOCK             , COUNT=0, PID=0, UID=1013, FLAGS=
I/WAKELOCK_RELEASE( 2839): TIMESTAMP=2333234789165, TAG=AudioIn, TYPE=PARTIAL_WAKE_LOCK             , COUNT=0, PID=0, UID=1013, FLAGS=
D/AudioIntelHal( 2549): stopStream: output stream.
D/AudioIntelHal/AudioPlatformState( 2549): route-parameter-manager: Selection criterion changed event: Criterion name: OutputFlags, current state: <none>
D/AudioIntelHal/AudioPlatformState( 2549): route-parameter-manager: Selection criterion changed event: Criterion name: StatesChanged, current state: OutputFlags
D/AudioIntelHal/AudioPlatformState( 2549): route-parameter-manager: Configuration application request {
D/AudioIntelHal/AudioPlatformState( 2549): route-parameter-manager:     Applying configurations {
D/AudioIntelHal/AudioPlatformState( 2549): route-parameter-manager:         Applying configuration "NotApplicable" from domain "StreamRoute.Media.Playback"
D/AudioIntelHal/AudioPlatformState( 2549): route-parameter-manager:         Applying configuration "No" from domain "Route.HwCodec1IA.Playback.Applicable"
D/AudioIntelHal/AudioPlatformState( 2549): route-parameter-manager:     } Applying configurations
D/AudioIntelHal/AudioPlatformState( 2549): route-parameter-manager: } Configuration application request
D/EVENT_THREAD( 2549): void CEventThread::trig(void*, uint32_t): in
D/EVENT_THREAD( 2549): void CEventThread::trig(void*, uint32_t): out
D/RouteManager( 2549): doReconsiderRouting: Route state:
D/RouteManager( 2549): 	-Previously Enabled Route in Input = <none>
D/RouteManager( 2549): 	-Previously Enabled Route in Output = Media|HwCodec1IA
D/RouteManager( 2549): 	-Selected Route in Input = <none>
D/RouteManager( 2549): 	-Selected Route in Output = <none>
D/RouteManager( 2549): 		-executeMuteRoutingStage-
D/RouteManager( 2549): audio-parameter-manager: Selection criterion changed event: Criterion name: RoutageState, current state: Flow
D/RouteManager( 2549): audio-parameter-manager: Selection criterion changed event: Criterion name: ClosingPlaybackRoutes, current state: Media|HwCodec1IA
D/RouteManager( 2549): audio-parameter-manager: Selection criterion changed event: Criterion name: OpenedPlaybackRoutes, current state: <none>
D/RouteManager( 2549): audio-parameter-manager: Configuration application request {
D/RouteManager( 2549): audio-parameter-manager:     Applying configurations {
D/RouteManager( 2549): audio-parameter-manager:         Applying configuration "Mute" from domain "Routing.Mute.HWCodec.HWCodec.Playback.DAC1_VOL"
D/RouteManager( 2549): audio-parameter-manager:         Applying configuration "Mute" from domain "Routing.Mute.HWCodec.HWCodec.Playback.Headphones"
D/RouteManager( 2549): audio-parameter-manager:         Applying configuration "Mute" from domain "Routing.Sst.Mute.HwCodec.Playback.Internal"
D/RouteManager( 2549): audio-parameter-manager:         Applying configuration "Mute" from domain "Routing.Sst.Mute.Media.Playback.Regular"
D/RouteManager( 2549): audio-parameter-manager:     } Applying configurations
D/RouteManager( 2549): audio-parameter-manager: } Configuration application request
D/RouteManager( 2549): 		-executeDisableRoutingStage-
D/RouteManager( 2549): audio-parameter-manager: Selection criterion changed event: Criterion name: RoutageState, current state: Path
D/TinyAlsaAudioDevice( 2549): close
D/RouteManager( 2549): audio-parameter-manager: Configuration application request {
D/RouteManager( 2549): audio-parameter-manager:     Applying configurations {
D/RouteManager( 2549): audio-parameter-manager:         Applying configuration "Locked" from domain "Routing.Sst.Enable.VoiceProcessingLock.Uplink"
D/RouteManager( 2549): audio-parameter-manager:         Applying configuration "Locked" from domain "Routing.Sst.Enable.VoiceProcessingLock.Downlink"
D/RouteManager( 2549): audio-parameter-manager:         Applying configuration "Disable" from domain "Routing.Enable.HWCodec.Playback.Headphones"
D/RouteManager( 2549): audio-parameter-manager:     } Applying configurations
D/RouteManager( 2549): audio-parameter-manager: } Configuration application request
D/RouteManager( 2549): 		-executeConfigureRoutingStage-
D/RouteManager( 2549): audio-parameter-manager: Selection criterion changed event: Criterion name: RoutageState, current state: Configure
D/RouteManager( 2549): audio-parameter-manager: Selection criterion changed event: Criterion name: ClosingPlaybackRoutes, current state: <none>
D/RouteManager( 2549): audio-parameter-manager: Configuration application request {
D/RouteManager( 2549): audio-parameter-manager:     Applying configurations {
D/RouteManager( 2549): audio-parameter-manager:         Applying configuration "Disable" from domain "Routing.Configure.HWCodec.Playback.Headphones"
D/RouteManager( 2549): audio-parameter-manager:         Applying configuration "Disable" from domain "Routing.Configure.HWCodec.Playback.DAC1"
D/RouteManager( 2549): audio-parameter-manager:         Applying configuration "Unbind" from domain "Routing.Sst.Configure.Playback.Media.ToEarpieceOrHeadset"
D/RouteManager( 2549): audio-parameter-manager:     } Applying configurations
D/RouteManager( 2549): audio-parameter-manager: } Configuration application request
D/RouteManager( 2549): 		-executeEnableRoutingStage-
D/RouteManager( 2549): audio-parameter-manager: Selection criterion changed event: Criterion name: RoutageState, current state: Path|Configure
D/RouteManager( 2549): audio-parameter-manager: Configuration application request {
D/RouteManager( 2549): audio-parameter-manager:     Applying configurations {
D/RouteManager( 2549): audio-parameter-manager:         Applying configuration "UnLocked" from domain "Routing.Sst.Enable.VoiceProcessingLock.Uplink"
D/RouteManager( 2549): audio-parameter-manager:         Applying configuration "UnLocked" from domain "Routing.Sst.Enable.VoiceProcessingLock.Downlink"
D/RouteManager( 2549): audio-parameter-manager:     } Applying configurations
D/RouteManager( 2549): audio-parameter-manager: } Configuration application request
D/RouteManager( 2549): 		-executeUnmuteRoutingStage-
D/RouteManager( 2549): audio-parameter-manager: Selection criterion changed event: Criterion name: RoutageState, current state: Flow|Path|Configure
D/RouteManager( 2549): audio-parameter-manager: Configuration application request {
D/RouteManager( 2549): audio-parameter-manager:     Applying configurations {
D/RouteManager( 2549): audio-parameter-manager:     } Applying configurations
D/RouteManager( 2549): audio-parameter-manager: } Configuration application request
D/RouteManager( 2549): doReconsiderRouting: DONE
D/EVENT_THREAD( 2549): void CEventThread::run() Do poll with timeout: -1
I/WAKELOCK_RELEASE( 2839): TIMESTAMP=2336372612266, TAG=AudioMix, TYPE=PARTIAL_WAKE_LOCK             , COUNT=0, PID=0, UID=1013, FLAGS=
D/ufoEGL  ( 2957): Surface destroy: ANDROID_NATIVE_WINDOW_MAGIC
V/WiredAccessoryManager( 2839): notifyWiredAccessoryChanged: when=2339162742000 bits= mask=14
V/WiredAccessoryManager( 2839): newName=h2w newState=0 headsetState=0 prev headsetState=1
I/WAKELOCK_ACQUIRE( 2839): TIMESTAMP=2339163482422, TAG=WiredAccessoryManager, TYPE=PARTIAL_WAKE_LOCK             , COUNT=0, PID=2839, UID=1000, FLAGS=
V/WiredAccessoryManager( 2839): device h2w disconnected
I/WAKELOCK_ACQUIRE( 2839): TIMESTAMP=2339164375226, TAG=handleAudioEvent, TYPE=PARTIAL_WAKE_LOCK             , COUNT=0, PID=2839, UID=1000, FLAGS=
I/WAKELOCK_RELEASE( 2839): TIMESTAMP=2339165080424, TAG=WiredAccessoryManager, TYPE=PARTIAL_WAKE_LOCK             , COUNT=0, PID=2839, UID=1000, FLAGS=
E/WifiStateMachine( 2839): WifiStateMachine CMD_START_SCAN source -2 txSuccessRate=0.00 rxSuccessRate=10.94 targetRoamBSSID=f0:9c:e9:1a:75:95 RSSI=-31
E/WifiStateMachine( 2839): WifiStateMachine starting scan for "OTA"WPA_PSK with 2412,2437
I/WAKELOCK_ACQUIRE( 2839): TIMESTAMP=2340137271103, TAG=*alarm*, TYPE=PARTIAL_WAKE_LOCK             , COUNT=0, PID=2839, UID=1000, FLAGS=
D/AudioIntelHal/AudioPlatformState( 2549): setParameters: key value pair disconnect=4
W/AudioIntelHal/AudioPlatformState( 2549): clearKeys: Unhandled argument: disconnect=4
W/AudioPort( 2549): release: Port UNUSED 2
W/AudioPort( 2549): release: Port UNUSED 34
D/AudioIntelHal/AudioPlatformState( 2549): setParameters: key value pair android_mode=0;output_devices=0
D/AudioIntelHal/AudioPlatformState( 2549): route-parameter-manager: Selection criterion changed event: Criterion name: SelectedOutputDevices, current state: <none>
I/WAKELOCK_ACQUIRE( 2839): TIMESTAMP=2340174643361, TAG=AudioMix, TYPE=PARTIAL_WAKE_LOCK             , COUNT=0, PID=0, UID=1013, FLAGS=
D/AudioIntelHal/AudioPlatformState( 2549): route-parameter-manager: Selection criterion changed event: Criterion name: StatesChanged, current state: SelectedOutputDevices
D/AudioIntelHal/AudioPlatformState( 2549): route-parameter-manager: Configuration application request {
D/AudioIntelHal/AudioPlatformState( 2549): route-parameter-manager:     Applying configurations {
D/AudioIntelHal/AudioPlatformState( 2549): route-parameter-manager:         Applying configuration "Yes" from domain "StreamRoute.NeedReconfigure.Playback"
D/AudioIntelHal/AudioPlatformState( 2549): route-parameter-manager:     } Applying configurations
D/AudioIntelHal/AudioPlatformState( 2549): route-parameter-manager: } Configuration application request
D/EVENT_THREAD( 2549): void CEventThread::trig(void*, uint32_t): in
D/EVENT_THREAD( 2549): void CEventThread::trig(void*, uint32_t): out
D/RouteManager( 2549): audio-parameter-manager: Selection criterion changed event: Criterion name: SelectedOutputDevices, current state: <none>
D/RouteManager( 2549): audio-parameter-manager: Configuration application request {
D/RouteManager( 2549): audio-parameter-manager:     Applying configurations {
D/RouteManager( 2549): audio-parameter-manager:     } Applying configurations
D/RouteManager( 2549): audio-parameter-manager: } Configuration application request
D/EVENT_THREAD( 2549): void CEventThread::run() Do poll with timeout: -1
I/W       ( 4044): headset state: 0, microphone: 1
D/ufoEGL  ( 4044): Surface destroy: ANDROID_NATIVE_WINDOW_MAGIC
D/AudioIntelHal/AudioPlatformState( 2549): setParameters: key value pair disconnect=-2147483632
W/AudioIntelHal/AudioPlatformState( 2549): clearKeys: Unhandled argument: disconnect=-2147483632
D/AudioIntelHal/AudioPlatformState( 2549): setParameters: key value pair lpal_device=-2147483644
D/AudioIntelHal/AudioPlatformState( 2549): route-parameter-manager: Selection criterion changed event: Criterion name: LpalDevice, current state: Main
D/AudioIntelHal/AudioPlatformState( 2549): route-parameter-manager: Selection criterion changed event: Criterion name: StatesChanged, current state: LpalDevice
D/AudioIntelHal/AudioPlatformState( 2549): route-parameter-manager: Configuration application request {
D/AudioIntelHal/AudioPlatformState( 2549): route-parameter-manager:     Applying configurations {
D/AudioIntelHal/AudioPlatformState( 2549): route-parameter-manager:         Applying configuration "No" from domain "StreamRoute.NeedReconfigure.Playback"
D/AudioIntelHal/AudioPlatformState( 2549): route-parameter-manager:     } Applying configurations
D/AudioIntelHal/AudioPlatformState( 2549): route-parameter-manager: } Configuration application request
D/EVENT_THREAD( 2549): void CEventThread::trig(void*, uint32_t): in
D/EVENT_THREAD( 2549): void CEventThread::trig(void*, uint32_t): out
D/RouteManager( 2549): audio-parameter-manager: Configuration application request {
D/RouteManager( 2549): audio-parameter-manager:     Applying configurations {
D/RouteManager( 2549): audio-parameter-manager:     } Applying configurations
D/RouteManager( 2549): audio-parameter-manager: } Configuration application request
D/EVENT_THREAD( 2549): void CEventThread::run() Do poll with timeout: -1
I/WAKELOCK_RELEASE( 2839): TIMESTAMP=2340209108850, TAG=handleAudioEvent, TYPE=PARTIAL_WAKE_LOCK             , COUNT=0, PID=2839, UID=1000, FLAGS=
I/WAKELOCK_RELEASE( 2839): TIMESTAMP=2340214288931, TAG=*alarm*, TYPE=PARTIAL_WAKE_LOCK             , COUNT=0, PID=2839, UID=1000, FLAGS=
I/WAKELOCK_ACQUIRE( 2839): TIMESTAMP=2340223765728, TAG=ActivityManager-Launch, TYPE=PARTIAL_WAKE_LOCK             , COUNT=0, PID=2839, UID=1000, FLAGS=
W/InputMethodManagerService( 2839): Window already focused, ignoring focus gain of: com.android.internal.view.IInputMethodClient$Stub$Proxy@1f385ec5 attribute=null, token = android.os.BinderProxy@885f61
V/WindowManager( 2839): rotationForOrientationLw(orient=-1, last=3); user=0 USER_ROTATION_LOCKED
I/WAKELOCK_ACQUIRE( 2839): TIMESTAMP=2340232505489, TAG=SCREEN_FROZEN, TYPE=PARTIAL_WAKE_LOCK             , COUNT=0, PID=2839, UID=1000, FLAGS=
D/SurfaceFlinger( 2309): ORT: DPS allow this projection change
D/SurfaceFlinger( 2309): handleDisplayScaling
I/ActivityManager( 2839): Config changes=480 {1.0 ?mcc?mnc en_US ?layoutDir sw800dp w1280dp h727dp 160dpi xlrg land finger -keyb/v/h -nav/h s.14}
V/ActivityManager( 2839): Display changed displayId=0
I/InputReader( 2839): Reconfiguring input devices.  changes=0x00000004
I/InputReader( 2839): Device reconfigured: id=4, name='focal-touchscreen', size 1280x800, orientation 0, mode 1, display id 0
I/Tethering( 2839): Found payment device
V/WindowManager( 2839): rotationForOrientationLw(orient=1, last=0); user=0 USER_ROTATION_LOCKED
V/ActivityManager( 2839): Display changed displayId=0
D/SurfaceFlinger( 2309): ORT: DPS allow this projection change
D/SurfaceFlinger( 2309): handleDisplayScaling
I/ActivityManager( 2839): Config changes=480 {1.0 ?mcc?mnc en_US ?layoutDir sw800dp w800dp h1207dp 160dpi xlrg port finger -keyb/v/h -nav/h s.15}
I/InputReader( 2839): Reconfiguring input devices.  changes=0x00000004
I/InputReader( 2839): Device reconfigured: id=4, name='focal-touchscreen', size 1280x800, orientation 3, mode 1, display id 0
I/Tethering( 2839): Found payment device
D/ufoEGL  ( 4044): Pixel Format : GGL_PIXEL_FORMAT_RGBA_8888
W/System.err( 4044): java.io.FileNotFoundException: /mnt/sdcard/Android/data/com.wistron.generic.pqaa/files/pqaa_config/start.cfg: open failed: ENOENT (No such file or directory)
W/System.err( 4044): 	at libcore.io.IoBridge.open(IoBridge.java:456)
W/System.err( 4044): 	at java.io.FileInputStream.<init>(FileInputStream.java:76)
W/System.err( 4044): 	at java.io.FileInputStream.<init>(FileInputStream.java:103)
W/System.err( 4044): 	at java.io.FileReader.<init>(FileReader.java:66)
W/System.err( 4044): 	at com.wistron.pqaa_common.jar.global.WisToolKit.getSingleParameters(WisToolKit.java:257)
W/System.err( 4044): 	at com.wistron.generic.pqaa.TestItemsList.getSettingParameter(TestItemsList.java:313)
W/System.err( 4044): 	at com.wistron.generic.pqaa.TestItemsList.onCreate(TestItemsList.java:161)
W/System.err( 4044): 	at android.app.Activity.performCreate(Activity.java:5990)
W/System.err( 4044): 	at android.app.Instrumentation.callActivityOnCreate(Instrumentation.java:1106)
W/System.err( 4044): 	at android.app.ActivityThread.performLaunchActivity(ActivityThread.java:2279)
W/System.err( 4044): 	at android.app.ActivityThread.handleLaunchActivity(ActivityThread.java:2388)
W/System.err( 4044): 	at android.app.ActivityThread.handleRelaunchActivity(ActivityThread.java:3948)
W/System.err( 4044): 	at android.app.ActivityThread.access$900(ActivityThread.java:152)
W/System.err( 4044): 	at android.app.ActivityThread$H.handleMessage(ActivityThread.java:1310)
W/System.err( 4044): 	at android.os.Handler.dispatchMessage(Handler.java:102)
W/System.err( 4044): 	at android.os.Looper.loop(Looper.java:135)
W/System.err( 4044): 	at android.app.ActivityThread.main(ActivityThread.java:5261)
W/System.err( 4044): 	at java.lang.reflect.Method.invoke(Native Method)
W/System.err( 4044): 	at java.lang.reflect.Method.invoke(Method.java:372)
W/System.err( 4044): 	at com.android.internal.os.ZygoteInit$MethodAndArgsCaller.run(ZygoteInit.java:903)
W/System.err( 4044): 	at com.android.internal.os.ZygoteInit.main(ZygoteInit.java:698)
W/System.err( 4044): Caused by: android.system.ErrnoException: open failed: ENOENT (No such file or directory)
W/System.err( 4044): 	at libcore.io.Posix.open(Native Method)
W/System.err( 4044): 	at libcore.io.BlockGuardOs.open(BlockGuardOs.java:186)
W/System.err( 4044): 	at libcore.io.IoBridge.open(IoBridge.java:442)
W/System.err( 4044): 	... 20 more
V/WindowManager( 2839): Adding window Window{900a17d u0 com.wistron.generic.pqaa/com.wistron.generic.pqaa.TestItemsList} at 2 of 11 (before Window{d265a86 u0 com.wistron.generic.pqaa/com.wistron.generic.headset.loopback.AudioLoopback})
I/Tag     ( 4044): onActivityResult---
D/AndroidRuntime( 4044): Shutting down VM
E/AndroidRuntime( 4044): FATAL EXCEPTION: main
E/AndroidRuntime( 4044): Process: com.wistron.generic.pqaa, PID: 4044
E/AndroidRuntime( 4044): java.lang.RuntimeException: Unable to resume activity {com.wistron.generic.pqaa/com.wistron.generic.pqaa.TestItemsList}: java.lang.RuntimeException: Failure delivering result ResultInfo{who=null, request=0, result=-1, data=Intent { (has extras) }} to activity {com.wistron.generic.pqaa/com.wistron.generic.pqaa.TestItemsList}: java.lang.IndexOutOfBoundsException: Invalid index 0, size is 0
E/AndroidRuntime( 4044): 	at android.app.ActivityThread.performResumeActivity(ActivityThread.java:2987)
E/AndroidRuntime( 4044): 	at android.app.ActivityThread.handleResumeActivity(ActivityThread.java:3018)
E/AndroidRuntime( 4044): 	at android.app.ActivityThread.handleLaunchActivity(ActivityThread.java:2393)
E/AndroidRuntime( 4044): 	at android.app.ActivityThread.handleRelaunchActivity(ActivityThread.java:3948)
E/AndroidRuntime( 4044): 	at android.app.ActivityThread.access$900(ActivityThread.java:152)
E/AndroidRuntime( 4044): 	at android.app.ActivityThread$H.handleMessage(ActivityThread.java:1310)
E/AndroidRuntime( 4044): 	at android.os.Handler.dispatchMessage(Handler.java:102)
E/AndroidRuntime( 4044): 	at android.os.Looper.loop(Looper.java:135)
E/AndroidRuntime( 4044): 	at android.app.ActivityThread.main(ActivityThread.java:5261)
E/AndroidRuntime( 4044): 	at java.lang.reflect.Method.invoke(Native Method)
E/AndroidRuntime( 4044): 	at java.lang.reflect.Method.invoke(Method.java:372)
E/AndroidRuntime( 4044): 	at com.android.internal.os.ZygoteInit$MethodAndArgsCaller.run(ZygoteInit.java:903)
E/AndroidRuntime( 4044): 	at com.android.internal.os.ZygoteInit.main(ZygoteInit.java:698)
E/AndroidRuntime( 4044): Caused by: java.lang.RuntimeException: Failure delivering result ResultInfo{who=null, request=0, result=-1, data=Intent { (has extras) }} to activity {com.wistron.generic.pqaa/com.wistron.generic.pqaa.TestItemsList}: java.lang.IndexOutOfBoundsException: Invalid index 0, size is 0
E/AndroidRuntime( 4044): 	at android.app.ActivityThread.deliverResults(ActivityThread.java:3575)
E/AndroidRuntime( 4044): 	at android.app.ActivityThread.performResumeActivity(ActivityThread.java:2973)
E/AndroidRuntime( 4044): 	... 12 more
E/AndroidRuntime( 4044): Caused by: java.lang.IndexOutOfBoundsException: Invalid index 0, size is 0
E/AndroidRuntime( 4044): 	at java.util.ArrayList.throwIndexOutOfBoundsException(ArrayList.java:255)
E/AndroidRuntime( 4044): 	at java.util.ArrayList.get(ArrayList.java:308)
E/AndroidRuntime( 4044): 	at com.wistron.generic.pqaa.TestItemsList.onActivityResult(TestItemsList.java:1375)
E/AndroidRuntime( 4044): 	at android.app.Activity.dispatchActivityResult(Activity.java:6192)
E/AndroidRuntime( 4044): 	at android.app.ActivityThread.deliverResults(ActivityThread.java:3571)
E/AndroidRuntime( 4044): 	... 13 more
W/ActivityManager( 2839):   Force finishing activity 1 com.wistron.generic.pqaa/.TestItemsList
I/WAKELOCK_ACQUIRE( 2839): TIMESTAMP=2340496711206, TAG=ActivityManager-Launch, TYPE=PARTIAL_WAKE_LOCK             , COUNT=0, PID=2839, UID=1000, FLAGS=
I/System.out( 4044): **************--->***26
D/CRASHLOG( 2565): receive_inotify_events: Can't handle the event "drop158.tmp", no valid entry found, drop it...
D/CRASHLOG( 2565): receive_inotify_events: Can't handle the event "drop158.tmp", no valid entry found, drop it...
D/CRASHLOG( 2565): sdcard_allowed : Current crashlog mode is NOMINAL MODE - SDCard storage disabled.
V/WindowManager( 2839): rotationForOrientationLw(orient=-1, last=3); user=0 USER_ROTATION_LOCKED
D/SurfaceFlinger( 2309): ORT: DPS allow this projection change
D/SurfaceFlinger( 2309): handleDisplayScaling
I/ActivityManager( 2839): Config changes=480 {1.0 ?mcc?mnc en_US ?layoutDir sw800dp w1280dp h727dp 160dpi xlrg land finger -keyb/v/h -nav/h s.16}
I/InputReader( 2839): Reconfiguring input devices.  changes=0x00000004
I/InputReader( 2839): Device reconfigured: id=4, name='focal-touchscreen', size 1280x800, orientation 0, mode 1, display id 0
V/ActivityManager( 2839): Display changed displayId=0
W/CRASHLOG( 2565): notify_crashreport: Crashreport notification (CRASH_NOTIFY) skipped!
E/CRASHLOG( 2565): CRASH   cb98e916cac57922f667  2017-03-21/01:27:00  JAVACRASH /data/logs/crashlog29
I/OpenGLRenderer( 2839): Initialized EGL, version 1.4
D/ufoEGL  ( 2839): droid_create_context : config id = 9 conf->NativeVisualID=1
I/ufoEGL  ( 2839): Requested context : GLES 2.0
D/ufoEGL  ( 2839): Pixel Format : GGL_PIXEL_FORMAT_RGBA_8888
D/ufoEGL  ( 2839): Pixel Format : GGL_PIXEL_FORMAT_RGBA_8888
D/ufoEGL  ( 2839): Pixel Format : GGL_PIXEL_FORMAT_RGBA_8888
I/Tethering( 2839): Found payment device
D/ufoEGL  ( 2957): Surface destroy: ANDROID_NATIVE_WINDOW_MAGIC
D/ufoEGL  ( 2957): Pixel Format : GGL_PIXEL_FORMAT_RGBA_8888
D/ufoEGL  ( 2957): Surface destroy: ANDROID_NATIVE_WINDOW_MAGIC
D/ufoEGL  ( 2957): Pixel Format : GGL_PIXEL_FORMAT_RGBA_8888
W/ActivityManager( 2839): Activity pause timeout for ActivityRecord{1fc88068 u0 com.wistron.generic.pqaa/.TestItemsList t34 f}
D/ufoEGL  ( 3189): Pixel Format : GGL_PIXEL_FORMAT_RGBA_8888
I/WAKELOCK_RELEASE( 2839): TIMESTAMP=2341122428306, TAG=ActivityManager-Launch, TYPE=PARTIAL_WAKE_LOCK             , COUNT=0, PID=2839, UID=1000, FLAGS=
D/ufoEGL  ( 2957): droid_create_context : config id = 4 conf->NativeVisualID=2
I/ufoEGL  ( 2957): Requested context : GLES 2.0
D/ufoEGL  ( 2957): Pixel Format : GGL_PIXEL_FORMAT_RGBX_8888
D/ufoEGL  ( 2957): Pixel Format : GGL_PIXEL_FORMAT_RGBX_8888
D/ufoEGL  ( 2957): Pixel Format : GGL_PIXEL_FORMAT_RGBX_8888
D/ufoEGL  ( 2957): Surface destroy: ANDROID_NATIVE_WINDOW_MAGIC
D/ufoEGL  ( 2957): droid_create_context : config id = 4 conf->NativeVisualID=2
I/ufoEGL  ( 2957): Requested context : GLES 2.0
D/ufoEGL  ( 2957): Pixel Format : GGL_PIXEL_FORMAT_RGBX_8888
D/ufoEGL  ( 2957): Pixel Format : GGL_PIXEL_FORMAT_RGBX_8888
D/ufoEGL  ( 2957): Pixel Format : GGL_PIXEL_FORMAT_RGBX_8888
D/ufoEGL  ( 2957): Surface destroy: ANDROID_NATIVE_WINDOW_MAGIC
W/ResourceType( 2957): No package identifier when getting value for resource number 0x00000000
W/PackageManager( 2957): Failure retrieving resources for com.wistron.generic.pqaa: Resource ID #0x0
W/WindowManager( 2839): Window freeze timeout expired.
W/WindowManager( 2839): Force clearing orientation change: Window{da7774b u0 Toast}
I/WindowManager( 2839): Screen frozen for +2s299ms due to Window{da7774b u0 Toast}
I/WAKELOCK_RELEASE( 2839): TIMESTAMP=2342543701465, TAG=SCREEN_FROZEN, TYPE=PARTIAL_WAKE_LOCK             , COUNT=0, PID=2839, UID=1000, FLAGS=
V/WindowManager( 2839): rotationForOrientationLw(orient=-1, last=0); user=0 USER_ROTATION_LOCKED
I/WAKELOCK_RELEASE( 2839): TIMESTAMP=2343176747104, TAG=AudioMix, TYPE=PARTIAL_WAKE_LOCK             , COUNT=0, PID=0, UID=1013, FLAGS=
I/art     ( 2839): Explicit concurrent mark sweep GC freed 42052(2MB) AllocSpace objects, 2(32KB) LOS objects, 33% free, 9MB/14MB, paused 699us total 70.612ms
I/Process ( 4044): Sending signal. PID: 4044 SIG: 9
D/ufoEGL  ( 2839): Surface destroy: ANDROID_NATIVE_WINDOW_MAGIC
E/JavaBinder( 3113): !!! FAILED BINDER TRANSACTION !!!
I/WAKELOCK_ACQUIRE( 2839): TIMESTAMP=2345452227727, TAG=AudioMix, TYPE=PARTIAL_WAKE_LOCK             , COUNT=0, PID=0, UID=1013, FLAGS=
I/WindowState( 2839): WIN DEATH: Window{da7774b u0 Toast}
I/WindowState( 2839): WIN DEATH: Window{900a17d u0 com.wistron.generic.pqaa/com.wistron.generic.pqaa.TestItemsList}
I/WindowState( 2839): WIN DEATH: Window{d265a86 u0 com.wistron.generic.pqaa/com.wistron.generic.headset.loopback.AudioLoopback}
I/ActivityManager( 2839): Process com.wistron.generic.pqaa (pid 4044) has died
I/WAKELOCK_RELEASE( 2839): TIMESTAMP=2345484993185, TAG=WindowManager, TYPE=SCREEN_BRIGHT_WAKE_LOCK       , COUNT=0, PID=2839, UID=1000, FLAGS= ON_AFTER_RELEASE
D/CRASHLOG( 2565): receive_inotify_events: Can't handle the event "tmp", no valid entry found, drop it...
I/dumpstate( 4105): begin
D/AudioIntelHal/AudioPlatformState( 2549): setParameters: key value pair android_mode=0;output_devices=2
D/AudioIntelHal/AudioPlatformState( 2549): route-parameter-manager: Selection criterion changed event: Criterion name: SelectedOutputDevices, current state: Ihf
D/AudioIntelHal/AudioPlatformState( 2549): route-parameter-manager: Selection criterion changed event: Criterion name: StatesChanged, current state: SelectedOutputDevices
D/AudioIntelHal/AudioPlatformState( 2549): route-parameter-manager: Configuration application request {
D/AudioIntelHal/AudioPlatformState( 2549): route-parameter-manager:     Applying configurations {
D/AudioIntelHal/AudioPlatformState( 2549): route-parameter-manager:         Applying configuration "Yes" from domain "StreamRoute.NeedReconfigure.Playback"
D/AudioIntelHal/AudioPlatformState( 2549): route-parameter-manager:     } Applying configurations
D/AudioIntelHal/AudioPlatformState( 2549): route-parameter-manager: } Configuration application request
D/EVENT_THREAD( 2549): void CEventThread::trig(void*, uint32_t): in
D/EVENT_THREAD( 2549): void CEventThread::trig(void*, uint32_t): out
D/RouteManager( 2549): audio-parameter-manager: Selection criterion changed event: Criterion name: SelectedOutputDevices, current state: Ihf
D/RouteManager( 2549): audio-parameter-manager: Configuration application request {
D/RouteManager( 2549): audio-parameter-manager:     Applying configurations {
D/RouteManager( 2549): audio-parameter-manager:     } Applying configurations
D/RouteManager( 2549): audio-parameter-manager: } Configuration application request
D/EVENT_THREAD( 2549): void CEventThread::run() Do poll with timeout: -1
D/PROPERTY( 2549): get media.dump_output.befconv: 0
D/PROPERTY( 2549): get media.dump_output.aftconv: 0
D/AudioIntelHal( 2549): startStream: output stream.
D/AudioIntelHal/AudioPlatformState( 2549): route-parameter-manager: Selection criterion changed event: Criterion name: OutputFlags, current state: Primary
D/AudioIntelHal/AudioPlatformState( 2549): route-parameter-manager: Selection criterion changed event: Criterion name: StatesChanged, current state: OutputFlags
D/AudioIntelHal/AudioPlatformState( 2549): route-parameter-manager: Configuration application request {
D/AudioIntelHal/AudioPlatformState( 2549): route-parameter-manager:     Applying configurations {
D/AudioIntelHal/AudioPlatformState( 2549): route-parameter-manager:         Applying configuration "Applicable" from domain "StreamRoute.Media.Playback"
D/AudioIntelHal/AudioPlatformState( 2549): route-parameter-manager:         Applying configuration "No" from domain "StreamRoute.NeedReconfigure.Playback"
D/AudioIntelHal/AudioPlatformState( 2549): route-parameter-manager:         Applying configuration "Yes" from domain "Route.HwCodec0IA.Playback.Applicable"
D/AudioIntelHal/AudioPlatformState( 2549): route-parameter-manager:     } Applying configurations
D/AudioIntelHal/AudioPlatformState( 2549): route-parameter-manager: } Configuration application request
D/EVENT_THREAD( 2549): void CEventThread::trig(void*, uint32_t): in
D/EVENT_THREAD( 2549): void CEventThread::trig(void*, uint32_t): out
D/RouteManager( 2549): doReconsiderRouting: Route state:
D/RouteManager( 2549): 	-Previously Enabled Route in Input = <none>
D/RouteManager( 2549): 	-Previously Enabled Route in Output = <none>
D/RouteManager( 2549): 	-Selected Route in Input = <none>
D/RouteManager( 2549): 	-Selected Route in Output = Media|HwCodec0IA
D/RouteManager( 2549): 		-executeMuteRoutingStage-
D/RouteManager( 2549): audio-parameter-manager: Selection criterion changed event: Criterion name: RoutageState, current state: Flow
D/RouteManager( 2549): audio-parameter-manager: Configuration application request {
D/RouteManager( 2549): audio-parameter-manager:     Applying configurations {
D/RouteManager( 2549): audio-parameter-manager:     } Applying configurations
D/RouteManager( 2549): audio-parameter-manager: } Configuration application request
D/RouteManager( 2549): 		-executeDisableRoutingStage-
D/RouteManager( 2549): audio-parameter-manager: Selection criterion changed event: Criterion name: RoutageState, current state: Path
D/RouteManager( 2549): audio-parameter-manager: Configuration application request {
D/RouteManager( 2549): audio-parameter-manager:     Applying configurations {
D/RouteManager( 2549): audio-parameter-manager:         Applying configuration "Locked" from domain "Routing.Sst.Enable.VoiceProcessingLock.Uplink"
D/RouteManager( 2549): audio-parameter-manager:         Applying configuration "Locked" from domain "Routing.Sst.Enable.VoiceProcessingLock.Downlink"
D/RouteManager( 2549): audio-parameter-manager:     } Applying configurations
D/RouteManager( 2549): audio-parameter-manager: } Configuration application request
D/RouteManager( 2549): 		-executeConfigureRoutingStage-
D/RouteManager( 2549): audio-parameter-manager: Selection criterion changed event: Criterion name: RoutageState, current state: Configure
D/RouteManager( 2549): audio-parameter-manager: Selection criterion changed event: Criterion name: OpenedPlaybackRoutes, current state: Media|HwCodec0IA
D/RouteManager( 2549): audio-parameter-manager: Configuration application request {
D/RouteManager( 2549): audio-parameter-manager:     Applying configurations {
D/RouteManager( 2549): audio-parameter-manager:         Applying configuration "Enable" from domain "Routing.Configure.HWCodec.Playback.Ihf"
D/RouteManager( 2549): audio-parameter-manager:         Applying configuration "Playback" from domain "Routing.Configure.HWCodec.Playback.DAC1"
D/RouteManager( 2549): audio-parameter-manager:         Applying configuration "Bind" from domain "Routing.Sst.Configure.Playback.SpeakerEqToSprot"
D/RouteManager( 2549): audio-parameter-manager:         Applying configuration "Bind" from domain "Routing.Sst.Configure.Playback.Media.ToSpeakerEq"
D/RouteManager( 2549): audio-parameter-manager:         Applying configuration "Bind" from domain "Routing.Sst.Configure.Playback.HwCodec.SprotToSpeaker"
D/RouteManager( 2549): audio-parameter-manager:         Applying configuration "VadMixerInputsAndHfRef.Media.Aec.TxSpeechLine.Bind" from domain "Routing.Sst.Configure.AlwaysListening.VTSV"
D/RouteManager( 2549): audio-parameter-manager:     } Applying configurations
D/RouteManager( 2549): audio-parameter-manager: } Configuration application request
D/RouteManager( 2549): 		-executeEnableRoutingStage-
D/RouteManager( 2549): audio-parameter-manager: Selection criterion changed event: Criterion name: RoutageState, current state: Path|Configure
D/RouteManager( 2549): audio-parameter-manager: Configuration application request {
D/RouteManager( 2549): audio-parameter-manager:     Applying configurations {
D/RouteManager( 2549): audio-parameter-manager:         Applying configuration "UnLocked" from domain "Routing.Sst.Enable.VoiceProcessingLock.Uplink"
D/RouteManager( 2549): audio-parameter-manager:         Applying configuration "UnLocked" from domain "Routing.Sst.Enable.VoiceProcessingLock.Downlink"
D/RouteManager( 2549): audio-parameter-manager:         Applying configuration "Enable" from domain "Routing.Enable.HWCodec.Playback.EarpieceIHF"
D/RouteManager( 2549): audio-parameter-manager:     } Applying configurations
D/RouteManager( 2549): audio-parameter-manager: } Configuration application request
D/TinyAlsaAudioDevice( 2549): open: card (cherrytrailaud, 0) 
D/TinyAlsaAudioDevice( 2549): 	 config (rate=48000 format=0 channels= 2).
D/TinyAlsaAudioDevice( 2549): 	 RingBuffer config: periodSize=1152 nbPeriod=4startTh=1151 stop Th=4608 silence Th=0
D/AudioConversion( 2549): configure: no convertion required
D/RouteManager( 2549): 		-executeUnmuteRoutingStage-
D/RouteManager( 2549): audio-parameter-manager: Selection criterion changed event: Criterion name: RoutageState, current state: Flow|Path|Configure
D/RouteManager( 2549): audio-parameter-manager: Configuration application request {
D/RouteManager( 2549): audio-parameter-manager:     Applying configurations {
D/RouteManager( 2549): audio-parameter-manager:         Applying configuration "Unmute" from domain "Routing.Mute.HWCodec.HWCodec.Playback.DAC1_VOL"
D/RouteManager( 2549): audio-parameter-manager:         Applying configuration "Unmute" from domain "Routing.Sst.Mute.HwCodec.Playback.Internal"
D/RouteManager( 2549): audio-parameter-manager:         Applying configuration "Unmute" from domain "Routing.Sst.Mute.Media.Playback.Regular"
D/RouteManager( 2549): audio-parameter-manager:     } Applying configurations
D/RouteManager( 2549): audio-parameter-manager: } Configuration application request
D/RouteManager( 2549): doReconsiderRouting: DONE
D/EVENT_THREAD( 2549): void CEventThread::run() Do poll with timeout: -1
E/TinyAlsaStream( 2549): getFramesAvailable: Unable to get available frames
E/TinyAlsaStream( 2549): getFramesAvailable: Unable to get available frames
E/TinyAlsaStream( 2549): getFramesAvailable: Unable to get available frames
I/Choreographer( 2839): Skipped 37 frames!  The application may be doing too much work on its main thread.
W/OpenGLRenderer( 3189): Incorrectly called buildLayer on View: ShortcutAndWidgetContainer, destroying layer...
W/OpenGLRenderer( 3189): Incorrectly called buildLayer on View: ShortcutAndWidgetContainer, destroying layer...
I/art     ( 2839): Thread[5,tid=2847,WaitingInMainSignalCatcherLoop,Thread*=0xf8a01b28,peer=0x12c020a0,"Signal Catcher"]: reacting to signal 3
E/Sensors ( 2839): sensorhal: sensorPoll: line: 189 poll error: 4 Interrupted system call
I/art     ( 2839): Wrote stack traces to '/data/anr/traces.txt'
I/art     ( 2924): Thread[5,tid=2932,WaitingInMainSignalCatcherLoop,Thread*=0xf8a020a8,peer=0x12c070a0,"Signal Catcher"]: reacting to signal 3
I/art     ( 2924): Wrote stack traces to '/data/anr/traces.txt'
I/art     ( 2957): Thread[5,tid=2966,WaitingInMainSignalCatcherLoop,Thread*=0xf8a020a8,peer=0x12c000a0,"Signal Catcher"]: reacting to signal 3
I/art     ( 2957): Wrote stack traces to '/data/anr/traces.txt'
I/art     ( 3113): Thread[5,tid=3131,WaitingInMainSignalCatcherLoop,Thread*=0xf8a02508,peer=0x1da070a0,"Signal Catcher"]: reacting to signal 3
I/art     ( 3113): Wrote stack traces to '/data/anr/traces.txt'
I/art     ( 3152): Thread[5,tid=3160,WaitingInMainSignalCatcherLoop,Thread*=0xf8a02508,peer=0x12c000a0,"Signal Catcher"]: reacting to signal 3
D/AudioIntelHal( 2549): stopStream: output stream.
D/AudioIntelHal/AudioPlatformState( 2549): route-parameter-manager: Selection criterion changed event: Criterion name: OutputFlags, current state: <none>
D/AudioIntelHal/AudioPlatformState( 2549): route-parameter-manager: Configuration application request {
D/AudioIntelHal/AudioPlatformState( 2549): route-parameter-manager:     Applying configurations {
D/AudioIntelHal/AudioPlatformState( 2549): route-parameter-manager:         Applying configuration "NotApplicable" from domain "StreamRoute.Media.Playback"
D/AudioIntelHal/AudioPlatformState( 2549): route-parameter-manager:         Applying configuration "No" from domain "Route.HwCodec0IA.Playback.Applicable"
D/AudioIntelHal/AudioPlatformState( 2549): route-parameter-manager:     } Applying configurations
D/AudioIntelHal/AudioPlatformState( 2549): route-parameter-manager: } Configuration application request
D/EVENT_THREAD( 2549): void CEventThread::trig(void*, uint32_t): in
D/EVENT_THREAD( 2549): void CEventThread::trig(void*, uint32_t): out
D/RouteManager( 2549): doReconsiderRouting: Route state:
D/RouteManager( 2549): 	-Previously Enabled Route in Input = <none>
D/RouteManager( 2549): 	-Previously Enabled Route in Output = Media|HwCodec0IA
D/RouteManager( 2549): 	-Selected Route in Input = <none>
D/RouteManager( 2549): 	-Selected Route in Output = <none>
D/RouteManager( 2549): 		-executeMuteRoutingStage-
D/RouteManager( 2549): audio-parameter-manager: Selection criterion changed event: Criterion name: RoutageState, current state: Flow
D/RouteManager( 2549): audio-parameter-manager: Selection criterion changed event: Criterion name: ClosingPlaybackRoutes, current state: Media|HwCodec0IA
D/RouteManager( 2549): audio-parameter-manager: Selection criterion changed event: Criterion name: OpenedPlaybackRoutes, current state: <none>
D/RouteManager( 2549): audio-parameter-manager: Configuration application request {
D/RouteManager( 2549): audio-parameter-manager:     Applying configurations {
D/RouteManager( 2549): audio-parameter-manager:         Applying configuration "Mute" from domain "Routing.Mute.HWCodec.HWCodec.Playback.DAC1_VOL"
D/RouteManager( 2549): audio-parameter-manager:         Applying configuration "Mute" from domain "Routing.Sst.Mute.HwCodec.Playback.Internal"
D/RouteManager( 2549): audio-parameter-manager:         Applying configuration "Mute" from domain "Routing.Sst.Mute.Media.Playback.Regular"
D/RouteManager( 2549): audio-parameter-manager:     } Applying configurations
D/RouteManager( 2549): audio-parameter-manager: } Configuration application request
D/RouteManager( 2549): 		-executeDisableRoutingStage-
D/RouteManager( 2549): audio-parameter-manager: Selection criterion changed event: Criterion name: RoutageState, current state: Path
D/TinyAlsaAudioDevice( 2549): close
D/RouteManager( 2549): audio-parameter-manager: Configuration application request {
D/RouteManager( 2549): audio-parameter-manager:     Applying configurations {
D/RouteManager( 2549): audio-parameter-manager:         Applying configuration "Locked" from domain "Routing.Sst.Enable.VoiceProcessingLock.Uplink"
D/RouteManager( 2549): audio-parameter-manager:         Applying configuration "Locked" from domain "Routing.Sst.Enable.VoiceProcessingLock.Downlink"
D/RouteManager( 2549): audio-parameter-manager:         Applying configuration "Disable" from domain "Routing.Enable.HWCodec.Playback.EarpieceIHF"
D/RouteManager( 2549): audio-parameter-manager:     } Applying configurations
D/RouteManager( 2549): audio-parameter-manager: } Configuration application request
D/RouteManager( 2549): 		-executeConfigureRoutingStage-
D/RouteManager( 2549): audio-parameter-manager: Selection criterion changed event: Criterion name: RoutageState, current state: Configure
D/RouteManager( 2549): audio-parameter-manager: Selection criterion changed event: Criterion name: ClosingPlaybackRoutes, current state: <none>
D/RouteManager( 2549): audio-parameter-manager: Configuration application request {
D/RouteManager( 2549): audio-parameter-manager:     Applying configurations {
D/RouteManager( 2549): audio-parameter-manager:         Applying configuration "Disable" from domain "Routing.Configure.HWCodec.Playback.Ihf"
D/RouteManager( 2549): audio-parameter-manager:         Applying configuration "Disable" from domain "Routing.Configure.HWCodec.Playback.DAC1"
D/RouteManager( 2549): audio-parameter-manager:         Applying configuration "Unbind" from domain "Routing.Sst.Configure.Playback.SpeakerEqToSprot"
D/RouteManager( 2549): audio-parameter-manager:         Applying configuration "Unbind" from domain "Routing.Sst.Configure.Playback.Media.ToSpeakerEq"
D/RouteManager( 2549): audio-parameter-manager:         Applying configuration "Unbind" from domain "Routing.Sst.Configure.Playback.HwCodec.SprotToSpeaker"
D/RouteManager( 2549): audio-parameter-manager:         Applying configuration "Dmic.Bind" from domain "Routing.Sst.Configure.AlwaysListening.VTSV"
D/RouteManager( 2549): audio-parameter-manager:     } Applying configurations
D/RouteManager( 2549): audio-parameter-manager: } Configuration application request
D/RouteManager( 2549): 		-executeEnableRoutingStage-
D/RouteManager( 2549): audio-parameter-manager: Selection criterion changed event: Criterion name: RoutageState, current state: Path|Configure
D/RouteManager( 2549): audio-parameter-manager: Configuration application request {
D/RouteManager( 2549): audio-parameter-manager:     Applying configurations {
D/RouteManager( 2549): audio-parameter-manager:         Applying configuration "UnLocked" from domain "Routing.Sst.Enable.VoiceProcessingLock.Uplink"
D/RouteManager( 2549): audio-parameter-manager:         Applying configuration "UnLocked" from domain "Routing.Sst.Enable.VoiceProcessingLock.Downlink"
D/RouteManager( 2549): audio-parameter-manager:     } Applying configurations
D/RouteManager( 2549): audio-parameter-manager: } Configuration application request
D/RouteManager( 2549): 		-executeUnmuteRoutingStage-
D/RouteManager( 2549): audio-parameter-manager: Selection criterion changed event: Criterion name: RoutageState, current state: Flow|Path|Configure
D/RouteManager( 2549): audio-parameter-manager: Configuration application request {
D/RouteManager( 2549): audio-parameter-manager:     Applying configurations {
D/RouteManager( 2549): audio-parameter-manager:     } Applying configurations
D/RouteManager( 2549): audio-parameter-manager: } Configuration application request
D/RouteManager( 2549): doReconsiderRouting: DONE
D/EVENT_THREAD( 2549): void CEventThread::run() Do poll with timeout: -1
I/WAKELOCK_RELEASE( 2839): TIMESTAMP=2348815648221, TAG=AudioMix, TYPE=PARTIAL_WAKE_LOCK             , COUNT=0, PID=0, UID=1013, FLAGS=
I/art     ( 3170): Thread[5,tid=3178,WaitingInMainSignalCatcherLoop,Thread*=0xf8a02508,peer=0x12c000a0,"Signal Catcher"]: reacting to signal 3
I/art     ( 3152): Wrote stack traces to '/data/anr/traces.txt'
I/art     ( 3170): Wrote stack traces to '/data/anr/traces.txt'
I/art     ( 3189): Thread[5,tid=3198,WaitingInMainSignalCatcherLoop,Thread*=0xf8a02508,peer=0x1da070a0,"Signal Catcher"]: reacting to signal 3
I/art     ( 3449): Thread[5,tid=3458,WaitingInMainSignalCatcherLoop,Thread*=0xf8b79278,peer=0x12c000a0,"Signal Catcher"]: reacting to signal 3
I/art     ( 3189): Wrote stack traces to '/data/anr/traces.txt'
I/art     ( 3449): Wrote stack traces to '/data/anr/traces.txt'
I/art     ( 3485): Thread[5,tid=3496,WaitingInMainSignalCatcherLoop,Thread*=0xf8b79278,peer=0x1da070a0,"Signal Catcher"]: reacting to signal 3
I/art     ( 3485): Wrote stack traces to '/data/anr/traces.txt'
I/art     ( 3681): Thread[5,tid=3689,WaitingInMainSignalCatcherLoop,Thread*=0xf8b79278,peer=0x1da070a0,"Signal Catcher"]: reacting to signal 3
I/art     ( 3681): Wrote stack traces to '/data/anr/traces.txt'
I/art     ( 3738): Thread[5,tid=3746,WaitingInMainSignalCatcherLoop,Thread*=0xf8b796d8,peer=0x1da070a0,"Signal Catcher"]: reacting to signal 3
I/art     ( 3784): Thread[5,tid=3792,WaitingInMainSignalCatcherLoop,Thread*=0xf8b796d8,peer=0x12c070a0,"Signal Catcher"]: reacting to signal 3
I/art     ( 3738): Wrote stack traces to '/data/anr/traces.txt'
I/art     ( 3784): Wrote stack traces to '/data/anr/traces.txt'
I/art     ( 3871): Thread[5,tid=3879,WaitingInMainSignalCatcherLoop,Thread*=0xf8b79278,peer=0x1da070a0,"Signal Catcher"]: reacting to signal 3
I/art     ( 3871): Wrote stack traces to '/data/anr/traces.txt'
I/ActivityManager( 2839): Waited long enough for: ServiceRecord{65a6ac2 u0 com.android.music/.MediaPlaybackService}
