I/WAKELOCK_ACQUIRE( 2839): TIMESTAMP=1927804680919, TAG=ActivityManager-Launch, TYPE=PARTIAL_WAKE_LOCK             , COUNT=0, PID=2839, UID=1000, FLAGS=
V/WindowManager( 2839): rotationForOrientationLw(orient=-1, last=3); user=0 USER_ROTATION_LOCKED
I/ActivityManager( 2839): Config changes=480 {1.0 ?mcc?mnc en_US ?layoutDir sw800dp w1280dp h727dp 160dpi xlrg land finger -keyb/v/h -nav/h s.8}
V/ActivityManager( 2839): Display changed displayId=0
W/ActivityManager( 2839): Activity pause timeout for ActivityRecord{e2d7edc u0 com.wistron.generic.pqaa/.TestItemsList t32 f}
I/WAKELOCK_RELEASE( 2839): TIMESTAMP=1928397801254, TAG=ActivityManager-Launch, TYPE=PARTIAL_WAKE_LOCK             , COUNT=0, PID=2839, UID=1000, FLAGS=
W/WindowManager( 2839): Window freeze timeout expired.
W/WindowManager( 2839): Force clearing orientation change: Window{88a6770 u0 Toast}
I/WindowManager( 2839): Screen frozen for +2s349ms due to Window{88a6770 u0 Toast}
I/WAKELOCK_RELEASE( 2839): TIMESTAMP=1929847672135, TAG=SCREEN_FROZEN, TYPE=PARTIAL_WAKE_LOCK             , COUNT=0, PID=2839, UID=1000, FLAGS=
V/WindowManager( 2839): rotationForOrientationLw(orient=-1, last=0); user=0 USER_ROTATION_LOCKED
I/WAKELOCK_RELEASE( 2839): TIMESTAMP=1930437771509, TAG=AudioMix, TYPE=PARTIAL_WAKE_LOCK             , COUNT=0, PID=0, UID=1013, FLAGS=
I/WAKELOCK_ACQUIRE( 2839): TIMESTAMP=1932370528212, TAG=AudioMix, TYPE=PARTIAL_WAKE_LOCK             , COUNT=0, PID=0, UID=1013, FLAGS=
I/WindowState( 2839): WIN DEATH: Window{e24c87a u0 com.wistron.generic.pqaa/com.wistron.generic.pqaa.TestItemsList}
I/WindowState( 2839): WIN DEATH: Window{88a6770 u0 Toast}
I/WindowState( 2839): WIN DEATH: Window{abcefc2 u0 com.wistron.generic.pqaa/com.wistron.generic.headset.loopback.AudioLoopback}
I/WAKELOCK_RELEASE( 2839): TIMESTAMP=1932418909718, TAG=WindowManager, TYPE=SCREEN_BRIGHT_WAKE_LOCK       , COUNT=0, PID=2839, UID=1000, FLAGS= ON_AFTER_RELEASE
I/ActivityManager( 2839): Process com.wistron.generic.pqaa (pid 3767) has died
I/WAKELOCK_RELEASE( 2839): TIMESTAMP=1935964730682, TAG=AudioMix, TYPE=PARTIAL_WAKE_LOCK             , COUNT=0, PID=0, UID=1013, FLAGS=
I/ActivityManager( 2839): START u0 {act=android.intent.action.MAIN cat=[android.intent.category.LAUNCHER] flg=0x10200000 cmp=com.wistron.generic.pqaa/.TestItemsList (has extras)} from uid 10006 on display 0
V/WindowManager( 2839): addAppToken: AppWindowToken{1b0efedf token=Token{e7fe97e ActivityRecord{536f39 u0 com.wistron.generic.pqaa/.TestItemsList t33}}} to stack=1 task=33 at 0
I/WAKELOCK_ACQUIRE( 2839): TIMESTAMP=1935969446024, TAG=ActivityManager-Launch, TYPE=PARTIAL_WAKE_LOCK             , COUNT=0, PID=2839, UID=1000, FLAGS=
V/WindowManager( 2839): Adding window Window{172b0a18 u0 Starting com.wistron.generic.pqaa} at 2 of 7 (after Window{64487b3 u0 com.android.launcher/com.android.launcher2.Launcher})
I/WAKELOCK_ACQUIRE( 2839): TIMESTAMP=1935981728812, TAG=AudioMix, TYPE=PARTIAL_WAKE_LOCK             , COUNT=0, PID=0, UID=1013, FLAGS=
I/ActivityManager( 2839): Start proc 3968:com.wistron.generic.pqaa/u0a49 for activity com.wistron.generic.pqaa/.TestItemsList
V/WindowManager( 2839): rotationForOrientationLw(orient=1, last=0); user=0 USER_ROTATION_LOCKED
I/WAKELOCK_ACQUIRE( 2839): TIMESTAMP=1936022718789, TAG=SCREEN_FROZEN, TYPE=PARTIAL_WAKE_LOCK             , COUNT=0, PID=2839, UID=1000, FLAGS=
I/ActivityManager( 2839): Config changes=480 {1.0 ?mcc?mnc en_US ?layoutDir sw800dp w800dp h1207dp 160dpi xlrg port finger -keyb/v/h -nav/h s.9}
V/ActivityManager( 2839): Display changed displayId=0
V/WindowManager( 2839): Adding window Window{5c25d73 u0 com.wistron.generic.pqaa/com.wistron.generic.pqaa.TestItemsList} at 2 of 9 (before Window{172b0a18 u0 Starting com.wistron.generic.pqaa})
V/WindowManager( 2839): Adding window Window{59198a9 u0 com.wistron.generic.pqaa/com.wistron.generic.pqaa.TestItemsList} at 2 of 10 (before Window{5c25d73 u0 com.wistron.generic.pqaa/com.wistron.generic.pqaa.TestItemsList})
I/WAKELOCK_ACQUIRE( 2839): TIMESTAMP=1936291499918, TAG=WindowManager, TYPE=SCREEN_BRIGHT_WAKE_LOCK       , COUNT=0, PID=2839, UID=1000, FLAGS= ON_AFTER_RELEASE
V/WindowManager( 2839): Layouts looping: On entry to LockedInner, mPendingLayoutChanges = 0x1
V/WindowManager( 2839): Layouts looping: loop number 4, mPendingLayoutChanges = 0x0
V/WindowManager( 2839): Layouts looping: after finishPostLayoutPolicyLw, mPendingLayoutChanges = 0x0
V/WindowManager( 2839): Layouts looping: mLayoutNeeded, mPendingLayoutChanges = 0x1
V/WindowManager( 2839): Layouts looping: On entry to LockedInner, mPendingLayoutChanges = 0x1
V/WindowManager( 2839): Layouts looping: loop number 5, mPendingLayoutChanges = 0x0
V/WindowManager( 2839): Layouts looping: after finishPostLayoutPolicyLw, mPendingLayoutChanges = 0x0
V/WindowManager( 2839): Layouts looping: mLayoutNeeded, mPendingLayoutChanges = 0x1
E/WindowManager( 2839): Performed 6 layouts in a row. Skipping
I/WAKELOCK_RELEASE( 2839): TIMESTAMP=1936515589337, TAG=ActivityManager-Launch, TYPE=PARTIAL_WAKE_LOCK             , COUNT=0, PID=2839, UID=1000, FLAGS=
I/WindowManager( 2839): Screen frozen for +505ms due to Window{172b0a18 u0 Starting com.wistron.generic.pqaa}
I/WAKELOCK_RELEASE( 2839): TIMESTAMP=1936534821640, TAG=SCREEN_FROZEN, TYPE=PARTIAL_WAKE_LOCK             , COUNT=0, PID=2839, UID=1000, FLAGS=
V/WindowManager( 2839): rotationForOrientationLw(orient=1, last=3); user=0 USER_ROTATION_LOCKED
D/TaskPersister( 2839): removeObsoleteFile: deleting file=32_task.xml
I/WAKELOCK_RELEASE( 2839): TIMESTAMP=1939091904498, TAG=AudioMix, TYPE=PARTIAL_WAKE_LOCK             , COUNT=0, PID=0, UID=1013, FLAGS=
I/WAKELOCK_ACQUIRE( 2839): TIMESTAMP=1939206424813, TAG=AudioMix, TYPE=PARTIAL_WAKE_LOCK             , COUNT=0, PID=0, UID=1013, FLAGS=
I/ActivityManager( 2839): Waited long enough for: ServiceRecord{9e6ca3b u0 com.android.music/.MediaPlaybackService}
I/ActivityManager( 2839): START u0 {cmp=com.wistron.generic.pqaa/com.wistron.generic.headset.loopback.AudioLoopback (has extras)} from uid 10049 on display 0
V/WindowManager( 2839): addAppToken: AppWindowToken{9c2b3e1 token=Token{1d012948 ActivityRecord{3da07eb u0 com.wistron.generic.pqaa/com.wistron.generic.headset.loopback.AudioLoopback t33}}} to stack=1 task=33 at 1
I/WAKELOCK_ACQUIRE( 2839): TIMESTAMP=1941439104013, TAG=ActivityManager-Launch, TYPE=PARTIAL_WAKE_LOCK             , COUNT=0, PID=2839, UID=1000, FLAGS=
V/WindowManager( 2839): Adding window Window{224fe19 u0 com.wistron.generic.pqaa/com.wistron.generic.headset.loopback.AudioLoopback} at 3 of 8 (after Window{59198a9 u0 com.wistron.generic.pqaa/com.wistron.generic.pqaa.TestItemsList})
V/WindowManager( 2839): Adding window Window{13b558bf u0 com.wistron.generic.pqaa/com.wistron.generic.headset.loopback.AudioLoopback} at 3 of 9 (before Window{224fe19 u0 com.wistron.generic.pqaa/com.wistron.generic.headset.loopback.AudioLoopback})
I/WAKELOCK_RELEASE( 2839): TIMESTAMP=1941650902193, TAG=ActivityManager-Launch, TYPE=PARTIAL_WAKE_LOCK             , COUNT=0, PID=2839, UID=1000, FLAGS=
I/WAKELOCK_RELEASE( 2839): TIMESTAMP=1944550991892, TAG=AudioMix, TYPE=PARTIAL_WAKE_LOCK             , COUNT=0, PID=0, UID=1013, FLAGS=
I/WAKELOCK_ACQUIRE( 2839): TIMESTAMP=1946594396059, TAG=AudioMix, TYPE=PARTIAL_WAKE_LOCK             , COUNT=0, PID=0, UID=1013, FLAGS=
I/WAKELOCK_ACQUIRE( 2839): TIMESTAMP=1946616456542, TAG=AudioMix, TYPE=PARTIAL_WAKE_LOCK             , COUNT=0, PID=0, UID=1013, FLAGS=
I/WAKELOCK_RELEASE( 2839): TIMESTAMP=1949632402437, TAG=AudioMix, TYPE=PARTIAL_WAKE_LOCK             , COUNT=0, PID=0, UID=1013, FLAGS=
I/WAKELOCK_RELEASE( 2839): TIMESTAMP=1950658131327, TAG=AudioMix, TYPE=PARTIAL_WAKE_LOCK             , COUNT=0, PID=0, UID=1013, FLAGS=
V/WiredAccessoryManager( 2839): notifyWiredAccessoryChanged: when=1953720312000 bits=SW_HEADPHONE_INSERT SW_MICROPHONE_INSERT mask=14
V/WiredAccessoryManager( 2839): newName=h2w newState=1 headsetState=1 prev headsetState=0
I/WAKELOCK_ACQUIRE( 2839): TIMESTAMP=1953720998655, TAG=WiredAccessoryManager, TYPE=PARTIAL_WAKE_LOCK             , COUNT=0, PID=2839, UID=1000, FLAGS=
V/WiredAccessoryManager( 2839): device h2w connected
I/WAKELOCK_ACQUIRE( 2839): TIMESTAMP=1953723138200, TAG=handleAudioEvent, TYPE=PARTIAL_WAKE_LOCK             , COUNT=0, PID=2839, UID=1000, FLAGS=
I/WAKELOCK_RELEASE( 2839): TIMESTAMP=1953723899525, TAG=WiredAccessoryManager, TYPE=PARTIAL_WAKE_LOCK             , COUNT=0, PID=2839, UID=1000, FLAGS=
I/WAKELOCK_ACQUIRE( 2839): TIMESTAMP=1953848257774, TAG=AudioOffload, TYPE=PARTIAL_WAKE_LOCK             , COUNT=0, PID=0, UID=1013, FLAGS=
I/WAKELOCK_RELEASE( 2839): TIMESTAMP=1953848726564, TAG=AudioOffload, TYPE=PARTIAL_WAKE_LOCK             , COUNT=0, PID=0, UID=1013, FLAGS=
I/WAKELOCK_ACQUIRE( 2839): TIMESTAMP=1953848961622, TAG=AudioOffload, TYPE=PARTIAL_WAKE_LOCK             , COUNT=0, PID=0, UID=1013, FLAGS=
I/WAKELOCK_RELEASE( 2839): TIMESTAMP=1953860437422, TAG=AudioOffload, TYPE=PARTIAL_WAKE_LOCK             , COUNT=0, PID=0, UID=1013, FLAGS=
I/WAKELOCK_ACQUIRE( 2839): TIMESTAMP=1953862873651, TAG=AudioMix, TYPE=PARTIAL_WAKE_LOCK             , COUNT=0, PID=0, UID=1013, FLAGS=
I/WAKELOCK_RELEASE( 2839): TIMESTAMP=1953869574058, TAG=handleAudioEvent, TYPE=PARTIAL_WAKE_LOCK             , COUNT=0, PID=2839, UID=1000, FLAGS=
I/WAKELOCK_ACQUIRE( 2839): TIMESTAMP=1953878848223, TAG=AudioMix, TYPE=PARTIAL_WAKE_LOCK             , COUNT=0, PID=0, UID=1013, FLAGS=
I/WAKELOCK_ACQUIRE( 2839): TIMESTAMP=1953907493221, TAG=AudioIn, TYPE=PARTIAL_WAKE_LOCK             , COUNT=0, PID=0, UID=1013, FLAGS=
I/WAKELOCK_RELEASE( 2839): TIMESTAMP=1953908155918, TAG=AudioIn, TYPE=PARTIAL_WAKE_LOCK             , COUNT=0, PID=0, UID=1013, FLAGS=
I/WAKELOCK_ACQUIRE( 2839): TIMESTAMP=1953923605622, TAG=AudioIn, TYPE=PARTIAL_WAKE_LOCK             , COUNT=0, PID=0, UID=1013, FLAGS=
I/WAKELOCK_RELEASE( 2839): TIMESTAMP=1956928599847, TAG=AudioMix, TYPE=PARTIAL_WAKE_LOCK             , COUNT=0, PID=0, UID=1013, FLAGS=
V/WindowManager( 2839): not Base app: Adding window Window{11b587c0 u0 com.wistron.generic.pqaa/com.wistron.generic.headset.loopback.AudioLoopback} at 4 of 11
I/WAKELOCK_RELEASE( 2839): TIMESTAMP=1958614732983, TAG=AudioIn, TYPE=PARTIAL_WAKE_LOCK             , COUNT=0, PID=0, UID=1013, FLAGS=
I/WAKELOCK_ACQUIRE( 2839): TIMESTAMP=1958617921099, TAG=AudioIn, TYPE=PARTIAL_WAKE_LOCK             , COUNT=0, PID=0, UID=1013, FLAGS=
I/WAKELOCK_RELEASE( 2839): TIMESTAMP=1958618942670, TAG=AudioIn, TYPE=PARTIAL_WAKE_LOCK             , COUNT=0, PID=0, UID=1013, FLAGS=
I/WAKELOCK_RELEASE( 2839): TIMESTAMP=1961729958383, TAG=AudioMix, TYPE=PARTIAL_WAKE_LOCK             , COUNT=0, PID=0, UID=1013, FLAGS=
I/WAKELOCK_ACQUIRE( 2839): TIMESTAMP=1962554895315, TAG=AudioMix, TYPE=PARTIAL_WAKE_LOCK             , COUNT=0, PID=0, UID=1013, FLAGS=
I/WAKELOCK_RELEASE( 2839): TIMESTAMP=1965865083658, TAG=AudioMix, TYPE=PARTIAL_WAKE_LOCK             , COUNT=0, PID=0, UID=1013, FLAGS=
I/WAKELOCK_ACQUIRE( 2839): TIMESTAMP=1973497170140, TAG=ActivityManager-Launch, TYPE=PARTIAL_WAKE_LOCK             , COUNT=0, PID=2839, UID=1000, FLAGS=
W/InputMethodManagerService( 2839): Window already focused, ignoring focus gain of: com.android.internal.view.IInputMethodClient$Stub$Proxy@18277cf9 attribute=null, token = android.os.BinderProxy@f81fede
V/WindowManager( 2839): rotationForOrientationLw(orient=-1, last=3); user=0 USER_ROTATION_LOCKED
I/WAKELOCK_ACQUIRE( 2839): TIMESTAMP=1973507088476, TAG=SCREEN_FROZEN, TYPE=PARTIAL_WAKE_LOCK             , COUNT=0, PID=2839, UID=1000, FLAGS=
I/ActivityManager( 2839): Config changes=480 {1.0 ?mcc?mnc en_US ?layoutDir sw800dp w1280dp h727dp 160dpi xlrg land finger -keyb/v/h -nav/h s.10}
V/ActivityManager( 2839): Display changed displayId=0
V/WindowManager( 2839): rotationForOrientationLw(orient=1, last=0); user=0 USER_ROTATION_LOCKED
V/ActivityManager( 2839): Display changed displayId=0
I/ActivityManager( 2839): Config changes=480 {1.0 ?mcc?mnc en_US ?layoutDir sw800dp w800dp h1207dp 160dpi xlrg port finger -keyb/v/h -nav/h s.11}
V/WindowManager( 2839): Adding window Window{a06d231 u0 com.wistron.generic.pqaa/com.wistron.generic.pqaa.TestItemsList} at 2 of 11 (before Window{13b558bf u0 com.wistron.generic.pqaa/com.wistron.generic.headset.loopback.AudioLoopback})
E/AndroidRuntime( 3968): FATAL EXCEPTION: main
E/AndroidRuntime( 3968): Process: com.wistron.generic.pqaa, PID: 3968
E/AndroidRuntime( 3968): java.lang.RuntimeException: Unable to resume activity {com.wistron.generic.pqaa/com.wistron.generic.pqaa.TestItemsList}: java.lang.RuntimeException: Failure delivering result ResultInfo{who=null, request=0, result=-1, data=Intent { (has extras) }} to activity {com.wistron.generic.pqaa/com.wistron.generic.pqaa.TestItemsList}: java.lang.IndexOutOfBoundsException: Invalid index 0, size is 0
E/AndroidRuntime( 3968): 	at android.app.ActivityThread.performResumeActivity(ActivityThread.java:2987)
E/AndroidRuntime( 3968): 	at android.app.ActivityThread.handleResumeActivity(ActivityThread.java:3018)
E/AndroidRuntime( 3968): 	at android.app.ActivityThread.handleLaunchActivity(ActivityThread.java:2393)
E/AndroidRuntime( 3968): 	at android.app.ActivityThread.handleRelaunchActivity(ActivityThread.java:3948)
E/AndroidRuntime( 3968): 	at android.app.ActivityThread.access$900(ActivityThread.java:152)
E/AndroidRuntime( 3968): 	at android.app.ActivityThread$H.handleMessage(ActivityThread.java:1310)
E/AndroidRuntime( 3968): 	at android.os.Handler.dispatchMessage(Handler.java:102)
E/AndroidRuntime( 3968): 	at android.os.Looper.loop(Looper.java:135)
E/AndroidRuntime( 3968): 	at android.app.ActivityThread.main(ActivityThread.java:5261)
E/AndroidRuntime( 3968): 	at java.lang.reflect.Method.invoke(Native Method)
E/AndroidRuntime( 3968): 	at java.lang.reflect.Method.invoke(Method.java:372)
E/AndroidRuntime( 3968): 	at com.android.internal.os.ZygoteInit$MethodAndArgsCaller.run(ZygoteInit.java:903)
E/AndroidRuntime( 3968): 	at com.android.internal.os.ZygoteInit.main(ZygoteInit.java:698)
E/AndroidRuntime( 3968): Caused by: java.lang.RuntimeException: Failure delivering result ResultInfo{who=null, request=0, result=-1, data=Intent { (has extras) }} to activity {com.wistron.generic.pqaa/com.wistron.generic.pqaa.TestItemsList}: java.lang.IndexOutOfBoundsException: Invalid index 0, size is 0
E/AndroidRuntime( 3968): 	at android.app.ActivityThread.deliverResults(ActivityThread.java:3575)
E/AndroidRuntime( 3968): 	at android.app.ActivityThread.performResumeActivity(ActivityThread.java:2973)
E/AndroidRuntime( 3968): 	... 12 more
E/AndroidRuntime( 3968): Caused by: java.lang.IndexOutOfBoundsException: Invalid index 0, size is 0
E/AndroidRuntime( 3968): 	at java.util.ArrayList.throwIndexOutOfBoundsException(ArrayList.java:255)
E/AndroidRuntime( 3968): 	at java.util.ArrayList.get(ArrayList.java:308)
E/AndroidRuntime( 3968): 	at com.wistron.generic.pqaa.TestItemsList.onActivityResult(TestItemsList.java:1375)
E/AndroidRuntime( 3968): 	at android.app.Activity.dispatchActivityResult(Activity.java:6192)
E/AndroidRuntime( 3968): 	at android.app.ActivityThread.deliverResults(ActivityThread.java:3571)
E/AndroidRuntime( 3968): 	... 13 more
W/ActivityManager( 2839):   Force finishing activity 1 com.wistron.generic.pqaa/.TestItemsList
I/WAKELOCK_ACQUIRE( 2839): TIMESTAMP=1973672504629, TAG=ActivityManager-Launch, TYPE=PARTIAL_WAKE_LOCK             , COUNT=0, PID=2839, UID=1000, FLAGS=
V/WindowManager( 2839): rotationForOrientationLw(orient=-1, last=3); user=0 USER_ROTATION_LOCKED
V/ActivityManager( 2839): Display changed displayId=0
I/ActivityManager( 2839): Config changes=480 {1.0 ?mcc?mnc en_US ?layoutDir sw800dp w1280dp h727dp 160dpi xlrg land finger -keyb/v/h -nav/h s.12}
W/ActivityManager( 2839): Activity pause timeout for ActivityRecord{536f39 u0 com.wistron.generic.pqaa/.TestItemsList t33 f}
I/WAKELOCK_RELEASE( 2839): TIMESTAMP=1974377844667, TAG=ActivityManager-Launch, TYPE=PARTIAL_WAKE_LOCK             , COUNT=0, PID=2839, UID=1000, FLAGS=
W/WindowManager( 2839): Window freeze timeout expired.
W/WindowManager( 2839): Force clearing orientation change: Window{4ce229f u0 Toast}
I/WindowManager( 2839): Screen frozen for +2s195ms due to Window{4ce229f u0 Toast}
I/WAKELOCK_RELEASE( 2839): TIMESTAMP=1975715758966, TAG=SCREEN_FROZEN, TYPE=PARTIAL_WAKE_LOCK             , COUNT=0, PID=2839, UID=1000, FLAGS=
V/WindowManager( 2839): rotationForOrientationLw(orient=-1, last=0); user=0 USER_ROTATION_LOCKED
W/InputMethodManagerService( 2839): Got RemoteException sending setActive(false) notification to pid 3968 uid 10049
I/WAKELOCK_ACQUIRE( 2839): TIMESTAMP=1979588200737, TAG=AudioMix, TYPE=PARTIAL_WAKE_LOCK             , COUNT=0, PID=0, UID=1013, FLAGS=
I/WindowState( 2839): WIN DEATH: Window{13b558bf u0 com.wistron.generic.pqaa/com.wistron.generic.headset.loopback.AudioLoopback}
I/WindowState( 2839): WIN DEATH: Window{4ce229f u0 Toast}
I/WindowState( 2839): WIN DEATH: Window{a06d231 u0 com.wistron.generic.pqaa/com.wistron.generic.pqaa.TestItemsList}
I/WAKELOCK_RELEASE( 2839): TIMESTAMP=1979624432257, TAG=WindowManager, TYPE=SCREEN_BRIGHT_WAKE_LOCK       , COUNT=0, PID=2839, UID=1000, FLAGS= ON_AFTER_RELEASE
I/ActivityManager( 2839): Process com.wistron.generic.pqaa (pid 3968) has died
I/WAKELOCK_ACQUIRE( 2839): TIMESTAMP=1980136397142, TAG=*alarm*, TYPE=PARTIAL_WAKE_LOCK             , COUNT=0, PID=2839, UID=1000, FLAGS=
I/WAKELOCK_RELEASE( 2839): TIMESTAMP=1980148733732, TAG=*alarm*, TYPE=PARTIAL_WAKE_LOCK             , COUNT=0, PID=2839, UID=1000, FLAGS=
I/WAKELOCK_RELEASE( 2839): TIMESTAMP=1983010923531, TAG=AudioMix, TYPE=PARTIAL_WAKE_LOCK             , COUNT=0, PID=0, UID=1013, FLAGS=
I/EntropyMixer( 2839): Writing entropy...
I/ValidateNoPeople( 2839): skipping global notification
I/ValidateNoPeople( 2839): skipping global notification
V/DeadZone( 2957): consuming errant click: (697.45514,8.049927)
V/DeadZone( 2957): consuming errant click: (260.79626,8.049927)
I/WAKELOCK_ACQUIRE( 2839): TIMESTAMP=2017346541310, TAG=AudioMix, TYPE=PARTIAL_WAKE_LOCK             , COUNT=0, PID=0, UID=1013, FLAGS=
V/DeadZone( 2957): consuming errant click: (520.59326,21.033752)
I/WAKELOCK_RELEASE( 2839): TIMESTAMP=2020727137028, TAG=AudioMix, TYPE=PARTIAL_WAKE_LOCK             , COUNT=0, PID=0, UID=1013, FLAGS=
I/WAKELOCK_ACQUIRE( 2839): TIMESTAMP=2024462100070, TAG=AudioMix, TYPE=PARTIAL_WAKE_LOCK             , COUNT=0, PID=0, UID=1013, FLAGS=
--------- beginning of main
D/RouteManager( 2549): audio-parameter-manager:     Applying configurations {
D/RouteManager( 2549): audio-parameter-manager:         Applying configuration "UnLocked" from domain "Routing.Sst.Enable.VoiceProcessingLock.Uplink"
D/RouteManager( 2549): audio-parameter-manager:         Applying configuration "UnLocked" from domain "Routing.Sst.Enable.VoiceProcessingLock.Downlink"
D/RouteManager( 2549): audio-parameter-manager:         Applying configuration "Enable" from domain "Routing.Enable.HWCodec.Playback.Headphones"
D/RouteManager( 2549): audio-parameter-manager:     } Applying configurations
D/RouteManager( 2549): audio-parameter-manager: } Configuration application request
D/TinyAlsaAudioDevice( 2549): open: card (cherrytrailaud, 0) 
D/TinyAlsaAudioDevice( 2549): 	 config (rate=48000 format=0 channels= 2).
D/TinyAlsaAudioDevice( 2549): 	 RingBuffer config: periodSize=1152 nbPeriod=4startTh=1151 stop Th=4608 silence Th=0
D/AudioConversion( 2549): configure: no convertion required
D/RouteManager( 2549): 		-executeUnmuteRoutingStage-
D/RouteManager( 2549): audio-parameter-manager: Selection criterion changed event: Criterion name: RoutageState, current state: Flow|Path|Configure
D/RouteManager( 2549): audio-parameter-manager: Configuration application request {
D/RouteManager( 2549): audio-parameter-manager:     Applying configurations {
D/RouteManager( 2549): audio-parameter-manager:         Applying configuration "Unmute" from domain "Routing.Mute.HWCodec.HWCodec.Playback.DAC1_VOL"
D/RouteManager( 2549): audio-parameter-manager:         Applying configuration "Unmute" from domain "Routing.Mute.HWCodec.HWCodec.Playback.Headphones"
D/RouteManager( 2549): audio-parameter-manager:         Applying configuration "Unmute" from domain "Routing.Sst.Mute.HwCodec.Playback.Internal"
D/RouteManager( 2549): audio-parameter-manager:         Applying configuration "Unmute" from domain "Routing.Sst.Mute.Media.Playback.Regular"
D/RouteManager( 2549): audio-parameter-manager:     } Applying configurations
D/RouteManager( 2549): audio-parameter-manager: } Configuration application request
D/RouteManager( 2549): doReconsiderRouting: DONE
E/TinyAlsaStream( 2549): getFramesAvailable: Unable to get available frames
E/TinyAlsaStream( 2549): getFramesAvailable: Unable to get available frames
E/TinyAlsaStream( 2549): getFramesAvailable: Unable to get available frames
D/EVENT_THREAD( 2549): void CEventThread::run() Do poll with timeout: -1
D/AudioIntelHal( 2549): stopStream: output stream.
D/AudioIntelHal/AudioPlatformState( 2549): route-parameter-manager: Selection criterion changed event: Criterion name: OutputFlags, current state: <none>
D/AudioIntelHal/AudioPlatformState( 2549): route-parameter-manager: Configuration application request {
D/AudioIntelHal/AudioPlatformState( 2549): route-parameter-manager:     Applying configurations {
D/AudioIntelHal/AudioPlatformState( 2549): route-parameter-manager:         Applying configuration "NotApplicable" from domain "StreamRoute.Media.Playback"
D/AudioIntelHal/AudioPlatformState( 2549): route-parameter-manager:         Applying configuration "No" from domain "Route.HwCodec1IA.Playback.Applicable"
D/AudioIntelHal/AudioPlatformState( 2549): route-parameter-manager:     } Applying configurations
D/AudioIntelHal/AudioPlatformState( 2549): route-parameter-manager: } Configuration application request
D/EVENT_THREAD( 2549): void CEventThread::trig(void*, uint32_t): in
D/EVENT_THREAD( 2549): void CEventThread::trig(void*, uint32_t): out
D/RouteManager( 2549): doReconsiderRouting: Route state:
D/RouteManager( 2549): 	-Previously Enabled Route in Input = <none>
D/RouteManager( 2549): 	-Previously Enabled Route in Output = Media|HwCodec1IA
D/RouteManager( 2549): 	-Selected Route in Input = <none>
D/RouteManager( 2549): 	-Selected Route in Output = <none>
D/RouteManager( 2549): 		-executeMuteRoutingStage-
D/RouteManager( 2549): audio-parameter-manager: Selection criterion changed event: Criterion name: RoutageState, current state: Flow
D/RouteManager( 2549): audio-parameter-manager: Selection criterion changed event: Criterion name: ClosingPlaybackRoutes, current state: Media|HwCodec1IA
D/RouteManager( 2549): audio-parameter-manager: Selection criterion changed event: Criterion name: OpenedPlaybackRoutes, current state: <none>
D/RouteManager( 2549): audio-parameter-manager: Configuration application request {
D/RouteManager( 2549): audio-parameter-manager:     Applying configurations {
D/RouteManager( 2549): audio-parameter-manager:         Applying configuration "Mute" from domain "Routing.Mute.HWCodec.HWCodec.Playback.DAC1_VOL"
D/RouteManager( 2549): audio-parameter-manager:         Applying configuration "Mute" from domain "Routing.Mute.HWCodec.HWCodec.Playback.Headphones"
D/RouteManager( 2549): audio-parameter-manager:         Applying configuration "Mute" from domain "Routing.Sst.Mute.HwCodec.Playback.Internal"
D/RouteManager( 2549): audio-parameter-manager:         Applying configuration "Mute" from domain "Routing.Sst.Mute.Media.Playback.Regular"
D/RouteManager( 2549): audio-parameter-manager:     } Applying configurations
D/RouteManager( 2549): audio-parameter-manager: } Configuration application request
D/RouteManager( 2549): 		-executeDisableRoutingStage-
D/RouteManager( 2549): audio-parameter-manager: Selection criterion changed event: Criterion name: RoutageState, current state: Path
D/TinyAlsaAudioDevice( 2549): close
D/RouteManager( 2549): audio-parameter-manager: Configuration application request {
D/RouteManager( 2549): audio-parameter-manager:     Applying configurations {
D/RouteManager( 2549): audio-parameter-manager:         Applying configuration "Locked" from domain "Routing.Sst.Enable.VoiceProcessingLock.Uplink"
D/RouteManager( 2549): audio-parameter-manager:         Applying configuration "Locked" from domain "Routing.Sst.Enable.VoiceProcessingLock.Downlink"
D/RouteManager( 2549): audio-parameter-manager:         Applying configuration "Disable" from domain "Routing.Enable.HWCodec.Playback.Headphones"
D/RouteManager( 2549): audio-parameter-manager:     } Applying configurations
D/RouteManager( 2549): audio-parameter-manager: } Configuration application request
D/RouteManager( 2549): 		-executeConfigureRoutingStage-
D/RouteManager( 2549): audio-parameter-manager: Selection criterion changed event: Criterion name: RoutageState, current state: Configure
D/RouteManager( 2549): audio-parameter-manager: Selection criterion changed event: Criterion name: ClosingPlaybackRoutes, current state: <none>
D/RouteManager( 2549): audio-parameter-manager: Configuration application request {
D/RouteManager( 2549): audio-parameter-manager:     Applying configurations {
D/RouteManager( 2549): audio-parameter-manager:         Applying configuration "Disable" from domain "Routing.Configure.HWCodec.Playback.Headphones"
D/RouteManager( 2549): audio-parameter-manager:         Applying configuration "Disable" from domain "Routing.Configure.HWCodec.Playback.DAC1"
D/RouteManager( 2549): audio-parameter-manager:         Applying configuration "Unbind" from domain "Routing.Sst.Configure.Playback.Media.ToEarpieceOrHeadset"
D/RouteManager( 2549): audio-parameter-manager:     } Applying configurations
D/RouteManager( 2549): audio-parameter-manager: } Configuration application request
D/RouteManager( 2549): 		-executeEnableRoutingStage-
D/RouteManager( 2549): audio-parameter-manager: Selection criterion changed event: Criterion name: RoutageState, current state: Path|Configure
D/RouteManager( 2549): audio-parameter-manager: Configuration application request {
D/RouteManager( 2549): audio-parameter-manager:     Applying configurations {
D/RouteManager( 2549): audio-parameter-manager:         Applying configuration "UnLocked" from domain "Routing.Sst.Enable.VoiceProcessingLock.Uplink"
D/RouteManager( 2549): audio-parameter-manager:         Applying configuration "UnLocked" from domain "Routing.Sst.Enable.VoiceProcessingLock.Downlink"
D/RouteManager( 2549): audio-parameter-manager:     } Applying configurations
D/RouteManager( 2549): audio-parameter-manager: } Configuration application request
D/RouteManager( 2549): 		-executeUnmuteRoutingStage-
D/RouteManager( 2549): audio-parameter-manager: Selection criterion changed event: Criterion name: RoutageState, current state: Flow|Path|Configure
D/RouteManager( 2549): audio-parameter-manager: Configuration application request {
D/RouteManager( 2549): audio-parameter-manager:     Applying configurations {
D/RouteManager( 2549): audio-parameter-manager:     } Applying configurations
D/RouteManager( 2549): audio-parameter-manager: } Configuration application request
D/RouteManager( 2549): doReconsiderRouting: DONE
D/EVENT_THREAD( 2549): void CEventThread::run() Do poll with timeout: -1
I/WAKELOCK_RELEASE( 2839): TIMESTAMP=2027831096997, TAG=AudioMix, TYPE=PARTIAL_WAKE_LOCK             , COUNT=0, PID=0, UID=1013, FLAGS=
E/WifiStateMachine( 2839): WifiStateMachine CMD_START_SCAN source -2 txSuccessRate=0.00 rxSuccessRate=33.57 targetRoamBSSID=f0:9c:e9:1a:75:95 RSSI=-35
E/WifiStateMachine( 2839): WifiStateMachine starting scan for "OTA"WPA_PSK with 2412,2437
I/WAKELOCK_ACQUIRE( 2839): TIMESTAMP=2040137332797, TAG=*alarm*, TYPE=PARTIAL_WAKE_LOCK             , COUNT=0, PID=2839, UID=1000, FLAGS=
I/WAKELOCK_RELEASE( 2839): TIMESTAMP=2040175867418, TAG=*alarm*, TYPE=PARTIAL_WAKE_LOCK             , COUNT=0, PID=2839, UID=1000, FLAGS=
E/WifiStateMachine( 2839): WifiStateMachine CMD_START_SCAN source -2 txSuccessRate=0.00 rxSuccessRate=16.18 targetRoamBSSID=f0:9c:e9:1a:75:95 RSSI=-35
E/WifiStateMachine( 2839): WifiStateMachine starting scan for "OTA"WPA_PSK with 2412,2437
E/WifiStateMachine( 2839): WifiStateMachine CMD_START_SCAN source -2 txSuccessRate=0.00 rxSuccessRate=26.10 targetRoamBSSID=f0:9c:e9:1a:75:95 RSSI=-35
E/WifiStateMachine( 2839): WifiStateMachine starting scan for "OTA"WPA_PSK with 2412,2437
E/WifiStateMachine( 2839): WifiStateMachine CMD_START_SCAN source -2 txSuccessRate=0.00 rxSuccessRate=4.24 targetRoamBSSID=f0:9c:e9:1a:75:95 RSSI=-35
E/WifiStateMachine( 2839): WifiStateMachine starting scan for "OTA"WPA_PSK with 2412,2437
I/WAKELOCK_ACQUIRE( 2839): TIMESTAMP=2100137379935, TAG=*alarm*, TYPE=PARTIAL_WAKE_LOCK             , COUNT=0, PID=2839, UID=1000, FLAGS=
I/WAKELOCK_RELEASE( 2839): TIMESTAMP=2100184854448, TAG=*alarm*, TYPE=PARTIAL_WAKE_LOCK             , COUNT=0, PID=2839, UID=1000, FLAGS=
E/WifiStateMachine( 2839): WifiStateMachine CMD_START_SCAN source -2 txSuccessRate=0.00 rxSuccessRate=5.58 targetRoamBSSID=f0:9c:e9:1a:75:95 RSSI=-35
E/WifiStateMachine( 2839): WifiStateMachine starting scan for "OTA"WPA_PSK with 2412,2437
V/AlarmManager( 2839): triggered: act=com.android.server.task.controllers.BatteryController.ACTION_CHARGING_STABLE Pkg: android
I/WAKELOCK_ACQUIRE( 2839): TIMESTAMP=2128472516838, TAG=*alarm*, TYPE=PARTIAL_WAKE_LOCK             , COUNT=0, PID=2839, UID=1000, FLAGS=
I/WAKELOCK_RELEASE( 2839): TIMESTAMP=2128475096384, TAG=*alarm*, TYPE=PARTIAL_WAKE_LOCK             , COUNT=0, PID=2839, UID=1000, FLAGS=
E/WifiStateMachine( 2839): WifiStateMachine CMD_START_SCAN source -2 txSuccessRate=0.00 rxSuccessRate=7.71 targetRoamBSSID=f0:9c:e9:1a:75:95 RSSI=-35
E/WifiStateMachine( 2839): WifiStateMachine starting scan for "OTA"WPA_PSK with 2412,2437
E/WifiStateMachine( 2839): WifiStateMachine CMD_START_SCAN source -2 txSuccessRate=0.00 rxSuccessRate=4.81 targetRoamBSSID=f0:9c:e9:1a:75:95 RSSI=-35
E/WifiStateMachine( 2839): WifiStateMachine starting scan for "OTA"WPA_PSK with 2412,2437
I/WAKELOCK_ACQUIRE( 2839): TIMESTAMP=2160135949762, TAG=*alarm*, TYPE=PARTIAL_WAKE_LOCK             , COUNT=0, PID=2839, UID=1000, FLAGS=
I/WAKELOCK_RELEASE( 2839): TIMESTAMP=2160169519121, TAG=*alarm*, TYPE=PARTIAL_WAKE_LOCK             , COUNT=0, PID=2839, UID=1000, FLAGS=
E/WifiStateMachine( 2839): WifiStateMachine CMD_START_SCAN source -2 txSuccessRate=0.00 rxSuccessRate=11.98 targetRoamBSSID=f0:9c:e9:1a:75:95 RSSI=-35
E/WifiStateMachine( 2839): WifiStateMachine CMD_START_SCAN source -2 txSuccessRate=0.00 rxSuccessRate=15.57 targetRoamBSSID=f0:9c:e9:1a:75:95 RSSI=-35
E/WifiStateMachine( 2839): WifiStateMachine starting scan for "OTA"WPA_PSK with 2412,2437
E/WifiStateMachine( 2839): WifiStateMachine CMD_START_SCAN source -2 txSuccessRate=0.00 rxSuccessRate=7.92 targetRoamBSSID=f0:9c:e9:1a:75:95 RSSI=-35
E/WifiStateMachine( 2839): WifiStateMachine starting scan for "OTA"WPA_PSK with 2412,2437
I/WAKELOCK_ACQUIRE( 2839): TIMESTAMP=2220137225041, TAG=*alarm*, TYPE=PARTIAL_WAKE_LOCK             , COUNT=0, PID=2839, UID=1000, FLAGS=
I/WAKELOCK_RELEASE( 2839): TIMESTAMP=2220193943293, TAG=*alarm*, TYPE=PARTIAL_WAKE_LOCK             , COUNT=0, PID=2839, UID=1000, FLAGS=
E/WifiStateMachine( 2839): WifiStateMachine CMD_START_SCAN source -2 txSuccessRate=0.00 rxSuccessRate=15.98 targetRoamBSSID=f0:9c:e9:1a:75:95 RSSI=-35
E/WifiStateMachine( 2839): WifiStateMachine starting scan for "OTA"WPA_PSK with 2412,2437
E/WifiStateMachine( 2839): WifiStateMachine CMD_START_SCAN source -2 txSuccessRate=0.00 rxSuccessRate=5.30 targetRoamBSSID=f0:9c:e9:1a:75:95 RSSI=-35
E/WifiStateMachine( 2839): WifiStateMachine starting scan for "OTA"WPA_PSK with 2412,2437
I/ActivityManager( 2839): START u0 {act=android.intent.action.MAIN cat=[android.intent.category.LAUNCHER] flg=0x10200000 cmp=com.wistron.generic.pqaa/.TestItemsList (has extras)} from uid 10006 on display 0
V/WindowManager( 2839): addAppToken: AppWindowToken{c275126 token=Token{17ee8c81 ActivityRecord{1fc88068 u0 com.wistron.generic.pqaa/.TestItemsList t34}}} to stack=1 task=34 at 0
I/WAKELOCK_ACQUIRE( 2839): TIMESTAMP=2264071582787, TAG=ActivityManager-Launch, TYPE=PARTIAL_WAKE_LOCK             , COUNT=0, PID=2839, UID=1000, FLAGS=
V/WindowManager( 2839): Adding window Window{cc19d03 u0 Starting com.wistron.generic.pqaa} at 2 of 7 (after Window{64487b3 u0 com.android.launcher/com.android.launcher2.Launcher})
W/AudioPort( 2549): release: Port UNUSED 2
W/AudioPort( 2549): release: Port UNUSED 34
D/AudioIntelHal/AudioPlatformState( 2549): setParameters: key value pair android_mode=0;output_devices=4
I/WAKELOCK_ACQUIRE( 2839): TIMESTAMP=2264075748211, TAG=AudioMix, TYPE=PARTIAL_WAKE_LOCK             , COUNT=0, PID=0, UID=1013, FLAGS=
D/PROPERTY( 2549): get media.dump_output.befconv: 0
D/PROPERTY( 2549): get media.dump_output.aftconv: 0
D/AudioIntelHal( 2549): startStream: output stream.
D/AudioIntelHal/AudioPlatformState( 2549): route-parameter-manager: Selection criterion changed event: Criterion name: OutputFlags, current state: Primary
D/AudioIntelHal/AudioPlatformState( 2549): route-parameter-manager: Configuration application request {
D/AudioIntelHal/AudioPlatformState( 2549): route-parameter-manager:     Applying configurations {
D/AudioIntelHal/AudioPlatformState( 2549): route-parameter-manager:         Applying configuration "Applicable" from domain "StreamRoute.Media.Playback"
D/AudioIntelHal/AudioPlatformState( 2549): route-parameter-manager:         Applying configuration "Yes" from domain "Route.HwCodec1IA.Playback.Applicable"
D/AudioIntelHal/AudioPlatformState( 2549): route-parameter-manager:     } Applying configurations
D/AudioIntelHal/AudioPlatformState( 2549): route-parameter-manager: } Configuration application request
D/EVENT_THREAD( 2549): void CEventThread::trig(void*, uint32_t): in
D/EVENT_THREAD( 2549): void CEventThread::trig(void*, uint32_t): out
D/RouteManager( 2549): doReconsiderRouting: Route state:
D/RouteManager( 2549): 	-Previously Enabled Route in Input = <none>
D/RouteManager( 2549): 	-Previously Enabled Route in Output = <none>
D/RouteManager( 2549): 	-Selected Route in Input = <none>
D/RouteManager( 2549): 	-Selected Route in Output = Media|HwCodec1IA
D/RouteManager( 2549): 		-executeMuteRoutingStage-
D/RouteManager( 2549): audio-parameter-manager: Selection criterion changed event: Criterion name: RoutageState, current state: Flow
D/RouteManager( 2549): audio-parameter-manager: Configuration application request {
D/RouteManager( 2549): audio-parameter-manager:     Applying configurations {
D/RouteManager( 2549): audio-parameter-manager:     } Applying configurations
D/RouteManager( 2549): audio-parameter-manager: } Configuration application request
D/RouteManager( 2549): 		-executeDisableRoutingStage-
D/RouteManager( 2549): audio-parameter-manager: Selection criterion changed event: Criterion name: RoutageState, current state: Path
D/RouteManager( 2549): audio-parameter-manager: Configuration application request {
D/RouteManager( 2549): audio-parameter-manager:     Applying configurations {
D/RouteManager( 2549): audio-parameter-manager:         Applying configuration "Locked" from domain "Routing.Sst.Enable.VoiceProcessingLock.Uplink"
D/RouteManager( 2549): audio-parameter-manager:         Applying configuration "Locked" from domain "Routing.Sst.Enable.VoiceProcessingLock.Downlink"
D/RouteManager( 2549): audio-parameter-manager:     } Applying configurations
D/RouteManager( 2549): audio-parameter-manager: } Configuration application request
D/RouteManager( 2549): 		-executeConfigureRoutingStage-
D/RouteManager( 2549): audio-parameter-manager: Selection criterion changed event: Criterion name: RoutageState, current state: Configure
D/RouteManager( 2549): audio-parameter-manager: Selection criterion changed event: Criterion name: OpenedPlaybackRoutes, current state: Media|HwCodec1IA
D/RouteManager( 2549): audio-parameter-manager: Configuration application request {
D/RouteManager( 2549): audio-parameter-manager:     Applying configurations {
D/RouteManager( 2549): audio-parameter-manager:         Applying configuration "Enable" from domain "Routing.Configure.HWCodec.Playback.Headphones"
D/RouteManager( 2549): audio-parameter-manager:         Applying configuration "Playback" from domain "Routing.Configure.HWCodec.Playback.DAC1"
D/RouteManager( 2549): audio-parameter-manager:         Applying configuration "Bind" from domain "Routing.Sst.Configure.Playback.Media.ToEarpieceOrHeadset"
D/RouteManager( 2549): audio-parameter-manager:     } Applying configurations
D/RouteManager( 2549): audio-parameter-manager: } Configuration application request
D/RouteManager( 2549): 		-executeEnableRoutingStage-
D/RouteManager( 2549): audio-parameter-manager: Selection criterion changed event: Criterion name: RoutageState, current state: Path|Configure
D/RouteManager( 2549): audio-parameter-manager: Configuration application request {
D/RouteManager( 2549): audio-parameter-manager:     Applying configurations {
D/RouteManager( 2549): audio-parameter-manager:         Applying configuration "UnLocked" from domain "Routing.Sst.Enable.VoiceProcessingLock.Uplink"
D/RouteManager( 2549): audio-parameter-manager:         Applying configuration "UnLocked" from domain "Routing.Sst.Enable.VoiceProcessingLock.Downlink"
D/RouteManager( 2549): audio-parameter-manager:         Applying configuration "Enable" from domain "Routing.Enable.HWCodec.Playback.Headphones"
D/RouteManager( 2549): audio-parameter-manager:     } Applying configurations
D/RouteManager( 2549): audio-parameter-manager: } Configuration application request
D/TinyAlsaAudioDevice( 2549): open: card (cherrytrailaud, 0) 
D/TinyAlsaAudioDevice( 2549): 	 config (rate=48000 format=0 channels= 2).
D/TinyAlsaAudioDevice( 2549): 	 RingBuffer config: periodSize=1152 nbPeriod=4startTh=1151 stop Th=4608 silence Th=0
W/art     ( 2562): PreZygoteFork called when we already have a zygote space.
E/art     ( 4044): setrlimit(RLIMIT_CORE) failed for pid 4044: Operation not permitted
I/ActivityManager( 2839): Start proc 4044:com.wistron.generic.pqaa/u0a49 for activity com.wistron.generic.pqaa/.TestItemsList
V/WindowManager( 2839): rotationForOrientationLw(orient=1, last=0); user=0 USER_ROTATION_LOCKED
I/WAKELOCK_ACQUIRE( 2839): TIMESTAMP=2264144329788, TAG=SCREEN_FROZEN, TYPE=PARTIAL_WAKE_LOCK             , COUNT=0, PID=2839, UID=1000, FLAGS=
V/ActivityManager( 2839): Display changed displayId=0
D/SurfaceFlinger( 2309): ORT: DPS allow this projection change
D/SurfaceFlinger( 2309): handleDisplayScaling
I/ActivityManager( 2839): Config changes=480 {1.0 ?mcc?mnc en_US ?layoutDir sw800dp w800dp h1207dp 160dpi xlrg port finger -keyb/v/h -nav/h s.13}
I/InputReader( 2839): Reconfiguring input devices.  changes=0x00000004
I/InputReader( 2839): Device reconfigured: id=4, name='focal-touchscreen', size 1280x800, orientation 3, mode 1, display id 0
I/Tethering( 2839): Found payment device
D/ufoEGL  ( 3189): Surface destroy: ANDROID_NATIVE_WINDOW_MAGIC
W/System.err( 4044): java.io.FileNotFoundException: /mnt/sdcard/Android/data/com.wistron.generic.pqaa/files/pqaa_config/start.cfg: open failed: ENOENT (No such file or directory)
W/System.err( 4044): 	at libcore.io.IoBridge.open(IoBridge.java:456)
W/System.err( 4044): 	at java.io.FileInputStream.<init>(FileInputStream.java:76)
W/System.err( 4044): 	at java.io.FileInputStream.<init>(FileInputStream.java:103)
W/System.err( 4044): 	at java.io.FileReader.<init>(FileReader.java:66)
W/System.err( 4044): 	at com.wistron.pqaa_common.jar.global.WisToolKit.getSingleParameters(WisToolKit.java:257)
W/System.err( 4044): 	at com.wistron.generic.pqaa.TestItemsList.getSettingParameter(TestItemsList.java:313)
W/System.err( 4044): 	at com.wistron.generic.pqaa.TestItemsList.onCreate(TestItemsList.java:161)
W/System.err( 4044): 	at android.app.Activity.performCreate(Activity.java:5990)
W/System.err( 4044): 	at android.app.Instrumentation.callActivityOnCreate(Instrumentation.java:1106)
W/System.err( 4044): 	at android.app.ActivityThread.performLaunchActivity(ActivityThread.java:2279)
W/System.err( 4044): 	at android.app.ActivityThread.handleLaunchActivity(ActivityThread.java:2388)
W/System.err( 4044): 	at android.app.ActivityThread.access$800(ActivityThread.java:152)
W/System.err( 4044): 	at android.app.ActivityThread$H.handleMessage(ActivityThread.java:1304)
W/System.err( 4044): 	at android.os.Handler.dispatchMessage(Handler.java:102)
W/System.err( 4044): 	at android.os.Looper.loop(Looper.java:135)
W/System.err( 4044): 	at android.app.ActivityThread.main(ActivityThread.java:5261)
W/System.err( 4044): 	at java.lang.reflect.Method.invoke(Native Method)
W/System.err( 4044): 	at java.lang.reflect.Method.invoke(Method.java:372)
W/System.err( 4044): 	at com.android.internal.os.ZygoteInit$MethodAndArgsCaller.run(ZygoteInit.java:903)
W/System.err( 4044): 	at com.android.internal.os.ZygoteInit.main(ZygoteInit.java:698)
W/System.err( 4044): Caused by: android.system.ErrnoException: open failed: ENOENT (No such file or directory)
W/System.err( 4044): 	at libcore.io.Posix.open(Native Method)
W/System.err( 4044): 	at libcore.io.BlockGuardOs.open(BlockGuardOs.java:186)
W/System.err( 4044): 	at libcore.io.IoBridge.open(IoBridge.java:442)
W/System.err( 4044): 	... 19 more
D/AudioConversion( 2549): configure: no convertion required
D/RouteManager( 2549): 		-executeUnmuteRoutingStage-
D/RouteManager( 2549): audio-parameter-manager: Selection criterion changed event: Criterion name: RoutageState, current state: Flow|Path|Configure
D/RouteManager( 2549): audio-parameter-manager: Configuration application request {
D/RouteManager( 2549): audio-parameter-manager:     Applying configurations {
D/RouteManager( 2549): audio-parameter-manager:         Applying configuration "Unmute" from domain "Routing.Mute.HWCodec.HWCodec.Playback.DAC1_VOL"
D/RouteManager( 2549): audio-parameter-manager:         Applying configuration "Unmute" from domain "Routing.Mute.HWCodec.HWCodec.Playback.Headphones"
D/RouteManager( 2549): audio-parameter-manager:         Applying configuration "Unmute" from domain "Routing.Sst.Mute.HwCodec.Playback.Internal"
D/RouteManager( 2549): audio-parameter-manager:         Applying configuration "Unmute" from domain "Routing.Sst.Mute.Media.Playback.Regular"
D/ufoEGL  ( 2957): droid_create_context : config id = 4 conf->NativeVisualID=2
D/RouteManager( 2549): audio-parameter-manager:     } Applying configurations
I/ufoEGL  ( 2957): Requested context : GLES 2.0
D/RouteManager( 2549): audio-parameter-manager: } Configuration application request
D/ufoEGL  ( 2957): Pixel Format : GGL_PIXEL_FORMAT_RGBX_8888
D/RouteManager( 2549): doReconsiderRouting: DONE
D/EVENT_THREAD( 2549): void CEventThread::run() Do poll with timeout: -1
E/TinyAlsaStream( 2549): getFramesAvailable: Unable to get available frames
E/TinyAlsaStream( 2549): getFramesAvailable: Unable to get available frames
E/TinyAlsaStream( 2549): getFramesAvailable: Unable to get available frames
D/ufoEGL  ( 2957): Pixel Format : GGL_PIXEL_FORMAT_RGBX_8888
D/ufoEGL  ( 2957): Pixel Format : GGL_PIXEL_FORMAT_RGBX_8888
D/OpenGLRenderer( 4044): Use EGL_SWAP_BEHAVIOR_PRESERVED: true
I/ufoGralloc( 4044): Hello, this is UFO GRALLOC/Intel Corporation
D/Atlas   ( 4044): Validating map...
V/WindowManager( 2839): Adding window Window{16fc6d0a u0 com.wistron.generic.pqaa/com.wistron.generic.pqaa.TestItemsList} at 2 of 9 (before Window{cc19d03 u0 Starting com.wistron.generic.pqaa})
V/WindowManager( 2839): Adding window Window{f50d398 u0 com.wistron.generic.pqaa/com.wistron.generic.pqaa.TestItemsList} at 2 of 10 (before Window{16fc6d0a u0 com.wistron.generic.pqaa/com.wistron.generic.pqaa.TestItemsList})
I/System.out( 4044): **************--->***26
D/ufoEGL  ( 2957): Surface destroy: ANDROID_NATIVE_WINDOW_MAGIC
D/ufoEGL  ( 4044): ENV OGL (32bit) enabled for all processes, use "setptop persist.intel.ogl.procname" to limit it to a single process
I/OpenGLRenderer( 4044): Initialized EGL, version 1.4
W/OpenGLRenderer( 4044): Failed to choose config with EGL_SWAP_BEHAVIOR_PRESERVED, retrying without...
D/ufoEGL  ( 4044): droid_create_context : config id = 9 conf->NativeVisualID=1
I/ufoEGL  ( 4044): Requested context : GLES 2.0
D/ufoEGL  ( 4044): Pixel Format : GGL_PIXEL_FORMAT_RGBA_8888
D/ufoEGL  ( 2957): Surface destroy: ANDROID_NATIVE_WINDOW_MAGIC
D/ufoEGL  ( 2957): Pixel Format : GGL_PIXEL_FORMAT_RGBA_8888
D/ufoEGL  ( 4044): Pixel Format : GGL_PIXEL_FORMAT_RGBA_8888
D/OpenGLRenderer( 4044): Enabling debug mode 0
D/skuwa   ( 4044): Detected device 22B0:54 family 17:11
D/ufoEGL  ( 4044): Pixel Format : GGL_PIXEL_FORMAT_RGBA_8888
D/ufoEGL  ( 2957): Surface destroy: ANDROID_NATIVE_WINDOW_MAGIC
D/ufoEGL  ( 2957): Pixel Format : GGL_PIXEL_FORMAT_RGBA_8888
I/WAKELOCK_ACQUIRE( 2839): TIMESTAMP=2264384224811, TAG=WindowManager, TYPE=SCREEN_BRIGHT_WAKE_LOCK       , COUNT=0, PID=2839, UID=1000, FLAGS= ON_AFTER_RELEASE
D/ufoEGL  ( 4044): Pixel Format : GGL_PIXEL_FORMAT_RGBA_8888
D/ufoEGL  ( 4044): Surface destroy: ANDROID_NATIVE_WINDOW_MAGIC
D/ufoEGL  ( 2957): droid_create_context : config id = 4 conf->NativeVisualID=2
I/ufoEGL  ( 2957): Requested context : GLES 2.0
D/ufoEGL  ( 2957): Pixel Format : GGL_PIXEL_FORMAT_RGBX_8888
D/ufoEGL  ( 2957): Pixel Format : GGL_PIXEL_FORMAT_RGBX_8888
D/ufoEGL  ( 2957): Pixel Format : GGL_PIXEL_FORMAT_RGBX_8888
D/ufoEGL  ( 2957): Surface destroy: ANDROID_NATIVE_WINDOW_MAGIC
V/WindowManager( 2839): Layouts looping: On entry to LockedInner, mPendingLayoutChanges = 0x1
V/WindowManager( 2839): Layouts looping: loop number 4, mPendingLayoutChanges = 0x0
V/WindowManager( 2839): Layouts looping: after finishPostLayoutPolicyLw, mPendingLayoutChanges = 0x0
V/WindowManager( 2839): Layouts looping: mLayoutNeeded, mPendingLayoutChanges = 0x1
V/WindowManager( 2839): Layouts looping: On entry to LockedInner, mPendingLayoutChanges = 0x1
V/WindowManager( 2839): Layouts looping: loop number 5, mPendingLayoutChanges = 0x0
V/WindowManager( 2839): Layouts looping: after finishPostLayoutPolicyLw, mPendingLayoutChanges = 0x0
V/WindowManager( 2839): Layouts looping: mLayoutNeeded, mPendingLayoutChanges = 0x1
E/WindowManager( 2839): Performed 6 layouts in a row. Skipping
W/IInputConnectionWrapper( 3189): showStatusIcon on inactive InputConnection
I/ActivityManager( 2839): Displayed com.wistron.generic.pqaa/.TestItemsList: +475ms
I/WAKELOCK_RELEASE( 2839): TIMESTAMP=2264605371009, TAG=ActivityManager-Launch, TYPE=PARTIAL_WAKE_LOCK             , COUNT=0, PID=2839, UID=1000, FLAGS=
I/WindowManager( 2839): Screen frozen for +471ms due to Window{cc19d03 u0 Starting com.wistron.generic.pqaa}
I/WAKELOCK_RELEASE( 2839): TIMESTAMP=2264621911912, TAG=SCREEN_FROZEN, TYPE=PARTIAL_WAKE_LOCK             , COUNT=0, PID=2839, UID=1000, FLAGS=
V/WindowManager( 2839): rotationForOrientationLw(orient=1, last=3); user=0 USER_ROTATION_LOCKED
I/art     ( 2839): Explicit concurrent mark sweep GC freed 54227(2MB) AllocSpace objects, 0(0B) LOS objects, 33% free, 9MB/13MB, paused 746us total 46.779ms
D/AudioIntelHal( 2549): stopStream: output stream.
D/AudioIntelHal/AudioPlatformState( 2549): route-parameter-manager: Selection criterion changed event: Criterion name: OutputFlags, current state: <none>
D/AudioIntelHal/AudioPlatformState( 2549): route-parameter-manager: Configuration application request {
D/AudioIntelHal/AudioPlatformState( 2549): route-parameter-manager:     Applying configurations {
D/AudioIntelHal/AudioPlatformState( 2549): route-parameter-manager:         Applying configuration "NotApplicable" from domain "StreamRoute.Media.Playback"
D/AudioIntelHal/AudioPlatformState( 2549): route-parameter-manager:         Applying configuration "No" from domain "Route.HwCodec1IA.Playback.Applicable"
D/AudioIntelHal/AudioPlatformState( 2549): route-parameter-manager:     } Applying configurations
D/AudioIntelHal/AudioPlatformState( 2549): route-parameter-manager: } Configuration application request
D/EVENT_THREAD( 2549): void CEventThread::trig(void*, uint32_t): in
D/EVENT_THREAD( 2549): void CEventThread::trig(void*, uint32_t): out
D/RouteManager( 2549): doReconsiderRouting: Route state:
D/RouteManager( 2549): 	-Previously Enabled Route in Input = <none>
D/RouteManager( 2549): 	-Previously Enabled Route in Output = Media|HwCodec1IA
D/RouteManager( 2549): 	-Selected Route in Input = <none>
D/RouteManager( 2549): 	-Selected Route in Output = <none>
D/RouteManager( 2549): 		-executeMuteRoutingStage-
D/RouteManager( 2549): audio-parameter-manager: Selection criterion changed event: Criterion name: RoutageState, current state: Flow
D/RouteManager( 2549): audio-parameter-manager: Selection criterion changed event: Criterion name: ClosingPlaybackRoutes, current state: Media|HwCodec1IA
D/RouteManager( 2549): audio-parameter-manager: Selection criterion changed event: Criterion name: OpenedPlaybackRoutes, current state: <none>
D/RouteManager( 2549): audio-parameter-manager: Configuration application request {
D/RouteManager( 2549): audio-parameter-manager:     Applying configurations {
D/RouteManager( 2549): audio-parameter-manager:         Applying configuration "Mute" from domain "Routing.Mute.HWCodec.HWCodec.Playback.DAC1_VOL"
D/RouteManager( 2549): audio-parameter-manager:         Applying configuration "Mute" from domain "Routing.Mute.HWCodec.HWCodec.Playback.Headphones"
D/RouteManager( 2549): audio-parameter-manager:         Applying configuration "Mute" from domain "Routing.Sst.Mute.HwCodec.Playback.Internal"
D/RouteManager( 2549): audio-parameter-manager:         Applying configuration "Mute" from domain "Routing.Sst.Mute.Media.Playback.Regular"
D/RouteManager( 2549): audio-parameter-manager:     } Applying configurations
D/RouteManager( 2549): audio-parameter-manager: } Configuration application request
D/RouteManager( 2549): 		-executeDisableRoutingStage-
D/RouteManager( 2549): audio-parameter-manager: Selection criterion changed event: Criterion name: RoutageState, current state: Path
