E/Camera_V4L2DevBase( 2549): Failed to set value 0 for control Auto Focus (10094860) on device '/dev/video0', Invalid argument
E/Camera_V4L2DevBase( 2549): Failed to set value 1 for control Auto Focus (10094860) on device '/dev/video0', Invalid argument
D/PROPERTY( 2549): get media.dump_output.befconv: 0
D/PROPERTY( 2549): get media.dump_output.aftconv: 0
D/AudioIntelHal( 2549): startStream: output stream.
D/AudioIntelHal/AudioPlatformState( 2549): route-parameter-manager: Selection criterion changed event: Criterion name: OutputFlags, current state: Primary
D/AudioIntelHal/AudioPlatformState( 2549): route-parameter-manager: Configuration application request {
D/AudioIntelHal/AudioPlatformState( 2549): route-parameter-manager:     Applying configurations {
D/AudioIntelHal/AudioPlatformState( 2549): route-parameter-manager:         Applying configuration "Applicable" from domain "StreamRoute.Media.Playback"
D/AudioIntelHal/AudioPlatformState( 2549): route-parameter-manager:         Applying configuration "Yes" from domain "Route.HwCodec0IA.Playback.Applicable"
D/AudioIntelHal/AudioPlatformState( 2549): route-parameter-manager:     } Applying configurations
D/AudioIntelHal/AudioPlatformState( 2549): route-parameter-manager: } Configuration application request
D/EVENT_THREAD( 2549): void CEventThread::trig(void*, uint32_t): in
D/EVENT_THREAD( 2549): void CEventThread::trig(void*, uint32_t): out
D/RouteManager( 2549): doReconsiderRouting: Route state:
D/RouteManager( 2549): 	-Previously Enabled Route in Input = <none>
D/RouteManager( 2549): 	-Previously Enabled Route in Output = <none>
D/RouteManager( 2549): 	-Selected Route in Input = <none>
D/RouteManager( 2549): 	-Selected Route in Output = Media|HwCodec0IA
D/RouteManager( 2549): 		-executeMuteRoutingStage-
D/RouteManager( 2549): audio-parameter-manager: Selection criterion changed event: Criterion name: RoutageState, current state: Flow
D/RouteManager( 2549): audio-parameter-manager: Configuration application request {
D/RouteManager( 2549): audio-parameter-manager:     Applying configurations {
D/RouteManager( 2549): audio-parameter-manager:     } Applying configurations
D/RouteManager( 2549): audio-parameter-manager: } Configuration application request
D/RouteManager( 2549): 		-executeDisableRoutingStage-
D/RouteManager( 2549): audio-parameter-manager: Selection criterion changed event: Criterion name: RoutageState, current state: Path
D/RouteManager( 2549): audio-parameter-manager: Configuration application request {
D/RouteManager( 2549): audio-parameter-manager:     Applying configurations {
D/RouteManager( 2549): audio-parameter-manager:         Applying configuration "Locked" from domain "Routing.Sst.Enable.VoiceProcessingLock.Uplink"
D/RouteManager( 2549): audio-parameter-manager:         Applying configuration "Locked" from domain "Routing.Sst.Enable.VoiceProcessingLock.Downlink"
D/RouteManager( 2549): audio-parameter-manager:     } Applying configurations
D/RouteManager( 2549): audio-parameter-manager: } Configuration application request
D/RouteManager( 2549): 		-executeConfigureRoutingStage-
D/RouteManager( 2549): audio-parameter-manager: Selection criterion changed event: Criterion name: RoutageState, current state: Configure
D/RouteManager( 2549): audio-parameter-manager: Selection criterion changed event: Criterion name: OpenedPlaybackRoutes, current state: Media|HwCodec0IA
D/RouteManager( 2549): audio-parameter-manager: Configuration application request {
D/RouteManager( 2549): audio-parameter-manager:     Applying configurations {
D/RouteManager( 2549): audio-parameter-manager:         Applying configuration "Enable" from domain "Routing.Configure.HWCodec.Playback.Ihf"
D/RouteManager( 2549): audio-parameter-manager:         Applying configuration "Playback" from domain "Routing.Configure.HWCodec.Playback.DAC1"
D/RouteManager( 2549): audio-parameter-manager:         Applying configuration "Bind" from domain "Routing.Sst.Configure.Playback.SpeakerEqToSprot"
D/RouteManager( 2549): audio-parameter-manager:         Applying configuration "Bind" from domain "Routing.Sst.Configure.Playback.Media.ToSpeakerEq"
D/RouteManager( 2549): audio-parameter-manager:         Applying configuration "Bind" from domain "Routing.Sst.Configure.Playback.HwCodec.SprotToSpeaker"
D/RouteManager( 2549): audio-parameter-manager:         Applying configuration "VadMixerInputsAndHfRef.Media.Aec.TxSpeechLine.Bind" from domain "Routing.Sst.Configure.AlwaysListening.VTSV"
I/WAKELOCK_ACQUIRE( 2839): TIMESTAMP=8603048153555, TAG=AudioMix, TYPE=PARTIAL_WAKE_LOCK             , COUNT=0, PID=0, UID=1013, FLAGS=
D/RouteManager( 2549): audio-parameter-manager:     } Applying configurations
D/RouteManager( 2549): audio-parameter-manager: } Configuration application request
D/RouteManager( 2549): 		-executeEnableRoutingStage-
D/RouteManager( 2549): audio-parameter-manager: Selection criterion changed event: Criterion name: RoutageState, current state: Path|Configure
D/RouteManager( 2549): audio-parameter-manager: Configuration application request {
D/RouteManager( 2549): audio-parameter-manager:     Applying configurations {
D/RouteManager( 2549): audio-parameter-manager:         Applying configuration "UnLocked" from domain "Routing.Sst.Enable.VoiceProcessingLock.Uplink"
D/RouteManager( 2549): audio-parameter-manager:         Applying configuration "UnLocked" from domain "Routing.Sst.Enable.VoiceProcessingLock.Downlink"
D/RouteManager( 2549): audio-parameter-manager:         Applying configuration "Enable" from domain "Routing.Enable.HWCodec.Playback.EarpieceIHF"
D/RouteManager( 2549): audio-parameter-manager:     } Applying configurations
D/RouteManager( 2549): audio-parameter-manager: } Configuration application request
D/TinyAlsaAudioDevice( 2549): open: card (cherrytrailaud, 0) 
D/TinyAlsaAudioDevice( 2549): 	 config (rate=48000 format=0 channels= 2).
D/TinyAlsaAudioDevice( 2549): 	 RingBuffer config: periodSize=1152 nbPeriod=4startTh=1151 stop Th=4608 silence Th=0
E/Camera_V4L2DevBase( 2549): Failed to set value 0 for control Auto Focus (10094860) on device '/dev/video0', Invalid argument
D/AudioConversion( 2549): configure: no convertion required
D/RouteManager( 2549): 		-executeUnmuteRoutingStage-
D/RouteManager( 2549): audio-parameter-manager: Selection criterion changed event: Criterion name: RoutageState, current state: Flow|Path|Configure
D/RouteManager( 2549): audio-parameter-manager: Configuration application request {
D/RouteManager( 2549): audio-parameter-manager:     Applying configurations {
D/RouteManager( 2549): audio-parameter-manager:         Applying configuration "Unmute" from domain "Routing.Mute.HWCodec.HWCodec.Playback.DAC1_VOL"
D/RouteManager( 2549): audio-parameter-manager:         Applying configuration "Unmute" from domain "Routing.Sst.Mute.HwCodec.Playback.Internal"
D/RouteManager( 2549): audio-parameter-manager:         Applying configuration "Unmute" from domain "Routing.Sst.Mute.Media.Playback.Regular"
D/RouteManager( 2549): audio-parameter-manager:     } Applying configurations
D/RouteManager( 2549): audio-parameter-manager: } Configuration application request
D/RouteManager( 2549): doReconsiderRouting: DONE
D/EVENT_THREAD( 2549): void CEventThread::run() Do poll with timeout: -1
E/TinyAlsaStream( 2549): getFramesAvailable: Unable to get available frames
E/TinyAlsaStream( 2549): getFramesAvailable: Unable to get available frames
E/TinyAlsaStream( 2549): getFramesAvailable: Unable to get available frames
D/hwc     ( 2309): default
D/hwc     ( 2309): default
D/hwc     ( 2309): Find: Checking option 0:          panel : 1               (     1) Int Changable Force 
D/hwc     ( 2309): Find: Checking option 1:       external : 1               (     1) Int Changable Force 
D/hwc     ( 2309): Find: Checking option 2:       display0 :                 (     0) Str Changable Force 
D/hwc     ( 2309): Find: Checking option 3:       display1 :                 (     0) Str Changable Force 
D/hwc     ( 2309): Find: Checking option 4:drmdefaultframe : 1               (     1) Int Changable Force 
D/hwc     ( 2309): Find: Checking option 5:     setdisplay : 1               (     1) Int Changed Changable 
D/hwc     ( 2309): Find: Checking option 6:    vppcomposer : 1               (     1) Int Changable Force 
D/hwc     ( 2309): Find: Checking option 7:     glcomposer : 0               (     0) Int Changable Force 
D/hwc     ( 2309): Find: Checking option 8:     partglcomp : 1               (     1) Int Changable Force 
D/hwc     ( 2309): Find: Checking option 9:       widicomp : 0               (     0) Int Changable Force 
D/hwc     ( 2309): Find: Checking option 10:    lowlosscomp : 0               (     0) Int Changable Force 
D/hwc     ( 2309): Find: Checking option 11:    idletimeout : 600             (   600) Int Changable Force 
D/hwc     ( 2309): Find: Checking option 12:     idletimein : 400             (   400) Int Changable Force 
D/hwc     ( 2309): Find: Checking option 13:     planealloc : 1               (     1) Int Changable 
D/hwc     ( 2309): Find: Checking option 14:  globalscaling : 11              (    11) Int Changable Force 
D/hwc     ( 2309): Find: Checking option 15: globalscalemin : 66              (    66) Int Changable Force 
D/hwc     ( 2309): Find: Checking option 16: globalscalemax : 150             (   150) Int Changable Force 
D/hwc     ( 2309): Find: Checking option 17:globalscaleedje : 1               (     1) Int Changable Force 
D/hwc     ( 2309): Find: Checking option 18:    gsvideoonly : 1               (     1) Int Changable Force 
D/hwc     ( 2309): Find: Checking option 19:  proxydisplayw : 1920            (  1920) Int Changable Force 
D/hwc     ( 2309): Find: Checking option 20:  proxydisplayh : 1080            (  1080) Int Changable Force 
D/hwc     ( 2309): Find: Checking option 21:     virtualres : 0               (     0) Int Changable Force 
D/hwc     ( 2309): Find: Checking option 22:matchvideoreson : 0               (     0) Int Changable Force 
D/hwc     ( 2309): Find: Checking option 23: matchvideoresw : 3840            (  3840) Int Changable Force 
D/hwc     ( 2309): Find: Checking option 24: matchvideoresh : 2160            (  2160) Int Changable Force 
D/hwc     ( 2309): Find: Checking option 25: matchvideoresf : 0               (     0) Int Changable Force 
D/hwc     ( 2309): Find: Checking option 26:                :                 (     0) Int Changable Force 
D/hwc     ( 2309): Find: Checking option 27:                :                 (     0) Int Changable Force 
D/hwc     ( 2309): Find: Checking option 28:                :                 (     0) Int Changable Force 
D/hwc     ( 2309): Find: Checking option 29:                :                 (     0) Int Changable Force 
D/hwc     ( 2309): Find: Checking option 30:                :                 (     0) Int Changable Force 
D/hwc     ( 2309): Find: Checking option 31:            mds : 1               (     1) Int Changable Force 
D/hwc     ( 2309): Find: Checking option 32:     modechange : 1               (     1) Int Changable Force 
D/hwc     ( 2309): Find: Checking option 33:    extendedmcg : 1               (     1) Int Changable Force 
D/hwc     ( 2309): Find: Checking option 34:  extmodepolicy : 1               (     1) Int Changable Force 
D/hwc     ( 2309): Find: Checking option 35:extprotectedlcl : 0               (     0) Int Changable Force 
D/hwc     ( 2309): Find: Checking option 36: glrendertonv12 : 0               (     0) Int Changable Force 
D/hwc     ( 2309): Find: Checking option 37: partitionvideo : 1               (     1) Int Changable Force 
D/hwc     ( 2309): Find: Checking option 38:       drmmode0 : 0x0@0-0         (     0) Str Changable Force Persistent 
D/hwc     ( 2309): Find: Checking option 39:  drmscalemode0 : 0               (     0) Int Changable Force Persistent 
D/hwc     ( 2309): Find: Checking option 40:   drmoverscan0 : 0x0             (     0) Str Changable Force Persistent 
D/hwc     ( 2309): Find: Checking option 41:drmpanelfitter0 : 1               (     1) Int Changable Force 
D/hwc     ( 2309): Find: Checking option 42:    drmteardown : 1               (     1) Int Changable Force 
D/hwc     ( 2309): Find: Checking option 43: drmpfitmigrate : 0               (     0) Int Changable Force 
D/hwc     ( 2309): Find: Checking option 44:                :                 (     0) Int Changable Force 
D/hwc     ( 2309): Find: Checking option 45:                :                 (     0) Int Changable Force 
D/hwc     ( 2309): Find: Checking option 46:                :                 (     0) Int Changable Force 
D/hwc     ( 2309): Find: Checking option 47:                :                 (     0) Int Changable Force 
D/hwc     ( 2309): Find: Checking option 48:    drmteardown : 1               (     1) Int Changable Force 
D/hwc     ( 2309): Find: Checking option 49: drmpfitmigrate : 0               (     0) Int Changable Force 
D/hwc     ( 2309): Find: Checking option 50:        overlay : 1               (     1) Int Changed Changable Force 
D/hwc     ( 2309): Find: Checking option 51:     overlayrgb : 1               (     1) Int Changable Force 
D/hwc     ( 2309): Find: Checking option 52:     overlayyuv : 1               (     1) Int Changable Force 
D/hwc     ( 2309): Find: Checking option 53:  overlayzorder : 1               (     1) Int Changable Force 
D/hwc     ( 2309): Find: Checking option 54:  forceblanking : 0               (     0) Int Changable Force 
I/hwc     ( 2309): Matching option overlay
D/IA_IMAGING( 2549): Enter ia_aiq_get_aiqd_data()
D/IA_IMAGING( 2549): Out-aiqd data size: 39892
E/Sensors ( 2839): sensorhal: sensorActivate: sensor Accelerometer sensor enabled 0
I/SensorHubDaemon( 2561): sensorhub: [1535198917]before write value 1 into entry /sys/bus/platform/devices/sensor_collection/sensor_5_def/properties/property_reporting_state/value 
I/SensorHubDaemon( 2561): sensorhub: [1544568485]after value 1 into entry /sys/bus/platform/devices/sensor_collection/sensor_5_def/properties/property_reporting_state/value 
I/SensorHubDaemon( 2561): sensorhub: [1545020562]before write value 3 into entry /sys/bus/platform/devices/sensor_collection/sensor_5_def/properties/property_power_state/value 
I/SensorHubDaemon( 2561): sensorhub: [1547221997]after value 3 into entry /sys/bus/platform/devices/sensor_collection/sensor_5_def/properties/property_power_state/value 
I/SensorHubDaemon( 2561): sensorhub: [1547473505]before write value 0 into entry /sys/bus/platform/devices/sensor_collection/sensor_5_def/properties/property_report_interval/value 
I/SensorHubDaemon( 2561): sensorhub: [1549993112]after value 0 into entry /sys/bus/platform/devices/sensor_collection/sensor_5_def/properties/property_report_interval/value 
I/SensorHubDaemon( 2561): sensorhub: CMD_STOP_STREAMING, data_rate_arbitered is 0, buffer_delay_arbitered is 0 
D/Camera_CaptureStream( 2549): freeBuffers: no buffers!
I/Camera2Client( 2549): Camera 0: Closed
I/Camera2ClientBase( 2549): Closed Camera 0. Client was: com.wistron.generic.pqaa (PID 5282, UID 10049)
D/NuPlayerDriver( 2549): reset(0xf7f1c8f0)
I/WAKELOCK_ACQUIRE( 2839): TIMESTAMP=8604518593758, TAG=ActivityManager-Launch, TYPE=PARTIAL_WAKE_LOCK             , COUNT=0, PID=2839, UID=1000, FLAGS=
D/NuPlayerDriver( 2549): notifyResetComplete(0xf7f1c8f0)
D/NuPlayerDriver( 2549): reset(0xf82f4b80)
D/NuPlayerDriver( 2549): notifyResetComplete(0xf82f4b80)
I/Tag     ( 5282): onActivityResult---
D/ufoEGL  ( 5282): Pixel Format : GGL_PIXEL_FORMAT_RGBA_8888
I/WAKELOCK_RELEASE( 2839): TIMESTAMP=8604645202981, TAG=ActivityManager-Launch, TYPE=PARTIAL_WAKE_LOCK             , COUNT=0, PID=2839, UID=1000, FLAGS=
D/ufoEGL  ( 5282): Surface destroy: ANDROID_NATIVE_WINDOW_MAGIC
E/WifiStateMachine( 2839): WifiStateMachine CMD_START_SCAN source -2 txSuccessRate=0.00 rxSuccessRate=10.77 targetRoamBSSID=f0:9c:e9:1a:75:95 RSSI=-35
E/WifiStateMachine( 2839): WifiStateMachine starting scan for "OTA"WPA_PSK with 2412,2437
D/AudioIntelHal( 2549): stopStream: output stream.
D/AudioIntelHal/AudioPlatformState( 2549): route-parameter-manager: Selection criterion changed event: Criterion name: OutputFlags, current state: <none>
D/AudioIntelHal/AudioPlatformState( 2549): route-parameter-manager: Configuration application request {
D/AudioIntelHal/AudioPlatformState( 2549): route-parameter-manager:     Applying configurations {
D/AudioIntelHal/AudioPlatformState( 2549): route-parameter-manager:         Applying configuration "NotApplicable" from domain "StreamRoute.Media.Playback"
D/AudioIntelHal/AudioPlatformState( 2549): route-parameter-manager:         Applying configuration "No" from domain "Route.HwCodec0IA.Playback.Applicable"
D/AudioIntelHal/AudioPlatformState( 2549): route-parameter-manager:     } Applying configurations
D/AudioIntelHal/AudioPlatformState( 2549): route-parameter-manager: } Configuration application request
D/EVENT_THREAD( 2549): void CEventThread::trig(void*, uint32_t): in
D/EVENT_THREAD( 2549): void CEventThread::trig(void*, uint32_t): out
D/RouteManager( 2549): doReconsiderRouting: Route state:
D/RouteManager( 2549): 	-Previously Enabled Route in Input = <none>
D/RouteManager( 2549): 	-Previously Enabled Route in Output = Media|HwCodec0IA
D/RouteManager( 2549): 	-Selected Route in Input = <none>
D/RouteManager( 2549): 	-Selected Route in Output = <none>
D/RouteManager( 2549): 		-executeMuteRoutingStage-
D/RouteManager( 2549): audio-parameter-manager: Selection criterion changed event: Criterion name: RoutageState, current state: Flow
D/RouteManager( 2549): audio-parameter-manager: Selection criterion changed event: Criterion name: ClosingPlaybackRoutes, current state: Media|HwCodec0IA
D/RouteManager( 2549): audio-parameter-manager: Selection criterion changed event: Criterion name: OpenedPlaybackRoutes, current state: <none>
D/RouteManager( 2549): audio-parameter-manager: Configuration application request {
D/RouteManager( 2549): audio-parameter-manager:     Applying configurations {
D/RouteManager( 2549): audio-parameter-manager:         Applying configuration "Mute" from domain "Routing.Mute.HWCodec.HWCodec.Playback.DAC1_VOL"
D/RouteManager( 2549): audio-parameter-manager:         Applying configuration "Mute" from domain "Routing.Sst.Mute.HwCodec.Playback.Internal"
D/RouteManager( 2549): audio-parameter-manager:         Applying configuration "Mute" from domain "Routing.Sst.Mute.Media.Playback.Regular"
D/RouteManager( 2549): audio-parameter-manager:     } Applying configurations
D/RouteManager( 2549): audio-parameter-manager: } Configuration application request
D/RouteManager( 2549): 		-executeDisableRoutingStage-
D/RouteManager( 2549): audio-parameter-manager: Selection criterion changed event: Criterion name: RoutageState, current state: Path
D/TinyAlsaAudioDevice( 2549): close
D/RouteManager( 2549): audio-parameter-manager: Configuration application request {
D/RouteManager( 2549): audio-parameter-manager:     Applying configurations {
D/RouteManager( 2549): audio-parameter-manager:         Applying configuration "Locked" from domain "Routing.Sst.Enable.VoiceProcessingLock.Uplink"
D/RouteManager( 2549): audio-parameter-manager:         Applying configuration "Locked" from domain "Routing.Sst.Enable.VoiceProcessingLock.Downlink"
D/RouteManager( 2549): audio-parameter-manager:         Applying configuration "Disable" from domain "Routing.Enable.HWCodec.Playback.EarpieceIHF"
D/RouteManager( 2549): audio-parameter-manager:     } Applying configurations
D/RouteManager( 2549): audio-parameter-manager: } Configuration application request
D/RouteManager( 2549): 		-executeConfigureRoutingStage-
D/RouteManager( 2549): audio-parameter-manager: Selection criterion changed event: Criterion name: RoutageState, current state: Configure
D/RouteManager( 2549): audio-parameter-manager: Selection criterion changed event: Criterion name: ClosingPlaybackRoutes, current state: <none>
D/RouteManager( 2549): audio-parameter-manager: Configuration application request {
D/RouteManager( 2549): audio-parameter-manager:     Applying configurations {
D/RouteManager( 2549): audio-parameter-manager:         Applying configuration "Disable" from domain "Routing.Configure.HWCodec.Playback.Ihf"
D/RouteManager( 2549): audio-parameter-manager:         Applying configuration "Disable" from domain "Routing.Configure.HWCodec.Playback.DAC1"
D/RouteManager( 2549): audio-parameter-manager:         Applying configuration "Unbind" from domain "Routing.Sst.Configure.Playback.SpeakerEqToSprot"
D/RouteManager( 2549): audio-parameter-manager:         Applying configuration "Unbind" from domain "Routing.Sst.Configure.Playback.Media.ToSpeakerEq"
D/RouteManager( 2549): audio-parameter-manager:         Applying configuration "Unbind" from domain "Routing.Sst.Configure.Playback.HwCodec.SprotToSpeaker"
D/RouteManager( 2549): audio-parameter-manager:         Applying configuration "Dmic.Bind" from domain "Routing.Sst.Configure.AlwaysListening.VTSV"
D/RouteManager( 2549): audio-parameter-manager:     } Applying configurations
D/RouteManager( 2549): audio-parameter-manager: } Configuration application request
D/RouteManager( 2549): 		-executeEnableRoutingStage-
D/RouteManager( 2549): audio-parameter-manager: Selection criterion changed event: Criterion name: RoutageState, current state: Path|Configure
D/RouteManager( 2549): audio-parameter-manager: Configuration application request {
D/RouteManager( 2549): audio-parameter-manager:     Applying configurations {
D/RouteManager( 2549): audio-parameter-manager:         Applying configuration "UnLocked" from domain "Routing.Sst.Enable.VoiceProcessingLock.Uplink"
D/RouteManager( 2549): audio-parameter-manager:         Applying configuration "UnLocked" from domain "Routing.Sst.Enable.VoiceProcessingLock.Downlink"
D/RouteManager( 2549): audio-parameter-manager:     } Applying configurations
D/RouteManager( 2549): audio-parameter-manager: } Configuration application request
D/RouteManager( 2549): 		-executeUnmuteRoutingStage-
D/RouteManager( 2549): audio-parameter-manager: Selection criterion changed event: Criterion name: RoutageState, current state: Flow|Path|Configure
D/RouteManager( 2549): audio-parameter-manager: Configuration application request {
D/RouteManager( 2549): audio-parameter-manager:     Applying configurations {
D/RouteManager( 2549): audio-parameter-manager:     } Applying configurations
D/RouteManager( 2549): audio-parameter-manager: } Configuration application request
D/RouteManager( 2549): doReconsiderRouting: DONE
D/EVENT_THREAD( 2549): void CEventThread::run() Do poll with timeout: -1
I/WAKELOCK_RELEASE( 2839): TIMESTAMP=8607680517071, TAG=AudioMix, TYPE=PARTIAL_WAKE_LOCK             , COUNT=0, PID=0, UID=1013, FLAGS=
E/WifiStateMachine( 2839): WifiStateMachine CMD_START_SCAN source -2 txSuccessRate=0.00 rxSuccessRate=9.64 targetRoamBSSID=f0:9c:e9:1a:75:95 RSSI=-35
E/WifiStateMachine( 2839): WifiStateMachine starting scan for "OTA"WPA_PSK with 2412,2437
I/WAKELOCK_ACQUIRE( 2839): TIMESTAMP=8640136586773, TAG=*alarm*, TYPE=PARTIAL_WAKE_LOCK             , COUNT=0, PID=2839, UID=1000, FLAGS=
I/WAKELOCK_RELEASE( 2839): TIMESTAMP=8640175202859, TAG=*alarm*, TYPE=PARTIAL_WAKE_LOCK             , COUNT=0, PID=2839, UID=1000, FLAGS=
E/WifiStateMachine( 2839): WifiStateMachine CMD_START_SCAN source -2 txSuccessRate=0.00 rxSuccessRate=28.22 targetRoamBSSID=f0:9c:e9:1a:75:95 RSSI=-31
E/WifiStateMachine( 2839): WifiStateMachine starting scan for "OTA"WPA_PSK with 2412,2437
E/WifiStateMachine( 2839): WifiStateMachine CMD_START_SCAN source -2 txSuccessRate=0.00 rxSuccessRate=14.15 targetRoamBSSID=f0:9c:e9:1a:75:95 RSSI=-30
E/WifiStateMachine( 2839): WifiStateMachine starting scan for "OTA"WPA_PSK with 2412,2437
E/WifiStateMachine( 2839): WifiStateMachine CMD_START_SCAN source -2 txSuccessRate=0.00 rxSuccessRate=12.47 targetRoamBSSID=f0:9c:e9:1a:75:95 RSSI=-29
E/WifiStateMachine( 2839): WifiStateMachine starting scan for "OTA"WPA_PSK with 2412,2437
I/WAKELOCK_ACQUIRE( 2839): TIMESTAMP=8700137565491, TAG=*alarm*, TYPE=PARTIAL_WAKE_LOCK             , COUNT=0, PID=2839, UID=1000, FLAGS=
I/WAKELOCK_RELEASE( 2839): TIMESTAMP=8700184450560, TAG=*alarm*, TYPE=PARTIAL_WAKE_LOCK             , COUNT=0, PID=2839, UID=1000, FLAGS=
E/WifiStateMachine( 2839): WifiStateMachine CMD_START_SCAN source -2 txSuccessRate=0.00 rxSuccessRate=2.31 targetRoamBSSID=f0:9c:e9:1a:75:95 RSSI=-28
E/WifiStateMachine( 2839): WifiStateMachine starting scan for "OTA"WPA_PSK with 2412,2437
D/PROPERTY( 2549): get media.dump_output.befconv: 0
D/PROPERTY( 2549): get media.dump_output.aftconv: 0
D/AudioIntelHal( 2549): startStream: output stream.
D/AudioIntelHal/AudioPlatformState( 2549): route-parameter-manager: Selection criterion changed event: Criterion name: OutputFlags, current state: Primary
D/AudioIntelHal/AudioPlatformState( 2549): route-parameter-manager: Configuration application request {
D/AudioIntelHal/AudioPlatformState( 2549): route-parameter-manager:     Applying configurations {
D/AudioIntelHal/AudioPlatformState( 2549): route-parameter-manager:         Applying configuration "Applicable" from domain "StreamRoute.Media.Playback"
D/AudioIntelHal/AudioPlatformState( 2549): route-parameter-manager:         Applying configuration "Yes" from domain "Route.HwCodec0IA.Playback.Applicable"
D/AudioIntelHal/AudioPlatformState( 2549): route-parameter-manager:     } Applying configurations
D/AudioIntelHal/AudioPlatformState( 2549): route-parameter-manager: } Configuration application request
D/EVENT_THREAD( 2549): void CEventThread::trig(void*, uint32_t): in
D/EVENT_THREAD( 2549): void CEventThread::trig(void*, uint32_t): out
D/RouteManager( 2549): doReconsiderRouting: Route state:
D/RouteManager( 2549): 	-Previously Enabled Route in Input = <none>
D/RouteManager( 2549): 	-Previously Enabled Route in Output = <none>
D/RouteManager( 2549): 	-Selected Route in Input = <none>
D/RouteManager( 2549): 	-Selected Route in Output = Media|HwCodec0IA
D/RouteManager( 2549): 		-executeMuteRoutingStage-
I/WAKELOCK_ACQUIRE( 2839): TIMESTAMP=8708067567366, TAG=AudioMix, TYPE=PARTIAL_WAKE_LOCK             , COUNT=0, PID=0, UID=1013, FLAGS=
D/RouteManager( 2549): audio-parameter-manager: Selection criterion changed event: Criterion name: RoutageState, current state: Flow
D/RouteManager( 2549): audio-parameter-manager: Configuration application request {
D/RouteManager( 2549): audio-parameter-manager:     Applying configurations {
D/RouteManager( 2549): audio-parameter-manager:     } Applying configurations
D/RouteManager( 2549): audio-parameter-manager: } Configuration application request
D/RouteManager( 2549): 		-executeDisableRoutingStage-
D/RouteManager( 2549): audio-parameter-manager: Selection criterion changed event: Criterion name: RoutageState, current state: Path
D/RouteManager( 2549): audio-parameter-manager: Configuration application request {
D/RouteManager( 2549): audio-parameter-manager:     Applying configurations {
D/RouteManager( 2549): audio-parameter-manager:         Applying configuration "Locked" from domain "Routing.Sst.Enable.VoiceProcessingLock.Uplink"
D/RouteManager( 2549): audio-parameter-manager:         Applying configuration "Locked" from domain "Routing.Sst.Enable.VoiceProcessingLock.Downlink"
D/RouteManager( 2549): audio-parameter-manager:     } Applying configurations
D/RouteManager( 2549): audio-parameter-manager: } Configuration application request
D/RouteManager( 2549): 		-executeConfigureRoutingStage-
D/RouteManager( 2549): audio-parameter-manager: Selection criterion changed event: Criterion name: RoutageState, current state: Configure
D/RouteManager( 2549): audio-parameter-manager: Selection criterion changed event: Criterion name: OpenedPlaybackRoutes, current state: Media|HwCodec0IA
D/RouteManager( 2549): audio-parameter-manager: Configuration application request {
D/RouteManager( 2549): audio-parameter-manager:     Applying configurations {
D/RouteManager( 2549): audio-parameter-manager:         Applying configuration "Enable" from domain "Routing.Configure.HWCodec.Playback.Ihf"
D/RouteManager( 2549): audio-parameter-manager:         Applying configuration "Playback" from domain "Routing.Configure.HWCodec.Playback.DAC1"
D/RouteManager( 2549): audio-parameter-manager:         Applying configuration "Bind" from domain "Routing.Sst.Configure.Playback.SpeakerEqToSprot"
D/RouteManager( 2549): audio-parameter-manager:         Applying configuration "Bind" from domain "Routing.Sst.Configure.Playback.Media.ToSpeakerEq"
D/RouteManager( 2549): audio-parameter-manager:         Applying configuration "Bind" from domain "Routing.Sst.Configure.Playback.HwCodec.SprotToSpeaker"
D/RouteManager( 2549): audio-parameter-manager:         Applying configuration "VadMixerInputsAndHfRef.Media.Aec.TxSpeechLine.Bind" from domain "Routing.Sst.Configure.AlwaysListening.VTSV"
D/RouteManager( 2549): audio-parameter-manager:     } Applying configurations
D/RouteManager( 2549): audio-parameter-manager: } Configuration application request
D/RouteManager( 2549): 		-executeEnableRoutingStage-
D/RouteManager( 2549): audio-parameter-manager: Selection criterion changed event: Criterion name: RoutageState, current state: Path|Configure
D/RouteManager( 2549): audio-parameter-manager: Configuration application request {
D/RouteManager( 2549): audio-parameter-manager:     Applying configurations {
D/RouteManager( 2549): audio-parameter-manager:         Applying configuration "UnLocked" from domain "Routing.Sst.Enable.VoiceProcessingLock.Uplink"
D/RouteManager( 2549): audio-parameter-manager:         Applying configuration "UnLocked" from domain "Routing.Sst.Enable.VoiceProcessingLock.Downlink"
D/RouteManager( 2549): audio-parameter-manager:         Applying configuration "Enable" from domain "Routing.Enable.HWCodec.Playback.EarpieceIHF"
D/RouteManager( 2549): audio-parameter-manager:     } Applying configurations
D/RouteManager( 2549): audio-parameter-manager: } Configuration application request
D/TinyAlsaAudioDevice( 2549): open: card (cherrytrailaud, 0) 
D/TinyAlsaAudioDevice( 2549): 	 config (rate=48000 format=0 channels= 2).
D/TinyAlsaAudioDevice( 2549): 	 RingBuffer config: periodSize=1152 nbPeriod=4startTh=1151 stop Th=4608 silence Th=0
D/AudioConversion( 2549): configure: no convertion required
D/RouteManager( 2549): 		-executeUnmuteRoutingStage-
D/RouteManager( 2549): audio-parameter-manager: Selection criterion changed event: Criterion name: RoutageState, current state: Flow|Path|Configure
D/RouteManager( 2549): audio-parameter-manager: Configuration application request {
D/RouteManager( 2549): audio-parameter-manager:     Applying configurations {
D/RouteManager( 2549): audio-parameter-manager:         Applying configuration "Unmute" from domain "Routing.Mute.HWCodec.HWCodec.Playback.DAC1_VOL"
D/RouteManager( 2549): audio-parameter-manager:         Applying configuration "Unmute" from domain "Routing.Sst.Mute.HwCodec.Playback.Internal"
D/RouteManager( 2549): audio-parameter-manager:         Applying configuration "Unmute" from domain "Routing.Sst.Mute.Media.Playback.Regular"
D/RouteManager( 2549): audio-parameter-manager:     } Applying configurations
D/RouteManager( 2549): audio-parameter-manager: } Configuration application request
D/RouteManager( 2549): doReconsiderRouting: DONE
E/TinyAlsaStream( 2549): getFramesAvailable: Unable to get available frames
E/TinyAlsaStream( 2549): getFramesAvailable: Unable to get available frames
E/TinyAlsaStream( 2549): getFramesAvailable: Unable to get available frames
D/EVENT_THREAD( 2549): void CEventThread::run() Do poll with timeout: -1
W/System.err( 5282): java.io.FileNotFoundException: /mnt/sdcard/Android/data/com.wistron.generic.pqaa/files/data.txt: open failed: ENOENT (No such file or directory)
W/System.err( 5282): 	at libcore.io.IoBridge.open(IoBridge.java:456)
W/System.err( 5282): 	at java.io.FileInputStream.<init>(FileInputStream.java:76)
W/System.err( 5282): 	at java.io.FileInputStream.<init>(FileInputStream.java:103)
W/System.err( 5282): 	at java.io.FileReader.<init>(FileReader.java:66)
W/System.err( 5282): 	at com.wistron.pqaa_common.jar.global.WisToolKit.getSingleParameters(WisToolKit.java:257)
W/System.err( 5282): 	at com.wistron.generic.pqaa.TestItemsList.getLogInfoConfig(TestItemsList.java:172)
W/System.err( 5282): 	at com.wistron.generic.pqaa.TestItemsList.onClick(TestItemsList.java:975)
W/System.err( 5282): 	at android.view.View.performClick(View.java:4780)
W/System.err( 5282): 	at android.view.View$PerformClick.run(View.java:19866)
W/System.err( 5282): 	at android.os.Handler.handleCallback(Handler.java:739)
W/System.err( 5282): 	at android.os.Handler.dispatchMessage(Handler.java:95)
W/System.err( 5282): 	at android.os.Looper.loop(Looper.java:135)
W/System.err( 5282): 	at android.app.ActivityThread.main(ActivityThread.java:5261)
W/System.err( 5282): 	at java.lang.reflect.Method.invoke(Native Method)
W/System.err( 5282): 	at java.lang.reflect.Method.invoke(Method.java:372)
W/System.err( 5282): 	at com.android.internal.os.ZygoteInit$MethodAndArgsCaller.run(ZygoteInit.java:903)
W/System.err( 5282): 	at com.android.internal.os.ZygoteInit.main(ZygoteInit.java:698)
W/System.err( 5282): Caused by: android.system.ErrnoException: open failed: ENOENT (No such file or directory)
W/System.err( 5282): 	at libcore.io.Posix.open(Native Method)
W/System.err( 5282): 	at libcore.io.BlockGuardOs.open(BlockGuardOs.java:186)
W/System.err( 5282): 	at libcore.io.IoBridge.open(IoBridge.java:442)
W/System.err( 5282): 	... 16 more
I/ActivityManager( 2839): START u0 {cmp=com.wistron.generic.pqaa/com.wistron.generic.barometersensor.BarometerSensor (has extras)} from uid 10049 on display 0
V/WindowManager( 2839): addAppToken: AppWindowToken{8cbde2d token=Token{1e5e9d44 ActivityRecord{104d1e57 u0 com.wistron.generic.pqaa/com.wistron.generic.barometersensor.BarometerSensor t41}}} to stack=1 task=41 at 1
I/WAKELOCK_ACQUIRE( 2839): TIMESTAMP=8709850026710, TAG=ActivityManager-Launch, TYPE=PARTIAL_WAKE_LOCK             , COUNT=0, PID=2839, UID=1000, FLAGS=
I/W       ( 5282): The range value 800 ~ 1200
E/SensorManager( 5282): sensor or listener is null
I/WAKELOCK_ACQUIRE( 2839): TIMESTAMP=8709885671024, TAG=ActivityManager-Launch, TYPE=PARTIAL_WAKE_LOCK             , COUNT=0, PID=2839, UID=1000, FLAGS=
V/WindowManager( 2839): rotationForOrientationLw(orient=-1, last=3); user=0 USER_ROTATION_LOCKED
I/WAKELOCK_ACQUIRE( 2839): TIMESTAMP=8709896820351, TAG=SCREEN_FROZEN, TYPE=PARTIAL_WAKE_LOCK             , COUNT=0, PID=2839, UID=1000, FLAGS=
V/ActivityManager( 2839): Display changed displayId=0
D/SurfaceFlinger( 2309): ORT: DPS allow this projection change
D/SurfaceFlinger( 2309): handleDisplayScaling
I/ActivityManager( 2839): Config changes=480 {1.0 ?mcc?mnc en_US ?layoutDir sw800dp w1280dp h727dp 160dpi xlrg land finger -keyb/v/h -nav/h s.32}
I/InputReader( 2839): Reconfiguring input devices.  changes=0x00000004
I/InputReader( 2839): Device reconfigured: id=4, name='focal-touchscreen', size 1280x800, orientation 0, mode 1, display id 0
V/WindowManager( 2839): rotationForOrientationLw(orient=1, last=0); user=0 USER_ROTATION_LOCKED
I/Tethering( 2839): Found payment device
D/SurfaceFlinger( 2309): ORT: DPS allow this projection change
D/SurfaceFlinger( 2309): handleDisplayScaling
I/ActivityManager( 2839): Config changes=480 {1.0 ?mcc?mnc en_US ?layoutDir sw800dp w800dp h1207dp 160dpi xlrg port finger -keyb/v/h -nav/h s.33}
V/ActivityManager( 2839): Display changed displayId=0
I/InputReader( 2839): Reconfiguring input devices.  changes=0x00000004
I/InputReader( 2839): Device reconfigured: id=4, name='focal-touchscreen', size 1280x800, orientation 3, mode 1, display id 0
I/Tethering( 2839): Found payment device
D/ufoEGL  ( 5282): Pixel Format : GGL_PIXEL_FORMAT_RGBA_8888
D/ufoEGL  ( 5282): Surface destroy: ANDROID_NATIVE_WINDOW_MAGIC
W/System.err( 5282): java.io.FileNotFoundException: /mnt/sdcard/Android/data/com.wistron.generic.pqaa/files/pqaa_config/start.cfg: open failed: ENOENT (No such file or directory)
W/System.err( 5282): 	at libcore.io.IoBridge.open(IoBridge.java:456)
W/System.err( 5282): 	at java.io.FileInputStream.<init>(FileInputStream.java:76)
W/System.err( 5282): 	at java.io.FileInputStream.<init>(FileInputStream.java:103)
W/System.err( 5282): 	at java.io.FileReader.<init>(FileReader.java:66)
W/System.err( 5282): 	at com.wistron.pqaa_common.jar.global.WisToolKit.getSingleParameters(WisToolKit.java:257)
W/System.err( 5282): 	at com.wistron.generic.pqaa.TestItemsList.getSettingParameter(TestItemsList.java:313)
W/System.err( 5282): 	at com.wistron.generic.pqaa.TestItemsList.onCreate(TestItemsList.java:161)
W/System.err( 5282): 	at android.app.Activity.performCreate(Activity.java:5990)
W/System.err( 5282): 	at android.app.Instrumentation.callActivityOnCreate(Instrumentation.java:1106)
W/System.err( 5282): 	at android.app.ActivityThread.performLaunchActivity(ActivityThread.java:2279)
W/System.err( 5282): 	at android.app.ActivityThread.handleLaunchActivity(ActivityThread.java:2388)
W/System.err( 5282): 	at android.app.ActivityThread.handleRelaunchActivity(ActivityThread.java:3948)
W/System.err( 5282): 	at android.app.ActivityThread.access$900(ActivityThread.java:152)
W/System.err( 5282): 	at android.app.ActivityThread$H.handleMessage(ActivityThread.java:1310)
W/System.err( 5282): 	at android.os.Handler.dispatchMessage(Handler.java:102)
W/System.err( 5282): 	at android.os.Looper.loop(Looper.java:135)
W/System.err( 5282): 	at android.app.ActivityThread.main(ActivityThread.java:5261)
W/System.err( 5282): 	at java.lang.reflect.Method.invoke(Native Method)
W/System.err( 5282): 	at java.lang.reflect.Method.invoke(Method.java:372)
W/System.err( 5282): 	at com.android.internal.os.ZygoteInit$MethodAndArgsCaller.run(ZygoteInit.java:903)
W/System.err( 5282): 	at com.android.internal.os.ZygoteInit.main(ZygoteInit.java:698)
W/System.err( 5282): Caused by: android.system.ErrnoException: open failed: ENOENT (No such file or directory)
W/System.err( 5282): 	at libcore.io.Posix.open(Native Method)
W/System.err( 5282): 	at libcore.io.BlockGuardOs.open(BlockGuardOs.java:186)
W/System.err( 5282): 	at libcore.io.IoBridge.open(IoBridge.java:442)
W/System.err( 5282): 	... 20 more
V/WindowManager( 2839): Adding window Window{15c7a5e5 u0 com.wistron.generic.pqaa/com.wistron.generic.pqaa.TestItemsList} at 2 of 9 (after Window{64487b3 u0 com.android.launcher/com.android.launcher2.Launcher})
I/Tag     ( 5282): onActivityResult---
D/AndroidRuntime( 5282): Shutting down VM
I/System.out( 5282): **************--->***26
E/AndroidRuntime( 5282): FATAL EXCEPTION: main
E/AndroidRuntime( 5282): Process: com.wistron.generic.pqaa, PID: 5282
E/AndroidRuntime( 5282): java.lang.RuntimeException: Unable to resume activity {com.wistron.generic.pqaa/com.wistron.generic.pqaa.TestItemsList}: java.lang.RuntimeException: Failure delivering result ResultInfo{who=null, request=0, result=-1, data=Intent { (has extras) }} to activity {com.wistron.generic.pqaa/com.wistron.generic.pqaa.TestItemsList}: java.lang.IndexOutOfBoundsException: Invalid index 0, size is 0
E/AndroidRuntime( 5282): 	at android.app.ActivityThread.performResumeActivity(ActivityThread.java:2987)
E/AndroidRuntime( 5282): 	at android.app.ActivityThread.handleResumeActivity(ActivityThread.java:3018)
E/AndroidRuntime( 5282): 	at android.app.ActivityThread.handleLaunchActivity(ActivityThread.java:2393)
E/AndroidRuntime( 5282): 	at android.app.ActivityThread.handleRelaunchActivity(ActivityThread.java:3948)
E/AndroidRuntime( 5282): 	at android.app.ActivityThread.access$900(ActivityThread.java:152)
E/AndroidRuntime( 5282): 	at android.app.ActivityThread$H.handleMessage(ActivityThread.java:1310)
E/AndroidRuntime( 5282): 	at android.os.Handler.dispatchMessage(Handler.java:102)
E/AndroidRuntime( 5282): 	at android.os.Looper.loop(Looper.java:135)
E/AndroidRuntime( 5282): 	at android.app.ActivityThread.main(ActivityThread.java:5261)
E/AndroidRuntime( 5282): 	at java.lang.reflect.Method.invoke(Native Method)
E/AndroidRuntime( 5282): 	at java.lang.reflect.Method.invoke(Method.java:372)
E/AndroidRuntime( 5282): 	at com.android.internal.os.ZygoteInit$MethodAndArgsCaller.run(ZygoteInit.java:903)
E/AndroidRuntime( 5282): 	at com.android.internal.os.ZygoteInit.main(ZygoteInit.java:698)
E/AndroidRuntime( 5282): Caused by: java.lang.RuntimeException: Failure delivering result ResultInfo{who=null, request=0, result=-1, data=Intent { (has extras) }} to activity {com.wistron.generic.pqaa/com.wistron.generic.pqaa.TestItemsList}: java.lang.IndexOutOfBoundsException: Invalid index 0, size is 0
E/AndroidRuntime( 5282): 	at android.app.ActivityThread.deliverResults(ActivityThread.java:3575)
E/AndroidRuntime( 5282): 	at android.app.ActivityThread.performResumeActivity(ActivityThread.java:2973)
E/AndroidRuntime( 5282): 	... 12 more
E/AndroidRuntime( 5282): Caused by: java.lang.IndexOutOfBoundsException: Invalid index 0, size is 0
E/AndroidRuntime( 5282): 	at java.util.ArrayList.throwIndexOutOfBoundsException(ArrayList.java:255)
E/AndroidRuntime( 5282): 	at java.util.ArrayList.get(ArrayList.java:308)
E/AndroidRuntime( 5282): 	at com.wistron.generic.pqaa.TestItemsList.onActivityResult(TestItemsList.java:1377)
E/AndroidRuntime( 5282): 	at android.app.Activity.dispatchActivityResult(Activity.java:6192)
E/AndroidRuntime( 5282): 	at android.app.ActivityThread.deliverResults(ActivityThread.java:3571)
E/AndroidRuntime( 5282): 	... 13 more
W/ActivityManager( 2839):   Force finishing activity 1 com.wistron.generic.pqaa/.TestItemsList
I/WAKELOCK_ACQUIRE( 2839): TIMESTAMP=8710066897706, TAG=ActivityManager-Launch, TYPE=PARTIAL_WAKE_LOCK             , COUNT=0, PID=2839, UID=1000, FLAGS=
D/CRASHLOG( 2565): receive_inotify_events: Can't handle the event "drop757.tmp", no valid entry found, drop it...
D/CRASHLOG( 2565): receive_inotify_events: Can't handle the event "drop757.tmp", no valid entry found, drop it...
D/CRASHLOG( 2565): sdcard_allowed : Current crashlog mode is NOMINAL MODE - SDCard storage disabled.
V/WindowManager( 2839): rotationForOrientationLw(orient=-1, last=3); user=0 USER_ROTATION_LOCKED
D/SurfaceFlinger( 2309): ORT: DPS allow this projection change
D/SurfaceFlinger( 2309): handleDisplayScaling
I/ActivityManager( 2839): Config changes=480 {1.0 ?mcc?mnc en_US ?layoutDir sw800dp w1280dp h727dp 160dpi xlrg land finger -keyb/v/h -nav/h s.34}
I/InputReader( 2839): Reconfiguring input devices.  changes=0x00000004
I/InputReader( 2839): Device reconfigured: id=4, name='focal-touchscreen', size 1280x800, orientation 0, mode 1, display id 0
W/CRASHLOG( 2565): notify_crashreport: Crashreport notification (CRASH_NOTIFY) skipped!
E/CRASHLOG( 2565): CRASH   cba99f6e6d52098a36f5  2017-03-21/03:13:09  JAVACRASH /data/logs/crashlog36
V/ActivityManager( 2839): Display changed displayId=0
I/OpenGLRenderer( 2839): Initialized EGL, version 1.4
D/ufoEGL  ( 2839): droid_create_context : config id = 9 conf->NativeVisualID=1
I/ufoEGL  ( 2839): Requested context : GLES 2.0
D/ufoEGL  ( 2839): Pixel Format : GGL_PIXEL_FORMAT_RGBA_8888
D/ufoEGL  ( 2839): Pixel Format : GGL_PIXEL_FORMAT_RGBA_8888
D/ufoEGL  ( 2839): Pixel Format : GGL_PIXEL_FORMAT_RGBA_8888
I/Tethering( 2839): Found payment device
D/ufoEGL  ( 2957): Surface destroy: ANDROID_NATIVE_WINDOW_MAGIC
D/ufoEGL  ( 2957): Pixel Format : GGL_PIXEL_FORMAT_RGBA_8888
D/ufoEGL  ( 2957): Surface destroy: ANDROID_NATIVE_WINDOW_MAGIC
D/ufoEGL  ( 2957): Pixel Format : GGL_PIXEL_FORMAT_RGBA_8888
W/ActivityManager( 2839): Activity pause timeout for ActivityRecord{4a3c594 u0 com.wistron.generic.pqaa/.TestItemsList t41 f}
D/ufoEGL  ( 3189): Pixel Format : GGL_PIXEL_FORMAT_RGBA_8888
I/WAKELOCK_RELEASE( 2839): TIMESTAMP=8710653881628, TAG=ActivityManager-Launch, TYPE=PARTIAL_WAKE_LOCK             , COUNT=0, PID=2839, UID=1000, FLAGS=
D/ufoEGL  ( 2957): droid_create_context : config id = 4 conf->NativeVisualID=2
I/ufoEGL  ( 2957): Requested context : GLES 2.0
D/ufoEGL  ( 2957): Pixel Format : GGL_PIXEL_FORMAT_RGBX_8888
D/ufoEGL  ( 2957): Pixel Format : GGL_PIXEL_FORMAT_RGBX_8888
D/ufoEGL  ( 2957): Pixel Format : GGL_PIXEL_FORMAT_RGBX_8888
D/ufoEGL  ( 2957): Surface destroy: ANDROID_NATIVE_WINDOW_MAGIC
D/ufoEGL  ( 2957): droid_create_context : config id = 4 conf->NativeVisualID=2
I/ufoEGL  ( 2957): Requested context : GLES 2.0
D/ufoEGL  ( 2957): Pixel Format : GGL_PIXEL_FORMAT_RGBX_8888
D/ufoEGL  ( 2957): Pixel Format : GGL_PIXEL_FORMAT_RGBX_8888
D/ufoEGL  ( 2957): Pixel Format : GGL_PIXEL_FORMAT_RGBX_8888
D/ufoEGL  ( 2957): Surface destroy: ANDROID_NATIVE_WINDOW_MAGIC
W/ResourceType( 2957): No package identifier when getting value for resource number 0x00000000
W/PackageManager( 2957): Failure retrieving resources for com.wistron.generic.pqaa: Resource ID #0x0
W/WindowManager( 2839): Window freeze timeout expired.
W/WindowManager( 2839): Force clearing orientation change: Window{59b48f3 u0 Toast}
I/WindowManager( 2839): Screen frozen for +2s198ms due to Window{59b48f3 u0 Toast}
I/WAKELOCK_RELEASE( 2839): TIMESTAMP=8712105954044, TAG=SCREEN_FROZEN, TYPE=PARTIAL_WAKE_LOCK             , COUNT=0, PID=2839, UID=1000, FLAGS=
V/WindowManager( 2839): rotationForOrientationLw(orient=-1, last=0); user=0 USER_ROTATION_LOCKED
D/AudioIntelHal( 2549): stopStream: output stream.
D/AudioIntelHal/AudioPlatformState( 2549): route-parameter-manager: Selection criterion changed event: Criterion name: OutputFlags, current state: <none>
D/AudioIntelHal/AudioPlatformState( 2549): route-parameter-manager: Configuration application request {
D/AudioIntelHal/AudioPlatformState( 2549): route-parameter-manager:     Applying configurations {
D/AudioIntelHal/AudioPlatformState( 2549): route-parameter-manager:         Applying configuration "NotApplicable" from domain "StreamRoute.