V/WindowManager( 2839): Layouts looping: after finishPostLayoutPolicyLw, mPendingLayoutChanges = 0x0
V/WindowManager( 2839): Layouts looping: mLayoutNeeded, mPendingLayoutChanges = 0x1
E/WindowManager( 2839): Performed 6 layouts in a row. Skipping
I/WAKELOCK_RELEASE( 2839): TIMESTAMP=7671598744233, TAG=ActivityManager-Launch, TYPE=PARTIAL_WAKE_LOCK             , COUNT=0, PID=2839, UID=1000, FLAGS=
I/WindowManager( 2839): Screen frozen for +474ms due to Window{55d700d u0 Starting com.wistron.generic.pqaa}
I/WAKELOCK_RELEASE( 2839): TIMESTAMP=7671609904997, TAG=SCREEN_FROZEN, TYPE=PARTIAL_WAKE_LOCK             , COUNT=0, PID=2839, UID=1000, FLAGS=
V/WindowManager( 2839): rotationForOrientationLw(orient=1, last=3); user=0 USER_ROTATION_LOCKED
D/TaskPersister( 2839): removeObsoleteFile: deleting file=38_task.xml
I/WAKELOCK_RELEASE( 2839): TIMESTAMP=7676903565388, TAG=AudioMix, TYPE=PARTIAL_WAKE_LOCK             , COUNT=0, PID=0, UID=1013, FLAGS=
I/WAKELOCK_ACQUIRE( 2839): TIMESTAMP=7680137561992, TAG=*alarm*, TYPE=PARTIAL_WAKE_LOCK             , COUNT=0, PID=2839, UID=1000, FLAGS=
I/WAKELOCK_RELEASE( 2839): TIMESTAMP=7680188887206, TAG=*alarm*, TYPE=PARTIAL_WAKE_LOCK             , COUNT=0, PID=2839, UID=1000, FLAGS=
I/WAKELOCK_ACQUIRE( 2839): TIMESTAMP=7719684666103, TAG=AudioMix, TYPE=PARTIAL_WAKE_LOCK             , COUNT=0, PID=0, UID=1013, FLAGS=
I/ActivityManager( 2839): START u0 {cmp=com.wistron.generic.pqaa/com.wistron.generic.gps.GPS (has extras)} from uid 10049 on display 0
V/WindowManager( 2839): addAppToken: AppWindowToken{1145b972 token=Token{d97767d ActivityRecord{195324d4 u0 com.wistron.generic.pqaa/com.wistron.generic.gps.GPS t40}}} to stack=1 task=40 at 1
I/WAKELOCK_ACQUIRE( 2839): TIMESTAMP=7719699661143, TAG=ActivityManager-Launch, TYPE=PARTIAL_WAKE_LOCK             , COUNT=0, PID=2839, UID=1000, FLAGS=
V/WindowManager( 2839): Adding window Window{14ee3a6c u0 com.wistron.generic.pqaa/com.wistron.generic.gps.GPS} at 3 of 8 (after Window{1e5c211a u0 com.wistron.generic.pqaa/com.wistron.generic.pqaa.TestItemsList})
E/AndroidRuntime( 5211): FATAL EXCEPTION: main
E/AndroidRuntime( 5211): Process: com.wistron.generic.pqaa, PID: 5211
E/AndroidRuntime( 5211): java.lang.RuntimeException: Unable to start service com.wistron.generic.gps.GPSService@113e8298 with Intent { cmp=com.wistron.generic.pqaa/com.wistron.generic.gps.GPSService (has extras) }: java.lang.IllegalArgumentException: provider doesn't exist: gps
E/AndroidRuntime( 5211): 	at android.app.ActivityThread.handleServiceArgs(ActivityThread.java:2912)
E/AndroidRuntime( 5211): 	at android.app.ActivityThread.access$2100(ActivityThread.java:152)
E/AndroidRuntime( 5211): 	at android.app.ActivityThread$H.handleMessage(ActivityThread.java:1402)
E/AndroidRuntime( 5211): 	at android.os.Handler.dispatchMessage(Handler.java:102)
E/AndroidRuntime( 5211): 	at android.os.Looper.loop(Looper.java:135)
E/AndroidRuntime( 5211): 	at android.app.ActivityThread.main(ActivityThread.java:5261)
E/AndroidRuntime( 5211): 	at java.lang.reflect.Method.invoke(Native Method)
E/AndroidRuntime( 5211): 	at java.lang.reflect.Method.invoke(Method.java:372)
E/AndroidRuntime( 5211): 	at com.android.internal.os.ZygoteInit$MethodAndArgsCaller.run(ZygoteInit.java:903)
E/AndroidRuntime( 5211): 	at com.android.internal.os.ZygoteInit.main(ZygoteInit.java:698)
E/AndroidRuntime( 5211): Caused by: java.lang.IllegalArgumentException: provider doesn't exist: gps
E/AndroidRuntime( 5211): 	at android.os.Parcel.readException(Parcel.java:1550)
E/AndroidRuntime( 5211): 	at android.os.Parcel.readException(Parcel.java:1499)
E/AndroidRuntime( 5211): 	at android.location.ILocationManager$Stub$Proxy.requestLocationUpdates(ILocationManager.java:582)
E/AndroidRuntime( 5211): 	at android.location.LocationManager.requestLocationUpdates(LocationManager.java:867)
E/AndroidRuntime( 5211): 	at android.location.LocationManager.requestLocationUpdates(LocationManager.java:459)
E/AndroidRuntime( 5211): 	at com.wistron.generic.gps.GPSService.openGPS(GPSService.java:137)
E/AndroidRuntime( 5211): 	at com.wistron.generic.gps.GPSService.onStartCommand(GPSService.java:90)
E/AndroidRuntime( 5211): 	at android.app.ActivityThread.handleServiceArgs(ActivityThread.java:2895)
E/AndroidRuntime( 5211): 	... 9 more
W/ActivityManager( 2839):   Force finishing activity 1 com.wistron.generic.pqaa/com.wistron.generic.gps.GPS
I/WAKELOCK_ACQUIRE( 2839): TIMESTAMP=7719845189621, TAG=ActivityManager-Launch, TYPE=PARTIAL_WAKE_LOCK             , COUNT=0, PID=2839, UID=1000, FLAGS=
W/ActivityManager( 2839):   Force finishing activity 2 com.wistron.generic.pqaa/.TestItemsList
V/WindowManager( 2839): rotationForOrientationLw(orient=-1, last=3); user=0 USER_ROTATION_LOCKED
I/WAKELOCK_ACQUIRE( 2839): TIMESTAMP=7719858418928, TAG=SCREEN_FROZEN, TYPE=PARTIAL_WAKE_LOCK             , COUNT=0, PID=2839, UID=1000, FLAGS=
I/ActivityManager( 2839): Config changes=480 {1.0 ?mcc?mnc en_US ?layoutDir sw800dp w1280dp h727dp 160dpi xlrg land finger -keyb/v/h -nav/h s.30}
V/ActivityManager( 2839): Display changed displayId=0
I/WindowManager( 2839): Screen frozen for +161ms due to Window{346d8d2 u0 Application Error: com.wistron.generic.pqaa}
I/WAKELOCK_RELEASE( 2839): TIMESTAMP=7720023349928, TAG=SCREEN_FROZEN, TYPE=PARTIAL_WAKE_LOCK             , COUNT=0, PID=2839, UID=1000, FLAGS=
W/ActivityManager( 2839): Activity pause timeout for ActivityRecord{195324d4 u0 com.wistron.generic.pqaa/com.wistron.generic.gps.GPS t40 f}
I/WAKELOCK_RELEASE( 2839): TIMESTAMP=7720431392143, TAG=ActivityManager-Launch, TYPE=PARTIAL_WAKE_LOCK             , COUNT=0, PID=2839, UID=1000, FLAGS=
V/WindowManager( 2839): rotationForOrientationLw(orient=-1, last=0); user=0 USER_ROTATION_LOCKED
I/WAKELOCK_RELEASE( 2839): TIMESTAMP=7722936456664, TAG=AudioMix, TYPE=PARTIAL_WAKE_LOCK             , COUNT=0, PID=0, UID=1013, FLAGS=
I/WAKELOCK_ACQUIRE( 2839): TIMESTAMP=7723013586021, TAG=AudioMix, TYPE=PARTIAL_WAKE_LOCK             , COUNT=0, PID=0, UID=1013, FLAGS=
W/InputMethodManagerService( 2839): Got RemoteException sending setActive(false) notification to pid 5211 uid 10049
I/WindowState( 2839): WIN DEATH: Window{1e5c211a u0 com.wistron.generic.pqaa/com.wistron.generic.pqaa.TestItemsList}
I/WindowState( 2839): WIN DEATH: Window{14ee3a6c u0 com.wistron.generic.pqaa/com.wistron.generic.gps.GPS}
I/WAKELOCK_RELEASE( 2839): TIMESTAMP=7723056840034, TAG=WindowManager, TYPE=SCREEN_BRIGHT_WAKE_LOCK       , COUNT=0, PID=2839, UID=1000, FLAGS= ON_AFTER_RELEASE
I/ActivityManager( 2839): Process com.wistron.generic.pqaa (pid 5211) has died
W/ActivityManager( 2839): Scheduling restart of crashed service com.wistron.generic.pqaa/com.wistron.generic.gps.GPSService in 6514ms
I/WAKELOCK_RELEASE( 2839): TIMESTAMP=7726223496764, TAG=AudioMix, TYPE=PARTIAL_WAKE_LOCK             , COUNT=0, PID=0, UID=1013, FLAGS=
I/ActivityManager( 2839): Start proc 5255:com.wistron.generic.pqaa/u0a49 for service com.wistron.generic.pqaa/com.wistron.generic.gps.GPSService
E/AndroidRuntime( 5255): FATAL EXCEPTION: main
E/AndroidRuntime( 5255): Process: com.wistron.generic.pqaa, PID: 5255
E/AndroidRuntime( 5255): java.lang.RuntimeException: Unable to start service com.wistron.generic.gps.GPSService@17c0a119 with Intent { cmp=com.wistron.generic.pqaa/com.wistron.generic.gps.GPSService (has extras) }: java.lang.IllegalArgumentException: provider doesn't exist: gps
E/AndroidRuntime( 5255): 	at android.app.ActivityThread.handleServiceArgs(ActivityThread.java:2912)
E/AndroidRuntime( 5255): 	at android.app.ActivityThread.access$2100(ActivityThread.java:152)
E/AndroidRuntime( 5255): 	at android.app.ActivityThread$H.handleMessage(ActivityThread.java:1402)
E/AndroidRuntime( 5255): 	at android.os.Handler.dispatchMessage(Handler.java:102)
E/AndroidRuntime( 5255): 	at android.os.Looper.loop(Looper.java:135)
E/AndroidRuntime( 5255): 	at android.app.ActivityThread.main(ActivityThread.java:5261)
E/AndroidRuntime( 5255): 	at java.lang.reflect.Method.invoke(Native Method)
E/AndroidRuntime( 5255): 	at java.lang.reflect.Method.invoke(Method.java:372)
E/AndroidRuntime( 5255): 	at com.android.internal.os.ZygoteInit$MethodAndArgsCaller.run(ZygoteInit.java:903)
E/AndroidRuntime( 5255): 	at com.android.internal.os.ZygoteInit.main(ZygoteInit.java:698)
E/AndroidRuntime( 5255): Caused by: java.lang.IllegalArgumentException: provider doesn't exist: gps
E/AndroidRuntime( 5255): 	at android.os.Parcel.readException(Parcel.java:1550)
E/AndroidRuntime( 5255): 	at android.os.Parcel.readException(Parcel.java:1499)
E/AndroidRuntime( 5255): 	at android.location.ILocationManager$Stub$Proxy.requestLocationUpdates(ILocationManager.java:582)
E/AndroidRuntime( 5255): 	at android.location.LocationManager.requestLocationUpdates(LocationManager.java:867)
E/AndroidRuntime( 5255): 	at android.location.LocationManager.requestLocationUpdates(LocationManager.java:459)
E/AndroidRuntime( 5255): 	at com.wistron.generic.gps.GPSService.openGPS(GPSService.java:137)
E/AndroidRuntime( 5255): 	at com.wistron.generic.gps.GPSService.onStartCommand(GPSService.java:90)
E/AndroidRuntime( 5255): 	at android.app.ActivityThread.handleServiceArgs(ActivityThread.java:2895)
E/AndroidRuntime( 5255): 	... 9 more
I/WAKELOCK_ACQUIRE( 2839): TIMESTAMP=7734369626185, TAG=AudioMix, TYPE=PARTIAL_WAKE_LOCK             , COUNT=0, PID=0, UID=1013, FLAGS=
W/InputMethodManagerService( 2839): Window already focused, ignoring focus gain of: com.android.internal.view.IInputMethodClient$Stub$Proxy@76775e7 attribute=null, token = android.os.BinderProxy@186d8122
I/ActivityManager( 2839): Process com.wistron.generic.pqaa (pid 5255) has died
W/ActivityManager( 2839): Service crashed 2 times, stopping: ServiceRecord{7b1fabe u0 com.wistron.generic.pqaa/com.wistron.generic.gps.GPSService}
I/WAKELOCK_RELEASE( 2839): TIMESTAMP=7737543327133, TAG=AudioMix, TYPE=PARTIAL_WAKE_LOCK             , COUNT=0, PID=0, UID=1013, FLAGS=
I/WAKELOCK_ACQUIRE( 2839): TIMESTAMP=7740137452063, TAG=*alarm*, TYPE=PARTIAL_WAKE_LOCK             , COUNT=0, PID=2839, UID=1000, FLAGS=
I/WAKELOCK_RELEASE( 2839): TIMESTAMP=7740179339194, TAG=*alarm*, TYPE=PARTIAL_WAKE_LOCK             , COUNT=0, PID=2839, UID=1000, FLAGS=
I/WAKELOCK_ACQUIRE( 2839): TIMESTAMP=7800139222070, TAG=*alarm*, TYPE=PARTIAL_WAKE_LOCK             , COUNT=0, PID=2839, UID=1000, FLAGS=
I/WAKELOCK_RELEASE( 2839): TIMESTAMP=7800174793694, TAG=*alarm*, TYPE=PARTIAL_WAKE_LOCK             , COUNT=0, PID=2839, UID=1000, FLAGS=
I/WAKELOCK_ACQUIRE( 2839): TIMESTAMP=7860136195158, TAG=*alarm*, TYPE=PARTIAL_WAKE_LOCK             , COUNT=0, PID=2839, UID=1000, FLAGS=
I/WAKELOCK_RELEASE( 2839): TIMESTAMP=7860178512165, TAG=*alarm*, TYPE=PARTIAL_WAKE_LOCK             , COUNT=0, PID=2839, UID=1000, FLAGS=
I/WAKELOCK_ACQUIRE( 2839): TIMESTAMP=7920137385296, TAG=*alarm*, TYPE=PARTIAL_WAKE_LOCK             , COUNT=0, PID=2839, UID=1000, FLAGS=
I/WAKELOCK_RELEASE( 2839): TIMESTAMP=7920181684230, TAG=*alarm*, TYPE=PARTIAL_WAKE_LOCK             , COUNT=0, PID=2839, UID=1000, FLAGS=
I/WAKELOCK_ACQUIRE( 2839): TIMESTAMP=7921137482649, TAG=*alarm*, TYPE=PARTIAL_WAKE_LOCK             , COUNT=0, PID=2839, UID=1000, FLAGS=
I/WAKELOCK_RELEASE( 2839): TIMESTAMP=7921143983136, TAG=*alarm*, TYPE=PARTIAL_WAKE_LOCK             , COUNT=0, PID=2839, UID=1000, FLAGS=
V/AlarmManager( 2839): triggered: act=android.net.ConnectivityService.action.PKT_CNT_SAMPLE_INTERVAL_ELAPSED pkg=android Pkg: android
I/WAKELOCK_ACQUIRE( 2839): TIMESTAMP=7934671663619, TAG=*alarm*, TYPE=PARTIAL_WAKE_LOCK             , COUNT=0, PID=2839, UID=1000, FLAGS=
I/WAKELOCK_RELEASE( 2839): TIMESTAMP=7934675233323, TAG=*alarm*, TYPE=PARTIAL_WAKE_LOCK             , COUNT=0, PID=2839, UID=1000, FLAGS=
I/WAKELOCK_ACQUIRE( 2839): TIMESTAMP=7980137168675, TAG=*alarm*, TYPE=PARTIAL_WAKE_LOCK             , COUNT=0, PID=2839, UID=1000, FLAGS=
I/WAKELOCK_RELEASE( 2839): TIMESTAMP=7980179610212, TAG=*alarm*, TYPE=PARTIAL_WAKE_LOCK             , COUNT=0, PID=2839, UID=1000, FLAGS=
I/WAKELOCK_ACQUIRE( 2839): TIMESTAMP=8040136355798, TAG=*alarm*, TYPE=PARTIAL_WAKE_LOCK             , COUNT=0, PID=2839, UID=1000, FLAGS=
I/WAKELOCK_RELEASE( 2839): TIMESTAMP=8040167808063, TAG=*alarm*, TYPE=PARTIAL_WAKE_LOCK             , COUNT=0, PID=2839, UID=1000, FLAGS=
I/WAKELOCK_ACQUIRE( 2839): TIMESTAMP=8100137399019, TAG=*alarm*, TYPE=PARTIAL_WAKE_LOCK             , COUNT=0, PID=2839, UID=1000, FLAGS=
I/WAKELOCK_RELEASE( 2839): TIMESTAMP=8100171764754, TAG=*alarm*, TYPE=PARTIAL_WAKE_LOCK             , COUNT=0, PID=2839, UID=1000, FLAGS=
I/WAKELOCK_ACQUIRE( 2839): TIMESTAMP=8160136880464, TAG=*alarm*, TYPE=PARTIAL_WAKE_LOCK             , COUNT=0, PID=2839, UID=1000, FLAGS=
I/WAKELOCK_RELEASE( 2839): TIMESTAMP=8160176530359, TAG=*alarm*, TYPE=PARTIAL_WAKE_LOCK             , COUNT=0, PID=2839, UID=1000, FLAGS=
I/UsageStatsService( 2839): User[0] Flushing usage stats to disk
I/ActivityManager( 2839): START u0 {act=android.intent.action.MAIN cat=[android.intent.category.LAUNCHER] flg=0x10200000 cmp=com.wistron.generic.pqaa/.TestItemsList (has extras)} from uid 10006 on display 0
V/WindowManager( 2839): addAppToken: AppWindowToken{f8b2832 token=Token{466683d ActivityRecord{4a3c594 u0 com.wistron.generic.pqaa/.TestItemsList t41}}} to stack=1 task=41 at 0
I/WAKELOCK_ACQUIRE( 2839): TIMESTAMP=8176202342473, TAG=ActivityManager-Launch, TYPE=PARTIAL_WAKE_LOCK             , COUNT=0, PID=2839, UID=1000, FLAGS=
I/WAKELOCK_ACQUIRE( 2839): TIMESTAMP=8176202954393, TAG=AudioMix, TYPE=PARTIAL_WAKE_LOCK             , COUNT=0, PID=0, UID=1013, FLAGS=
V/WindowManager( 2839): Adding window Window{12933adf u0 Starting com.wistron.generic.pqaa} at 2 of 7 (after Window{64487b3 u0 com.android.launcher/com.android.launcher2.Launcher})
I/ActivityManager( 2839): Start proc 5282:com.wistron.generic.pqaa/u0a49 for activity com.wistron.generic.pqaa/.TestItemsList
V/WindowManager( 2839): rotationForOrientationLw(orient=1, last=0); user=0 USER_ROTATION_LOCKED
I/WAKELOCK_ACQUIRE( 2839): TIMESTAMP=8176270961552, TAG=SCREEN_FROZEN, TYPE=PARTIAL_WAKE_LOCK             , COUNT=0, PID=2839, UID=1000, FLAGS=
V/ActivityManager( 2839): Display changed displayId=0
I/ActivityManager( 2839): Config changes=480 {1.0 ?mcc?mnc en_US ?layoutDir sw800dp w800dp h1207dp 160dpi xlrg port finger -keyb/v/h -nav/h s.31}
--------- beginning of main
D/RouteManager( 2549): 		-executeUnmuteRoutingStage-
D/RouteManager( 2549): audio-parameter-manager: Selection criterion changed event: Criterion name: RoutageState, current state: Flow|Path|Configure
D/RouteManager( 2549): audio-parameter-manager: Configuration application request {
D/RouteManager( 2549): audio-parameter-manager:     Applying configurations {
D/RouteManager( 2549): audio-parameter-manager:         Applying configuration "Unmute" from domain "Routing.Mute.HWCodec.HWCodec.Playback.DAC1_VOL"
D/RouteManager( 2549): audio-parameter-manager:         Applying configuration "Unmute" from domain "Routing.Sst.Mute.HwCodec.Playback.Internal"
D/RouteManager( 2549): audio-parameter-manager:         Applying configuration "Unmute" from domain "Routing.Sst.Mute.Media.Playback.Regular"
D/RouteManager( 2549): audio-parameter-manager:     } Applying configurations
D/RouteManager( 2549): audio-parameter-manager: } Configuration application request
D/RouteManager( 2549): doReconsiderRouting: DONE
D/EVENT_THREAD( 2549): void CEventThread::run() Do poll with timeout: -1
E/TinyAlsaStream( 2549): getFramesAvailable: Unable to get available frames
E/TinyAlsaStream( 2549): getFramesAvailable: Unable to get available frames
E/TinyAlsaStream( 2549): getFramesAvailable: Unable to get available frames
D/ufoEGL  ( 3189): Surface destroy: ANDROID_NATIVE_WINDOW_MAGIC
I/Tethering( 2839): Found payment device
D/ufoEGL  ( 2957): droid_create_context : config id = 4 conf->NativeVisualID=2
I/ufoEGL  ( 2957): Requested context : GLES 2.0
D/ufoEGL  ( 2957): Pixel Format : GGL_PIXEL_FORMAT_RGBX_8888
D/ufoEGL  ( 2957): Pixel Format : GGL_PIXEL_FORMAT_RGBX_8888
D/ufoEGL  ( 2957): Pixel Format : GGL_PIXEL_FORMAT_RGBX_8888
D/ufoEGL  ( 2957): Surface destroy: ANDROID_NATIVE_WINDOW_MAGIC
D/ufoEGL  ( 2957): Surface destroy: ANDROID_NATIVE_WINDOW_MAGIC
D/ufoEGL  ( 2957): Pixel Format : GGL_PIXEL_FORMAT_RGBA_8888
W/System.err( 5282): java.io.FileNotFoundException: /mnt/sdcard/Android/data/com.wistron.generic.pqaa/files/pqaa_config/start.cfg: open failed: ENOENT (No such file or directory)
W/System.err( 5282): 	at libcore.io.IoBridge.open(IoBridge.java:456)
W/System.err( 5282): 	at java.io.FileInputStream.<init>(FileInputStream.java:76)
W/System.err( 5282): 	at java.io.FileInputStream.<init>(FileInputStream.java:103)
W/System.err( 5282): 	at java.io.FileReader.<init>(FileReader.java:66)
W/System.err( 5282): 	at com.wistron.pqaa_common.jar.global.WisToolKit.getSingleParameters(WisToolKit.java:257)
W/System.err( 5282): 	at com.wistron.generic.pqaa.TestItemsList.getSettingParameter(TestItemsList.java:313)
W/System.err( 5282): 	at com.wistron.generic.pqaa.TestItemsList.onCreate(TestItemsList.java:161)
W/System.err( 5282): 	at android.app.Activity.performCreate(Activity.java:5990)
W/System.err( 5282): 	at android.app.Instrumentation.callActivityOnCreate(Instrumentation.java:1106)
W/System.err( 5282): 	at android.app.ActivityThread.performLaunchActivity(ActivityThread.java:2279)
W/System.err( 5282): 	at android.app.ActivityThread.handleLaunchActivity(ActivityThread.java:2388)
W/System.err( 5282): 	at android.app.ActivityThread.access$800(ActivityThread.java:152)
W/System.err( 5282): 	at android.app.ActivityThread$H.handleMessage(ActivityThread.java:1304)
W/System.err( 5282): 	at android.os.Handler.dispatchMessage(Handler.java:102)
W/System.err( 5282): 	at android.os.Looper.loop(Looper.java:135)
W/System.err( 5282): 	at android.app.ActivityThread.main(ActivityThread.java:5261)
W/System.err( 5282): 	at java.lang.reflect.Method.invoke(Native Method)
W/System.err( 5282): 	at java.lang.reflect.Method.invoke(Method.java:372)
W/System.err( 5282): 	at com.android.internal.os.ZygoteInit$MethodAndArgsCaller.run(ZygoteInit.java:903)
W/System.err( 5282): 	at com.android.internal.os.ZygoteInit.main(ZygoteInit.java:698)
W/System.err( 5282): Caused by: android.system.ErrnoException: open failed: ENOENT (No such file or directory)
W/System.err( 5282): 	at libcore.io.Posix.open(Native Method)
W/System.err( 5282): 	at libcore.io.BlockGuardOs.open(BlockGuardOs.java:186)
W/System.err( 5282): 	at libcore.io.IoBridge.open(IoBridge.java:442)
W/System.err( 5282): 	... 19 more
D/ufoEGL  ( 2957): Surface destroy: ANDROID_NATIVE_WINDOW_MAGIC
D/ufoEGL  ( 2957): Pixel Format : GGL_PIXEL_FORMAT_RGBA_8888
D/OpenGLRenderer( 5282): Use EGL_SWAP_BEHAVIOR_PRESERVED: true
I/ufoGralloc( 5282): Hello, this is UFO GRALLOC/Intel Corporation
D/Atlas   ( 5282): Validating map...
V/WindowManager( 2839): Adding window Window{cced656 u0 com.wistron.generic.pqaa/com.wistron.generic.pqaa.TestItemsList} at 2 of 8 (before Window{12933adf u0 Starting com.wistron.generic.pqaa})
V/WindowManager( 2839): Adding window Window{100dbbc4 u0 com.wistron.generic.pqaa/com.wistron.generic.pqaa.TestItemsList} at 2 of 9 (before Window{cced656 u0 com.wistron.generic.pqaa/com.wistron.generic.pqaa.TestItemsList})
I/System.out( 5282): **************--->***26
D/ufoEGL  ( 5282): ENV OGL (32bit) enabled for all processes, use "setptop persist.intel.ogl.procname" to limit it to a single process
I/OpenGLRenderer( 5282): Initialized EGL, version 1.4
W/OpenGLRenderer( 5282): Failed to choose config with EGL_SWAP_BEHAVIOR_PRESERVED, retrying without...
D/ufoEGL  ( 5282): droid_create_context : config id = 9 conf->NativeVisualID=1
I/ufoEGL  ( 5282): Requested context : GLES 2.0
D/ufoEGL  ( 5282): Pixel Format : GGL_PIXEL_FORMAT_RGBA_8888
D/ufoEGL  ( 5282): Pixel Format : GGL_PIXEL_FORMAT_RGBA_8888
D/OpenGLRenderer( 5282): Enabling debug mode 0
D/skuwa   ( 5282): Detected device 22B0:54 family 17:11
D/ufoEGL  ( 5282): Pixel Format : GGL_PIXEL_FORMAT_RGBA_8888
I/WAKELOCK_ACQUIRE( 2839): TIMESTAMP=8176526141274, TAG=WindowManager, TYPE=SCREEN_BRIGHT_WAKE_LOCK       , COUNT=0, PID=2839, UID=1000, FLAGS= ON_AFTER_RELEASE
D/ufoEGL  ( 5282): Pixel Format : GGL_PIXEL_FORMAT_RGBA_8888
D/ufoEGL  ( 5282): Surface destroy: ANDROID_NATIVE_WINDOW_MAGIC
D/ufoEGL  ( 2957): droid_create_context : config id = 4 conf->NativeVisualID=2
I/ufoEGL  ( 2957): Requested context : GLES 2.0
D/ufoEGL  ( 2957): Pixel Format : GGL_PIXEL_FORMAT_RGBX_8888
D/ufoEGL  ( 2957): Pixel Format : GGL_PIXEL_FORMAT_RGBX_8888
D/ufoEGL  ( 2957): Pixel Format : GGL_PIXEL_FORMAT_RGBX_8888
D/ufoEGL  ( 2957): Surface destroy: ANDROID_NATIVE_WINDOW_MAGIC
V/WindowManager( 2839): Layouts looping: On entry to LockedInner, mPendingLayoutChanges = 0x1
V/WindowManager( 2839): Layouts looping: loop number 4, mPendingLayoutChanges = 0x0
V/WindowManager( 2839): Layouts looping: after finishPostLayoutPolicyLw, mPendingLayoutChanges = 0x0
V/WindowManager( 2839): Layouts looping: mLayoutNeeded, mPendingLayoutChanges = 0x1
V/WindowManager( 2839): Layouts looping: On entry to LockedInner, mPendingLayoutChanges = 0x1
V/WindowManager( 2839): Layouts looping: loop number 5, mPendingLayoutChanges = 0x0
V/WindowManager( 2839): Layouts looping: after finishPostLayoutPolicyLw, mPendingLayoutChanges = 0x0
V/WindowManager( 2839): Layouts looping: mLayoutNeeded, mPendingLayoutChanges = 0x1
E/WindowManager( 2839): Performed 6 layouts in a row. Skipping
I/ActivityManager( 2839): Displayed com.wistron.generic.pqaa/.TestItemsList: +469ms
W/IInputConnectionWrapper( 3189): showStatusIcon on inactive InputConnection
I/WAKELOCK_RELEASE( 2839): TIMESTAMP=8176725520862, TAG=ActivityManager-Launch, TYPE=PARTIAL_WAKE_LOCK             , COUNT=0, PID=2839, UID=1000, FLAGS=
I/WindowManager( 2839): Screen frozen for +467ms due to Window{12933adf u0 Starting com.wistron.generic.pqaa}
I/WAKELOCK_RELEASE( 2839): TIMESTAMP=8176745144040, TAG=SCREEN_FROZEN, TYPE=PARTIAL_WAKE_LOCK             , COUNT=0, PID=2839, UID=1000, FLAGS=
V/WindowManager( 2839): rotationForOrientationLw(orient=1, last=3); user=0 USER_ROTATION_LOCKED
I/art     ( 2839): Explicit concurrent mark sweep GC freed 99657(4MB) AllocSpace objects, 5(80KB) LOS objects, 33% free, 10MB/16MB, paused 857us total 54.040ms
D/AudioIntelHal( 2549): stopStream: output stream.
D/AudioIntelHal/AudioPlatformState( 2549): route-parameter-manager: Selection criterion changed event: Criterion name: OutputFlags, current state: <none>
D/AudioIntelHal/AudioPlatformState( 2549): route-parameter-manager: Configuration application request {
D/AudioIntelHal/AudioPlatformState( 2549): route-parameter-manager:     Applying configurations {
D/AudioIntelHal/AudioPlatformState( 2549): route-parameter-manager:         Applying configuration "NotApplicable" from domain "StreamRoute.Media.Playback"
D/AudioIntelHal/AudioPlatformState( 2549): route-parameter-manager:         Applying configuration "No" from domain "Route.HwCodec0IA.Playback.Applicable"
D/AudioIntelHal/AudioPlatformState( 2549): route-parameter-manager:     } Applying configurations
D/AudioIntelHal/AudioPlatformState( 2549): route-parameter-manager: } Configuration application request
D/EVENT_THREAD( 2549): void CEventThread::trig(void*, uint32_t): in
D/EVENT_THREAD( 2549): void CEventThread::trig(void*, uint32_t): out
D/RouteManager( 2549): doReconsiderRouting: Route state:
D/RouteManager( 2549): 	-Previously Enabled Route in Input = <none>
D/RouteManager( 2549): 	-Previously Enabled Route in Output = Media|HwCodec0IA
D/RouteManager( 2549): 	-Selected Route in Input = <none>
D/RouteManager( 2549): 	-Selected Route in Output = <none>
D/RouteManager( 2549): 		-executeMuteRoutingStage-
D/RouteManager( 2549): audio-parameter-manager: Selection criterion changed event: Criterion name: RoutageState, current state: Flow
D/RouteManager( 2549): audio-parameter-manager: Selection criterion changed event: Criterion name: ClosingPlaybackRoutes, current state: Media|HwCodec0IA
D/RouteManager( 2549): audio-parameter-manager: Selection criterion changed event: Criterion name: OpenedPlaybackRoutes, current state: <none>
D/RouteManager( 2549): audio-parameter-manager: Configuration application request {
D/RouteManager( 2549): audio-parameter-manager:     Applying configurations {
D/RouteManager( 2549): audio-parameter-manager:         Applying configuration "Mute" from domain "Routing.Mute.HWCodec.HWCodec.Playback.DAC1_VOL"
D/RouteManager( 2549): audio-parameter-manager:         Applying configuration "Mute" from domain "Routing.Sst.Mute.HwCodec.Playback.Internal"
D/RouteManager( 2549): audio-parameter-manager:         Applying configuration "Mute" from domain "Routing.Sst.Mute.Media.Playback.Regular"
D/RouteManager( 2549): audio-parameter-manager:     } Applying configurations
D/RouteManager( 2549): audio-parameter-manager: } Configuration application request
D/RouteManager( 2549): 		-executeDisableRoutingStage-
D/RouteManager( 2549): audio-parameter-manager: Selection criterion changed event: Criterion name: RoutageState, current state: Path
D/TinyAlsaAudioDevice( 2549): close
D/RouteManager( 2549): audio-parameter-manager: Configuration application request {
D/RouteManager( 2549): audio-parameter-manager:     Applying configurations {
D/RouteManager( 2549): audio-parameter-manager:         Applying configuration "Locked" from domain "Routing.Sst.Enable.VoiceProcessingLock.Uplink"
D/RouteManager( 2549): audio-parameter-manager:         Applying configuration "Locked" from domain "Routing.Sst.Enable.VoiceProcessingLock.Downlink"
D/RouteManager( 2549): audio-parameter-manager:         Applying configuration "Disable" from domain "Routing.Enable.HWCodec.Playback.EarpieceIHF"
D/RouteManager( 2549): audio-parameter-manager:     } Applying configurations
D/RouteManager( 2549): audio-parameter-manager: } Configuration application request
D/RouteManager( 2549): 		-executeConfigureRoutingStage-
D/RouteManager( 2549): audio-parameter-manager: Selection criterion changed event: Criterion name: RoutageState, current state: Configure
D/RouteManager( 2549): audio-parameter-manager: Selection criterion changed event: Criterion name: ClosingPlaybackRoutes, current state: <none>
D/RouteManager( 2549): audio-parameter-manager: Configuration application request {
D/RouteManager( 2549): audio-parameter-manager:     Applying configurations {
D/RouteManager( 2549): audio-parameter-manager:         Applying configuration "Disable" from domain "Routing.Configure.HWCodec.Playback.Ihf"
D/RouteManager( 2549): audio-parameter-manager:         Applying configuration "Disable" from domain "Routing.Configure.HWCodec.Playback.DAC1"
D/RouteManager( 2549): audio-parameter-manager:         Applying configuration "Unbind" from domain "Routing.Sst.Configure.Playback.SpeakerEqToSprot"
D/RouteManager( 2549): audio-parameter-manager:         Applying configuration "Unbind" from domain "Routing.Sst.Configure.Playback.Media.ToSpeakerEq"
D/RouteManager( 2549): audio-parameter-manager:         Applying configuration "Unbind" from domain "Routing.Sst.Configure.Playback.HwCodec.SprotToSpeaker"
D/RouteManager( 2549): audio-parameter-manager:         Applying configuration "Dmic.Bind" from domain "Routing.Sst.Configure.AlwaysListening.VTSV"
D/RouteManager( 2549): audio-parameter-manager:     } Applying configurations
D/RouteManager( 2549): audio-parameter-manager: } Configuration application request
D/RouteManager( 2549): 		-executeEnableRoutingStage-
D/RouteManager( 2549): audio-parameter-manager: Selection criterion changed event: Criterion name: RoutageState, current state: Path|Configure
D/RouteManager( 2549): audio-parameter-manager: Configuration application request {
D/RouteManager( 2549): audio-parameter-manager:     Applying configurations {
D/RouteManager( 2549): audio-parameter-manager:         Applying configuration "UnLocked" from domain "Routing.Sst.Enable.VoiceProcessingLock.Uplink"
D/RouteManager( 2549): audio-parameter-manager:         Applying configuration "UnLocked" from domain "Routing.Sst.Enable.VoiceProcessingLock.Downlink"
D/RouteManager( 2549): audio-parameter-manager:     } Applying configurations
D/RouteManager( 2549): audio-parameter-manager: } Configuration application request
D/RouteManager( 2549): 		-executeUnmuteRoutingStage-
D/RouteManager( 2549): audio-parameter-manager: Selection criterion changed event: Criterion name: RoutageState, current state: Flow|Path|Configure
D/RouteManager( 2549): audio-parameter-manager: Configuration application request {
D/RouteManager( 2549): audio-parameter-manager:     Applying configurations {
D/RouteManager( 2549): audio-parameter-manager:     } Applying configurations
D/RouteManager( 2549): audio-parameter-manager: } Configuration application request
D/RouteManager( 2549): doReconsiderRouting: DONE
D/EVENT_THREAD( 2549): void CEventThread::run() Do poll with timeout: -1
I/WAKELOCK_RELEASE( 2839): TIMESTAMP=8179378359109, TAG=AudioMix, TYPE=PARTIAL_WAKE_LOCK             , COUNT=0, PID=0, UID=1013, FLAGS=
D/TaskPersister( 2839): removeObsoleteFile: deleting file=40_task.xml
E/WifiStateMachine( 2839): WifiStateMachine CMD_START_SCAN source -2 txSuccessRate=0.00 rxSuccessRate=8.75 targetRoamBSSID=f0:9c:e9:1a:75:95 RSSI=-31
E/WifiStateMachine( 2839): WifiStateMachine starting scan for "OTA"WPA_PSK with 2412,2437
E/WifiStateMachine( 2839): WifiStateMachine CMD_START_SCAN source -2 txSuccessRate=0.00 rxSuccessRate=23.56 targetRoamBSSID=f0:9c:e9:1a:75:95 RSSI=-32
E/WifiStateMachine( 2839): WifiStateMachine starting scan for "OTA"WPA_PSK with 2412,2437
I/WAKELOCK_ACQUIRE( 2839): TIMESTAMP=8220137444406, TAG=*alarm*, TYPE=PARTIAL_WAKE_LOCK             , COUNT=0, PID=2839, UID=1000, FLAGS=
I/WAKELOCK_RELEASE( 2839): TIMESTAMP=8220177375211, TAG=*alarm*, TYPE=PARTIAL_WAKE_LOCK             , COUNT=0, PID=2839, UID=1000, FLAGS=
E/WifiStateMachine( 2839): WifiStateMachine CMD_START_SCAN source -2 txSuccessRate=0.00 rxSuccessRate=8.01 targetRoamBSSID=f0:9c:e9:1a:75:95 RSSI=-32
E/WifiStateMachine( 2839): WifiStateMachine CMD_START_SCAN source -2 txSuccessRate=0.00 rxSuccessRate=6.95 targetRoamBSSID=f0:9c:e9:1a:75:95 RSSI=-32
E/WifiStateMachine( 2839): WifiStateMachine starting scan for "OTA"WPA_PSK with 2412,2437
E/WifiStateMachine( 2839): WifiStateMachine CMD_START_SCAN source -2 txSuccessRate=0.00 rxSuccessRate=4.85 targetRoamBSSID=f0:9c:e9:1a:75:95 RSSI=-32
E/WifiStateMachine( 2839): WifiStateMachine starting scan for "OTA"WPA_PSK with 2412,2437
I/WAKELOCK_ACQUIRE( 2839): TIMESTAMP=8280137086544, TAG=*alarm*, TYPE=PARTIAL_WAKE_LOCK             , COUNT=0, PID=2839, UID=1000, FLAGS=
I/WAKELOCK_RELEASE( 2839): TIMESTAMP=8280179848216, TAG=*alarm*, TYPE=PARTIAL_WAKE_LOCK             , COUNT=0, PID=2839, UID=1000, FLAGS=
E/WifiStateMachine( 2839): WifiStateMachine CMD_START_SCAN source -2 txSuccessRate=0.00 rxSuccessRate=19.82 targetRoamBSSID=f0:9c:e9:1a:75:95 RSSI=-32
E/WifiStateMachine( 2839): WifiStateMachine starting scan for "OTA"WPA_PSK with 2412,2437
E/WifiStateMachine( 2839): WifiStateMachine CMD_START_SCAN source -2 txSuccessRate=0.00 rxSuccessRate=9.24 targetRoamBSSID=f0:9c:e9:1a:75:95 RSSI=-32
E/WifiStateMachine( 2839): WifiStateMachine starting scan for "OTA"WPA_PSK with 2412,2437
E/WifiStateMachine( 2839): WifiStateMachine CMD_START_SCAN source -2 txSuccessRate=0.00 rxSuccessRate=10.46 targetRoamBSSID=f0:9c:e9:1a:75:95 RSSI=-32
E/WifiStateMachine( 2839): WifiStateMachine starting scan for "OTA"WPA_PSK with 2412,2437
I/WAKELOCK_ACQUIRE( 2839): TIMESTAMP=8340137447267, TAG=*alarm*, TYPE=PARTIAL_WAKE_LOCK             , COUNT=0, PID=2839, UID=1000, FLAGS=
I/WAKELOCK_RELEASE( 2839): TIMESTAMP=8340193840909, TAG=*alarm*, TYPE=PARTIAL_WAKE_LOCK             , COUNT=0, PID=2839, UID=1000, FLAGS=
E/WifiStateMachine( 2839): WifiStateMachine CMD_START_SCAN source -2 txSuccessRate=0.00 rxSuccessRate=12.20 targetRoamBSSID=f0:9c:e9:1a:75:95 RSSI=-32
E/WifiStateMachine( 2839): WifiStateMachine starting scan for "OTA"WPA_PSK with 2412,2437
E/WifiStateMachine( 2839): WifiStateMachine CMD_START_SCAN source -2 txSuccessRate=0.00 rxSuccessRate=19.92 targetRoamBSSID=f0:9c:e9:1a:75:95 RSSI=-32
E/WifiStateMachine( 2839): WifiStateMachine starting scan for "OTA"WPA_PSK with 2412,2437
D/PROPERTY( 2549): get media.dump_output.befconv: 0
D/PROPERTY( 2549): get media.dump_output.aftconv: 0
D/AudioIntelHal( 2549): startStream: output stream.
D/AudioIntelHal/AudioPlatformState( 2549): route-parameter-manager: Selection criterion changed event: Criterion name: OutputFlags, current state: Primary
D/AudioIntelHal/AudioPlatformState( 2549): route-parameter-manager: Configuration application request {
D/AudioIntelHal/AudioPlatformState( 2549): route-parameter-manager:     Applying configurations {
D/AudioIntelHal/AudioPlatformState( 2549): route-parameter-manager:         Applying configuration "Applicable" from domain "StreamRoute.Media.Playback"
D/AudioIntelHal/AudioPlatformState( 2549): route-parameter-manager:         Applying configuration "Yes" from domain "Route.HwCodec0IA.Playback.Applicable"
D/AudioIntelHal/AudioPlatformState( 2549): route-parameter-manager:     } Applying configurations
I/WAKELOCK_ACQUIRE( 2839): TIMESTAMP=8387239723135, TAG=AudioMix, TYPE=PARTIAL_WAKE_LOCK             , COUNT=0, PID=0, UID=1013, FLAGS=
D/AudioIntelHal/AudioPlatformState( 2549): route-parameter-manager: } Configuration application request
D/EVENT_THREAD( 2549): void CEventThread::trig(void*, uint32_t): in
D/EVENT_THREAD( 2549): void CEventThread::trig(void*, uint32_t): out
D/RouteManager( 2549): doReconsiderRouting: Route state:
D/RouteManager( 2549): 	-Previously Enabled Route in Input = <none>
D/RouteManager( 2549): 	-Previously Enabled Route in Output = <none>
D/RouteManager( 2549): 	-Selected Route in Input = <none>
D/RouteManager( 2549): 	-Selected Route in Output = Media|HwCodec0IA
D/RouteManager( 2549): 		-executeMuteRoutingStage-
D/RouteManager( 2549): audio-parameter-manager: Selection criterion changed event: Criterion name: RoutageState, current state: Flow
D/RouteManager( 2549): audio-parameter-manager: Configuration application request {
D/RouteManager( 2549): audio-parameter-manager:     Applying configurations {
D/RouteManager( 2549): audio-parameter-manager:     } Applying configurations
D/RouteManager( 2549): audio-parameter-manager: } Configuration application request
D/RouteManager( 2549): 		-executeDisableRoutingStage-
D/RouteManager( 2549): audio-parameter-manager: Selection criterion changed event: Criterion name: RoutageState, current state: Path
D/RouteManager( 2549): audio-parameter-manager: Configuration application request {
D/RouteManager( 2549): audio-parameter-manager:     Applying configurations {
D/RouteManager( 2549): audio-parameter-manager:         Applying configuration "Locked" from domain "Routing.Sst.Enable.VoiceProcessingLock.Uplink"
D/RouteManager( 2549): audio-parameter-manager:         Applying configuration "Locked" from domain "Routing.Sst.Enable.VoiceProcessingLock.Downlink"
D/RouteManager( 2549): audio-parameter-manager:     } Applying configurations
D/RouteManager( 2549): audio-parameter-manager: } Configuration application request
D/RouteManager( 2549): 		-executeConfigureRoutingStage-
D/RouteManager( 2549): audio-parameter-manager: Selection criterion changed event: Criterion name: RoutageState, current state: Configure
D/RouteManager( 2549): audio-parameter-manager: Selection criterion changed event: Criterion name: OpenedPlaybackRoutes, current state: Media|HwCodec0IA
D/RouteManager( 2549): audio-parameter-manager: Configuration application request {
D/RouteManager( 2549): audio-parameter-manager:     Applying configurations {
D/RouteManager( 2549): audio-parameter-manager:         Applying configuration "Enable" from domain "Routing.Configure.HWCodec.Playback.Ihf"
D/RouteManager( 2549): audio-parameter-manager:         Applying configuration "Playback" from domain "Routing.Configure.HWCodec.Playback.DAC1"
D/RouteManager( 2549): audio-parameter-manager:         Applying configuration "Bind" from domain "Routing.Sst.Configure.Playback.SpeakerEqToSprot"
D/RouteManager( 2549): audio-parameter-manager:         Applying configuration "Bind" from domain "Routing.Sst.Configure.Playback.Media.ToSpeakerEq"
D/RouteManager( 2549): audio-parameter-manager:         Applying configuration "Bind" from domain "Routing.Sst.Configure.Playback.HwCodec.SprotToSpeaker"
D/RouteManager( 2549): audio-parameter-manager:         Applying configuration "VadMixerInputsAndHfRef.Media.Aec.TxSpeechLine.Bind" from domain "Routing.Sst.Configure.AlwaysListening.VTSV"
D/RouteManager( 2549): audio-parameter-manager:     } Applying configurations
D/RouteManager( 2549): audio-parameter-manager: } Configuration application request
D/RouteManager( 2549): 		-executeEnableRoutingStage-
D/RouteManager( 2549): audio-parameter-manager: Selection criterion changed event: Criterion name: RoutageState, current state: Path|Configure
D/RouteManager( 2549): audio-parameter-manager: Configuration application request {
D/RouteManager( 2549): audio-parameter-manager:     Applying configurations {
D/RouteManager( 2549): audio-parameter-manager:         Applying configuration "UnLocked" from domain "Routing.Sst.Enable.VoiceProcessingLock.Uplink"
D/RouteManager( 2549): audio-parameter-manager:         Applying configuration "UnLocked" from domain "Routing.Sst.Enable.VoiceProcessingLock.Downlink"
D/RouteManager( 2549): audio-parameter-manager:         Applying configuration "Enable" from domain "Routing.Enable.HWCodec.Playback.EarpieceIHF"
D/RouteManager( 2549): audio-parameter-manager:     } Applying configurations
D/RouteManager( 2549): audio-parameter-manager: } Configuration application request
D/TinyAlsaAudioDevice( 2549): open: card (cherrytrailaud, 0) 
D/TinyAlsaAudioDevice( 2549): 	 config (rate=48000 format=0 channels= 2).
D/TinyAlsaAudioDevice( 2549): 	 RingBuffer config: periodSize=1152 nbPeriod=4startTh=1151 stop Th=4608 silence Th=0
D/AudioConversion( 2549): configure: no convertion required
D/RouteManager( 2549): 		-executeUnmuteRoutingStage-
D/RouteManager( 2549): audio-parameter-manager: Selection criterion changed event: Criterion name: RoutageState, current state: Flow|Path|Configure
D/RouteManager( 2549): audio-parameter-manager: Configuration application request {
D/RouteManager( 2549): audio-parameter-manager:     Applying configurations {
D/RouteManager( 2549): audio-parameter-manager:         Applying configuration "Unmute" from domain "Routing.Mute.HWCodec.HWCodec.Playback.DAC1_VOL"
D/RouteManager( 2549): audio-parameter-manager:         Applying configuration "Unmute" from domain "Routing.Sst.Mute.HwCodec.Playback.Internal"
D/RouteManager( 2549): audio-parameter-manager:         Applying configuration "Unmute" from domain "Routing.Sst.Mute.Media.Playback.Regular"
D/RouteManager( 2549): audio-parameter-manager:     } Applying configurations
D/RouteManager( 2549): audio-parameter-manager: } Configuration application request
D/RouteManager( 2549): doReconsiderRouting: DONE
E/TinyAlsaStream( 2549): getFramesAvailable: Unable to get available frames
E/TinyAlsaStream( 2549): getFramesAvailable: Unable to get available frames
E/TinyAlsaStream( 2549): getFramesAvailable: Unable to get available frames
D/EVENT_THREAD( 2549): void CEventThread::run() Do poll with timeout: -1
E/WifiStateMachine( 2839): WifiStateMachine CMD_START_SCAN source -2 txSuccessRate=0.00 rxSuccessRate=9.55 targetRoamBSSID=f0:9c:e9:1a:75:95 RSSI=-32
E/WifiStateMachine( 2839): WifiStateMachine starting scan for "OTA"WPA_PSK with 2412,2437
D/AudioIntelHal( 2549): stopStream: output stream.
D/AudioIntelHal/AudioPlatformState( 2549): route-parameter-manager: Selection criterion changed event: Criterion name: OutputFlags, current state: <none>
D/AudioIntelHal/AudioPlatformState( 2549): route-parameter-manager: Configuration application request {
D/AudioIntelHal/AudioPlatformState( 2549): route-parameter-manager:     Applying configurations {
D/AudioIntelHal/AudioPlatformState( 2549): route-parameter-manager:         Applying configuration "NotApplicable" from domain "StreamRoute.Media.Playback"
D/AudioIntelHal/AudioPlatformState( 2549): route-parameter-manager:         Applying configuration "No" from domain "Route.HwCodec0IA.Playback.Applicable"
D/AudioIntelHal/AudioPlatformState( 2549): route-parameter-manager:     } Applying configurations
D/AudioIntelHal/AudioPlatformState( 2549): route-parameter-manager: } Configuration application request
D/EVENT_THREAD( 2549): void CEventThread::trig(void*, uint32_t): in
D/EVENT_THREAD( 2549): void CEventThread::trig(void*, uint32_t): out
D/RouteManager( 2549): doReconsiderRouting: Route state:
D/RouteManager( 2549): 	-Previously Enabled Route in Input = <none>
D/RouteManager( 2549): 	-Previously Enabled Route in Output = Media|HwCodec0IA
D/RouteManager( 2549): 	-Selected Route in Input = <none>
D/RouteManager( 2549): 	-Selected Route in Output = <none>
D/RouteManager( 2549): 		-executeMuteRoutingStage-
D/RouteManager( 2549): audio-parameter-manager: Selection criterion changed event: Criterion name: RoutageState, current state: Flow
D/RouteManager( 2549): audio-parameter-manager: Selection criterion changed event: Criterion name: ClosingPlaybackRoutes, current state: Media|HwCodec0IA
D/RouteManager( 2549): audio-parameter-manager: Selection criterion changed event: Criterion name: OpenedPlaybackRoutes, current state: <none>
D/RouteManager( 2549): audio-parameter-manager: Configuration application request {
D/RouteManager( 2549): audio-parameter-manager:     Applying configurations {
D/RouteManager( 2549): audio-parameter-manager:         Applying configuration "Mute" from domain "Routing.Mute.HWCodec.HWCodec.Playback.DAC1_VOL"
D/RouteManager( 2549): audio-parameter-manager:         Applying configuration "Mute" from domain "Routing.Sst.Mute.HwCodec.Playback.Internal"
D/RouteManager( 2549): audio-parameter-manager:         Applying configuration "Mute" from domain "Routing.Sst.Mute.Media.Playback.Regular"
D/RouteManager( 2549): audio-parameter-manager:     } Applying configurations
D/RouteManager( 2549): audio-parameter-manager: } Configuration application request
D/RouteManager( 2549): 		-executeDisableRoutingStage-
D/RouteManager( 2549): audio-parameter-manager: Selection criterion changed event: Criterion name: RoutageState, current state: Path
D/TinyAlsaAudioDevice( 2549): close
D/RouteManager( 2549): audio-parameter-manager: Configuration application request {
D/RouteManager( 2549): audio-parameter-manager:     Applying configurations {
D/RouteManager( 2549): audio-parameter-manager:         Applying configuration "Locked" from domain "Routing.Sst.Enable.VoiceProcessingLock.Uplink"
D/RouteManager( 2549): audio-parameter-manager:         Applying configuration "Locked" from domain "Routing.Sst.Enable.VoiceProcessingLock.Downlink"
D/RouteManager( 2549): audio-parameter-manager:         Applying configuration "Disable" from domain "Routing.Enable.HWCodec.Playback.EarpieceIHF"
D/RouteManager( 2549): audio-parameter-manager:     } Applying configurations
D/RouteManager( 2549): audio-parameter-manager: } Configuration application request
D/RouteManager( 2549): 		-executeConfigureRoutingStage-
D/RouteManager( 2549): audio-parameter-manager: Selection criterion changed event: Criterion name: RoutageState, current state: Configure
D/RouteManager( 2549): audio-parameter-manager: Selection criterion changed event: Criterion name: ClosingPlaybackRoutes, current state: <none>
D/RouteManager( 2549): audio-parameter-manager: Configuration application request {
D/RouteManager( 2549): audio-parameter-manager:     Applying configurations {
D/RouteManager( 2549): audio-parameter-manager:         Applying configuration "Disable" from domain "Routing.Configure.HWCodec.Playback.Ihf"
D/RouteManager( 2549): audio-parameter-manager:         Applying configuration "Disable" from domain "Routing.Configure.HWCodec.Playback.DAC1"
D/RouteManager( 2549): audio-parameter-manager:         Applying configuration "Unbind" from domain "Routing.Sst.Configure.Playback.SpeakerEqToSprot"
D/RouteManager( 2549): audio-parameter-manager:         Applying configuration "Unbind" from domain "Routing.Sst.Configure.Playback.Media.ToSpeakerEq"
D/RouteManager( 2549): audio-parameter-manager:         Applying configuration "Unbind" from domain "Routing.Sst.Configure.Playback.HwCodec.SprotToSpeaker"
D/RouteManager( 2549): audio-parameter-manager:         Applying configuration "Dmic.Bind" from domain "Routing.Sst.Configure.AlwaysListening.VTSV"
D/RouteManager( 2549): audio-parameter-manager:     } Applying configurations
D/RouteManager( 2549): audio-parameter-manager: } Configuration application request
D/RouteManager( 2549): 		-executeEnableRoutingStage-
D/RouteManager( 2549): audio-parameter-manager: Selection criterion changed event: Criterion name: RoutageState, current state: Path|Configure
D/RouteManager( 2549): audio-parameter-manager: Configuration application request {
D/RouteManager( 2549): audio-parameter-manager:     Applying configurations {
D/RouteManager( 2549): audio-parameter-manager:         Applying configuration "UnLocked" from domain "Routing.Sst.Enable.VoiceProcessingLock.Uplink"
D/RouteManager( 2549): audio-parameter-manager:         Applying configuration "UnLocked" from domain "Routing.Sst.Enable.VoiceProcessingLock.Downlink"
D/RouteManager( 2549): audio-parameter-manager:     } Applying configurations
D/RouteManager( 2549): audio-parameter-manager: } Configuration application request
D/RouteManager( 2549): 		-executeUnmuteRoutingStage-
D/RouteManager( 2549): audio-parameter-manager: Selection criterion changed event: Criterion name: RoutageState, current state: Flow|Path|Configure
D/RouteManager( 2549): audio-parameter-manager: Configuration application request {
D/RouteManager( 2549): audio-parameter-manager:     Applying configurations {
D/RouteManager( 2549): audio-parameter-manager:     } Applying configurations
D/RouteManager( 2549): audio-parameter-manager: } Configuration application request
D/RouteManager( 2549): doReconsiderRouting: DONE
D/EVENT_THREAD( 2549): void CEventThread::run() Do poll with timeout: -1
I/WAKELOCK_RELEASE( 2839): TIMESTAMP=8390398460157, TAG=AudioMix, TYPE=PARTIAL_WAKE_LOCK             , COUNT=0, PID=0, UID=1013, FLAGS=
D/PROPERTY( 2549): get media.dump_output.befconv: 0
D/PROPERTY( 2549): get media.dump_output.aftconv: 0
D/AudioIntelHal( 2549): startStream: output stream.
D/AudioIntelHal/AudioPlatformState( 2549): route-parameter-manager: Selection criterion changed event: Criterion name: OutputFlags, current state: Primary
I/WAKELOCK_ACQUIRE( 2839): TIMESTAMP=8397222875382, TAG=AudioMix, TYPE=PARTIAL_WAKE_LOCK             , COUNT=0, PID=0, UID=1013, FLAGS=
D/AudioIntelHal/AudioPlatformState( 2549): route-parameter-manager: Configuration application request {
D/AudioIntelHal/AudioPlatformState( 2549): route-parameter-manager:     Applying configurations {
D/AudioIntelHal/AudioPlatformState( 2549): route-parameter-manager:         Applying configuration "Applicable" from domain "StreamRoute.Media.Playback"
D/AudioIntelHal/AudioPlatformState( 2549): route-parameter-manager:         Applying configuration "Yes" from domain "Route.HwCodec0IA.Playback.Applicable"
D/AudioIntelHal/AudioPlatformState( 2549): route-parameter-manager:     } Applying configurations
D/AudioIntelHal/AudioPlatformState( 2549): route-parameter-manager: } Configuration application request
D/EVENT_THREAD( 2549): void CEventThread::trig(void*, uint32_t): in
D/EVENT_THREAD( 2549): void CEventThread::trig(void*, uint32_t): out
D/RouteManager( 2549): doReconsiderRouting: Route state:
D/RouteManager( 2549): 	-Previously Enabled Route in Input = <none>
D/RouteManager( 2549): 	-Previously Enabled Route in Output = <none>
D/RouteManager( 2549): 	-Selected Route in Input = <none>
D/RouteManager( 2549): 	-Selected Route in Output = Media|HwCodec0IA
D/RouteManager( 2549): 		-executeMuteRoutingStage-
D/RouteManager( 2549): audio-parameter-manager: Selection criterion changed event: Criterion name: RoutageState, current state: Flow
D/RouteManager( 2549): audio-parameter-manager: Configuration application request {
D/RouteManager( 2549): audio-parameter-manager:     Applying configurations {
D/RouteManager( 2549): audio-parameter-manager:     } Applying configurations
D/RouteManager( 2549): audio-parameter-manager: } Configuration application request
D/RouteManager( 2549): 		-executeDisableRoutingStage-
D/RouteManager( 2549): audio-parameter-manager: Selection criterion changed event: Criterion name: RoutageState, current state: Path
D/RouteManager( 2549): audio-parameter-manager: Configuration application request {
D/RouteManager( 2549): audio-parameter-manager:     Applying configurations {
D/RouteManager( 2549): audio-parameter-manager:         Applying configuration "Locked" from domain "Routing.Sst.Enable.VoiceProcessingLock.Uplink"
D/RouteManager( 2549): audio-parameter-manager:         Applying configuration "Locked" from domain "Routing.Sst.Enable.VoiceProcessingLock.Downlink"
D/RouteManager( 2549): audio-parameter-manager:     } Applying configurations
D/RouteManager( 2549): audio-parameter-manager: } Configuration application request
D/RouteManager( 2549): 		-executeConfigureRoutingStage-
D/RouteManager( 2549): audio-parameter-manager: Selection criterion changed event: Criterion name: RoutageState, current state: Configure
D/RouteManager( 2549): audio-parameter-manager: Selection criterion changed event: Criterion name: OpenedPlaybackRoutes, current state: Media|HwCodec0IA
D/RouteManager( 2549): audio-parameter-manager: Configuration application request {
D/RouteManager( 2549): audio-parameter-manager:     Applying configurations {
D/RouteManager( 2549): audio-parameter-manager:         Applying configuration "Enable" from domain "Routing.Configure.HWCodec.Playback.Ihf"
