D/TinyAlsaAudioDevice( 2549): close
D/RouteManager( 2549): audio-parameter-manager: Configuration application request {
D/RouteManager( 2549): audio-parameter-manager:     Applying configurations {
D/RouteManager( 2549): audio-parameter-manager:         Applying configuration "Locked" from domain "Routing.Sst.Enable.VoiceProcessingLock.Uplink"
D/RouteManager( 2549): audio-parameter-manager:         Applying configuration "Locked" from domain "Routing.Sst.Enable.VoiceProcessingLock.Downlink"
D/RouteManager( 2549): audio-parameter-manager:         Applying configuration "Disable" from domain "Routing.Enable.HWCodec.Playback.Headphones"
D/RouteManager( 2549): audio-parameter-manager:     } Applying configurations
D/RouteManager( 2549): audio-parameter-manager: } Configuration application request
D/RouteManager( 2549): 		-executeConfigureRoutingStage-
D/RouteManager( 2549): audio-parameter-manager: Selection criterion changed event: Criterion name: RoutageState, current state: Configure
D/RouteManager( 2549): audio-parameter-manager: Selection criterion changed event: Criterion name: ClosingPlaybackRoutes, current state: <none>
D/RouteManager( 2549): audio-parameter-manager: Configuration application request {
D/RouteManager( 2549): audio-parameter-manager:     Applying configurations {
D/RouteManager( 2549): audio-parameter-manager:         Applying configuration "Disable" from domain "Routing.Configure.HWCodec.Playback.Headphones"
D/RouteManager( 2549): audio-parameter-manager:         Applying configuration "Disable" from domain "Routing.Configure.HWCodec.Playback.DAC1"
D/RouteManager( 2549): audio-parameter-manager:         Applying configuration "Unbind" from domain "Routing.Sst.Configure.Playback.Media.ToEarpieceOrHeadset"
D/RouteManager( 2549): audio-parameter-manager:     } Applying configurations
D/RouteManager( 2549): audio-parameter-manager: } Configuration application request
D/RouteManager( 2549): 		-executeEnableRoutingStage-
D/RouteManager( 2549): audio-parameter-manager: Selection criterion changed event: Criterion name: RoutageState, current state: Path|Configure
D/RouteManager( 2549): audio-parameter-manager: Configuration application request {
D/RouteManager( 2549): audio-parameter-manager:     Applying configurations {
D/RouteManager( 2549): audio-parameter-manager:         Applying configuration "UnLocked" from domain "Routing.Sst.Enable.VoiceProcessingLock.Uplink"
D/RouteManager( 2549): audio-parameter-manager:         Applying configuration "UnLocked" from domain "Routing.Sst.Enable.VoiceProcessingLock.Downlink"
D/RouteManager( 2549): audio-parameter-manager:     } Applying configurations
D/RouteManager( 2549): audio-parameter-manager: } Configuration application request
D/RouteManager( 2549): 		-executeUnmuteRoutingStage-
D/RouteManager( 2549): audio-parameter-manager: Selection criterion changed event: Criterion name: RoutageState, current state: Flow|Path|Configure
D/RouteManager( 2549): audio-parameter-manager: Configuration application request {
D/RouteManager( 2549): audio-parameter-manager:     Applying configurations {
D/RouteManager( 2549): audio-parameter-manager:     } Applying configurations
D/RouteManager( 2549): audio-parameter-manager: } Configuration application request
D/RouteManager( 2549): doReconsiderRouting: DONE
D/EVENT_THREAD( 2549): void CEventThread::run() Do poll with timeout: -1
I/WAKELOCK_RELEASE( 2839): TIMESTAMP=2267424746034, TAG=AudioMix, TYPE=PARTIAL_WAKE_LOCK             , COUNT=0, PID=0, UID=1013, FLAGS=
D/TaskPersister( 2839): removeObsoleteFile: deleting file=33_task.xml
E/WifiStateMachine( 2839): WifiStateMachine CMD_START_SCAN source -2 txSuccessRate=0.00 rxSuccessRate=6.44 targetRoamBSSID=f0:9c:e9:1a:75:95 RSSI=-35
E/WifiStateMachine( 2839): WifiStateMachine starting scan for "OTA"WPA_PSK with 2412,2437
I/WAKELOCK_ACQUIRE( 2839): TIMESTAMP=2280137389983, TAG=*alarm*, TYPE=PARTIAL_WAKE_LOCK             , COUNT=0, PID=2839, UID=1000, FLAGS=
I/WAKELOCK_RELEASE( 2839): TIMESTAMP=2280184855658, TAG=*alarm*, TYPE=PARTIAL_WAKE_LOCK             , COUNT=0, PID=2839, UID=1000, FLAGS=
E/WifiStateMachine( 2839): WifiStateMachine CMD_START_SCAN source -2 txSuccessRate=0.00 rxSuccessRate=4.82 targetRoamBSSID=f0:9c:e9:1a:75:95 RSSI=-35
E/WifiStateMachine( 2839): WifiStateMachine starting scan for "OTA"WPA_PSK with 2412,2437
E/WifiStateMachine( 2839): WifiStateMachine CMD_START_SCAN source -2 txSuccessRate=0.00 rxSuccessRate=11.89 targetRoamBSSID=f0:9c:e9:1a:75:95 RSSI=-34
E/WifiStateMachine( 2839): WifiStateMachine starting scan for "OTA"WPA_PSK with 2412,2437
W/AudioPort( 2549): release: Port UNUSED 2
W/AudioPort( 2549): release: Port UNUSED 34
D/AudioIntelHal/AudioPlatformState( 2549): setParameters: key value pair android_mode=0;output_devices=4
I/WAKELOCK_ACQUIRE( 2839): TIMESTAMP=2323130484785, TAG=AudioMix, TYPE=PARTIAL_WAKE_LOCK             , COUNT=0, PID=0, UID=1013, FLAGS=
D/PROPERTY( 2549): get media.dump_output.befconv: 0
D/PROPERTY( 2549): get media.dump_output.aftconv: 0
D/AudioIntelHal( 2549): startStream: output stream.
D/AudioIntelHal/AudioPlatformState( 2549): route-parameter-manager: Selection criterion changed event: Criterion name: OutputFlags, current state: Primary
D/AudioIntelHal/AudioPlatformState( 2549): route-parameter-manager: Configuration application request {
D/AudioIntelHal/AudioPlatformState( 2549): route-parameter-manager:     Applying configurations {
D/AudioIntelHal/AudioPlatformState( 2549): route-parameter-manager:         Applying configuration "Applicable" from domain "StreamRoute.Media.Playback"
D/AudioIntelHal/AudioPlatformState( 2549): route-parameter-manager:         Applying configuration "Yes" from domain "Route.HwCodec1IA.Playback.Applicable"
D/AudioIntelHal/AudioPlatformState( 2549): route-parameter-manager:     } Applying configurations
D/AudioIntelHal/AudioPlatformState( 2549): route-parameter-manager: } Configuration application request
D/EVENT_THREAD( 2549): void CEventThread::trig(void*, uint32_t): in
D/EVENT_THREAD( 2549): void CEventThread::trig(void*, uint32_t): out
D/RouteManager( 2549): doReconsiderRouting: Route state:
D/RouteManager( 2549): 	-Previously Enabled Route in Input = <none>
D/RouteManager( 2549): 	-Previously Enabled Route in Output = <none>
D/RouteManager( 2549): 	-Selected Route in Input = <none>
D/RouteManager( 2549): 	-Selected Route in Output = Media|HwCodec1IA
D/RouteManager( 2549): 		-executeMuteRoutingStage-
D/RouteManager( 2549): audio-parameter-manager: Selection criterion changed event: Criterion name: RoutageState, current state: Flow
D/RouteManager( 2549): audio-parameter-manager: Configuration application request {
D/RouteManager( 2549): audio-parameter-manager:     Applying configurations {
D/RouteManager( 2549): audio-parameter-manager:     } Applying configurations
D/RouteManager( 2549): audio-parameter-manager: } Configuration application request
D/RouteManager( 2549): 		-executeDisableRoutingStage-
D/RouteManager( 2549): audio-parameter-manager: Selection criterion changed event: Criterion name: RoutageState, current state: Path
D/RouteManager( 2549): audio-parameter-manager: Configuration application request {
D/RouteManager( 2549): audio-parameter-manager:     Applying configurations {
D/RouteManager( 2549): audio-parameter-manager:         Applying configuration "Locked" from domain "Routing.Sst.Enable.VoiceProcessingLock.Uplink"
D/RouteManager( 2549): audio-parameter-manager:         Applying configuration "Locked" from domain "Routing.Sst.Enable.VoiceProcessingLock.Downlink"
D/RouteManager( 2549): audio-parameter-manager:     } Applying configurations
D/RouteManager( 2549): audio-parameter-manager: } Configuration application request
D/RouteManager( 2549): 		-executeConfigureRoutingStage-
D/RouteManager( 2549): audio-parameter-manager: Selection criterion changed event: Criterion name: RoutageState, current state: Configure
D/RouteManager( 2549): audio-parameter-manager: Selection criterion changed event: Criterion name: OpenedPlaybackRoutes, current state: Media|HwCodec1IA
D/RouteManager( 2549): audio-parameter-manager: Configuration application request {
D/RouteManager( 2549): audio-parameter-manager:     Applying configurations {
D/RouteManager( 2549): audio-parameter-manager:         Applying configuration "Enable" from domain "Routing.Configure.HWCodec.Playback.Headphones"
D/RouteManager( 2549): audio-parameter-manager:         Applying configuration "Playback" from domain "Routing.Configure.HWCodec.Playback.DAC1"
D/RouteManager( 2549): audio-parameter-manager:         Applying configuration "Bind" from domain "Routing.Sst.Configure.Playback.Media.ToEarpieceOrHeadset"
D/RouteManager( 2549): audio-parameter-manager:     } Applying configurations
D/RouteManager( 2549): audio-parameter-manager: } Configuration application request
D/RouteManager( 2549): 		-executeEnableRoutingStage-
D/RouteManager( 2549): audio-parameter-manager: Selection criterion changed event: Criterion name: RoutageState, current state: Path|Configure
D/RouteManager( 2549): audio-parameter-manager: Configuration application request {
D/RouteManager( 2549): audio-parameter-manager:     Applying configurations {
D/RouteManager( 2549): audio-parameter-manager:         Applying configuration "UnLocked" from domain "Routing.Sst.Enable.VoiceProcessingLock.Uplink"
D/RouteManager( 2549): audio-parameter-manager:         Applying configuration "UnLocked" from domain "Routing.Sst.Enable.VoiceProcessingLock.Downlink"
D/RouteManager( 2549): audio-parameter-manager:         Applying configuration "Enable" from domain "Routing.Enable.HWCodec.Playback.Headphones"
D/RouteManager( 2549): audio-parameter-manager:     } Applying configurations
D/RouteManager( 2549): audio-parameter-manager: } Configuration application request
D/TinyAlsaAudioDevice( 2549): open: card (cherrytrailaud, 0) 
D/TinyAlsaAudioDevice( 2549): 	 config (rate=48000 format=0 channels= 2).
D/TinyAlsaAudioDevice( 2549): 	 RingBuffer config: periodSize=1152 nbPeriod=4startTh=1151 stop Th=4608 silence Th=0
D/AudioConversion( 2549): configure: no convertion required
D/RouteManager( 2549): 		-executeUnmuteRoutingStage-
D/RouteManager( 2549): audio-parameter-manager: Selection criterion changed event: Criterion name: RoutageState, current state: Flow|Path|Configure
D/RouteManager( 2549): audio-parameter-manager: Configuration application request {
D/RouteManager( 2549): audio-parameter-manager:     Applying configurations {
D/RouteManager( 2549): audio-parameter-manager:         Applying configuration "Unmute" from domain "Routing.Mute.HWCodec.HWCodec.Playback.DAC1_VOL"
D/RouteManager( 2549): audio-parameter-manager:         Applying configuration "Unmute" from domain "Routing.Mute.HWCodec.HWCodec.Playback.Headphones"
D/RouteManager( 2549): audio-parameter-manager:         Applying configuration "Unmute" from domain "Routing.Sst.Mute.HwCodec.Playback.Internal"
D/RouteManager( 2549): audio-parameter-manager:         Applying configuration "Unmute" from domain "Routing.Sst.Mute.Media.Playback.Regular"
D/RouteManager( 2549): audio-parameter-manager:     } Applying configurations
D/RouteManager( 2549): audio-parameter-manager: } Configuration application request
D/RouteManager( 2549): doReconsiderRouting: DONE
E/TinyAlsaStream( 2549): getFramesAvailable: Unable to get available frames
E/TinyAlsaStream( 2549): getFramesAvailable: Unable to get available frames
E/TinyAlsaStream( 2549): getFramesAvailable: Unable to get available frames
D/EVENT_THREAD( 2549): void CEventThread::run() Do poll with timeout: -1
W/AudioPort( 2549): release: Port UNUSED 2
W/AudioPort( 2549): release: Port UNUSED 34
D/AudioIntelHal/AudioPlatformState( 2549): setParameters: key value pair android_mode=0;output_devices=4
D/AudioIntelHal( 2549): stopStream: output stream.
D/AudioIntelHal/AudioPlatformState( 2549): route-parameter-manager: Selection criterion changed event: Criterion name: OutputFlags, current state: <none>
D/AudioIntelHal/AudioPlatformState( 2549): route-parameter-manager: Configuration application request {
D/AudioIntelHal/AudioPlatformState( 2549): route-parameter-manager:     Applying configurations {
D/AudioIntelHal/AudioPlatformState( 2549): route-parameter-manager:         Applying configuration "NotApplicable" from domain "StreamRoute.Media.Playback"
D/AudioIntelHal/AudioPlatformState( 2549): route-parameter-manager:         Applying configuration "No" from domain "Route.HwCodec1IA.Playback.Applicable"
D/AudioIntelHal/AudioPlatformState( 2549): route-parameter-manager:     } Applying configurations
D/AudioIntelHal/AudioPlatformState( 2549): route-parameter-manager: } Configuration application request
D/EVENT_THREAD( 2549): void CEventThread::trig(void*, uint32_t): in
D/EVENT_THREAD( 2549): void CEventThread::trig(void*, uint32_t): out
D/RouteManager( 2549): doReconsiderRouting: Route state:
D/RouteManager( 2549): 	-Previously Enabled Route in Input = <none>
D/RouteManager( 2549): 	-Previously Enabled Route in Output = Media|HwCodec1IA
D/RouteManager( 2549): 	-Selected Route in Input = <none>
D/RouteManager( 2549): 	-Selected Route in Output = <none>
D/RouteManager( 2549): 		-executeMuteRoutingStage-
D/RouteManager( 2549): audio-parameter-manager: Selection criterion changed event: Criterion name: RoutageState, current state: Flow
D/RouteManager( 2549): audio-parameter-manager: Selection criterion changed event: Criterion name: ClosingPlaybackRoutes, current state: Media|HwCodec1IA
D/RouteManager( 2549): audio-parameter-manager: Selection criterion changed event: Criterion name: OpenedPlaybackRoutes, current state: <none>
D/RouteManager( 2549): audio-parameter-manager: Configuration application request {
D/RouteManager( 2549): audio-parameter-manager:     Applying configurations {
D/RouteManager( 2549): audio-parameter-manager:         Applying configuration "Mute" from domain "Routing.Mute.HWCodec.HWCodec.Playback.DAC1_VOL"
D/RouteManager( 2549): audio-parameter-manager:         Applying configuration "Mute" from domain "Routing.Mute.HWCodec.HWCodec.Playback.Headphones"
D/RouteManager( 2549): audio-parameter-manager:         Applying configuration "Mute" from domain "Routing.Sst.Mute.HwCodec.Playback.Internal"
D/RouteManager( 2549): audio-parameter-manager:         Applying configuration "Mute" from domain "Routing.Sst.Mute.Media.Playback.Regular"
D/RouteManager( 2549): audio-parameter-manager:     } Applying configurations
D/RouteManager( 2549): audio-parameter-manager: } Configuration application request
D/RouteManager( 2549): 		-executeDisableRoutingStage-
D/RouteManager( 2549): audio-parameter-manager: Selection criterion changed event: Criterion name: RoutageState, current state: Path
D/TinyAlsaAudioDevice( 2549): close
D/RouteManager( 2549): audio-parameter-manager: Configuration application request {
D/RouteManager( 2549): audio-parameter-manager:     Applying configurations {
D/RouteManager( 2549): audio-parameter-manager:         Applying configuration "Locked" from domain "Routing.Sst.Enable.VoiceProcessingLock.Uplink"
D/RouteManager( 2549): audio-parameter-manager:         Applying configuration "Locked" from domain "Routing.Sst.Enable.VoiceProcessingLock.Downlink"
D/RouteManager( 2549): audio-parameter-manager:         Applying configuration "Disable" from domain "Routing.Enable.HWCodec.Playback.Headphones"
D/RouteManager( 2549): audio-parameter-manager:     } Applying configurations
D/RouteManager( 2549): audio-parameter-manager: } Configuration application request
D/RouteManager( 2549): 		-executeConfigureRoutingStage-
D/RouteManager( 2549): audio-parameter-manager: Selection criterion changed event: Criterion name: RoutageState, current state: Configure
D/RouteManager( 2549): audio-parameter-manager: Selection criterion changed event: Criterion name: ClosingPlaybackRoutes, current state: <none>
D/RouteManager( 2549): audio-parameter-manager: Configuration application request {
D/RouteManager( 2549): audio-parameter-manager:     Applying configurations {
D/RouteManager( 2549): audio-parameter-manager:         Applying configuration "Disable" from domain "Routing.Configure.HWCodec.Playback.Headphones"
D/RouteManager( 2549): audio-parameter-manager:         Applying configuration "Disable" from domain "Routing.Configure.HWCodec.Playback.DAC1"
D/RouteManager( 2549): audio-parameter-manager:         Applying configuration "Unbind" from domain "Routing.Sst.Configure.Playback.Media.ToEarpieceOrHeadset"
D/RouteManager( 2549): audio-parameter-manager:     } Applying configurations
D/RouteManager( 2549): audio-parameter-manager: } Configuration application request
D/RouteManager( 2549): 		-executeEnableRoutingStage-
D/RouteManager( 2549): audio-parameter-manager: Selection criterion changed event: Criterion name: RoutageState, current state: Path|Configure
D/RouteManager( 2549): audio-parameter-manager: Configuration application request {
D/RouteManager( 2549): audio-parameter-manager:     Applying configurations {
D/RouteManager( 2549): audio-parameter-manager:         Applying configuration "UnLocked" from domain "Routing.Sst.Enable.VoiceProcessingLock.Uplink"
D/RouteManager( 2549): audio-parameter-manager:         Applying configuration "UnLocked" from domain "Routing.Sst.Enable.VoiceProcessingLock.Downlink"
D/RouteManager( 2549): audio-parameter-manager:     } Applying configurations
D/RouteManager( 2549): audio-parameter-manager: } Configuration application request
D/RouteManager( 2549): 		-executeUnmuteRoutingStage-
D/RouteManager( 2549): audio-parameter-manager: Selection criterion changed event: Criterion name: RoutageState, current state: Flow|Path|Configure
D/RouteManager( 2549): audio-parameter-manager: Configuration application request {
D/RouteManager( 2549): audio-parameter-manager:     Applying configurations {
D/RouteManager( 2549): audio-parameter-manager:     } Applying configurations
D/RouteManager( 2549): audio-parameter-manager: } Configuration application request
D/RouteManager( 2549): doReconsiderRouting: DONE
D/EVENT_THREAD( 2549): void CEventThread::run() Do poll with timeout: -1
I/WAKELOCK_RELEASE( 2839): TIMESTAMP=2327727875759, TAG=AudioMix, TYPE=PARTIAL_WAKE_LOCK             , COUNT=0, PID=0, UID=1013, FLAGS=
W/AudioPort( 2549): release: Port UNUSED 2
W/AudioPort( 2549): release: Port UNUSED 34
D/AudioIntelHal/AudioPlatformState( 2549): setParameters: key value pair android_mode=0;output_devices=4
I/WAKELOCK_ACQUIRE( 2839): TIMESTAMP=2328467529818, TAG=AudioMix, TYPE=PARTIAL_WAKE_LOCK             , COUNT=0, PID=0, UID=1013, FLAGS=
W/System.err( 4044): java.io.FileNotFoundException: /mnt/sdcard/Android/data/com.wistron.generic.pqaa/files/data.txt: open failed: ENOENT (No such file or directory)
W/System.err( 4044): 	at libcore.io.IoBridge.open(IoBridge.java:456)
W/System.err( 4044): 	at java.io.FileInputStream.<init>(FileInputStream.java:76)
W/System.err( 4044): 	at java.io.FileInputStream.<init>(FileInputStream.java:103)
W/System.err( 4044): 	at java.io.FileReader.<init>(FileReader.java:66)
W/System.err( 4044): 	at com.wistron.pqaa_common.jar.global.WisToolKit.getSingleParameters(WisToolKit.java:257)
W/System.err( 4044): 	at com.wistron.generic.pqaa.TestItemsList.getLogInfoConfig(TestItemsList.java:172)
W/System.err( 4044): 	at com.wistron.generic.pqaa.TestItemsList.onClick(TestItemsList.java:975)
W/System.err( 4044): 	at android.view.View.performClick(View.java:4780)
W/System.err( 4044): 	at android.view.View$PerformClick.run(View.java:19866)
W/System.err( 4044): 	at android.os.Handler.handleCallback(Handler.java:739)
W/System.err( 4044): 	at android.os.Handler.dispatchMessage(Handler.java:95)
W/System.err( 4044): 	at android.os.Looper.loop(Looper.java:135)
W/System.err( 4044): 	at android.app.ActivityThread.main(ActivityThread.java:5261)
W/System.err( 4044): 	at java.lang.reflect.Method.invoke(Native Method)
W/System.err( 4044): 	at java.lang.reflect.Method.invoke(Method.java:372)
W/System.err( 4044): 	at com.android.internal.os.ZygoteInit$MethodAndArgsCaller.run(ZygoteInit.java:903)
W/System.err( 4044): 	at com.android.internal.os.ZygoteInit.main(ZygoteInit.java:698)
W/System.err( 4044): Caused by: android.system.ErrnoException: open failed: ENOENT (No such file or directory)
W/System.err( 4044): 	at libcore.io.Posix.open(Native Method)
W/System.err( 4044): 	at libcore.io.BlockGuardOs.open(BlockGuardOs.java:186)
W/System.err( 4044): 	at libcore.io.IoBridge.open(IoBridge.java:442)
W/System.err( 4044): 	... 16 more
D/PROPERTY( 2549): get media.dump_output.befconv: 0
D/PROPERTY( 2549): get media.dump_output.aftconv: 0
D/AudioIntelHal( 2549): startStream: output stream.
D/AudioIntelHal/AudioPlatformState( 2549): route-parameter-manager: Selection criterion changed event: Criterion name: OutputFlags, current state: Primary
D/AudioIntelHal/AudioPlatformState( 2549): route-parameter-manager: Configuration application request {
D/AudioIntelHal/AudioPlatformState( 2549): route-parameter-manager:     Applying configurations {
D/AudioIntelHal/AudioPlatformState( 2549): route-parameter-manager:         Applying configuration "Applicable" from domain "StreamRoute.Media.Playback"
D/AudioIntelHal/AudioPlatformState( 2549): route-parameter-manager:         Applying configuration "Yes" from domain "Route.HwCodec1IA.Playback.Applicable"
D/AudioIntelHal/AudioPlatformState( 2549): route-parameter-manager:     } Applying configurations
D/AudioIntelHal/AudioPlatformState( 2549): route-parameter-manager: } Configuration application request
D/EVENT_THREAD( 2549): void CEventThread::trig(void*, uint32_t): in
D/EVENT_THREAD( 2549): void CEventThread::trig(void*, uint32_t): out
D/RouteManager( 2549): doReconsiderRouting: Route state:
D/RouteManager( 2549): 	-Previously Enabled Route in Input = <none>
D/RouteManager( 2549): 	-Previously Enabled Route in Output = <none>
D/RouteManager( 2549): 	-Selected Route in Input = <none>
D/RouteManager( 2549): 	-Selected Route in Output = Media|HwCodec1IA
D/RouteManager( 2549): 		-executeMuteRoutingStage-
D/RouteManager( 2549): audio-parameter-manager: Selection criterion changed event: Criterion name: RoutageState, current state: Flow
D/RouteManager( 2549): audio-parameter-manager: Configuration application request {
D/RouteManager( 2549): audio-parameter-manager:     Applying configurations {
D/RouteManager( 2549): audio-parameter-manager:     } Applying configurations
D/RouteManager( 2549): audio-parameter-manager: } Configuration application request
D/RouteManager( 2549): 		-executeDisableRoutingStage-
D/RouteManager( 2549): audio-parameter-manager: Selection criterion changed event: Criterion name: RoutageState, current state: Path
D/RouteManager( 2549): audio-parameter-manager: Configuration application request {
D/RouteManager( 2549): audio-parameter-manager:     Applying configurations {
D/RouteManager( 2549): audio-parameter-manager:         Applying configuration "Locked" from domain "Routing.Sst.Enable.VoiceProcessingLock.Uplink"
D/RouteManager( 2549): audio-parameter-manager:         Applying configuration "Locked" from domain "Routing.Sst.Enable.VoiceProcessingLock.Downlink"
D/RouteManager( 2549): audio-parameter-manager:     } Applying configurations
D/RouteManager( 2549): audio-parameter-manager: } Configuration application request
D/RouteManager( 2549): 		-executeConfigureRoutingStage-
D/RouteManager( 2549): audio-parameter-manager: Selection criterion changed event: Criterion name: RoutageState, current state: Configure
D/RouteManager( 2549): audio-parameter-manager: Selection criterion changed event: Criterion name: OpenedPlaybackRoutes, current state: Media|HwCodec1IA
D/RouteManager( 2549): audio-parameter-manager: Configuration application request {
D/RouteManager( 2549): audio-parameter-manager:     Applying configurations {
D/RouteManager( 2549): audio-parameter-manager:         Applying configuration "Enable" from domain "Routing.Configure.HWCodec.Playback.Headphones"
D/RouteManager( 2549): audio-parameter-manager:         Applying configuration "Playback" from domain "Routing.Configure.HWCodec.Playback.DAC1"
D/RouteManager( 2549): audio-parameter-manager:         Applying configuration "Bind" from domain "Routing.Sst.Configure.Playback.Media.ToEarpieceOrHeadset"
I/ActivityManager( 2839): START u0 {cmp=com.wistron.generic.pqaa/com.wistron.generic.headset.loopback.AudioLoopback (has extras)} from uid 10049 on display 0
V/WindowManager( 2839): addAppToken: AppWindowToken{1127db0 token=Token{1653ccf3 ActivityRecord{1e459362 u0 com.wistron.generic.pqaa/com.wistron.generic.headset.loopback.AudioLoopback t34}}} to stack=1 task=34 at 1
I/WAKELOCK_ACQUIRE( 2839): TIMESTAMP=2328489999177, TAG=ActivityManager-Launch, TYPE=PARTIAL_WAKE_LOCK             , COUNT=0, PID=2839, UID=1000, FLAGS=
D/RouteManager( 2549): audio-parameter-manager:     } Applying configurations
D/RouteManager( 2549): audio-parameter-manager: } Configuration application request
D/RouteManager( 2549): 		-executeEnableRoutingStage-
D/RouteManager( 2549): audio-parameter-manager: Selection criterion changed event: Criterion name: RoutageState, current state: Path|Configure
D/RouteManager( 2549): audio-parameter-manager: Configuration application request {
D/RouteManager( 2549): audio-parameter-manager:     Applying configurations {
D/RouteManager( 2549): audio-parameter-manager:         Applying configuration "UnLocked" from domain "Routing.Sst.Enable.VoiceProcessingLock.Uplink"
D/RouteManager( 2549): audio-parameter-manager:         Applying configuration "UnLocked" from domain "Routing.Sst.Enable.VoiceProcessingLock.Downlink"
D/RouteManager( 2549): audio-parameter-manager:         Applying configuration "Enable" from domain "Routing.Enable.HWCodec.Playback.Headphones"
D/RouteManager( 2549): audio-parameter-manager:     } Applying configurations
D/RouteManager( 2549): audio-parameter-manager: } Configuration application request
D/TinyAlsaAudioDevice( 2549): open: card (cherrytrailaud, 0) 
D/TinyAlsaAudioDevice( 2549): 	 config (rate=48000 format=0 channels= 2).
D/TinyAlsaAudioDevice( 2549): 	 RingBuffer config: periodSize=1152 nbPeriod=4startTh=1151 stop Th=4608 silence Th=0
V/WindowManager( 2839): Adding window Window{1cec52c8 u0 com.wistron.generic.pqaa/com.wistron.generic.headset.loopback.AudioLoopback} at 3 of 8 (after Window{f50d398 u0 com.wistron.generic.pqaa/com.wistron.generic.pqaa.TestItemsList})
V/WindowManager( 2839): Adding window Window{d265a86 u0 com.wistron.generic.pqaa/com.wistron.generic.headset.loopback.AudioLoopback} at 3 of 9 (before Window{1cec52c8 u0 com.wistron.generic.pqaa/com.wistron.generic.headset.loopback.AudioLoopback})
D/ufoEGL  ( 4044): Pixel Format : GGL_PIXEL_FORMAT_RGBA_8888
D/ufoEGL  ( 4044): Pixel Format : GGL_PIXEL_FORMAT_RGBA_8888
I/W       ( 4044): headset state: 1, microphone: 1
D/AudioConversion( 2549): configure: no convertion required
D/RouteManager( 2549): 		-executeUnmuteRoutingStage-
D/RouteManager( 2549): audio-parameter-manager: Selection criterion changed event: Criterion name: RoutageState, current state: Flow|Path|Configure
D/RouteManager( 2549): audio-parameter-manager: Configuration application request {
D/RouteManager( 2549): audio-parameter-manager:     Applying configurations {
D/RouteManager( 2549): audio-parameter-manager:         Applying configuration "Unmute" from domain "Routing.Mute.HWCodec.HWCodec.Playback.DAC1_VOL"
D/RouteManager( 2549): audio-parameter-manager:         Applying configuration "Unmute" from domain "Routing.Mute.HWCodec.HWCodec.Playback.Headphones"
D/RouteManager( 2549): audio-parameter-manager:         Applying configuration "Unmute" from domain "Routing.Sst.Mute.HwCodec.Playback.Internal"
D/RouteManager( 2549): audio-parameter-manager:         Applying configuration "Unmute" from domain "Routing.Sst.Mute.Media.Playback.Regular"
D/RouteManager( 2549): audio-parameter-manager:     } Applying configurations
D/RouteManager( 2549): audio-parameter-manager: } Configuration application request
D/RouteManager( 2549): doReconsiderRouting: DONE
E/TinyAlsaStream( 2549): getFramesAvailable: Unable to get available frames
E/TinyAlsaStream( 2549): getFramesAvailable: Unable to get available frames
E/TinyAlsaStream( 2549): getFramesAvailable: Unable to get available frames
D/EVENT_THREAD( 2549): void CEventThread::run() Do poll with timeout: -1
D/ufoEGL  ( 4044): Surface destroy: ANDROID_NATIVE_WINDOW_MAGIC
I/ActivityManager( 2839): Displayed com.wistron.generic.pqaa/com.wistron.generic.headset.loopback.AudioLoopback: +166ms
I/WAKELOCK_ACQUIRE( 2839): TIMESTAMP=2328670659015, TAG=AudioMix, TYPE=PARTIAL_WAKE_LOCK             , COUNT=0, PID=0, UID=1013, FLAGS=
I/RecognizerTask( 4044): RecognizerTask init
I/AudioLoopbackService( 4044): index: 0  -- First: 0
D/tag     ( 4044): bufferSize = 640
D/ufoEGL  ( 4044): Surface destroy: ANDROID_NATIVE_WINDOW_MAGIC
D/AudioIntelHal( 2549): openInputStream: handle=160, devices: 0x80000010 and input source: 0x1
D/AudioStream( 2549): set: requested channel mask: 16 (Channels count: 1)
D/AudioStream( 2549): set: set channels to 16
D/AudioStream( 2549): set: requested rate: 8000
D/AudioStream( 2549): set: set rate to 8000
D/AudioStream( 2549): set: requested format: 1
D/AudioStream( 2549): set : set format to 1
D/AudioIntelHal( 2549): openInputStream: input created with status=0
I/AudioFlinger( 2549): AudioFlinger's thread 0xf7ebcda8 ready to run
I/WAKELOCK_ACQUIRE( 2839): TIMESTAMP=2328693626565, TAG=AudioIn, TYPE=PARTIAL_WAKE_LOCK             , COUNT=0, PID=0, UID=1013, FLAGS=
I/WAKELOCK_RELEASE( 2839): TIMESTAMP=2328694155870, TAG=AudioIn, TYPE=PARTIAL_WAKE_LOCK             , COUNT=0, PID=0, UID=1013, FLAGS=
E/VolumePanel( 2957): Missing stream type! - 8
I/Payne   ( 4044): 1
D/AudioIntelHal/AudioPlatformState( 2549): setParameters: key value pair input_devices=16
I/WAKELOCK_ACQUIRE( 2839): TIMESTAMP=2328717421655, TAG=AudioIn, TYPE=PARTIAL_WAKE_LOCK             , COUNT=0, PID=0, UID=1013, FLAGS=
D/AudioIntelHal/AudioPlatformState( 2549): route-parameter-manager: Selection criterion changed event: Criterion name: SelectedInputDevices, current state: Headset
D/AudioIntelHal/AudioPlatformState( 2549): route-parameter-manager: Selection criterion changed event: Criterion name: StatesChanged, current state: SelectedInputDevices
D/AudioIntelHal/AudioPlatformState( 2549): route-parameter-manager: Configuration application request {
D/AudioIntelHal/AudioPlatformState( 2549): route-parameter-manager:     Applying configurations {
D/AudioIntelHal/AudioPlatformState( 2549): route-parameter-manager:         Applying configuration "Yes" from domain "StreamRoute.NeedReconfigure.Capture"
D/AudioIntelHal/AudioPlatformState( 2549): route-parameter-manager:         Applying configuration "Selected" from domain "Parameter.InputDevice.Headset"
D/AudioIntelHal/AudioPlatformState( 2549): route-parameter-manager:     } Applying configurations
D/AudioIntelHal/AudioPlatformState( 2549): route-parameter-manager: } Configuration application request
D/EVENT_THREAD( 2549): void CEventThread::trig(void*, uint32_t): in
D/EVENT_THREAD( 2549): void CEventThread::trig(void*, uint32_t): out
D/RouteManager( 2549): audio-parameter-manager: Selection criterion changed event: Criterion name: SelectedInputDevices, current state: Headset
D/RouteManager( 2549): audio-parameter-manager: Configuration application request {
D/RouteManager( 2549): audio-parameter-manager:     Applying configurations {
D/RouteManager( 2549): audio-parameter-manager:         Applying configuration "Media.Amic" from domain "Sst.AmicDmics.Dcr"
D/RouteManager( 2549): audio-parameter-manager:         Applying configuration "Amic.Bind" from domain "Routing.Sst.Configure.AlwaysListening.VTSV"
I/WAKELOCK_RELEASE( 2839): TIMESTAMP=2328721954140, TAG=ActivityManager-Launch, TYPE=PARTIAL_WAKE_LOCK             , COUNT=0, PID=2839, UID=1000, FLAGS=
D/RouteManager( 2549): audio-parameter-manager:     } Applying configurations
D/ufoEGL  ( 2957): Pixel Format : GGL_PIXEL_FORMAT_RGBA_8888
D/RouteManager( 2549): audio-parameter-manager: } Configuration application request
D/EVENT_THREAD( 2549): void CEventThread::run() Do poll with timeout: -1
D/PROPERTY( 2549): get media.dump_input.befconv: 0
D/PROPERTY( 2549): get media.dump_input.aftconv: 0
D/AudioIntelHal( 2549): startStream: input stream.
D/AudioIntelHal/AudioPlatformState( 2549): route-parameter-manager: Selection criterion changed event: Criterion name: InputSources, current state: Mic
D/AudioIntelHal/AudioPlatformState( 2549): route-parameter-manager: Selection criterion changed event: Criterion name: StatesChanged, current state: InputSources
D/AudioIntelHal/AudioPlatformState( 2549): route-parameter-manager: Configuration application request {
D/AudioIntelHal/AudioPlatformState( 2549): route-parameter-manager:     Applying configurations {
D/AudioIntelHal/AudioPlatformState( 2549): route-parameter-manager:         Applying configuration "Applicable" from domain "StreamRoute.Media.Capture"
D/AudioIntelHal/AudioPlatformState( 2549): route-parameter-manager:         Applying configuration "No" from domain "StreamRoute.NeedReconfigure.Capture"
D/AudioIntelHal/AudioPlatformState( 2549): route-parameter-manager:         Applying configuration "Yes" from domain "Route.HwCodec1IA.Capture.Applicable"
D/AudioIntelHal/AudioPlatformState( 2549): route-parameter-manager:     } Applying configurations
D/AudioIntelHal/AudioPlatformState( 2549): route-parameter-manager: } Configuration application request
D/EVENT_THREAD( 2549): void CEventThread::trig(void*, uint32_t): in
D/EVENT_THREAD( 2549): void CEventThread::trig(void*, uint32_t): out
D/RouteManager( 2549): doReconsiderRouting: Route state:
D/RouteManager( 2549): 	-Previously Enabled Route in Input = <none>
D/RouteManager( 2549): 	-Previously Enabled Route in Output = Media|HwCodec1IA
D/RouteManager( 2549): 	-Selected Route in Input = Media|HwCodec1IA
D/RouteManager( 2549): 	-Selected Route in Output = Media|HwCodec1IA
D/RouteManager( 2549): 		-executeMuteRoutingStage-
D/RouteManager( 2549): audio-parameter-manager: Selection criterion changed event: Criterion name: RoutageState, current state: Flow
D/RouteManager( 2549): audio-parameter-manager: Configuration application request {
D/RouteManager( 2549): audio-parameter-manager:     Applying configurations {
D/RouteManager( 2549): audio-parameter-manager:     } Applying configurations
D/RouteManager( 2549): audio-parameter-manager: } Configuration application request
D/RouteManager( 2549): 		-executeDisableRoutingStage-
D/RouteManager( 2549): audio-parameter-manager: Selection criterion changed event: Criterion name: RoutageState, current state: Path
D/RouteManager( 2549): audio-parameter-manager: Configuration application request {
D/RouteManager( 2549): audio-parameter-manager:     Applying configurations {
D/RouteManager( 2549): audio-parameter-manager:         Applying configuration "Locked" from domain "Routing.Sst.Enable.VoiceProcessingLock.Uplink"
D/RouteManager( 2549): audio-parameter-manager:         Applying configuration "Locked" from domain "Routing.Sst.Enable.VoiceProcessingLock.Downlink"
D/RouteManager( 2549): audio-parameter-manager:     } Applying configurations
D/RouteManager( 2549): audio-parameter-manager: } Configuration application request
D/RouteManager( 2549): 		-executeConfigureRoutingStage-
D/RouteManager( 2549): audio-parameter-manager: Selection criterion changed event: Criterion name: RoutageState, current state: Configure
D/RouteManager( 2549): audio-parameter-manager: Selection criterion changed event: Criterion name: OpenedCaptureRoutes, current state: Media|HwCodec1IA
D/RouteManager( 2549): audio-parameter-manager: Selection criterion changed event: Criterion name: InputSources, current state: Mic
D/RouteManager( 2549): audio-parameter-manager: Configuration application request {
D/RouteManager( 2549): audio-parameter-manager:     Applying configurations {
D/RouteManager( 2549): audio-parameter-manager:         Applying configuration "Enable" from domain "Routing.Configure.HWCodec.Capture.Headset"
D/RouteManager( 2549): audio-parameter-manager:         Applying configuration "Capture" from domain "Routing.Configure.HWCodec.Capture.ADC"
D/RouteManager( 2549): audio-parameter-manager:         Applying configuration "Headset" from domain "Routing.Configure.HWCodec.Capture.AllMics"
D/RouteManager( 2549): audio-parameter-manager:         Applying configuration "Bind" from domain "Routing.Sst.Configure.Capture.Media.Amic"
D/RouteManager( 2549): audio-parameter-manager:         Applying configuration "Bind" from domain "Routing.Sst.Configure.Speech.Uplink.AmicDmics"
D/RouteManager( 2549): audio-parameter-manager:     } Applying configurations
D/RouteManager( 2549): audio-parameter-manager: } Configuration application request
D/RouteManager( 2549): 		-executeEnableRoutingStage-
D/RouteManager( 2549): audio-parameter-manager: Selection criterion changed event: Criterion name: RoutageState, current state: Path|Configure
D/RouteManager( 2549): audio-parameter-manager: Configuration application request {
D/RouteManager( 2549): audio-parameter-manager:     Applying configurations {
D/RouteManager( 2549): audio-parameter-manager:         Applying configuration "UnLocked" from domain "Routing.Sst.Enable.VoiceProcessingLock.Uplink"
D/RouteManager( 2549): audio-parameter-manager:         Applying configuration "UnLocked" from domain "Routing.Sst.Enable.VoiceProcessingLock.Downlink"
D/RouteManager( 2549): audio-parameter-manager:     } Applying configurations
D/RouteManager( 2549): audio-parameter-manager: } Configuration application request
D/TinyAlsaAudioDevice( 2549): open: card (cherrytrailaud, 0) 
D/TinyAlsaAudioDevice( 2549): 	 config (rate=48000 format=0 channels= 2).
D/TinyAlsaAudioDevice( 2549): 	 RingBuffer config: periodSize=960 nbPeriod=4startTh=1 stop Th=3840 silence Th=0
D/Resampler( 2549): configure: SOURCE rate=48000 format=1 channels=1
D/Resampler( 2549): configure: DST rate=8000 format=1 channels=1
D/RouteManager( 2549): 		-executeUnmuteRoutingStage-
D/RouteManager( 2549): audio-parameter-manager: Selection criterion changed event: Criterion name: RoutageState, current state: Flow|Path|Configure
D/RouteManager( 2549): audio-parameter-manager: Configuration application request {
D/RouteManager( 2549): audio-parameter-manager:     Applying configurations {
D/RouteManager( 2549): audio-parameter-manager:         Applying configuration "Unmute" from domain "Routing.Sst.Mute.HwCodec.Capture.AmicDmics"
D/RouteManager( 2549): audio-parameter-manager:         Applying configuration "Unmute" from domain "Routing.Sst.Mute.Media.Capture.Regular"
D/RouteManager( 2549): audio-parameter-manager:     } Applying configurations
D/RouteManager( 2549): audio-parameter-manager: } Configuration application request
D/RouteManager( 2549): doReconsiderRouting: DONE
D/EVENT_THREAD( 2549): void CEventThread::run() Do poll with timeout: -1
I/RecognizerTask( 4044): 65:71
I/RecognizerTask( 4044): 62:106
I/RecognizerTask( 4044): 50:98
I/RecognizerTask( 4044): 40:89
I/RecognizerTask( 4044): 62:79
I/RecognizerTask( 4044): 55:95
I/RecognizerTask( 4044): 58:73
I/RecognizerTask( 4044): 44:71
I/RecognizerTask( 4044): 42:87
I/AudioLoopbackService( 4044): cur value: 0
W/AudioPort( 2549): release: Port UNUSED 2
W/AudioPort( 2549): release: Port UNUSED 34
D/AudioIntelHal/AudioPlatformState( 2549): setParameters: key value pair android_mode=0;output_devices=4
I/RecognizerTask( 4044): 40:68
I/RecognizerTask( 4044): 40:88
I/RecognizerTask( 4044): 60:85
I/RecognizerTask( 4044): 60:86
I/RecognizerTask( 4044): 60:85
I/RecognizerTask( 4044): 60:86
I/RecognizerTask( 4044): 60:86
I/AudioLoopback( 4044): 60 - 86 , 0
I/WisAudioDecode( 4044): 60 ~~ 86
I/Payne   ( 4044): 2
I/Payne   ( 4044): Type=0
I/RecognizerTask( 4044): 60:86
I/AudioLoopback( 4044): 60 - 86 , 0
I/WisAudioDecode( 4044): 60 ~~ 86
I/RecognizerTask( 4044): 60:86
I/AudioLoopback( 4044): 60 - 86 , 0
I/WisAudioDecode( 4044): 60 ~~ 86
I/RecognizerTask( 4044): 60:86
I/AudioLoopback( 4044): 60 - 86 , 0
I/WisAudioDecode( 4044): 60 ~~ 86
I/RecognizerTask( 4044): 60:86
I/AudioLoopback( 4044): 60 - 86 , 0
I/WisAudioDecode( 4044): 60 ~~ 86
I/RecognizerTask( 4044): 60:85
I/AudioLoopbackService( 4044): cur value: 1
I/RecognizerTask( 4044): 60:86
I/AudioLoopback( 4044): 60 - 86 , 0
I/WisAudioDecode( 4044): 60 ~~ 86
I/Payne   ( 4044): 2
I/Payne   ( 4044): Type=0
I/RecognizerTask( 4044): 60:86
I/AudioLoopback( 4044): 60 - 86 , 0
I/WisAudioDecode( 4044): 60 ~~ 86
I/Payne   ( 4044): 2
I/Payne   ( 4044): Type=0
I/RecognizerTask( 4044): 60:85
I/RecognizerTask( 4044): 60:86
I/AudioLoopback( 4044): 60 - 86 , 0
I/WisAudioDecode( 4044): 60 ~~ 86
I/Payne   ( 4044): 2
I/Payne   ( 4044): Type=0
I/RecognizerTask( 4044): 45:77
I/RecognizerTask( 4044): 45:77
I/RecognizerTask( 4044): 45:77
I/AudioLoopback( 4044): 45 - 77 , 1
I/WisAudioDecode( 4044): 45 ~~ 77
I/Payne   ( 4044): 2
I/Payne   ( 4044): Type=0
I/RecognizerTask( 4044): 45:77
I/AudioLoopback( 4044): 45 - 77 , 1
I/WisAudioDecode( 4044): 45 ~~ 77
I/RecognizerTask( 4044): 45:77
I/AudioLoopback( 4044): 45 - 77 , 1
I/WisAudioDecode( 4044): 45 ~~ 77
I/RecognizerTask( 4044): 45:77
I/AudioLoopback( 4044): 45 - 77 , 1
I/WisAudioDecode( 4044): 45 ~~ 77
I/RecognizerTask( 4044): 45:77
I/AudioLoopback( 4044): 45 - 77 , 1
I/WisAudioDecode( 4044): 45 ~~ 77
I/RecognizerTask( 4044): 45:77
I/AudioLoopback( 4044): 45 - 77 , 1
I/WisAudioDecode( 4044): 45 ~~ 77
I/AudioLoopbackService( 4044): cur value: 5
I/RecognizerTask( 4044): 45:77
I/AudioLoopback( 4044): 45 - 77 , 1
I/WisAudioDecode( 4044): 45 ~~ 77
I/Payne   ( 4044): 2
I/Payne   ( 4044): Type=0
I/RecognizerTask( 4044): 45:77
I/AudioLoopback( 4044): 45 - 77 , 1
I/WisAudioDecode( 4044): 45 ~~ 77
I/Payne   ( 4044): 2
I/Payne   ( 4044): Type=0
I/RecognizerTask( 4044): 45:77
I/AudioLoopback( 4044): 45 - 77 , 1
I/WisAudioDecode( 4044): 45 ~~ 77
I/Payne   ( 4044): 2
I/Payne   ( 4044): Type=0
I/RecognizerTask( 4044): 45:77
I/AudioLoopback( 4044): 45 - 77 , 1
I/WisAudioDecode( 4044): 45 ~~ 77
I/Payne   ( 4044): 2
I/Payne   ( 4044): Type=0
I/RecognizerTask( 4044): 49:85
I/RecognizerTask( 4044): 49:86
I/RecognizerTask( 4044): 49:86
I/RecognizerTask( 4044): 49:86
I/AudioLoopback( 4044): 49 - 86 , 5
I/WisAudioDecode( 4044): 49 ~~ 86
I/Payne   ( 4044): 2
I/Payne   ( 4044): Type=0
I/RecognizerTask( 4044): 49:86
I/AudioLoopback( 4044): 49 - 86 , 5
I/WisAudioDecode( 4044): 49 ~~ 86
I/RecognizerTask( 4044): 49:86
I/AudioLoopback( 4044): 49 - 86 , 5
I/WisAudioDecode( 4044): 49 ~~ 86
I/RecognizerTask( 4044): 49:86
I/AudioLoopback( 4044): 49 - 86 , 5
I/WisAudioDecode( 4044): 49 ~~ 86
I/RecognizerTask( 4044): 49:86
I/AudioLoopback( 4044): 49 - 86 , 5
I/WisAudioDecode( 4044): 49 ~~ 86
I/AudioLoopbackService( 4044): cur value: *
I/RecognizerTask( 4044): 49:86
I/AudioLoopback( 4044): 49 - 86 , 5
I/WisAudioDecode( 4044): 49 ~~ 86
I/Payne   ( 4044): 2
I/Payne   ( 4044): Type=0
I/RecognizerTask( 4044): 49:86
I/AudioLoopback( 4044): 49 - 86 , 5
I/WisAudioDecode( 4044): 49 ~~ 86
I/Payne   ( 4044): 2
I/Payne   ( 4044): Type=0
I/WAKELOCK_RELEASE( 2839): TIMESTAMP=2331680604464, TAG=AudioMix, TYPE=PARTIAL_WAKE_LOCK             , COUNT=0, PID=0, UID=1013, FLAGS=
I/RecognizerTask( 4044): 49:86
I/AudioLoopback( 4044): 49 - 86 , 5
I/WisAudioDecode( 4044): 49 ~~ 86
I/Payne   ( 4044): 2
I/Payne   ( 4044): Type=0
I/RecognizerTask( 4044): 49:85
I/RecognizerTask( 4044): 60:78
I/RecognizerTask( 4044): 60:77
I/RecognizerTask( 4044): 60:77
I/RecognizerTask( 4044): 60:77
I/AudioLoopback( 4044): 60 - 77 , *
I/WisAudioDecode( 4044): 60 ~~ 77
I/Payne   ( 4044): 2
I/Payne   ( 4044): Type=0
I/RecognizerTask( 4044): 60:77
I/AudioLoopback( 4044): 60 - 77 , *
I/WisAudioDecode( 4044): 60 ~~ 77
I/RecognizerTask( 4044): 60:77
I/AudioLoopback( 4044): 60 - 77 , *
I/WisAudioDecode( 4044): 60 ~~ 77
I/RecognizerTask( 4044): 60:77
I/AudioLoopback( 4044): 60 - 77 , *
I/WisAudioDecode( 4044): 60 ~~ 77
I/RecognizerTask( 4044): 60:77
I/AudioLoopback( 4044): 60 - 77 , *
I/WisAudioDecode( 4044): 60 ~~ 77
I/AudioLoopbackService( 4044): cur value: #
I/RecognizerTask( 4044): 60:77
I/AudioLoopback( 4044): 60 - 77 , *
I/WisAudioDecode( 4044): 60 ~~ 77
I/Payne   ( 4044): 2
I/Payne   ( 4044): Type=0
I/RecognizerTask( 4044): 60:77
I/AudioLoopback( 4044): 60 - 77 , *
I/WisAudioDecode( 4044): 60 ~~ 77
I/Payne   ( 4044): 2
I/Payne   ( 4044): Type=0
I/RecognizerTask( 4044): 60:77
I/AudioLoopback( 4044): 60 - 77 , *
I/WisAudioDecode( 4044): 60 ~~ 77
I/Payne   ( 4044): 2
I/Payne   ( 4044): Type=0
I/RecognizerTask( 4044): 60:77
I/AudioLoopback( 4044): 60 - 77 , *
I/WisAudioDecode( 4044): 60 ~~ 77
I/Payne   ( 4044): 2
I/Payne   ( 4044): Type=0
I/RecognizerTask( 4044): 61:95
I/RecognizerTask( 4044): 60:95
I/RecognizerTask( 4044): 60:95
I/RecognizerTask( 4044): 60:95
I/AudioLoopback( 4044): 60 - 95 , #
I/WisAudioDecode( 4044): 60 ~~ 95
I/Payne   ( 4044): 2
I/Payne   ( 4044): Type=0
I/RecognizerTask( 4044): 60:95
I/AudioLoopback( 4044): 60 - 95 , #
I/WisAudioDecode( 4044): 60 ~~ 95
I/RecognizerTask( 4044): 60:95
I/AudioLoopback( 4044): 60 - 95 , #
I/WisAudioDecode( 4044): 60 ~~ 95
I/RecognizerTask( 4044): 60:95
I/AudioLoopback( 4044): 60 - 95 , #
I/WisAudioDecode( 4044): 60 ~~ 95
I/RecognizerTask( 4044): 60:95
I/AudioLoopback( 4044): 60 - 95 , #
I/WisAudioDecode( 4044): 60 ~~ 95
I/RecognizerTask( 4044): 60:95
I/Payne   ( 4044): 10
I/Payne   ( 4044): Type=0
I/AudioLoopback( 4044): 60 - 95 , #
I/WisAudioDecode( 4044): 60 ~~ 95
I/Payne   ( 4044): 3
I/Payne   ( 4044): 4
W/AudioPort( 2549): release: Port UNUSED 2
W/AudioPort( 2549): release: Port UNUSED 34
D/AudioIntelHal/AudioPlatformState( 2549): setParameters: key value pair android_mode=0;output_devices=4
V/WindowManager( 2839): not Base app: Adding window Window{2f2d837 u0 com.wistron.generic.pqaa/com.wistron.generic.headset.loopback.AudioLoopback} at 4 of 10
I/RecognizerTask( 4044): 60:95
D/ufoEGL  ( 4044): Pixel Format : GGL_PIXEL_FORMAT_RGBA_8888
I/Wistron ( 4044): AudioLoopbackService stoped!
E/VolumePanel( 2957): Missing stream type! - 8
E/RecognizerTask( 4044): Spectrum Error
E/RecognizerTask( 4044): java.lang.InterruptedException
E/RecognizerTask( 4044): 	at java.util.concurrent.locks.AbstractQueuedSynchronizer$ConditionObject.reportInterruptAfterWait(AbstractQueuedSynchronizer.java:1991)
E/RecognizerTask( 4044): 	at java.util.concurrent.locks.AbstractQueuedSynchronizer$ConditionObject.await(AbstractQueuedSynchronizer.java:2025)
E/RecognizerTask( 4044): 	at java.util.concurrent.LinkedBlockingQueue.take(LinkedBlockingQueue.java:410)
E/RecognizerTask( 4044): 	at com.wistron.pqaa_common.jar.audio.RecognizerTask.doInBackground(RecognizerTask.java:36)
E/RecognizerTask( 4044): 	at com.wistron.pqaa_common.jar.audio.RecognizerTask.doInBackground(RecognizerTask.java:10)
E/RecognizerTask( 4044): 	at android.os.AsyncTask$2.call(AsyncTask.java:292)
E/RecognizerTask( 4044): 	at java.util.concurrent.FutureTask.run(FutureTask.java:237)
E/RecognizerTask( 4044): 	at java.util.concurrent.ThreadPoolExecutor.runWorker(ThreadPoolExecutor.java:1112)
E/RecognizerTask( 4044): 	at java.util.concurrent.ThreadPoolExecutor$Worker.run(ThreadPoolExecutor.java:587)
E/RecognizerTask( 4044): 	at java.lang.Thread.run(Thread.java:818)
I/AudioLoopback( 4044): 60 - 95 , #
I/WisAudioDecode( 4044): 60 ~~ 95
W/AudioPort( 2549): release: Port UNUSED 37
W/AudioPort( 2549): release: Port UNUSED 41
D/AudioIntelHal/AudioPlatformState( 2549): setParameters: key value pair input_devices=0
D/AudioIntelHal/AudioPlatformState( 2549): route-parameter-manager: Selection criterion changed event: Criterion name: SelectedInputDevices, current state: <none>
D/AudioIntelHal/AudioPlatformState( 2549): route-parameter-manager: Selection criterion changed event: Criterion name: StatesChanged, current state: SelectedInputDevices
D/AudioIntelHal/AudioPlatformState( 2549): route-parameter-manager: Configuration application request {
D/AudioIntelHal/AudioPlatformState( 2549): route-parameter-manager:     Applying configurations {
D/AudioIntelHal/AudioPlatformState( 2549): route-parameter-manager:         Applying configuration "NotApplicable" from domain "StreamRoute.Media.Capture"
D/AudioIntelHal/AudioPlatformState( 2549): route-parameter-manager:         Applying configuration "Yes" from domain "StreamRoute.NeedReconfigure.Capture"
D/AudioIntelHal/AudioPlatformState( 2549): route-parameter-manager:         Applying configuration "No" from domain "Route.HwCodec1IA.Capture.Applicable"
D/AudioIntelHal/AudioPlatformState( 2549): route-parameter-manager:         Applying configuration "NotSelected" from domain "Parameter.InputDevice.Headset"
D/AudioIntelHal/AudioPlatformState( 2549): route-parameter-manager:     } Applying configurations
D/AudioIntelHal/AudioPlatformState( 2549): route-parameter-manager: } Configuration application request
D/EVENT_THREAD( 2549): void CEventThread::trig(void*, uint32_t): in
D/EVENT_THREAD( 2549): void CEventThread::trig(void*, uint32_t): out
D/AudioIntelHal( 2549): stopStream: input stream.
D/AudioIntelHal/AudioPlatformState( 2549): route-parameter-manager: Selection criterion changed event: Criterion name: InputSources, current state: <none>
D/AudioIntelHal/AudioPlatformState( 2549): route-parameter-manager: Selection criterion changed event: Criterion name: StatesChanged, current state: InputSources
D/AudioIntelHal/AudioPlatformState( 2549): route-parameter-manager: Configuration application request {
D/AudioIntelHal/AudioPlatformState( 2549): route-parameter-manager:     Applying configurations {
D/AudioIntelHal/AudioPlatformState( 2549): route-parameter-manager:         Applying configuration "No" from domain "StreamRoute.NeedReconfigure.Capture"
D/AudioIntelHal/AudioPlatformState( 2549): route-parameter-manager:     } Applying configurations
D/AudioIntelHal/AudioPlatformState( 2549): route-parameter-manager: } Configuration application request
D/EVENT_THREAD( 2549): void CEventThread::trig(void*, uint32_t): in
