D/EVENT_THREAD( 2549): void CEventThread::trig(void*, uint32_t): out
D/RouteManager( 2549): doReconsiderRouting: Route state:
D/RouteManager( 2549): 	-Previously Enabled Route in Input = <none>
D/RouteManager( 2549): 	-Previously Enabled Route in Output = Media|HwCodec0IA
D/RouteManager( 2549): 	-Selected Route in Input = <none>
D/RouteManager( 2549): 	-Selected Route in Output = <none>
D/RouteManager( 2549): 		-executeMuteRoutingStage-
D/RouteManager( 2549): audio-parameter-manager: Selection criterion changed event: Criterion name: RoutageState, current state: Flow
D/RouteManager( 2549): audio-parameter-manager: Selection criterion changed event: Criterion name: ClosingPlaybackRoutes, current state: Media|HwCodec0IA
D/RouteManager( 2549): audio-parameter-manager: Selection criterion changed event: Criterion name: OpenedPlaybackRoutes, current state: <none>
D/RouteManager( 2549): audio-parameter-manager: Configuration application request {
D/RouteManager( 2549): audio-parameter-manager:     Applying configurations {
D/RouteManager( 2549): audio-parameter-manager:         Applying configuration "Mute" from domain "Routing.Mute.HWCodec.HWCodec.Playback.DAC1_VOL"
D/RouteManager( 2549): audio-parameter-manager:         Applying configuration "Mute" from domain "Routing.Sst.Mute.HwCodec.Playback.Internal"
D/RouteManager( 2549): audio-parameter-manager:         Applying configuration "Mute" from domain "Routing.Sst.Mute.Media.Playback.Regular"
D/RouteManager( 2549): audio-parameter-manager:     } Applying configurations
D/RouteManager( 2549): audio-parameter-manager: } Configuration application request
D/RouteManager( 2549): 		-executeDisableRoutingStage-
D/RouteManager( 2549): audio-parameter-manager: Selection criterion changed event: Criterion name: RoutageState, current state: Path
D/TinyAlsaAudioDevice( 2549): close
D/RouteManager( 2549): audio-parameter-manager: Configuration application request {
D/RouteManager( 2549): audio-parameter-manager:     Applying configurations {
D/RouteManager( 2549): audio-parameter-manager:         Applying configuration "Locked" from domain "Routing.Sst.Enable.VoiceProcessingLock.Uplink"
D/RouteManager( 2549): audio-parameter-manager:         Applying configuration "Locked" from domain "Routing.Sst.Enable.VoiceProcessingLock.Downlink"
D/RouteManager( 2549): audio-parameter-manager:         Applying configuration "Disable" from domain "Routing.Enable.HWCodec.Playback.EarpieceIHF"
D/RouteManager( 2549): audio-parameter-manager:     } Applying configurations
D/RouteManager( 2549): audio-parameter-manager: } Configuration application request
D/RouteManager( 2549): 		-executeConfigureRoutingStage-
D/RouteManager( 2549): audio-parameter-manager: Selection criterion changed event: Criterion name: RoutageState, current state: Configure
D/RouteManager( 2549): audio-parameter-manager: Selection criterion changed event: Criterion name: ClosingPlaybackRoutes, current state: <none>
D/RouteManager( 2549): audio-parameter-manager: Configuration application request {
D/RouteManager( 2549): audio-parameter-manager:     Applying configurations {
D/RouteManager( 2549): audio-parameter-manager:         Applying configuration "Disable" from domain "Routing.Configure.HWCodec.Playback.Ihf"
D/RouteManager( 2549): audio-parameter-manager:         Applying configuration "Disable" from domain "Routing.Configure.HWCodec.Playback.DAC1"
D/RouteManager( 2549): audio-parameter-manager:         Applying configuration "Unbind" from domain "Routing.Sst.Configure.Playback.SpeakerEqToSprot"
D/RouteManager( 2549): audio-parameter-manager:         Applying configuration "Unbind" from domain "Routing.Sst.Configure.Playback.Media.ToSpeakerEq"
D/RouteManager( 2549): audio-parameter-manager:         Applying configuration "Unbind" from domain "Routing.Sst.Configure.Playback.HwCodec.SprotToSpeaker"
D/RouteManager( 2549): audio-parameter-manager:         Applying configuration "Dmic.Bind" from domain "Routing.Sst.Configure.AlwaysListening.VTSV"
D/RouteManager( 2549): audio-parameter-manager:     } Applying configurations
D/RouteManager( 2549): audio-parameter-manager: } Configuration application request
D/RouteManager( 2549): 		-executeEnableRoutingStage-
D/RouteManager( 2549): audio-parameter-manager: Selection criterion changed event: Criterion name: RoutageState, current state: Path|Configure
D/RouteManager( 2549): audio-parameter-manager: Configuration application request {
D/RouteManager( 2549): audio-parameter-manager:     Applying configurations {
D/RouteManager( 2549): audio-parameter-manager:         Applying configuration "UnLocked" from domain "Routing.Sst.Enable.VoiceProcessingLock.Uplink"
D/RouteManager( 2549): audio-parameter-manager:         Applying configuration "UnLocked" from domain "Routing.Sst.Enable.VoiceProcessingLock.Downlink"
D/RouteManager( 2549): audio-parameter-manager:     } Applying configurations
D/RouteManager( 2549): audio-parameter-manager: } Configuration application request
D/RouteManager( 2549): 		-executeUnmuteRoutingStage-
D/RouteManager( 2549): audio-parameter-manager: Selection criterion changed event: Criterion name: RoutageState, current state: Flow|Path|Configure
D/RouteManager( 2549): audio-parameter-manager: Configuration application request {
D/RouteManager( 2549): audio-parameter-manager:     Applying configurations {
D/RouteManager( 2549): audio-parameter-manager:     } Applying configurations
D/RouteManager( 2549): audio-parameter-manager: } Configuration application request
D/RouteManager( 2549): doReconsiderRouting: DONE
D/EVENT_THREAD( 2549): void CEventThread::run() Do poll with timeout: -1
I/WAKELOCK_RELEASE( 2839): TIMESTAMP=8492964797469, TAG=AudioMix, TYPE=PARTIAL_WAKE_LOCK             , COUNT=0, PID=0, UID=1013, FLAGS=
E/WifiStateMachine( 2839): WifiStateMachine CMD_START_SCAN source -2 txSuccessRate=0.00 rxSuccessRate=6.38 targetRoamBSSID=f0:9c:e9:1a:75:95 RSSI=-36
E/WifiStateMachine( 2839): WifiStateMachine starting scan for "OTA"WPA_PSK with 2412,2437
I/WAKELOCK_ACQUIRE( 2839): TIMESTAMP=8520137720486, TAG=*alarm*, TYPE=PARTIAL_WAKE_LOCK             , COUNT=0, PID=2839, UID=1000, FLAGS=
I/WAKELOCK_RELEASE( 2839): TIMESTAMP=8520189366661, TAG=*alarm*, TYPE=PARTIAL_WAKE_LOCK             , COUNT=0, PID=2839, UID=1000, FLAGS=
E/WifiStateMachine( 2839): WifiStateMachine CMD_START_SCAN source -2 txSuccessRate=0.00 rxSuccessRate=18.40 targetRoamBSSID=f0:9c:e9:1a:75:95 RSSI=-36
E/WifiStateMachine( 2839): WifiStateMachine starting scan for "OTA"WPA_PSK with 2412,2437
D/PROPERTY( 2549): get media.dump_output.befconv: 0
D/PROPERTY( 2549): get media.dump_output.aftconv: 0
D/AudioIntelHal( 2549): startStream: output stream.
I/WAKELOCK_ACQUIRE( 2839): TIMESTAMP=8542130290914, TAG=AudioMix, TYPE=PARTIAL_WAKE_LOCK             , COUNT=0, PID=0, UID=1013, FLAGS=
D/AudioIntelHal/AudioPlatformState( 2549): route-parameter-manager: Selection criterion changed event: Criterion name: OutputFlags, current state: Primary
D/AudioIntelHal/AudioPlatformState( 2549): route-parameter-manager: Configuration application request {
D/AudioIntelHal/AudioPlatformState( 2549): route-parameter-manager:     Applying configurations {
D/AudioIntelHal/AudioPlatformState( 2549): route-parameter-manager:         Applying configuration "Applicable" from domain "StreamRoute.Media.Playback"
D/AudioIntelHal/AudioPlatformState( 2549): route-parameter-manager:         Applying configuration "Yes" from domain "Route.HwCodec0IA.Playback.Applicable"
D/AudioIntelHal/AudioPlatformState( 2549): route-parameter-manager:     } Applying configurations
D/AudioIntelHal/AudioPlatformState( 2549): route-parameter-manager: } Configuration application request
D/EVENT_THREAD( 2549): void CEventThread::trig(void*, uint32_t): in
D/EVENT_THREAD( 2549): void CEventThread::trig(void*, uint32_t): out
D/RouteManager( 2549): doReconsiderRouting: Route state:
D/RouteManager( 2549): 	-Previously Enabled Route in Input = <none>
D/RouteManager( 2549): 	-Previously Enabled Route in Output = <none>
D/RouteManager( 2549): 	-Selected Route in Input = <none>
D/RouteManager( 2549): 	-Selected Route in Output = Media|HwCodec0IA
D/RouteManager( 2549): 		-executeMuteRoutingStage-
D/RouteManager( 2549): audio-parameter-manager: Selection criterion changed event: Criterion name: RoutageState, current state: Flow
D/RouteManager( 2549): audio-parameter-manager: Configuration application request {
D/RouteManager( 2549): audio-parameter-manager:     Applying configurations {
D/RouteManager( 2549): audio-parameter-manager:     } Applying configurations
D/RouteManager( 2549): audio-parameter-manager: } Configuration application request
D/RouteManager( 2549): 		-executeDisableRoutingStage-
D/RouteManager( 2549): audio-parameter-manager: Selection criterion changed event: Criterion name: RoutageState, current state: Path
D/RouteManager( 2549): audio-parameter-manager: Configuration application request {
D/RouteManager( 2549): audio-parameter-manager:     Applying configurations {
D/RouteManager( 2549): audio-parameter-manager:         Applying configuration "Locked" from domain "Routing.Sst.Enable.VoiceProcessingLock.Uplink"
D/RouteManager( 2549): audio-parameter-manager:         Applying configuration "Locked" from domain "Routing.Sst.Enable.VoiceProcessingLock.Downlink"
D/RouteManager( 2549): audio-parameter-manager:     } Applying configurations
D/RouteManager( 2549): audio-parameter-manager: } Configuration application request
D/RouteManager( 2549): 		-executeConfigureRoutingStage-
D/RouteManager( 2549): audio-parameter-manager: Selection criterion changed event: Criterion name: RoutageState, current state: Configure
D/RouteManager( 2549): audio-parameter-manager: Selection criterion changed event: Criterion name: OpenedPlaybackRoutes, current state: Media|HwCodec0IA
D/RouteManager( 2549): audio-parameter-manager: Configuration application request {
D/RouteManager( 2549): audio-parameter-manager:     Applying configurations {
D/RouteManager( 2549): audio-parameter-manager:         Applying configuration "Enable" from domain "Routing.Configure.HWCodec.Playback.Ihf"
D/RouteManager( 2549): audio-parameter-manager:         Applying configuration "Playback" from domain "Routing.Configure.HWCodec.Playback.DAC1"
D/RouteManager( 2549): audio-parameter-manager:         Applying configuration "Bind" from domain "Routing.Sst.Configure.Playback.SpeakerEqToSprot"
D/RouteManager( 2549): audio-parameter-manager:         Applying configuration "Bind" from domain "Routing.Sst.Configure.Playback.Media.ToSpeakerEq"
D/RouteManager( 2549): audio-parameter-manager:         Applying configuration "Bind" from domain "Routing.Sst.Configure.Playback.HwCodec.SprotToSpeaker"
D/RouteManager( 2549): audio-parameter-manager:         Applying configuration "VadMixerInputsAndHfRef.Media.Aec.TxSpeechLine.Bind" from domain "Routing.Sst.Configure.AlwaysListening.VTSV"
W/System.err( 5282): java.io.FileNotFoundException: /mnt/sdcard/Android/data/com.wistron.generic.pqaa/files/data.txt: open failed: ENOENT (No such file or directory)
W/System.err( 5282): 	at libcore.io.IoBridge.open(IoBridge.java:456)
W/System.err( 5282): 	at java.io.FileInputStream.<init>(FileInputStream.java:76)
W/System.err( 5282): 	at java.io.FileInputStream.<init>(FileInputStream.java:103)
W/System.err( 5282): 	at java.io.FileReader.<init>(FileReader.java:66)
W/System.err( 5282): 	at com.wistron.pqaa_common.jar.global.WisToolKit.getSingleParameters(WisToolKit.java:257)
W/System.err( 5282): 	at com.wistron.generic.pqaa.TestItemsList.getLogInfoConfig(TestItemsList.java:172)
W/System.err( 5282): 	at com.wistron.generic.pqaa.TestItemsList.onClick(TestItemsList.java:975)
W/System.err( 5282): 	at android.view.View.performClick(View.java:4780)
W/System.err( 5282): 	at android.view.View$PerformClick.run(View.java:19866)
W/System.err( 5282): 	at android.os.Handler.handleCallback(Handler.java:739)
W/System.err( 5282): 	at android.os.Handler.dispatchMessage(Handler.java:95)
W/System.err( 5282): 	at android.os.Looper.loop(Looper.java:135)
W/System.err( 5282): 	at android.app.ActivityThread.main(ActivityThread.java:5261)
W/System.err( 5282): 	at java.lang.reflect.Method.invoke(Native Method)
W/System.err( 5282): 	at java.lang.reflect.Method.invoke(Method.java:372)
W/System.err( 5282): 	at com.android.internal.os.ZygoteInit$MethodAndArgsCaller.run(ZygoteInit.java:903)
W/System.err( 5282): 	at com.android.internal.os.ZygoteInit.main(ZygoteInit.java:698)
W/System.err( 5282): Caused by: android.system.ErrnoException: open failed: ENOENT (No such file or directory)
W/System.err( 5282): 	at libcore.io.Posix.open(Native Method)
W/System.err( 5282): 	at libcore.io.BlockGuardOs.open(BlockGuardOs.java:186)
W/System.err( 5282): 	at libcore.io.IoBridge.open(IoBridge.java:442)
W/System.err( 5282): 	... 16 more
I/ActivityManager( 2839): START u0 {cmp=com.wistron.generic.pqaa/com.wistron.generic.hdmi.HDMI (has extras)} from uid 10049 on display 0
V/WindowManager( 2839): addAppToken: AppWindowToken{12014105 token=Token{42e47c ActivityRecord{4359f6f u0 com.wistron.generic.pqaa/com.wistron.generic.hdmi.HDMI t41}}} to stack=1 task=41 at 1
I/WAKELOCK_ACQUIRE( 2839): TIMESTAMP=8542140706967, TAG=ActivityManager-Launch, TYPE=PARTIAL_WAKE_LOCK             , COUNT=0, PID=2839, UID=1000, FLAGS=
D/RouteManager( 2549): audio-parameter-manager:     } Applying configurations
D/RouteManager( 2549): audio-parameter-manager: } Configuration application request
D/RouteManager( 2549): 		-executeEnableRoutingStage-
D/RouteManager( 2549): audio-parameter-manager: Selection criterion changed event: Criterion name: RoutageState, current state: Path|Configure
D/RouteManager( 2549): audio-parameter-manager: Configuration application request {
D/RouteManager( 2549): audio-parameter-manager:     Applying configurations {
D/RouteManager( 2549): audio-parameter-manager:         Applying configuration "UnLocked" from domain "Routing.Sst.Enable.VoiceProcessingLock.Uplink"
D/RouteManager( 2549): audio-parameter-manager:         Applying configuration "UnLocked" from domain "Routing.Sst.Enable.VoiceProcessingLock.Downlink"
D/RouteManager( 2549): audio-parameter-manager:         Applying configuration "Enable" from domain "Routing.Enable.HWCodec.Playback.EarpieceIHF"
D/RouteManager( 2549): audio-parameter-manager:     } Applying configurations
D/RouteManager( 2549): audio-parameter-manager: } Configuration application request
D/TinyAlsaAudioDevice( 2549): open: card (cherrytrailaud, 0) 
D/TinyAlsaAudioDevice( 2549): 	 config (rate=48000 format=0 channels= 2).
D/TinyAlsaAudioDevice( 2549): 	 RingBuffer config: periodSize=1152 nbPeriod=4startTh=1151 stop Th=4608 silence Th=0
I/WKS     ( 5282): ...:
V/WindowManager( 2839): Adding window Window{6a6c38b u0 com.wistron.generic.pqaa/com.wistron.generic.hdmi.HDMI} at 3 of 8 (after Window{100dbbc4 u0 com.wistron.generic.pqaa/com.wistron.generic.pqaa.TestItemsList})
D/ufoEGL  ( 5282): Pixel Format : GGL_PIXEL_FORMAT_RGBA_8888
V/WindowManager( 2839): Adding window Window{13d9e881 u0 SurfaceView} at 3 of 9 (before Window{6a6c38b u0 com.wistron.generic.pqaa/com.wistron.generic.hdmi.HDMI})
V/WindowManager( 2839): Adding window Window{11bc0d67 u0 SurfaceView} at 5 of 10 (after Window{6a6c38b u0 com.wistron.generic.pqaa/com.wistron.generic.hdmi.HDMI})
D/AudioConversion( 2549): configure: no convertion required
D/RouteManager( 2549): 		-executeUnmuteRoutingStage-
D/RouteManager( 2549): audio-parameter-manager: Selection criterion changed event: Criterion name: RoutageState, current state: Flow|Path|Configure
D/RouteManager( 2549): audio-parameter-manager: Configuration application request {
D/RouteManager( 2549): audio-parameter-manager:     Applying configurations {
D/RouteManager( 2549): audio-parameter-manager:         Applying configuration "Unmute" from domain "Routing.Mute.HWCodec.HWCodec.Playback.DAC1_VOL"
D/RouteManager( 2549): audio-parameter-manager:         Applying configuration "Unmute" from domain "Routing.Sst.Mute.HwCodec.Playback.Internal"
D/RouteManager( 2549): audio-parameter-manager:         Applying configuration "Unmute" from domain "Routing.Sst.Mute.Media.Playback.Regular"
D/RouteManager( 2549): audio-parameter-manager:     } Applying configurations
D/RouteManager( 2549): audio-parameter-manager: } Configuration application request
D/RouteManager( 2549): doReconsiderRouting: DONE
D/EVENT_THREAD( 2549): void CEventThread::run() Do poll with timeout: -1
E/TinyAlsaStream( 2549): getFramesAvailable: Unable to get available frames
E/TinyAlsaStream( 2549): getFramesAvailable: Unable to get available frames
E/TinyAlsaStream( 2549): getFramesAvailable: Unable to get available frames
I/ActivityManager( 2839): Displayed com.wistron.generic.pqaa/com.wistron.generic.hdmi.HDMI: +103ms
D/ufoEGL  ( 5282): Surface destroy: ANDROID_NATIVE_WINDOW_MAGIC
I/WAKELOCK_RELEASE( 2839): TIMESTAMP=8542293335502, TAG=ActivityManager-Launch, TYPE=PARTIAL_WAKE_LOCK             , COUNT=0, PID=2839, UID=1000, FLAGS=
D/PlatformData( 2549): @getCameraInfo, current HAL version:CAMERA_DEVICE_API_VERSION_3_2
W/AudioFlinger( 2549): acquireAudioSessionId() unknown client 5282 for session 333
I/str_params( 2549): key: 'bgm_state' value: ''
V/DASHSource( 2549): is DASH
W/AudioFlinger( 2549): acquireAudioSessionId() unknown client 5282 for session 334
I/str_params( 2549): key: 'bgm_state' value: ''
V/DASHSource( 2549): is DASH
D/PlatformData( 2549): @getCameraInfo, current HAL version:CAMERA_DEVICE_API_VERSION_3_2
I/Camera2ClientBase( 2549): Camera 0: Opened. Client: com.wistron.generic.pqaa (PID 5282, UID 10049)
D/PlatformData( 2549): @getCameraInfo, current HAL version:CAMERA_DEVICE_API_VERSION_3_2
D/hwc     ( 2309): low
D/hwc     ( 2309): low
D/hwc     ( 2309): Find: Checking option 0:          panel : 1               (     1) Int Changable Force 
D/hwc     ( 2309): Find: Checking option 1:       external : 1               (     1) Int Changable Force 
D/hwc     ( 2309): Find: Checking option 2:       display0 :                 (     0) Str Changable Force 
D/hwc     ( 2309): Find: Checking option 3:       display1 :                 (     0) Str Changable Force 
D/hwc     ( 2309): Find: Checking option 4:drmdefaultframe : 1               (     1) Int Changable Force 
D/hwc     ( 2309): Find: Checking option 5:     setdisplay : 1               (     1) Int Changed Changable 
D/hwc     ( 2309): Find: Checking option 6:    vppcomposer : 1               (     1) Int Changable Force 
D/hwc     ( 2309): Find: Checking option 7:     glcomposer : 0               (     0) Int Changable Force 
D/hwc     ( 2309): Find: Checking option 8:     partglcomp : 1               (     1) Int Changable Force 
D/hwc     ( 2309): Find: Checking option 9:       widicomp : 0               (     0) Int Changable Force 
D/hwc     ( 2309): Find: Checking option 10:    lowlosscomp : 0               (     0) Int Changable Force 
D/hwc     ( 2309): Find: Checking option 11:    idletimeout : 600             (   600) Int Changable Force 
D/hwc     ( 2309): Find: Checking option 12:     idletimein : 400             (   400) Int Changable Force 
D/hwc     ( 2309): Find: Checking option 13:     planealloc : 1               (     1) Int Changable 
D/hwc     ( 2309): Find: Checking option 14:  globalscaling : 11              (    11) Int Changable Force 
D/hwc     ( 2309): Find: Checking option 15: globalscalemin : 66              (    66) Int Changable Force 
D/hwc     ( 2309): Find: Checking option 16: globalscalemax : 150             (   150) Int Changable Force 
D/hwc     ( 2309): Find: Checking option 17:globalscaleedje : 1               (     1) Int Changable Force 
D/hwc     ( 2309): Find: Checking option 18:    gsvideoonly : 1               (     1) Int Changable Force 
D/hwc     ( 2309): Find: Checking option 19:  proxydisplayw : 1920            (  1920) Int Changable Force 
D/hwc     ( 2309): Find: Checking option 20:  proxydisplayh : 1080            (  1080) Int Changable Force 
D/hwc     ( 2309): Find: Checking option 21:     virtualres : 0               (     0) Int Changable Force 
D/hwc     ( 2309): Find: Checking option 22:matchvideoreson : 0               (     0) Int Changable Force 
D/hwc     ( 2309): Find: Checking option 23: matchvideoresw : 3840            (  3840) Int Changable Force 
D/hwc     ( 2309): Find: Checking option 24: matchvideoresh : 2160            (  2160) Int Changable Force 
D/hwc     ( 2309): Find: Checking option 25: matchvideoresf : 0               (     0) Int Changable Force 
D/hwc     ( 2309): Find: Checking option 26:                :                 (     0) Int Changable Force 
D/hwc     ( 2309): Find: Checking option 27:                :                 (     0) Int Changable Force 
D/hwc     ( 2309): Find: Checking option 28:                :                 (     0) Int Changable Force 
D/hwc     ( 2309): Find: Checking option 29:                :                 (     0) Int Changable Force 
D/hwc     ( 2309): Find: Checking option 30:                :                 (     0) Int Changable Force 
D/hwc     ( 2309): Find: Checking option 31:            mds : 1               (     1) Int Changable Force 
D/hwc     ( 2309): Find: Checking option 32:     modechange : 1               (     1) Int Changable Force 
D/hwc     ( 2309): Find: Checking option 33:    extendedmcg : 1               (     1) Int Changable Force 
D/hwc     ( 2309): Find: Checking option 34:  extmodepolicy : 1               (     1) Int Changable Force 
D/hwc     ( 2309): Find: Checking option 35:extprotectedlcl : 0               (     0) Int Changable Force 
D/hwc     ( 2309): Find: Checking option 36: glrendertonv12 : 0               (     0) Int Changable Force 
D/hwc     ( 2309): Find: Checking option 37: partitionvideo : 1               (     1) Int Changable Force 
D/hwc     ( 2309): Find: Checking option 38:       drmmode0 : 0x0@0-0         (     0) Str Changable Force Persistent 
D/hwc     ( 2309): Find: Checking option 39:  drmscalemode0 : 0               (     0) Int Changable Force Persistent 
D/hwc     ( 2309): Find: Checking option 40:   drmoverscan0 : 0x0             (     0) Str Changable Force Persistent 
D/hwc     ( 2309): Find: Checking option 41:drmpanelfitter0 : 1               (     1) Int Changable Force 
D/hwc     ( 2309): Find: Checking option 42:    drmteardown : 1               (     1) Int Changable Force 
D/hwc     ( 2309): Find: Checking option 43: drmpfitmigrate : 0               (     0) Int Changable Force 
D/hwc     ( 2309): Find: Checking option 44:                :                 (     0) Int Changable Force 
D/hwc     ( 2309): Find: Checking option 45:                :                 (     0) Int Changable Force 
D/hwc     ( 2309): Find: Checking option 46:                :                 (     0) Int Changable Force 
D/hwc     ( 2309): Find: Checking option 47:                :                 (     0) Int Changable Force 
D/hwc     ( 2309): Find: Checking option 48:    drmteardown : 1               (     1) Int Changable Force 
D/hwc     ( 2309): Find: Checking option 49: drmpfitmigrate : 0               (     0) Int Changable Force 
D/hwc     ( 2309): Find: Checking option 50:        overlay : 1               (     1) Int Changed Changable Force 
D/hwc     ( 2309): Find: Checking option 51:     overlayrgb : 1               (     1) Int Changable Force 
D/hwc     ( 2309): Find: Checking option 52:     overlayyuv : 1               (     1) Int Changable Force 
D/hwc     ( 2309): Find: Checking option 53:  overlayzorder : 1               (     1) Int Changable Force 
D/hwc     ( 2309): Find: Checking option 54:  forceblanking : 0               (     0) Int Changable Force 
I/hwc     ( 2309): Matching option overlay
D/PlatformData( 2549): @getCameraInfo, current HAL version:CAMERA_DEVICE_API_VERSION_3_2
I/PVL     ( 2549): I] engine build info [ name ] : pvl_ia_face_icc
I/PVL     ( 2549): I] engine build info [ date ] : 2014-11-06 15:23:15
I/PVL     ( 2549): I] engine build info [ version ] : __bulid_revision_2228441__ (jenkins-pvl-product-android-214)
E/Sensors ( 2839): sensorhal: sensorBatch: sensor Accelerometer sensor ns 10000000 timeout 0
E/Sensors ( 2839): sensorhal: sensorActivate: sensor Accelerometer sensor enabled 1
I/SensorHubDaemon( 2561): sensorhub: [175877732]before write value 0 into entry /sys/bus/platform/devices/sensor_collection/sensor_5_def/properties/data_motion_acceleration_chg_sensitivity_abs/value 
I/SensorHubDaemon( 2561): sensorhub: [187980352]after value 0 into entry /sys/bus/platform/devices/sensor_collection/sensor_5_def/properties/data_motion_acceleration_chg_sensitivity_abs/value 
I/SensorHubDaemon( 2561): sensorhub: CMD_START_STREAMING, data_rate_arbitered is 100, buffer_delay_arbitered is 0 
I/SensorHubDaemon( 2561): sensorhub: [188585709]before write value 2 into entry /sys/bus/platform/devices/sensor_collection/sensor_5_def/properties/property_power_state/value 
I/SensorHubDaemon( 2561): sensorhub: [191124217]after value 2 into entry /sys/bus/platform/devices/sensor_collection/sensor_5_def/properties/property_power_state/value 
I/SensorHubDaemon( 2561): sensorhub: [191393451]before write value 2 into entry /sys/bus/platform/devices/sensor_collection/sensor_5_def/properties/property_reporting_state/value 
I/SensorHubDaemon( 2561): sensorhub: [197466587]after value 2 into entry /sys/bus/platform/devices/sensor_collection/sensor_5_def/properties/property_reporting_state/value 
I/SensorHubDaemon( 2561): sensorhub: [197728808]before write value 10 into entry /sys/bus/platform/devices/sensor_collection/sensor_5_def/properties/property_report_interval/value 
I/SensorHubDaemon( 2561): sensorhub: [203403081]after value 10 into entry /sys/bus/platform/devices/sensor_collection/sensor_5_def/properties/property_report_interval/value 
I/SensorHubDaemon( 2561): sensorhub: [203669739]before write value 0 into entry /sys/bus/platform/devices/sensor_collection/sensor_5_def/properties/property_report_interval_resolution/value 
I/SensorHubDaemon( 2561): sensorhub: [205872936]after value 0 into entry /sys/bus/platform/devices/sensor_collection/sensor_5_def/properties/property_report_interval_resolution/value 
E/Sensors ( 2839): sensorhal: sensorSetDelay: sensor Accelerometer sensor ns 200000000
I/SensorHubDaemon( 2561): sensorhub: CMD_START_STREAMING, data_rate_arbitered is 5, buffer_delay_arbitered is 0 
I/SensorHubDaemon( 2561): sensorhub: [207148403]before write value 2 into entry /sys/bus/platform/devices/sensor_collection/sensor_5_def/properties/property_power_state/value 
I/SensorHubDaemon( 2561): sensorhub: [209454441]after value 2 into entry /sys/bus/platform/devices/sensor_collection/sensor_5_def/properties/property_power_state/value 
I/SensorHubDaemon( 2561): sensorhub: [209909543]before write value 2 into entry /sys/bus/platform/devices/sensor_collection/sensor_5_def/properties/property_reporting_state/value 
I/SensorHubDaemon( 2561): sensorhub: [212148891]after value 2 into entry /sys/bus/platform/devices/sensor_collection/sensor_5_def/properties/property_reporting_state/value 
I/SensorHubDaemon( 2561): sensorhub: [212376524]before write value 200 into entry /sys/bus/platform/devices/sensor_collection/sensor_5_def/properties/property_report_interval/value 
I/SensorHubDaemon( 2561): sensorhub: [217203419]after value 200 into entry /sys/bus/platform/devices/sensor_collection/sensor_5_def/properties/property_report_interval/value 
I/SensorHubDaemon( 2561): sensorhub: [217518717]before write value 0 into entry /sys/bus/platform/devices/sensor_collection/sensor_5_def/properties/property_report_interval_resolution/value 
I/SensorHubDaemon( 2561): sensorhub: [220234181]after value 0 into entry /sys/bus/platform/devices/sensor_collection/sensor_5_def/properties/property_report_interval_resolution/value 
W/Camera_V4L2DevBase( 2549): xioctl: Request 0xc01076dd failed: Invalid argument
D/Camera_AiqData( 2549): Failed to get motor private data size. Error: -1
E/PlatformData( 2549): ERROR in opening file /sys/spid/vendor_id
E/PlatformData( 2549): vendor_id could not be read from sysfs
D/IA_IMAGING( 2549): IA AIQ VERSION v2.0_009.002_001
D/IA_IMAGING( 2549): IA ISP 2.2 VERSION v2.0_009.002
W/Camera_Aiq3AUtils( 2549): the setting iso is out of range
D/IA_IMAGING( 2549): IA ISP 2.2 VERSION v2.0_009.002
D/PlatformData( 2549): @getCameraInfo, current HAL version:CAMERA_DEVICE_API_VERSION_3_2
W/Camera2-Parameters( 2549): initialize: Camera 0: Unknown preview format: 24
I/Camera2-Parameters( 2549): Camera 0: Disabling ZSL mode
D/PlatformData( 2549): @getCameraInfo, current HAL version:CAMERA_DEVICE_API_VERSION_3_2
I/WisCamera---rotation( 5282): CameraOrientation: 0screenOrientation: 1,displayOrientation: 270
D/Camera_IPU2CameraHw( 2549): w=1280,h=720,format=22, usage=40933
D/Camera_IPU2CameraHw( 2549): w=2560,h=1920,format=21, usage=40033
D/Camera_IPU2CameraHw( 2549): w=1280,h=720,format=23, usage=40033
D/Camera3-Stream( 2549): registerBuffersLocked: Skipping NULL check for deprecated register_stream_buffers
D/Camera3-Stream( 2549): registerBuffersLocked: Skipping NULL check for deprecated register_stream_buffers
D/Camera3-Stream( 2549): registerBuffersLocked: Skipping NULL check for deprecated register_stream_buffers
I/HDMI-FocusMode( 5282): auto
D/Camera_IPU2CameraHw( 2549): availableTestPatternModes is OFF or isn't supported
W/Camera_IPU2CameraHw( 2549): availableVideoStabilizationMode is OFF
I/libva   ( 2549): VA-API version 0.34.0
I/libva   ( 2549): va_getDriverName() returns 0
I/libva   ( 2549): Trying to open /system/lib/i965_drv_video.so
I/libva   ( 2549): Found init function __vaDriverInit_0_32
I/libva   ( 2549): va_openDriver() returns 0
V/IVP     ( 2549): iVP_create_context: Create Context success: ctx_id=0x70000006, vp_context=0xf7d8ce20
E/Camera_Stream( 2549): configure error, not match
W/Camera_V4L2DevBase( 2549): xioctl: Request 0x400476eb failed: Invalid argument
W/Camera_IPU2HwSensor( 2549): setAEBracketingMode: Set AE bracketing mode to 0 failed: -1
W/Camera_MetadataManager( 2549): applyIspSettings: global parameters has not beed initialized!
W/Camera3HAL( 2549): KPI:hal_dev_process_capture_request took longer than expected. Actual 276499 us expected 133000 us
W/Camera_IPU2HwSensor( 2549): SOF time is not availabe, 1st SOF or SOF lost
E/Camera_V4L2DevBase( 2549): Failed to set value 1 for control Auto Focus (10094860) on device '/dev/video0', Invalid argument
D/ufoEGL  ( 2309): GetBufferFormat : format = 0x22
E/Camera_Aiq3A( 2549): Call startStillAf before calling getStillAfStatus!
E/Camera_V4L2DevBase( 2549): Failed to set value 0 for control Auto Focus (10094860) on device '/dev/video0', Invalid argument
E/Camera_V4L2DevBase( 2549): Failed to set value 1 for control Auto Focus (10094860) on device '/dev/video0', Invalid argument
D/ufoEGL  ( 2309): GetBufferFormat : format = 0x22
D/ufoEGL  ( 2309): GetBufferFormat : format = 0x22
D/ufoEGL  ( 2309): GetBufferFormat : format = 0x22
D/ufoEGL  ( 2309): GetBufferFormat : format = 0x22
D/Camera_Aiq3A( 2549): [Round 0] AEC converged at frame of exp_id 9, after running AEC for 8 times
E/Camera_V4L2DevBase( 2549): Failed to set value 0 for control Auto Focus (10094860) on device '/dev/video0', Invalid argument
D/AudioIntelHal( 2549): stopStream: output stream.
D/AudioIntelHal/AudioPlatformState( 2549): route-parameter-manager: Selection criterion changed event: Criterion name: OutputFlags, current state: <none>
D/AudioIntelHal/AudioPlatformState( 2549): route-parameter-manager: Configuration application request {
D/AudioIntelHal/AudioPlatformState( 2549): route-parameter-manager:     Applying configurations {
D/AudioIntelHal/AudioPlatformState( 2549): route-parameter-manager:         Applying configuration "NotApplicable" from domain "StreamRoute.Media.Playback"
D/AudioIntelHal/AudioPlatformState( 2549): route-parameter-manager:         Applying configuration "No" from domain "Route.HwCodec0IA.Playback.Applicable"
D/AudioIntelHal/AudioPlatformState( 2549): route-parameter-manager:     } Applying configurations
D/AudioIntelHal/AudioPlatformState( 2549): route-parameter-manager: } Configuration application request
D/EVENT_THREAD( 2549): void CEventThread::trig(void*, uint32_t): in
D/EVENT_THREAD( 2549): void CEventThread::trig(void*, uint32_t): out
D/RouteManager( 2549): doReconsiderRouting: Route state:
D/RouteManager( 2549): 	-Previously Enabled Route in Input = <none>
D/RouteManager( 2549): 	-Previously Enabled Route in Output = Media|HwCodec0IA
D/RouteManager( 2549): 	-Selected Route in Input = <none>
D/RouteManager( 2549): 	-Selected Route in Output = <none>
D/RouteManager( 2549): 		-executeMuteRoutingStage-
D/RouteManager( 2549): audio-parameter-manager: Selection criterion changed event: Criterion name: RoutageState, current state: Flow
D/RouteManager( 2549): audio-parameter-manager: Selection criterion changed event: Criterion name: ClosingPlaybackRoutes, current state: Media|HwCodec0IA
D/RouteManager( 2549): audio-parameter-manager: Selection criterion changed event: Criterion name: OpenedPlaybackRoutes, current state: <none>
D/RouteManager( 2549): audio-parameter-manager: Configuration application request {
D/RouteManager( 2549): audio-parameter-manager:     Applying configurations {
D/RouteManager( 2549): audio-parameter-manager:         Applying configuration "Mute" from domain "Routing.Mute.HWCodec.HWCodec.Playback.DAC1_VOL"
D/RouteManager( 2549): audio-parameter-manager:         Applying configuration "Mute" from domain "Routing.Sst.Mute.HwCodec.Playback.Internal"
D/RouteManager( 2549): audio-parameter-manager:         Applying configuration "Mute" from domain "Routing.Sst.Mute.Media.Playback.Regular"
D/RouteManager( 2549): audio-parameter-manager:     } Applying configurations
D/RouteManager( 2549): audio-parameter-manager: } Configuration application request
D/RouteManager( 2549): 		-executeDisableRoutingStage-
D/RouteManager( 2549): audio-parameter-manager: Selection criterion changed event: Criterion name: RoutageState, current state: Path
D/TinyAlsaAudioDevice( 2549): close
D/RouteManager( 2549): audio-parameter-manager: Configuration application request {
D/RouteManager( 2549): audio-parameter-manager:     Applying configurations {
D/RouteManager( 2549): audio-parameter-manager:         Applying configuration "Locked" from domain "Routing.Sst.Enable.VoiceProcessingLock.Uplink"
D/RouteManager( 2549): audio-parameter-manager:         Applying configuration "Locked" from domain "Routing.Sst.Enable.VoiceProcessingLock.Downlink"
D/RouteManager( 2549): audio-parameter-manager:         Applying configuration "Disable" from domain "Routing.Enable.HWCodec.Playback.EarpieceIHF"
D/RouteManager( 2549): audio-parameter-manager:     } Applying configurations
D/RouteManager( 2549): audio-parameter-manager: } Configuration application request
D/RouteManager( 2549): 		-executeConfigureRoutingStage-
D/RouteManager( 2549): audio-parameter-manager: Selection criterion changed event: Criterion name: RoutageState, current state: Configure
D/RouteManager( 2549): audio-parameter-manager: Selection criterion changed event: Criterion name: ClosingPlaybackRoutes, current state: <none>
D/RouteManager( 2549): audio-parameter-manager: Configuration application request {
D/RouteManager( 2549): audio-parameter-manager:     Applying configurations {
D/RouteManager( 2549): audio-parameter-manager:         Applying configuration "Disable" from domain "Routing.Configure.HWCodec.Playback.Ihf"
D/RouteManager( 2549): audio-parameter-manager:         Applying configuration "Disable" from domain "Routing.Configure.HWCodec.Playback.DAC1"
D/RouteManager( 2549): audio-parameter-manager:         Applying configuration "Unbind" from domain "Routing.Sst.Configure.Playback.SpeakerEqToSprot"
D/RouteManager( 2549): audio-parameter-manager:         Applying configuration "Unbind" from domain "Routing.Sst.Configure.Playback.Media.ToSpeakerEq"
D/RouteManager( 2549): audio-parameter-manager:         Applying configuration "Unbind" from domain "Routing.Sst.Configure.Playback.HwCodec.SprotToSpeaker"
D/RouteManager( 2549): audio-parameter-manager:         Applying configuration "Dmic.Bind" from domain "Routing.Sst.Configure.AlwaysListening.VTSV"
D/RouteManager( 2549): audio-parameter-manager:     } Applying configurations
D/RouteManager( 2549): audio-parameter-manager: } Configuration application request
D/RouteManager( 2549): 		-executeEnableRoutingStage-
D/RouteManager( 2549): audio-parameter-manager: Selection criterion changed event: Criterion name: RoutageState, current state: Path|Configure
D/RouteManager( 2549): audio-parameter-manager: Configuration application request {
D/RouteManager( 2549): audio-parameter-manager:     Applying configurations {
D/RouteManager( 2549): audio-parameter-manager:         Applying configuration "UnLocked" from domain "Routing.Sst.Enable.VoiceProcessingLock.Uplink"
D/RouteManager( 2549): audio-parameter-manager:         Applying configuration "UnLocked" from domain "Routing.Sst.Enable.VoiceProcessingLock.Downlink"
D/RouteManager( 2549): audio-parameter-manager:     } Applying configurations
D/RouteManager( 2549): audio-parameter-manager: } Configuration application request
D/RouteManager( 2549): 		-executeUnmuteRoutingStage-
D/RouteManager( 2549): audio-parameter-manager: Selection criterion changed event: Criterion name: RoutageState, current state: Flow|Path|Configure
D/RouteManager( 2549): audio-parameter-manager: Configuration application request {
D/RouteManager( 2549): audio-parameter-manager:     Applying configurations {
D/RouteManager( 2549): audio-parameter-manager:     } Applying configurations
D/RouteManager( 2549): audio-parameter-manager: } Configuration application request
D/RouteManager( 2549): doReconsiderRouting: DONE
D/EVENT_THREAD( 2549): void CEventThread::run() Do poll with timeout: -1
I/WAKELOCK_RELEASE( 2839): TIMESTAMP=8545286814688, TAG=AudioMix, TYPE=PARTIAL_WAKE_LOCK             , COUNT=0, PID=0, UID=1013, FLAGS=
E/Camera_V4L2DevBase( 2549): Failed to set value 1 for control Auto Focus (10094860) on device '/dev/video0', Invalid argument
E/Camera_V4L2DevBase( 2549): Failed to set value 0 for control Auto Focus (10094860) on device '/dev/video0', Invalid argument
E/Camera_V4L2DevBase( 2549): Failed to set value 1 for control Auto Focus (10094860) on device '/dev/video0', Invalid argument
E/Camera_V4L2DevBase( 2549): Failed to set value 0 for control Auto Focus (10094860) on device '/dev/video0', Invalid argument
E/WifiStateMachine( 2839): WifiStateMachine CMD_START_SCAN source -2 txSuccessRate=0.00 rxSuccessRate=4.73 targetRoamBSSID=f0:9c:e9:1a:75:95 RSSI=-36
E/WifiStateMachine( 2839): WifiStateMachine starting scan for "OTA"WPA_PSK with 2412,2437
E/Camera_V4L2DevBase( 2549): Failed to set value 1 for control Auto Focus (10094860) on device '/dev/video0', Invalid argument
E/Camera_V4L2DevBase( 2549): Failed to set value 0 for control Auto Focus (10094860) on device '/dev/video0', Invalid argument
E/Camera_V4L2DevBase( 2549): Failed to set value 1 for control Auto Focus (10094860) on device '/dev/video0', Invalid argument
E/Camera_V4L2DevBase( 2549): Failed to set value 0 for control Auto Focus (10094860) on device '/dev/video0', Invalid argument
E/Camera_V4L2DevBase( 2549): Failed to set value 1 for control Auto Focus (10094860) on device '/dev/video0', Invalid argument
E/Camera_V4L2DevBase( 2549): Failed to set value 0 for control Auto Focus (10094860) on device '/dev/video0', Invalid argument
E/Camera_V4L2DevBase( 2549): Failed to set value 1 for control Auto Focus (10094860) on device '/dev/video0', Invalid argument
E/Camera_V4L2DevBase( 2549): Failed to set value 0 for control Auto Focus (10094860) on device '/dev/video0', Invalid argument
E/Camera_V4L2DevBase( 2549): Failed to set value 1 for control Auto Focus (10094860) on device '/dev/video0', Invalid argument
E/Camera_V4L2DevBase( 2549): Failed to set value 0 for control Auto Focus (10094860) on device '/dev/video0', Invalid argument
E/Camera_V4L2DevBase( 2549): Failed to set value 1 for control Auto Focus (10094860) on device '/dev/video0', Invalid argument
E/Camera_V4L2DevBase( 2549): Failed to set value 0 for control Auto Focus (10094860) on device '/dev/video0', Invalid argument
E/Camera_V4L2DevBase( 2549): Failed to set value 1 for control Auto Focus (10094860) on device '/dev/video0', Invalid argument
E/Camera_V4L2DevBase( 2549): Failed to set value 0 for control Auto Focus (10094860) on device '/dev/video0', Invalid argument
E/Camera_V4L2DevBase( 2549): Failed to set value 1 for control Auto Focus (10094860) on device '/dev/video0', Invalid argument
E/Camera_V4L2DevBase( 2549): Failed to set value 0 for control Auto Focus (10094860) on device '/dev/video0', Invalid argument
E/Camera_V4L2DevBase( 2549): Failed to set value 1 for control Auto Focus (10094860) on device '/dev/video0', Invalid argument
E/Camera_V4L2DevBase( 2549): Failed to set value 0 for control Auto Focus (10094860) on device '/dev/video0', Invalid argument
E/Camera_V4L2DevBase( 2549): Failed to set value 1 for control Auto Focus (10094860) on device '/dev/video0', Invalid argument
E/Camera_V4L2DevBase( 2549): Failed to set value 0 for control Auto Focus (10094860) on device '/dev/video0', Invalid argument
E/Camera_V4L2DevBase( 2549): Failed to set value 1 for control Auto Focus (10094860) on device '/dev/video0', Invalid argument
E/Camera_V4L2DevBase( 2549): Failed to set value 0 for control Auto Focus (10094860) on device '/dev/video0', Invalid argument
E/Camera_V4L2DevBase( 2549): Failed to set value 1 for control Auto Focus (10094860) on device '/dev/video0', Invalid argument
E/Camera_V4L2DevBase( 2549): Failed to set value 0 for control Auto Focus (10094860) on device '/dev/video0', Invalid argument
E/Camera_V4L2DevBase( 2549): Failed to set value 1 for control Auto Focus (10094860) on device '/dev/video0', Invalid argument
E/Camera_V4L2DevBase( 2549): Failed to set value 0 for control Auto Focus (10094860) on device '/dev/video0', Invalid argument
E/Camera_V4L2DevBase( 2549): Failed to set value 1 for control Auto Focus (10094860) on device '/dev/video0', Invalid argument
E/Camera_V4L2DevBase( 2549): Failed to set value 0 for control Auto Focus (10094860) on device '/dev/video0', Invalid argument
E/Camera_V4L2DevBase( 2549): Failed to set value 1 for control Auto Focus (10094860) on device '/dev/video0', Invalid argument
E/Camera_V4L2DevBase( 2549): Failed to set value 0 for control Auto Focus (10094860) on device '/dev/video0', Invalid argument
E/WifiStateMachine( 2839): WifiStateMachine CMD_START_SCAN source -2 txSuccessRate=0.00 rxSuccessRate=20.10 targetRoamBSSID=f0:9c:e9:1a:75:95 RSSI=-36
E/WifiStateMachine( 2839): WifiStateMachine starting scan for "OTA"WPA_PSK with 2412,2437
E/Camera_V4L2DevBase( 2549): Failed to set value 1 for control Auto Focus (10094860) on device '/dev/video0', Invalid argument
E/Camera_V4L2DevBase( 2549): Failed to set value 0 for control Auto Focus (10094860) on device '/dev/video0', Invalid argument
E/Camera_V4L2DevBase( 2549): Failed to set value 1 for control Auto Focus (10094860) on device '/dev/video0', Invalid argument
E/Camera_V4L2DevBase( 2549): Failed to set value 0 for control Auto Focus (10094860) on device '/dev/video0', Invalid argument
E/Camera_V4L2DevBase( 2549): Failed to set value 1 for control Auto Focus (10094860) on device '/dev/video0', Invalid argument
E/Camera_V4L2DevBase( 2549): Failed to set value 0 for control Auto Focus (10094860) on device '/dev/video0', Invalid argument
E/Camera_V4L2DevBase( 2549): Failed to set value 1 for control Auto Focus (10094860) on device '/dev/video0', Invalid argument
E/Camera_V4L2DevBase( 2549): Failed to set value 0 for control Auto Focus (10094860) on device '/dev/video0', Invalid argument
E/Camera_V4L2DevBase( 2549): Failed to set value 1 for control Auto Focus (10094860) on device '/dev/video0', Invalid argument
E/Camera_V4L2DevBase( 2549): Failed to set value 0 for control Auto Focus (10094860) on device '/dev/video0', Invalid argument
E/Camera_V4L2DevBase( 2549): Failed to set value 1 for control Auto Focus (10094860) on device '/dev/video0', Invalid argument
E/Camera_V4L2DevBase( 2549): Failed to set value 0 for control Auto Focus (10094860) on device '/dev/video0', Invalid argument
E/Camera_V4L2DevBase( 2549): Failed to set value 1 for control Auto Focus (10094860) on device '/dev/video0', Invalid argument
E/Camera_V4L2DevBase( 2549): Failed to set value 0 for control Auto Focus (10094860) on device '/dev/video0', Invalid argument
E/Camera_V4L2DevBase( 2549): Failed to set value 1 for control Auto Focus (10094860) on device '/dev/video0', Invalid argument
E/Camera_V4L2DevBase( 2549): Failed to set value 0 for control Auto Focus (10094860) on device '/dev/video0', Invalid argument
E/Camera_V4L2DevBase( 2549): Failed to set value 1 for control Auto Focus (10094860) on device '/dev/video0', Invalid argument
E/Camera_V4L2DevBase( 2549): Failed to set value 0 for control Auto Focus (10094860) on device '/dev/video0', Invalid argument
E/Camera_V4L2DevBase( 2549): Failed to set value 1 for control Auto Focus (10094860) on device '/dev/video0', Invalid argument
E/Camera_V4L2DevBase( 2549): Failed to set value 0 for control Auto Focus (10094860) on device '/dev/video0', Invalid argument
I/WAKELOCK_ACQUIRE( 2839): TIMESTAMP=8580136663939, TAG=*alarm*, TYPE=PARTIAL_WAKE_LOCK             , COUNT=0, PID=2839, UID=1000, FLAGS=
I/WAKELOCK_RELEASE( 2839): TIMESTAMP=8580173837928, TAG=*alarm*, TYPE=PARTIAL_WAKE_LOCK             , COUNT=0, PID=2839, UID=1000, FLAGS=
E/Camera_V4L2DevBase( 2549): Failed to set value 1 for control Auto Focus (10094860) on device '/dev/video0', Invalid argument
E/Camera_V4L2DevBase( 2549): Failed to set value 0 for control Auto Focus (10094860) on device '/dev/video0', Invalid argument
E/Camera_V4L2DevBase( 2549): Failed to set value 1 for control Auto Focus (10094860) on device '/dev/video0', Invalid argument
E/Camera_V4L2DevBase( 2549): Failed to set value 0 for control Auto Focus (10094860) on device '/dev/video0', Invalid argument
E/Camera_V4L2DevBase( 2549): Failed to set value 1 for control Auto Focus (10094860) on device '/dev/video0', Invalid argument
E/Camera_V4L2DevBase( 2549): Failed to set value 0 for control Auto Focus (10094860) on device '/dev/video0', Invalid argument
E/Camera_V4L2DevBase( 2549): Failed to set value 1 for control Auto Focus (10094860) on device '/dev/video0', Invalid argument
E/Camera_V4L2DevBase( 2549): Failed to set value 0 for control Auto Focus (10094860) on device '/dev/video0', Invalid argument
E/Camera_V4L2DevBase( 2549): Failed to set value 1 for control Auto Focus (10094860) on device '/dev/video0', Invalid argument
E/Camera_V4L2DevBase( 2549): Failed to set value 0 for control Auto Focus (10094860) on device '/dev/video0', Invalid argument
E/Camera_V4L2DevBase( 2549): Failed to set value 1 for control Auto Focus (10094860) on device '/dev/video0', Invalid argument
E/WifiStateMachine( 2839): WifiStateMachine CMD_START_SCAN source -2 txSuccessRate=0.00 rxSuccessRate=12.31 targetRoamBSSID=f0:9c:e9:1a:75:95 RSSI=-36
E/Camera_V4L2DevBase( 2549): Failed to set value 0 for control Auto Focus (10094860) on device '/dev/video0', Invalid argument
E/Camera_V4L2DevBase( 2549): Failed to set value 1 for control Auto Focus (10094860) on device '/dev/video0', Invalid argument
E/Camera_V4L2DevBase( 2549): Failed to set value 0 for control Auto Focus (10094860) on device '/dev/video0', Invalid argument
E/Camera_V4L2DevBase( 2549): Failed to set value 1 for control Auto Focus (10094860) on device '/dev/video0', Invalid argument
E/Camera_V4L2DevBase( 2549): Failed to set value 0 for control Auto Focus (10094860) on device '/dev/video0', Invalid argument
E/Camera_V4L2DevBase( 2549): Failed to set value 1 for control Auto Focus (10094860) on device '/dev/video0', Invalid argument
E/Camera_V4L2DevBase( 2549): Failed to set value 0 for control Auto Focus (10094860) on device '/dev/video0', Invalid argument
E/Camera_V4L2DevBase( 2549): Failed to set value 1 for control Auto Focus (10094860) on device '/dev/video0', Invalid argument
E/Camera_V4L2DevBase( 2549): Failed to set value 0 for control Auto Focus (10094860) on device '/dev/video0', Invalid argument
E/Camera_V4L2DevBase( 2549): Failed to set value 1 for control Auto Focus (10094860) on device '/dev/video0', Invalid argument
E/Camera_V4L2DevBase( 2549): Failed to set value 0 for control Auto Focus (10094860) on device '/dev/video0', Invalid argument
E/Camera_V4L2DevBase( 2549): Failed to set value 1 for control Auto Focus (10094860) on device '/dev/video0', Invalid argument
E/Camera_V4L2DevBase( 2549): Failed to set value 0 for control Auto Focus (10094860) on device '/dev/video0', Invalid argument
E/Camera_V4L2DevBase( 2549): Failed to set value 1 for control Auto Focus (10094860) on device '/dev/video0', Invalid argument
E/Camera_V4L2DevBase( 2549): Failed to set value 0 for control Auto Focus (10094860) on device '/dev/video0', Invalid argument
E/Camera_V4L2DevBase( 2549): Failed to set value 1 for control Auto Focus (10094860) on device '/dev/video0', Invalid argument
E/Camera_V4L2DevBase( 2549): Failed to set value 0 for control Auto Focus (10094860) on device '/dev/video0', Invalid argument
E/Camera_V4L2DevBase( 2549): Failed to set value 1 for control Auto Focus (10094860) on device '/dev/video0', Invalid argument
E/Camera_V4L2DevBase( 2549): Failed to set value 0 for control Auto Focus (10094860) on device '/dev/video0', Invalid argument
E/Camera_V4L2DevBase( 2549): Failed to set value 1 for control Auto Focus (10094860) on device '/dev/video0', Invalid argument
E/Camera_V4L2DevBase( 2549): Failed to set value 0 for control Auto Focus (10094860) on device '/dev/video0', Invalid argument
E/Camera_V4L2DevBase( 2549): Failed to set value 1 for control Auto Focus (10094860) on device '/dev/video0', Invalid argument
